 win32_handmade

 Timestamp is 559093e6 (Sun Jun 28 17:40:06 2015)

 Preferred load address is 0000000140000000

 Start         Length     Name                   Class
 0001:00000000 000001dbH .text                   CODE
 0001:000001e0 00012b6cH .text$mn                CODE
 0001:00012d50 00000012H .text$mn$00             CODE
 0001:00012d70 00000210H .text$x                 CODE
 0002:00000000 000002e8H .idata$5                DATA
 0002:000002e8 00000010H .00cfg                  DATA
 0002:000002f8 00000008H .CRT$XCA                DATA
 0002:00000300 00000008H .CRT$XCAA               DATA
 0002:00000308 00000008H .CRT$XCZ                DATA
 0002:00000310 00000008H .CRT$XIA                DATA
 0002:00000318 00000008H .CRT$XIAA               DATA
 0002:00000320 00000008H .CRT$XIAC               DATA
 0002:00000328 00000018H .CRT$XIC                DATA
 0002:00000340 00000008H .CRT$XIZ                DATA
 0002:00000348 00000008H .CRT$XPA                DATA
 0002:00000350 00000010H .CRT$XPX                DATA
 0002:00000360 00000008H .CRT$XPXA               DATA
 0002:00000368 00000008H .CRT$XPZ                DATA
 0002:00000370 00000008H .CRT$XTA                DATA
 0002:00000378 00000008H .CRT$XTZ                DATA
 0002:00000380 00000000H .gfids$x                DATA
 0002:00000380 00007bb4H .rdata                  DATA
 0002:00007f34 00000054H .rdata$debug            DATA
 0002:00007f88 00000000H .rdata$r                DATA
 0002:00007f88 00000010H .rdata$zETW0            DATA
 0002:00007f98 00000077H .rdata$zETW1            DATA
 0002:0000800f 0000002cH .rdata$zETW2            DATA
 0002:0000803b 00000001H .rdata$zETW9            DATA
 0002:00008040 00000008H .rtc$IAA                DATA
 0002:00008048 00000008H .rtc$IZZ                DATA
 0002:00008050 00000008H .rtc$TAA                DATA
 0002:00008058 00000008H .rtc$TZZ                DATA
 0002:00008060 00000d54H .xdata                  DATA
 0002:00008db4 00000000H .edata                  DATA
 0002:00008db4 00000064H .idata$2                DATA
 0002:00008e18 00000014H .idata$3                DATA
 0002:00008e30 000002e8H .idata$4                DATA
 0002:00009118 00000676H .idata$6                DATA
 0003:00000000 00000d80H .data                   DATA
 0003:00000d80 00000000H .data$r                 DATA
 0003:00000d80 000023e0H .bss                    DATA
 0004:00000000 00001068H .pdata                  DATA

  Address         Publics by Value              Rva+Base               Lib:Object

 0000:00000000       __guard_fids_count         0000000000000000     <absolute>
 0000:00000000       ___safe_se_handler_count   0000000000000000     <absolute>
 0000:00000000       ___safe_se_handler_table   0000000000000000     <absolute>
 0000:00000000       __guard_fids_table         0000000000000000     <absolute>
 0000:00000100       __guard_flags              0000000000000100     <absolute>
 0000:00000000       __ImageBase                0000000140000000     <linker-defined>
 0001:00000000       TraceLoggingRegister       0000000140001000 f i libvcruntime:telemetry.obj
 0001:0000007c       _TlgEnableCallback         000000014000107c f i libvcruntime:telemetry.obj
 0001:00000140       _TlgWrite                  0000000140001140 f i libvcruntime:telemetry.obj
 0001:00000900       WinMain                    0000000140001900 f   win32_handmade.obj
 0001:00001c40       ?XInputGetStateStub@@YAKKPEAU_XINPUT_STATE@@@Z 0000000140002c40 f   win32_handmade.obj
 0001:00001c60       ?XInputSetStateStub@@YAKKPEAU_XINPUT_VIBRATION@@@Z 0000000140002c60 f   win32_handmade.obj
 0001:000030c0       ??$__vcrt_va_start_verify_argument_type@PEBD@@YAXXZ 00000001400040c0 f i win32_handmade.obj
 0001:000030c0       ??$__vcrt_va_start_verify_argument_type@QEBD@@YAXXZ 00000001400040c0 f i win32_handmade.obj
 0001:000030d0       ??$_snprintf_s@$0BAA@@@YAHAEAY0BAA@D_KPEBDZZ 00000001400040d0 f i win32_handmade.obj
 0001:00003120       ?GetController@@YAPEAUgame_controller_input@@PEAUgame_input@@H@Z 0000000140004120 f i win32_handmade.obj
 0001:00003160       ?SafeTruncateUInt64@@YAI_K@Z 0000000140004160 f i win32_handmade.obj
 0001:00003190       ?Win32DrawSoundBufferMarker@@YAXPEAUwin32_offscreen_buffer@@PEAUwin32_sound_output@@MHHHKI@Z 0000000140004190 f i win32_handmade.obj
 0001:00003210       ?Win32GetSecondsElapsed@@YAMT_LARGE_INTEGER@@0@Z 0000000140004210 f i win32_handmade.obj
 0001:00003240       ?Win32GetWallClock@@YA?AT_LARGE_INTEGER@@XZ 0000000140004240 f i win32_handmade.obj
 0001:00003260       __local_stdio_printf_options 0000000140004260 f i win32_handmade.obj
 0001:00003270       _vsnprintf_s               0000000140004270 f i win32_handmade.obj
 0001:000032c0       _vsnprintf_s_l             00000001400042c0 f i win32_handmade.obj
 0001:00003340       snprintf                   0000000140004340 f i win32_handmade.obj
 0001:000033a0       vsnprintf                  00000001400043a0 f i win32_handmade.obj
 0001:00003414       __GSHandlerCheck           0000000140004414 f   LIBCMT:_gshandler_.obj
 0001:00003434       __GSHandlerCheckCommon     0000000140004434 f   LIBCMT:_gshandler_.obj
 0001:000034b0       __security_check_cookie    00000001400044b0 f   LIBCMT:_amdsecgs_.obj
 0001:00003730       WinMainCRTStartup          0000000140004730 f   LIBCMT:exe_winmain.obj
 0001:00003744       __raise_securityfailure    0000000140004744 f   LIBCMT:gs_report.obj
 0001:00003778       __report_gsfailure         0000000140004778 f   LIBCMT:gs_report.obj
 0001:0000384c       __report_rangecheckfailure 000000014000484c f   LIBCMT:gs_report.obj
 0001:00003860       __report_securityfailure   0000000140004860 f   LIBCMT:gs_report.obj
 0001:000039e0       __scrt_acquire_startup_lock 00000001400049e0 f   LIBCMT:utility.obj
 0001:00003a08       __scrt_initialize_crt      0000000140004a08 f   LIBCMT:utility.obj
 0001:00003a54       __scrt_initialize_onexit_tables 0000000140004a54 f   LIBCMT:utility.obj
 0001:00003b20       __scrt_is_nonwritable_in_current_image 0000000140004b20 f   LIBCMT:utility.obj
 0001:00003bbc       __scrt_release_startup_lock 0000000140004bbc f   LIBCMT:utility.obj
 0001:00003bcc       __scrt_uninitialize_crt    0000000140004bcc f   LIBCMT:utility.obj
 0001:00003bf8       _onexit                    0000000140004bf8 f   LIBCMT:utility.obj
 0001:00003c48       atexit                     0000000140004c48 f   LIBCMT:utility.obj
 0001:00003c60       __security_init_cookie     0000000140004c60 f   LIBCMT:gs_support.obj
 0001:00003d0c       _get_startup_argv_mode     0000000140004d0c f   LIBCMT:argv_mode.obj
 0001:00003d14       __scrt_initialize_winrt    0000000140004d14 f   LIBCMT:utility_desktop.obj
 0001:00003d14       _get_startup_thread_locale_mode 0000000140004d14 f   LIBCMT:thread_locale.obj
 0001:00003d14       _matherr                   0000000140004d14 f   LIBCMT:matherr.obj
 0001:00003d14       _get_startup_new_mode      0000000140004d14 f   LIBCMT:new_mode.obj
 0001:00003d14       _get_startup_commit_mode   0000000140004d14 f   LIBCMT:commit_mode.obj
 0001:00003d18       _get_startup_file_mode     0000000140004d18 f   LIBCMT:file_mode.obj
 0001:00003d20       ?__scrt_initialize_type_info@@YAXXZ 0000000140004d20 f   LIBCMT:tncleanup.obj
 0001:00003d30       _initialize_invalid_parameter_handler 0000000140004d30 f   LIBCMT:invalid_parameter_handler.obj
 0001:00003d30       _initialize_denormal_control 0000000140004d30 f   LIBCMT:denormal_control.obj
 0001:00003d30       _guard_check_icall_nop     0000000140004d30 f   LIBCMT:guard_support.obj
 0001:00003d30       __except_validate_context_record 0000000140004d30 f   libvcruntime:jbcxrval.obj
 0001:00003d34       __local_stdio_scanf_options 0000000140004d34 f i LIBCMT:default_local_stdio_options.obj
 0001:00003d3c       __scrt_initialize_default_local_stdio_options 0000000140004d3c f   LIBCMT:default_local_stdio_options.obj
 0001:00003d58       __scrt_is_user_matherr_present 0000000140004d58 f   LIBCMT:matherr_detection.obj
 0001:00003d64       __scrt_get_dyn_tls_init_callback 0000000140004d64 f   LIBCMT:dyn_tls_init.obj
 0001:00003d6c       __scrt_get_dyn_tls_dtor_callback 0000000140004d6c f   LIBCMT:dyn_tls_dtor.obj
 0001:00003d74       __crt_debugger_hook        0000000140004d74 f   LIBCMT:utility_desktop.obj
 0001:00003d7c       __scrt_fastfail            0000000140004d7c f   LIBCMT:utility_desktop.obj
 0001:00003ec4       __scrt_get_show_window_mode 0000000140004ec4 f   LIBCMT:utility_desktop.obj
 0001:00003f04       __scrt_is_managed_app      0000000140004f04 f   LIBCMT:utility_desktop.obj
 0001:00003f58       __scrt_set_unhandled_exception_filter 0000000140004f58 f   LIBCMT:utility_desktop.obj
 0001:00003f68       __scrt_unhandled_exception_filter 0000000140004f68 f   LIBCMT:utility_desktop.obj
 0001:00003fa0       _RTC_Initialize            0000000140004fa0 f   LIBCMT:_initsect_.obj
 0001:00003fec       _RTC_Terminate             0000000140004fec f   LIBCMT:_initsect_.obj
 0001:00004038       _guard_check_icall         0000000140005038 f i LIBCMT:checkcfg.obj
 0001:00004040       __isa_available_init       0000000140005040 f   LIBCMT:_cpu_disp_.obj
 0001:000041d4       __scrt_is_ucrt_dll_in_use  00000001400051d4 f   LIBCMT:ucrt_detection.obj
 0001:000041e0       IsProcessorFeaturePresent  00000001400051e0 f   kernel32:KERNEL32.dll
 0001:000041ec       __telemetry_main_invoke_trigger 00000001400051ec f   libvcruntime:telemetry.obj
 0001:00004304       __telemetry_main_return_trigger 0000000140005304 f   libvcruntime:telemetry.obj
 0001:0000441c       __vcrt_initialize_telemetry_provider 000000014000541c f   libvcruntime:telemetry.obj
 0001:00004430       __vcrt_uninitialize_telemetry_provider 0000000140005430 f   libvcruntime:telemetry.obj
 0001:00004450       __C_specific_handler       0000000140005450 f   libvcruntime:_chandler_.obj
 0001:00004640       __vcrt_initialize          0000000140005640 f   libvcruntime:initialization.obj
 0001:00004678       __vcrt_uninitialize        0000000140005678 f   libvcruntime:initialization.obj
 0001:000046c0       memset                     00000001400056c0 f   libvcruntime:memset.obj
 0001:00004a28       __vcrt_EventRegister       0000000140005a28 f   libvcruntime:winapi_downlevel.obj
 0001:00004aac       __vcrt_EventSetInformation 0000000140005aac f   libvcruntime:winapi_downlevel.obj
 0001:00004b30       __vcrt_EventUnregister     0000000140005b30 f   libvcruntime:winapi_downlevel.obj
 0001:00004b84       __vcrt_EventWriteTransfer  0000000140005b84 f   libvcruntime:winapi_downlevel.obj
 0001:00004c1c       __vcrt_FlsAlloc            0000000140005c1c f   libvcruntime:winapi_downlevel.obj
 0001:00004c70       __vcrt_FlsFree             0000000140005c70 f   libvcruntime:winapi_downlevel.obj
 0001:00004cc4       __vcrt_FlsSetValue         0000000140005cc4 f   libvcruntime:winapi_downlevel.obj
 0001:00004d2c       __vcrt_InitializeCriticalSectionEx 0000000140005d2c f   libvcruntime:winapi_downlevel.obj
 0001:00004da4       __vcrt_initialize_winapi_thunks 0000000140005da4 f   libvcruntime:winapi_downlevel.obj
 0001:00004ddc       __vcrt_uninitialize_winapi_thunks 0000000140005ddc f   libvcruntime:winapi_downlevel.obj
 0001:00004e30       _local_unwind              0000000140005e30 f   libvcruntime:_jmpuwind_.obj
 0001:00004e60       _NLG_Notify                0000000140005e60 f   libvcruntime:_jmpuwind_.obj
 0001:00004e80       __NLG_Dispatch2            0000000140005e80 f   libvcruntime:_jmpuwind_.obj
 0001:00004e90       __NLG_Return2              0000000140005e90 f   libvcruntime:_jmpuwind_.obj
 0001:00004e94       __vcrt_freefls             0000000140005e94 f   libvcruntime:per_thread_data.obj
 0001:00004eb4       __vcrt_initialize_ptd      0000000140005eb4 f   libvcruntime:per_thread_data.obj
 0001:00004ef4       __vcrt_uninitialize_ptd    0000000140005ef4 f   libvcruntime:per_thread_data.obj
 0001:00004f18       __vcrt_initialize_locks    0000000140005f18 f   libvcruntime:locks.obj
 0001:00004f60       __vcrt_uninitialize_locks  0000000140005f60 f   libvcruntime:locks.obj
 0001:00004f98       __vcrt_initialize_pure_virtual_call_handler 0000000140005f98 f   libvcruntime:purevirt_data.obj
 0001:00005164       ??$ensure_buffer_is_big_enough@D@formatting_buffer@__crt_stdio_output@@QEAA_N_K@Z 0000000140006164 f i libucrt:output.obj
 0001:00005210       ??$is_wide_character_specifier@D@__crt_stdio_output@@YA_N_KDW4length_modifier@0@@Z 0000000140006210 f i libucrt:output.obj
 0001:00005240       ??$type_case_integer_parse_into_buffer@I@?$output_processor@DV?$string_output_adapter@D@__crt_stdio_output@@V?$format_validation_base@DV?$string_output_adapter@D@__crt_stdio_output@@@2@@__crt_stdio_output@@AEAAXII_N@Z 0000000140006240 f i libucrt:output.obj
 0001:00005240       ??$type_case_integer_parse_into_buffer@I@?$output_processor@DV?$string_output_adapter@D@__crt_stdio_output@@V?$standard_base@DV?$string_output_adapter@D@__crt_stdio_output@@@2@@__crt_stdio_output@@AEAAXII_N@Z 0000000140006240 f i libucrt:output.obj
 0001:000052dc       ??$type_case_integer_parse_into_buffer@_K@?$output_processor@DV?$string_output_adapter@D@__crt_stdio_output@@V?$format_validation_base@DV?$string_output_adapter@D@__crt_stdio_output@@@2@@__crt_stdio_output@@AEAAX_KI_N@Z 00000001400062dc f i libucrt:output.obj
 0001:000052dc       ??$type_case_integer_parse_into_buffer@_K@?$output_processor@DV?$string_output_adapter@D@__crt_stdio_output@@V?$standard_base@DV?$string_output_adapter@D@__crt_stdio_output@@@2@@__crt_stdio_output@@AEAAX_KI_N@Z 00000001400062dc f i libucrt:output.obj
 0001:00005378       ??$write_multiple_characters@V?$string_output_adapter@D@__crt_stdio_output@@D@__crt_stdio_output@@YAXAEBV?$string_output_adapter@D@0@DHQEAH@Z 0000000140006378 f i libucrt:output.obj
 0001:000053d4       ??0?$output_processor@DV?$string_output_adapter@D@__crt_stdio_output@@V?$standard_base@DV?$string_output_adapter@D@__crt_stdio_output@@@2@@__crt_stdio_output@@QEAA@AEBV?$string_output_adapter@D@1@_KQEBDQEAU__crt_locale_pointers@@QEAD@Z 00000001400063d4 f i libucrt:output.obj
 0001:000053d4       ??0?$output_processor@DV?$string_output_adapter@D@__crt_stdio_output@@V?$format_validation_base@DV?$string_output_adapter@D@__crt_stdio_output@@@2@@__crt_stdio_output@@QEAA@AEBV?$string_output_adapter@D@1@_KQEBDQEAU__crt_locale_pointers@@QEAD@Z 00000001400063d4 f i libucrt:output.obj
 0001:00005450       ??0_LocaleUpdate@@QEAA@QEAU__crt_locale_pointers@@@Z 0000000140006450 f i libucrt:output.obj
 0001:000054e0       ?force_decimal_point@__crt_stdio_output@@YAXPEADQEAU__crt_locale_pointers@@@Z 00000001400064e0 f i libucrt:output.obj
 0001:00005550       ?parse_int_from_format_string@?$output_processor@DV?$string_output_adapter@D@__crt_stdio_output@@V?$standard_base@DV?$string_output_adapter@D@__crt_stdio_output@@@2@@__crt_stdio_output@@AEAA_NQEAH@Z 0000000140006550 f i libucrt:output.obj
 0001:00005550       ?parse_int_from_format_string@?$output_processor@DV?$string_output_adapter@D@__crt_stdio_output@@V?$format_validation_base@DV?$string_output_adapter@D@__crt_stdio_output@@@2@@__crt_stdio_output@@AEAA_NQEAH@Z 0000000140006550 f i libucrt:output.obj
 0001:000055d4       ?process@?$output_processor@DV?$string_output_adapter@D@__crt_stdio_output@@V?$format_validation_base@DV?$string_output_adapter@D@__crt_stdio_output@@@2@@__crt_stdio_output@@QEAAHXZ 00000001400065d4 f i libucrt:output.obj
 0001:000057e8       ?process@?$output_processor@DV?$string_output_adapter@D@__crt_stdio_output@@V?$standard_base@DV?$string_output_adapter@D@__crt_stdio_output@@@2@@__crt_stdio_output@@QEAAHXZ 00000001400067e8 f i libucrt:output.obj
 0001:000059ec       ?state_case_normal@?$output_processor@DV?$string_output_adapter@D@__crt_stdio_output@@V?$standard_base@DV?$string_output_adapter@D@__crt_stdio_output@@@2@@__crt_stdio_output@@AEAA_NXZ 00000001400069ec f i libucrt:output.obj
 0001:000059ec       ?state_case_normal@?$output_processor@DV?$string_output_adapter@D@__crt_stdio_output@@V?$format_validation_base@DV?$string_output_adapter@D@__crt_stdio_output@@@2@@__crt_stdio_output@@AEAA_NXZ 00000001400069ec f i libucrt:output.obj
 0001:00005a60       ?state_case_normal_tchar@?$output_processor@DV?$string_output_adapter@D@__crt_stdio_output@@V?$format_validation_base@DV?$string_output_adapter@D@__crt_stdio_output@@@2@@__crt_stdio_output@@AEAA_ND@Z 0000000140006a60 f i libucrt:output.obj
 0001:00005a60       ?state_case_normal_tchar@?$output_processor@DV?$string_output_adapter@D@__crt_stdio_output@@V?$standard_base@DV?$string_output_adapter@D@__crt_stdio_output@@@2@@__crt_stdio_output@@AEAA_ND@Z 0000000140006a60 f i libucrt:output.obj
 0001:00005af8       ?state_case_size@?$output_processor@DV?$string_output_adapter@D@__crt_stdio_output@@V?$standard_base@DV?$string_output_adapter@D@__crt_stdio_output@@@2@@__crt_stdio_output@@AEAA_NXZ 0000000140006af8 f i libucrt:output.obj
 0001:00005af8       ?state_case_size@?$output_processor@DV?$string_output_adapter@D@__crt_stdio_output@@V?$format_validation_base@DV?$string_output_adapter@D@__crt_stdio_output@@@2@@__crt_stdio_output@@AEAA_NXZ 0000000140006af8 f i libucrt:output.obj
 0001:00005c74       ?state_case_type@?$output_processor@DV?$string_output_adapter@D@__crt_stdio_output@@V?$format_validation_base@DV?$string_output_adapter@D@__crt_stdio_output@@@2@@__crt_stdio_output@@AEAA_NXZ 0000000140006c74 f i libucrt:output.obj
 0001:00005c74       ?state_case_type@?$output_processor@DV?$string_output_adapter@D@__crt_stdio_output@@V?$standard_base@DV?$string_output_adapter@D@__crt_stdio_output@@@2@@__crt_stdio_output@@AEAA_NXZ 0000000140006c74 f i libucrt:output.obj
 0001:00005ef0       ?type_case_Z@?$output_processor@DV?$string_output_adapter@D@__crt_stdio_output@@V?$standard_base@DV?$string_output_adapter@D@__crt_stdio_output@@@2@@__crt_stdio_output@@AEAA_NXZ 0000000140006ef0 f i libucrt:output.obj
 0001:00005ef0       ?type_case_Z@?$output_processor@DV?$string_output_adapter@D@__crt_stdio_output@@V?$format_validation_base@DV?$string_output_adapter@D@__crt_stdio_output@@@2@@__crt_stdio_output@@AEAA_NXZ 0000000140006ef0 f i libucrt:output.obj
 0001:00005f70       ?type_case_a@?$output_processor@DV?$string_output_adapter@D@__crt_stdio_output@@V?$standard_base@DV?$string_output_adapter@D@__crt_stdio_output@@@2@@__crt_stdio_output@@AEAA_NXZ 0000000140006f70 f i libucrt:output.obj
 0001:00005f70       ?type_case_a@?$output_processor@DV?$string_output_adapter@D@__crt_stdio_output@@V?$format_validation_base@DV?$string_output_adapter@D@__crt_stdio_output@@@2@@__crt_stdio_output@@AEAA_NXZ 0000000140006f70 f i libucrt:output.obj
 0001:0000618c       ?type_case_c_tchar@?$output_processor@DV?$string_output_adapter@D@__crt_stdio_output@@V?$format_validation_base@DV?$string_output_adapter@D@__crt_stdio_output@@@2@@__crt_stdio_output@@AEAA_ND@Z 000000014000718c f i libucrt:output.obj
 0001:0000618c       ?type_case_c_tchar@?$output_processor@DV?$string_output_adapter@D@__crt_stdio_output@@V?$standard_base@DV?$string_output_adapter@D@__crt_stdio_output@@@2@@__crt_stdio_output@@AEAA_ND@Z 000000014000718c f i libucrt:output.obj
 0001:00006240       ?type_case_integer@?$output_processor@DV?$string_output_adapter@D@__crt_stdio_output@@V?$standard_base@DV?$string_output_adapter@D@__crt_stdio_output@@@2@@__crt_stdio_output@@AEAA_NI_N@Z 0000000140007240 f i libucrt:output.obj
 0001:00006240       ?type_case_integer@?$output_processor@DV?$string_output_adapter@D@__crt_stdio_output@@V?$format_validation_base@DV?$string_output_adapter@D@__crt_stdio_output@@@2@@__crt_stdio_output@@AEAA_NI_N@Z 0000000140007240 f i libucrt:output.obj
 0001:000063d0       ?type_case_n@?$output_processor@DV?$string_output_adapter@D@__crt_stdio_output@@V?$standard_base@DV?$string_output_adapter@D@__crt_stdio_output@@@2@@__crt_stdio_output@@AEAA_NXZ 00000001400073d0 f i libucrt:output.obj
 0001:000063d0       ?type_case_n@?$output_processor@DV?$string_output_adapter@D@__crt_stdio_output@@V?$format_validation_base@DV?$string_output_adapter@D@__crt_stdio_output@@@2@@__crt_stdio_output@@AEAA_NXZ 00000001400073d0 f i libucrt:output.obj
 0001:000064ac       ?type_case_s@?$output_processor@DV?$string_output_adapter@D@__crt_stdio_output@@V?$format_validation_base@DV?$string_output_adapter@D@__crt_stdio_output@@@2@@__crt_stdio_output@@AEAA_NXZ 00000001400074ac f i libucrt:output.obj
 0001:000064ac       ?type_case_s@?$output_processor@DV?$string_output_adapter@D@__crt_stdio_output@@V?$standard_base@DV?$string_output_adapter@D@__crt_stdio_output@@@2@@__crt_stdio_output@@AEAA_NXZ 00000001400074ac f i libucrt:output.obj
 0001:0000653c       ?write_stored_string_tchar@?$output_processor@DV?$string_output_adapter@D@__crt_stdio_output@@V?$format_validation_base@DV?$string_output_adapter@D@__crt_stdio_output@@@2@@__crt_stdio_output@@AEAA_ND@Z 000000014000753c f i libucrt:output.obj
 0001:0000653c       ?write_stored_string_tchar@?$output_processor@DV?$string_output_adapter@D@__crt_stdio_output@@V?$standard_base@DV?$string_output_adapter@D@__crt_stdio_output@@@2@@__crt_stdio_output@@AEAA_ND@Z 000000014000753c f i libucrt:output.obj
 0001:00006614       ?write_string@?$string_output_adapter@D@__crt_stdio_output@@QEBAXQEBDHQEAH1@Z 0000000140007614 f i libucrt:output.obj
 0001:000066d0       __stdio_common_vsnprintf_s 00000001400076d0 f   libucrt:output.obj
 0001:0000682c       __stdio_common_vsprintf    000000014000782c f   libucrt:output.obj
 0001:00006a60       sinf                       0000000140007a60 f   libucrt:sinf.obj
 0001:00007158       _seh_filter_exe            0000000140008158 f   libucrt:exception_filter.obj
 0001:000072e8       _query_app_type            00000001400082e8 f   libucrt:report_runtime_error.obj
 0001:000072f0       _set_app_type              00000001400082f0 f   libucrt:report_runtime_error.obj
 0001:000072f8       __acrt_has_user_matherr    00000001400082f8 f   libucrt:matherr.obj
 0001:00007318       __acrt_initialize_user_matherr 0000000140008318 f   libucrt:matherr.obj
 0001:00007320       __acrt_invoke_user_matherr 0000000140008320 f   libucrt:matherr.obj
 0001:00007368       __setusermatherr           0000000140008368 f   libucrt:matherr.obj
 0001:0000754c       __acrt_allocate_buffer_for_argv 000000014000854c f   libucrt:argv_parsing.obj
 0001:000075b0       _configure_narrow_argv     00000001400085b0 f   libucrt:argv_parsing.obj
 0001:0000790c       __dcrt_uninitialize_environments_nolock 000000014000890c f   libucrt:environment_initialization.obj
 0001:00007944       _initialize_narrow_environment 0000000140008944 f   libucrt:environment_initialization.obj
 0001:0000794c       _get_narrow_winmain_command_line 000000014000894c f   libucrt:argv_winmain.obj
 0001:000079bc       _initterm                  00000001400089bc f   libucrt:initterm.obj
 0001:00007a34       _initterm_e                0000000140008a34 f   libucrt:initterm.obj
 0001:00007c7c       __acrt_initialize_thread_local_exit_callback 0000000140008c7c f   libucrt:exit.obj
 0001:00007c84       _c_exit                    0000000140008c84 f   libucrt:exit.obj
 0001:00007c94       _cexit                     0000000140008c94 f   libucrt:exit.obj
 0001:00007ca4       _exit                      0000000140008ca4 f   libucrt:exit.obj
 0001:00007cb0       _register_thread_local_exe_atexit_callback 0000000140008cb0 f   libucrt:exit.obj
 0001:00007cf4       exit                       0000000140008cf4 f   libucrt:exit.obj
 0001:00007d00       _set_fmode                 0000000140008d00 f   libucrt:setmode.obj
 0001:00007d40       __acrt_set_locale_changed  0000000140008d40 f   libucrt:wsetlocale.obj
 0001:00007d4c       __acrt_uninitialize_locale 0000000140008d4c f   libucrt:wsetlocale.obj
 0001:00007d94       _configthreadlocale        0000000140008d94 f   libucrt:wsetlocale.obj
 0001:00007e00       _query_new_mode            0000000140008e00 f   libucrt:new_mode.obj
 0001:00007e08       _set_new_mode              0000000140008e08 f   libucrt:new_mode.obj
 0001:00007e34       __p__commode               0000000140008e34 f   libucrt:ncommode.obj
 0001:00007e84       _crt_atexit                0000000140008e84 f   libucrt:onexit.obj
 0001:00007ea8       _execute_onexit_table      0000000140008ea8 f   libucrt:onexit.obj
 0001:00007fd8       _initialize_onexit_table   0000000140008fd8 f   libucrt:onexit.obj
 0001:00008018       _register_onexit_function  0000000140009018 f   libucrt:onexit.obj
 0001:00008218       __acrt_uninitialize_command_line 0000000140009218 f   libucrt:argv_data.obj
 0001:00008308       __acrt_initialize          0000000140009308 f   libucrt:initialization.obj
 0001:0000831c       __acrt_uninitialize        000000014000931c f   libucrt:initialization.obj
 0001:00008330       terminate                  0000000140009330 f   libucrt:terminate.obj
 0001:00008358       _free_base                 0000000140009358 f   libucrt:free_base.obj
 0001:00008398       _malloc_base               0000000140009398 f   libucrt:malloc_base.obj
 0001:000083f8       strcpy_s                   00000001400093f8 f   libucrt:strcpy_s.obj
 0001:00008458       abort                      0000000140009458 f   libucrt:abort.obj
 0001:000084b0       _calloc_base               00000001400094b0 f   libucrt:calloc_base.obj
 0001:00008530       ??$parse_integer@KV?$c_string_character_source@D@__crt_strtox@@@__crt_strtox@@YAKQEAU__crt_locale_pointers@@V?$c_string_character_source@D@0@H_N@Z 0000000140009530 f i libucrt:atox.obj
 0001:000088e8       __acrt_call_reportfault    00000001400098e8 f   libucrt:invalid_parameter.obj
 0001:00008a44       __acrt_initialize_invalid_parameter_handler 0000000140009a44 f   libucrt:invalid_parameter.obj
 0001:00008a4c       _invalid_parameter         0000000140009a4c f   libucrt:invalid_parameter.obj
 0001:00008af4       _invalid_parameter_noinfo  0000000140009af4 f   libucrt:invalid_parameter.obj
 0001:00008b14       _invoke_watson             0000000140009b14 f   libucrt:invalid_parameter.obj
 0001:00008b5c       isdigit                    0000000140009b5c f i libucrt:_ctype.obj
 0001:00008c20       _tolower_l                 0000000140009c20 f   libucrt:tolower_toupper.obj
 0001:00008d60       tolower                    0000000140009d60 f   libucrt:tolower_toupper.obj
 0001:00008d8c       __acrt_errno_from_os_error 0000000140009d8c f   libucrt:errno.obj
 0001:00008dd4       __acrt_errno_map_os_error  0000000140009dd4 f   libucrt:errno.obj
 0001:00008e24       __doserrno                 0000000140009e24 f   libucrt:errno.obj
 0001:00008e44       _errno                     0000000140009e44 f   libucrt:errno.obj
 0001:00008e70       ??$make_c_string_character_source@DPEAPEAD@__crt_strtox@@YA?AV?$c_string_character_source@D@0@QEBDQEAPEAD@Z 0000000140009e70 f i libucrt:strtox.obj
 0001:00008e90       strtol                     0000000140009e90 f   libucrt:strtox.obj
 0001:00008ec0       _mbtowc_l                  0000000140009ec0 f   libucrt:mbtowc.obj
 0001:00009008       mbtowc                     000000014000a008 f   libucrt:mbtowc.obj
 0001:00009010       _wctomb_s_l                000000014000a010 f   libucrt:wctomb.obj
 0001:00009194       wctomb_s                   000000014000a194 f   libucrt:wctomb.obj
 0001:000091a8       strnlen                    000000014000a1a8 f   libucrt:strnlen.obj
 0001:00009304       wcsnlen                    000000014000a304 f   libucrt:strnlen.obj
 0001:000094f4       ??$?RV<lambda_46352004c1216016012b18bd6f87e700>@@AEAV<lambda_3bd07e1a1191394380780325891bf33f>@@V<lambda_334532d3f185bcaa59b5be82d7d22bff>@@@?$__crt_seh_guarded_call@X@@QEAAX$$QEAV<lambda_46352004c1216016012b18bd6f87e700>@@AEAV<lambda_3bd07e1a1191394380780325891bf33f>@@$$QEAV<lambda_334532d3f185bcaa59b5be82d7d22bff>@@@Z 000000014000a4f4 f i libucrt:per_thread_data.obj
 0001:00009554       ??$?RV<lambda_5e887d1dcbef67a5eb4283622ba103bf>@@AEAV<lambda_4466841279450cc726390878d4a41900>@@V<lambda_341c25c0346d94847f1f3c463c57e077>@@@?$__crt_seh_guarded_call@X@@QEAAX$$QEAV<lambda_5e887d1dcbef67a5eb4283622ba103bf>@@AEAV<lambda_4466841279450cc726390878d4a41900>@@$$QEAV<lambda_341c25c0346d94847f1f3c463c57e077>@@@Z 000000014000a554 f i libucrt:per_thread_data.obj
 0001:0000959c       ??$?RV<lambda_72d1df2b273a38828b1ce30cbf4cdab5>@@AEAV<lambda_876a65b173b8412d3a47c70a915b0cf4>@@V<lambda_41932305e351933ebe8f8be3ed8bb5dc>@@@?$__crt_seh_guarded_call@X@@QEAAX$$QEAV<lambda_72d1df2b273a38828b1ce30cbf4cdab5>@@AEAV<lambda_876a65b173b8412d3a47c70a915b0cf4>@@$$QEAV<lambda_41932305e351933ebe8f8be3ed8bb5dc>@@@Z 000000014000a59c f i libucrt:per_thread_data.obj
 0001:000095dc       ??$?RV<lambda_fb3a7dec4e47f37f22dae91bb15c9095>@@AEAV<lambda_698284760c8add0bfb0756c19673e34b>@@V<lambda_dfb8eca1e75fef3034a8fb18dd509707>@@@?$__crt_seh_guarded_call@X@@QEAAX$$QEAV<lambda_fb3a7dec4e47f37f22dae91bb15c9095>@@AEAV<lambda_698284760c8add0bfb0756c19673e34b>@@$$QEAV<lambda_dfb8eca1e75fef3034a8fb18dd509707>@@@Z 000000014000a5dc f i libucrt:per_thread_data.obj
 0001:0000985c       __acrt_getptd              000000014000a85c f   libucrt:per_thread_data.obj
 0001:000098f0       __acrt_getptd_noexit       000000014000a8f0 f   libucrt:per_thread_data.obj
 0001:00009990       __acrt_initialize_ptd      000000014000a990 f   libucrt:per_thread_data.obj
 0001:000099cc       __acrt_uninitialize_ptd    000000014000a9cc f   libucrt:per_thread_data.obj
 0001:000099f0       __acrt_update_locale_info  000000014000a9f0 f   libucrt:locale_update.obj
 0001:00009a24       __acrt_update_multibyte_info 000000014000aa24 f   libucrt:locale_update.obj
 0001:00009a58       ?__acrt_fp_classify@@YA?AW4__acrt_fp_class@@AEBN@Z 000000014000aa58 f i libucrt:cvt.obj
 0001:0000a490       __acrt_fp_format           000000014000b490 f   libucrt:cvt.obj
 0001:0000a6d4       _fileno                    000000014000b6d4 f   libucrt:fileno.obj
 0001:0000a6fc       __acrt_initialize_stdio    000000014000b6fc f   libucrt:_file.obj
 0001:0000a81c       __acrt_uninitialize_stdio  000000014000b81c f   libucrt:_file.obj
 0001:0000a878       _lock_file                 000000014000b878 f   libucrt:_file.obj
 0001:0000a884       _unlock_file               000000014000b884 f   libucrt:_file.obj
 0001:0000a890       _get_printf_count_output   000000014000b890 f   libucrt:printf_count_output.obj
 0001:0000aa90       __acrt_initialize_lowio    000000014000ba90 f   libucrt:ioinit.obj
 0001:0000aacc       __acrt_uninitialize_lowio  000000014000bacc f   libucrt:ioinit.obj
 0001:0000ab10       __acrt_initialize_fma3     000000014000bb10 f   libucrt:fma3_available.obj
 0001:0000ab50       __remainder_piby2d2f_forC  000000014000bb50 f   libucrt:remainder_piby2f_forc.obj
 0001:0000ad68       _sinf_special              000000014000bd68 f   libucrt:sincos_special.obj
 0001:0000b258       ?expand_if_necessary@?$argument_list@D@?A0x1958b273@@AEAAHXZ 000000014000c258 f i libucrt:argv_wildcards.obj
 0001:0000b320       __acrt_expand_narrow_argv_wildcards 000000014000c320 f   libucrt:argv_wildcards.obj
 0001:0000b328       ??$?RV<lambda_99476a1ad63dd22509b5d3e65b0ffc95>@@AEAV<lambda_ad1ced32f4ac17aa236e5ef05d6b3b7c>@@V<lambda_f7424dd8d45958661754dc4f2697e9c3>@@@?$__crt_seh_guarded_call@X@@QEAAX$$QEAV<lambda_99476a1ad63dd22509b5d3e65b0ffc95>@@AEAV<lambda_ad1ced32f4ac17aa236e5ef05d6b3b7c>@@$$QEAV<lambda_f7424dd8d45958661754dc4f2697e9c3>@@@Z 000000014000c328 f i libucrt:mbctype.obj
 0001:0000ba24       __acrt_initialize_multibyte 000000014000ca24 f   libucrt:mbctype.obj
 0001:0000ba4c       __acrt_update_thread_multibyte_data 000000014000ca4c f   libucrt:mbctype.obj
 0001:0000bb0c       _setmbcp_nolock            000000014000cb0c f   libucrt:mbctype.obj
 0001:0000be2c       _ismbblead                 000000014000ce2c f   libucrt:ismbbyte.obj
 0001:0000be40       __acrt_initialize_command_line 000000014000ce40 f   libucrt:argv_data.obj
 0001:0000be68       __dcrt_get_narrow_environment_from_os 000000014000ce68 f   libucrt:get_environment_from_os.obj
 0001:0000bf6c       __acrt_initialize_locks    000000014000cf6c f   libucrt:locks.obj
 0001:0000bfb4       __acrt_lock                000000014000cfb4 f   libucrt:locks.obj
 0001:0000bfd0       __acrt_uninitialize_locks  000000014000cfd0 f   libucrt:locks.obj
 0001:0000c008       __acrt_unlock              000000014000d008 f   libucrt:locks.obj
 0001:0000c024       __acrt_lowio_create_handle_array 000000014000d024 f   libucrt:osfinfo.obj
 0001:0000c0bc       __acrt_lowio_destroy_handle_array 000000014000d0bc f   libucrt:osfinfo.obj
 0001:0000c10c       __acrt_lowio_ensure_fh_exists 000000014000d10c f   libucrt:osfinfo.obj
 0001:0000c1c4       __acrt_lowio_lock_fh       000000014000d1c4 f   libucrt:osfinfo.obj
 0001:0000c1e8       __acrt_lowio_unlock_fh     000000014000d1e8 f   libucrt:osfinfo.obj
 0001:0000c20c       _free_osfhnd               000000014000d20c f   libucrt:osfinfo.obj
 0001:0000c2c8       _get_osfhandle             000000014000d2c8 f   libucrt:osfinfo.obj
 0001:0000c340       __pctype_func              000000014000d340 f   libucrt:ctype.obj
 0001:0000c370       __acrt_locale_free_monetary 000000014000d370 f   libucrt:initmon.obj
 0001:0000c47c       __acrt_locale_free_numeric 000000014000d47c f   libucrt:initnum.obj
 0001:0000c598       __acrt_locale_free_time    000000014000d598 f   libucrt:inittime.obj
 0001:0000c6f8       __acrt_GetStringTypeA      000000014000d6f8 f   libucrt:getstringtypea.obj
 0001:0000c8ac       __acrt_add_locale_ref      000000014000d8ac f   libucrt:locale_refcounting.obj
 0001:0000c93c       __acrt_free_locale         000000014000d93c f   libucrt:locale_refcounting.obj
 0001:0000cad4       __acrt_release_locale_ref  000000014000dad4 f   libucrt:locale_refcounting.obj
 0001:0000cb78       __acrt_update_thread_locale_data 000000014000db78 f   libucrt:locale_refcounting.obj
 0001:0000cbe8       _updatetlocinfoEx_nolock   000000014000dbe8 f   libucrt:locale_refcounting.obj
 0001:0000cdf0       __acrt_FlsAlloc            000000014000ddf0 f   libucrt:winapi_thunks.obj
 0001:0000ce48       __acrt_FlsFree             000000014000de48 f   libucrt:winapi_thunks.obj
 0001:0000cea0       __acrt_FlsGetValue         000000014000dea0 f   libucrt:winapi_thunks.obj
 0001:0000cef8       __acrt_FlsSetValue         000000014000def8 f   libucrt:winapi_thunks.obj
 0001:0000cf60       __acrt_InitializeCriticalSectionEx 000000014000df60 f   libucrt:winapi_thunks.obj
 0001:0000cfd8       __acrt_LCMapStringEx       000000014000dfd8 f   libucrt:winapi_thunks.obj
 0001:0000d0c8       __acrt_LocaleNameToLCID    000000014000e0c8 f   libucrt:winapi_thunks.obj
 0001:0000d130       __acrt_initialize_winapi_thunks 000000014000e130 f   libucrt:winapi_thunks.obj
 0001:0000d168       __acrt_uninitialize_winapi_thunks 000000014000e168 f   libucrt:winapi_thunks.obj
 0001:0000d1ac       _recalloc                  000000014000e1ac f   libucrt:recalloc.obj
 0001:0000d1b4       _recalloc_base             000000014000e1b4 f   libucrt:recalloc.obj
 0001:0000d24c       __acrt_initialize_heap     000000014000e24c f   libucrt:heap_handle.obj
 0001:0000d268       __acrt_uninitialize_heap   000000014000e268 f   libucrt:heap_handle.obj
 0001:0000d274       __acrt_execute_initializers 000000014000e274 f   libucrt:shared_initialization.obj
 0001:0000d308       __acrt_execute_uninitializers 000000014000e308 f   libucrt:shared_initialization.obj
 0001:0000d358       __acrt_initialize_new_handler 000000014000e358 f   libucrt:new_handler.obj
 0001:0000d360       _callnewh                  000000014000e360 f   libucrt:new_handler.obj
 0001:0000d3a0       _query_new_handler         000000014000e3a0 f   libucrt:new_handler.obj
 0001:0000d3d4       ??$?RV<lambda_c36588078e9f5dfd39652860aa6b3aaf>@@AEAV<lambda_ec61778202f4f5fc7e7711acc23c3bca>@@V<lambda_dc9d2797ccde5d239b4a0efae8ebd7db>@@@?$__crt_seh_guarded_call@P6AXH@Z@@QEAAP6AXH@Z$$QEAV<lambda_c36588078e9f5dfd39652860aa6b3aaf>@@AEAV<lambda_ec61778202f4f5fc7e7711acc23c3bca>@@$$QEAV<lambda_dc9d2797ccde5d239b4a0efae8ebd7db>@@@Z 000000014000e3d4 f i libucrt:signal.obj
 0001:0000d41c       __acrt_get_sigabrt_handler 000000014000e41c f   libucrt:signal.obj
 0001:0000d44c       __acrt_initialize_signal_handlers 000000014000e44c f   libucrt:signal.obj
 0001:0000d46c       raise                      000000014000e46c f   libucrt:signal.obj
 0001:0000d708       _isctype_l                 000000014000e708 f   libucrt:isctype.obj
 0001:0000d818       _isleadbyte_l              000000014000e818 f i libucrt:_wctype.obj
 0001:0000dbb4       __acrt_LCMapStringA        000000014000ebb4 f   libucrt:lcmapstringa.obj
 0001:0000dc4c       __acrt_fp_strflt_to_string 000000014000ec4c f   libucrt:_fptostr.obj
 0001:0000dd10       ?divide@__crt_strtox@@YA_KAEAUbig_integer@1@AEBU21@@Z 000000014000ed10 f i libucrt:cfout.obj
 0001:0000e1e0       __acrt_fltout              000000014000f1e0 f   libucrt:cfout.obj
 0001:0000f75c       _fcloseall                 000000014001075c f   libucrt:closeall.obj
 0001:0000f810       __acrt_stdio_flush_nolock  0000000140010810 f   libucrt:fflush.obj
 0001:0000f880       _fflush_nolock             0000000140010880 f   libucrt:fflush.obj
 0001:0000f8cc       _flushall                  00000001400108cc f   libucrt:fflush.obj
 0001:0000f9bc       __acrt_stdio_free_buffer_nolock 00000001400109bc f   libucrt:_freebuf.obj
 0001:0000f9fc       _isatty                    00000001400109fc f   libucrt:isatty.obj
 0001:0000fb80       _handle_error              0000000140010b80 f   libucrt:libm_error.obj
 0001:0000fca8       _handle_errorf             0000000140010ca8 f   libucrt:libm_error.obj
 0001:0000fddc       _handle_nan                0000000140010ddc f   libucrt:libm_error.obj
 0001:0000fed0       qsort                      0000000140010ed0 f   libucrt:qsort.obj
 0001:00010204       strncpy_s                  0000000140011204 f   libucrt:strncpy_s.obj
 0001:000102d8       strpbrk                    00000001400112d8 f   libucrt:strpbrk.obj
 0001:00010378       _mbsdec                    0000000140011378 f   libucrt:mbsdec.obj
 0001:00010380       _mbsdec_l                  0000000140011380 f   libucrt:mbsdec.obj
 0001:000104f8       __acrt_DownlevelLocaleNameToLCID 00000001400114f8 f   libucrt:lcidtoname_downlevel.obj
 0001:0001052c       _msize                     000000014001152c f   libucrt:msize.obj
 0001:00010568       _realloc_base              0000000140011568 f   libucrt:realloc_base.obj
 0001:000105ec       __strncnt                  00000001400115ec f   libucrt:strncnt.obj
 0001:00010604       fegetenv                   0000000140011604 f   libucrt:fegetenv.obj
 0001:00010624       fesetenv                   0000000140011624 f   libucrt:fesetenv.obj
 0001:00010670       feholdexcept               0000000140011670 f   libucrt:feholdexcept.obj
 0001:000106c0       ceil                       00000001400116c0 f   libucrt:ceil.obj
 0001:00010790       log10                      0000000140011790 f   libucrt:log10.obj
 0001:000112dc       _write                     00000001400122dc f   libucrt:write.obj
 0001:000113c8       _write_nolock              00000001400123c8 f   libucrt:write.obj
 0001:00011748       _lseeki64_nolock           0000000140012748 f   libucrt:lseek.obj
 0001:00011750       _fclose_nolock             0000000140012750 f   libucrt:fclose.obj
 0001:000117d4       fclose                     00000001400127d4 f   libucrt:fclose.obj
 0001:00011840       ??$?RV<lambda_b521505b218e5242e90febf6bfebc422>@@AEAV<lambda_6978c1fb23f02e42e1d9e99668cc68aa>@@V<lambda_314360699dd331753a4119843814e9a7>@@@?$__crt_seh_guarded_call@H@@QEAAH$$QEAV<lambda_b521505b218e5242e90febf6bfebc422>@@AEAV<lambda_6978c1fb23f02e42e1d9e99668cc68aa>@@$$QEAV<lambda_314360699dd331753a4119843814e9a7>@@@Z 0000000140012840 f i libucrt:commit.obj
 0001:000118cc       _commit                    00000001400128cc f   libucrt:commit.obj
 0001:00011960       _raise_exc                 0000000140012960 f   libucrt:fpexcept.obj
 0001:00011988       _raise_exc_ex              0000000140012988 f   libucrt:fpexcept.obj
 0001:00011c90       _raise_excf                0000000140012c90 f   libucrt:fpexcept.obj
 0001:00011cbc       _set_errno_from_matherr    0000000140012cbc f   libucrt:fpexcept.obj
 0001:00011cec       _clrfp                     0000000140012cec f   libucrt:fpctrl.obj
 0001:00011d0c       _ctrlfp                    0000000140012d0c f   libucrt:fpctrl.obj
 0001:00011d88       _set_statfp                0000000140012d88 f   libucrt:fpctrl.obj
 0001:00011da8       _statfp                    0000000140012da8 f   libucrt:fpctrl.obj
 0001:00011dbc       __get_machine_status       0000000140012dbc f   libucrt:_fenvutils.obj
 0001:00011df4       _getfpcontrolword          0000000140012df4 f   libucrt:_fenvutils.obj
 0001:00011e0c       _getfpstatusword           0000000140012e0c f   libucrt:_fenvutils.obj
 0001:00011e20       _setfpcontrolword          0000000140012e20 f   libucrt:_fenvutils.obj
 0001:00011e2c       _setfpstatusword           0000000140012e2c f   libucrt:_fenvutils.obj
 0001:00011e68       _clearfp                   0000000140012e68 f   libucrt:ieee.obj
 0001:00011ebc       _controlfp                 0000000140012ebc f   libucrt:ieee.obj
 0001:00011ec8       _statusfp                  0000000140012ec8 f   libucrt:ieee.obj
 0001:000121b0       _log10_special             00000001400131b0 f   libucrt:log_special.obj
 0001:00012268       _putwch_nolock             0000000140013268 f   libucrt:putwch.obj
 0001:000122c4       ??$?RV<lambda_bfedae4ebbf01fab1bb6dcc6a9e276e0>@@AEAV<lambda_2fe9b910cf3cbf4a0ab98a02ba45b3ec>@@V<lambda_237c231691f317818eb88cc1d5d642d6>@@@?$__crt_seh_guarded_call@H@@QEAAH$$QEAV<lambda_bfedae4ebbf01fab1bb6dcc6a9e276e0>@@AEAV<lambda_2fe9b910cf3cbf4a0ab98a02ba45b3ec>@@$$QEAV<lambda_237c231691f317818eb88cc1d5d642d6>@@@Z 00000001400132c4 f i libucrt:close.obj
 0001:00012338       _close                     0000000140013338 f   libucrt:close.obj
 0001:000123dc       _close_nolock              00000001400133dc f   libucrt:close.obj
 0001:00012498       ?__acrt_stdio_free_stream@@YAXV__crt_stdio_stream@@@Z 0000000140013498 f   libucrt:stream.obj
 0001:000124f0       _get_fpsr                  00000001400134f0 f   libucrt:fpsr.obj
 0001:00012500       _set_fpsr                  0000000140013500 f   libucrt:fpsr.obj
 0001:0001250a       _fclrf                     000000014001350a f   libucrt:fpsr.obj
 0001:0001251e       _frnd                      000000014001351e f   libucrt:fpsr.obj
 0001:00012540       __dcrt_lowio_initialize_console_output 0000000140013540 f   libucrt:initcon.obj
 0001:0001257c       __dcrt_terminate_console_output 000000014001357c f   libucrt:initcon.obj
 0001:000125a0       _FindPESection             00000001400135a0 f   LIBCMT:pesect.obj
 0001:000125f0       _IsNonwritableInCurrentImage 00000001400135f0 f   LIBCMT:pesect.obj
 0001:00012640       _ValidateImageBase         0000000140013640 f   LIBCMT:pesect.obj
 0001:00012680       __chkstk                   0000000140013680 f   LIBCMT:_chkstk_.obj
 0001:00012680       _alloca_probe              0000000140013680 f   LIBCMT:_chkstk_.obj
 0001:000126d2       RtlUnwindEx                00000001400136d2 f   kernel32:KERNEL32.dll
 0001:000126d8       SystemFunction036          00000001400136d8 f   advapi32:ADVAPI32.dll
 0001:000126f0       memmove                    00000001400136f0 f   libvcruntime:memcpy.obj
 0001:000126f0       memcpy                     00000001400136f0 f   libvcruntime:memcpy.obj
 0001:00012b40       memcmp                     0000000140013b40 f   libvcruntime:memcmp.obj
 0001:00012c08       strrchr                    0000000140013c08 f   libvcruntime:strrchr.obj
 0001:00012d60       _guard_dispatch_icall_nop  0000000140013d60 f   LIBCMT:_guard_dispatch_.obj
 0002:00000000       __imp_SystemFunction036    0000000140014000     advapi32:ADVAPI32.dll
 0002:00000008       \177ADVAPI32_NULL_THUNK_DATA 0000000140014008     advapi32:ADVAPI32.dll
 0002:00000010       __imp_StretchDIBits        0000000140014010     gdi32:GDI32.dll
 0002:00000018       \177GDI32_NULL_THUNK_DATA  0000000140014018     gdi32:GDI32.dll
 0002:00000020       __imp_RaiseException       0000000140014020     kernel32:KERNEL32.dll
 0002:00000028       __imp_FlushFileBuffers     0000000140014028     kernel32:KERNEL32.dll
 0002:00000030       __imp_WriteConsoleW        0000000140014030     kernel32:KERNEL32.dll
 0002:00000038       __imp_GetConsoleMode       0000000140014038     kernel32:KERNEL32.dll
 0002:00000040       __imp_GetConsoleCP         0000000140014040     kernel32:KERNEL32.dll
 0002:00000048       __imp_HeapReAlloc          0000000140014048     kernel32:KERNEL32.dll
 0002:00000050       __imp_HeapSize             0000000140014050     kernel32:KERNEL32.dll
 0002:00000058       __imp_CreateFileW          0000000140014058     kernel32:KERNEL32.dll
 0002:00000060       __imp_SetFilePointerEx     0000000140014060     kernel32:KERNEL32.dll
 0002:00000068       __imp_GetProcessHeap       0000000140014068     kernel32:KERNEL32.dll
 0002:00000070       __imp_CreateFileA          0000000140014070     kernel32:KERNEL32.dll
 0002:00000078       __imp_GetFileSizeEx        0000000140014078     kernel32:KERNEL32.dll
 0002:00000080       __imp_ReadFile             0000000140014080     kernel32:KERNEL32.dll
 0002:00000088       __imp_WriteFile            0000000140014088     kernel32:KERNEL32.dll
 0002:00000090       __imp_OutputDebugStringA   0000000140014090     kernel32:KERNEL32.dll
 0002:00000098       __imp_CloseHandle          0000000140014098     kernel32:KERNEL32.dll
 0002:000000a0       __imp_QueryPerformanceCounter 00000001400140a0     kernel32:KERNEL32.dll
 0002:000000a8       __imp_QueryPerformanceFrequency 00000001400140a8     kernel32:KERNEL32.dll
 0002:000000b0       __imp_Sleep                00000001400140b0     kernel32:KERNEL32.dll
 0002:000000b8       __imp_VirtualAlloc         00000001400140b8     kernel32:KERNEL32.dll
 0002:000000c0       __imp_VirtualFree          00000001400140c0     kernel32:KERNEL32.dll
 0002:000000c8       __imp_GetProcAddress       00000001400140c8     kernel32:KERNEL32.dll
 0002:000000d0       __imp_LoadLibraryA         00000001400140d0     kernel32:KERNEL32.dll
 0002:000000d8       __imp_RtlCaptureContext    00000001400140d8     kernel32:KERNEL32.dll
 0002:000000e0       __imp_RtlLookupFunctionEntry 00000001400140e0     kernel32:KERNEL32.dll
 0002:000000e8       __imp_RtlVirtualUnwind     00000001400140e8     kernel32:KERNEL32.dll
 0002:000000f0       __imp_UnhandledExceptionFilter 00000001400140f0     kernel32:KERNEL32.dll
 0002:000000f8       __imp_SetUnhandledExceptionFilter 00000001400140f8     kernel32:KERNEL32.dll
 0002:00000100       __imp_GetCurrentProcess    0000000140014100     kernel32:KERNEL32.dll
 0002:00000108       __imp_TerminateProcess     0000000140014108     kernel32:KERNEL32.dll
 0002:00000110       __imp_IsProcessorFeaturePresent 0000000140014110     kernel32:KERNEL32.dll
 0002:00000118       __imp_GetCurrentProcessId  0000000140014118     kernel32:KERNEL32.dll
 0002:00000120       __imp_GetCurrentThreadId   0000000140014120     kernel32:KERNEL32.dll
 0002:00000128       __imp_GetSystemTimeAsFileTime 0000000140014128     kernel32:KERNEL32.dll
 0002:00000130       __imp_InitializeSListHead  0000000140014130     kernel32:KERNEL32.dll
 0002:00000138       __imp_IsDebuggerPresent    0000000140014138     kernel32:KERNEL32.dll
 0002:00000140       __imp_GetStartupInfoW      0000000140014140     kernel32:KERNEL32.dll
 0002:00000148       __imp_GetModuleHandleW     0000000140014148     kernel32:KERNEL32.dll
 0002:00000150       __imp_GetLastError         0000000140014150     kernel32:KERNEL32.dll
 0002:00000158       __imp_GetModuleFileNameW   0000000140014158     kernel32:KERNEL32.dll
 0002:00000160       __imp_RtlUnwindEx          0000000140014160     kernel32:KERNEL32.dll
 0002:00000168       __imp_InitializeCriticalSectionAndSpinCount 0000000140014168     kernel32:KERNEL32.dll
 0002:00000170       __imp_TlsAlloc             0000000140014170     kernel32:KERNEL32.dll
 0002:00000178       __imp_TlsGetValue          0000000140014178     kernel32:KERNEL32.dll
 0002:00000180       __imp_TlsSetValue          0000000140014180     kernel32:KERNEL32.dll
 0002:00000188       __imp_TlsFree              0000000140014188     kernel32:KERNEL32.dll
 0002:00000190       __imp_FreeLibrary          0000000140014190     kernel32:KERNEL32.dll
 0002:00000198       __imp_LoadLibraryExW       0000000140014198     kernel32:KERNEL32.dll
 0002:000001a0       __imp_SetLastError         00000001400141a0     kernel32:KERNEL32.dll
 0002:000001a8       __imp_EnterCriticalSection 00000001400141a8     kernel32:KERNEL32.dll
 0002:000001b0       __imp_LeaveCriticalSection 00000001400141b0     kernel32:KERNEL32.dll
 0002:000001b8       __imp_DeleteCriticalSection 00000001400141b8     kernel32:KERNEL32.dll
 0002:000001c0       __imp_GetStdHandle         00000001400141c0     kernel32:KERNEL32.dll
 0002:000001c8       __imp_GetModuleFileNameA   00000001400141c8     kernel32:KERNEL32.dll
 0002:000001d0       __imp_MultiByteToWideChar  00000001400141d0     kernel32:KERNEL32.dll
 0002:000001d8       __imp_WideCharToMultiByte  00000001400141d8     kernel32:KERNEL32.dll
 0002:000001e0       __imp_ExitProcess          00000001400141e0     kernel32:KERNEL32.dll
 0002:000001e8       __imp_GetModuleHandleExW   00000001400141e8     kernel32:KERNEL32.dll
 0002:000001f0       __imp_GetACP               00000001400141f0     kernel32:KERNEL32.dll
 0002:000001f8       __imp_HeapFree             00000001400141f8     kernel32:KERNEL32.dll
 0002:00000200       __imp_HeapAlloc            0000000140014200     kernel32:KERNEL32.dll
 0002:00000208       __imp_GetFileType          0000000140014208     kernel32:KERNEL32.dll
 0002:00000210       __imp_FindClose            0000000140014210     kernel32:KERNEL32.dll
 0002:00000218       __imp_FindFirstFileExA     0000000140014218     kernel32:KERNEL32.dll
 0002:00000220       __imp_FindNextFileA        0000000140014220     kernel32:KERNEL32.dll
 0002:00000228       __imp_IsValidCodePage      0000000140014228     kernel32:KERNEL32.dll
 0002:00000230       __imp_GetOEMCP             0000000140014230     kernel32:KERNEL32.dll
 0002:00000238       __imp_GetCPInfo            0000000140014238     kernel32:KERNEL32.dll
 0002:00000240       __imp_GetCommandLineA      0000000140014240     kernel32:KERNEL32.dll
 0002:00000248       __imp_GetCommandLineW      0000000140014248     kernel32:KERNEL32.dll
 0002:00000250       __imp_GetEnvironmentStringsW 0000000140014250     kernel32:KERNEL32.dll
 0002:00000258       __imp_FreeEnvironmentStringsW 0000000140014258     kernel32:KERNEL32.dll
 0002:00000260       __imp_SetStdHandle         0000000140014260     kernel32:KERNEL32.dll
 0002:00000268       __imp_GetStringTypeW       0000000140014268     kernel32:KERNEL32.dll
 0002:00000270       __imp_LCMapStringW         0000000140014270     kernel32:KERNEL32.dll
 0002:00000278       \177KERNEL32_NULL_THUNK_DATA 0000000140014278     kernel32:KERNEL32.dll
 0002:00000280       __imp_GetDC                0000000140014280     user32:USER32.dll
 0002:00000288       __imp_DispatchMessageA     0000000140014288     user32:USER32.dll
 0002:00000290       __imp_GetClientRect        0000000140014290     user32:USER32.dll
 0002:00000298       __imp_EndPaint             0000000140014298     user32:USER32.dll
 0002:000002a0       __imp_BeginPaint           00000001400142a0     user32:USER32.dll
 0002:000002a8       __imp_TranslateMessage     00000001400142a8     user32:USER32.dll
 0002:000002b0       __imp_CreateWindowExA      00000001400142b0     user32:USER32.dll
 0002:000002b8       __imp_RegisterClassA       00000001400142b8     user32:USER32.dll
 0002:000002c0       __imp_DefWindowProcA       00000001400142c0     user32:USER32.dll
 0002:000002c8       __imp_PeekMessageA         00000001400142c8     user32:USER32.dll
 0002:000002d0       \177USER32_NULL_THUNK_DATA 00000001400142d0     user32:USER32.dll
 0002:000002d8       __imp_timeBeginPeriod      00000001400142d8     winmm:WINMM.dll
 0002:000002e0       \177WINMM_NULL_THUNK_DATA  00000001400142e0     winmm:WINMM.dll
 0002:000002e8       __guard_check_icall_fptr   00000001400142e8     LIBCMT:guard_support.obj
 0002:000002f0       __guard_dispatch_icall_fptr 00000001400142f0     LIBCMT:guard_support.obj
 0002:000002f8       __xc_a                     00000001400142f8     LIBCMT:initializers.obj
 0002:00000308       __xc_z                     0000000140014308     LIBCMT:initializers.obj
 0002:00000310       __xi_a                     0000000140014310     LIBCMT:initializers.obj
 0002:00000328       __acrt_stdio_initializer   0000000140014328     libucrt:stdio_initializer.obj
 0002:00000330       __acrt_tran_fma3_initializer 0000000140014330     libucrt:fma3_initializer.obj
 0002:00000338       __acrt_multibyte_initializer 0000000140014338     libucrt:multibyte_initializer.obj
 0002:00000340       __xi_z                     0000000140014340     LIBCMT:initializers.obj
 0002:00000348       __xp_a                     0000000140014348     LIBCMT:initializers.obj
 0002:00000350       __acrt_locale_terminator   0000000140014350     libucrt:locale_initializer.obj
 0002:00000358       __dcrt_console_output_terminator 0000000140014358     libucrt:console_output_initializer.obj
 0002:00000360       __acrt_stdio_terminator    0000000140014360     libucrt:stdio_initializer.obj
 0002:00000368       __xp_z                     0000000140014368     LIBCMT:initializers.obj
 0002:00000370       __xt_a                     0000000140014370     LIBCMT:initializers.obj
 0002:00000378       __xt_z                     0000000140014378     LIBCMT:initializers.obj
 0002:00000544       __real@00000000            0000000140014544     win32_handmade.obj
 0002:00000548       __real@3d088889            0000000140014548     win32_handmade.obj
 0002:0000054c       __real@3f000000            000000014001454c     win32_handmade.obj
 0002:00000550       __real@3f800000            0000000140014550     win32_handmade.obj
 0002:00000554       __real@3fc00000            0000000140014554     win32_handmade.obj
 0002:00000558       __real@40000000            0000000140014558     win32_handmade.obj
 0002:0000055c       __real@40800000            000000014001455c     win32_handmade.obj
 0002:00000560       __real@40c90fdb            0000000140014560     win32_handmade.obj
 0002:00000568       __real@412e848000000000    0000000140014568     win32_handmade.obj
 0002:00000570       __real@43f0000000000000    0000000140014570     win32_handmade.obj
 0002:00000578       __real@447a0000            0000000140014578     win32_handmade.obj
 0002:0000057c       __real@46fffe00            000000014001457c     win32_handmade.obj
 0002:00000580       __real@47000000            0000000140014580     win32_handmade.obj
 0002:00000584       __real@bf800000            0000000140014584     win32_handmade.obj
 0002:00000590       __xmm@80000000800000008000000080000000 0000000140014590     win32_handmade.obj
 0002:000005b0       _Microsoft_CRTProvider     00000001400145b0     libvcruntime:telemetry.obj
 0002:000005b8       ??_C@_00CNPNBAHC@?$AA@     00000001400145b8     libvcruntime:telemetry.obj
 0002:000005bc       ??_C@_11LOCGONAA@?$AA?$AA@ 00000001400145bc     libvcruntime:telemetry.obj
 0002:000005c0       ??_C@_0O@JEOPJOMI@Main?5Invoked?4?$AA@ 00000001400145c0     libvcruntime:telemetry.obj
 0002:000005d0       ??_C@_0P@NEAEIBDO@Main?5Returned?4?$AA@ 00000001400145d0     libvcruntime:telemetry.obj
 0002:00000600       ??_C@_1BC@DNHGCMLG@?$AAa?$AAd?$AAv?$AAa?$AAp?$AAi?$AA3?$AA2?$AA?$AA@ 0000000140014600     libvcruntime:winapi_downlevel.obj
 0002:00000618       ??_C@_1DM@KHCHBNEB@?$AAa?$AAp?$AAi?$AA?9?$AAm?$AAs?$AA?9?$AAw?$AAi?$AAn?$AA?9?$AAc?$AAo?$AAr?$AAe?$AA?9?$AAf?$AAi?$AAb?$AAe?$AAr?$AAs?$AA?9?$AAl?$AA1?$AA?9?$AA1?$AA?9?$AA1?$AA?$AA@ 0000000140014618     libvcruntime:winapi_downlevel.obj
 0002:00000658       ??_C@_1DK@LPPGFMPP@?$AAa?$AAp?$AAi?$AA?9?$AAm?$AAs?$AA?9?$AAw?$AAi?$AAn?$AA?9?$AAc?$AAo?$AAr?$AAe?$AA?9?$AAs?$AAy?$AAn?$AAc?$AAh?$AA?9?$AAl?$AA1?$AA?9?$AA2?$AA?9?$AA0?$AA?$AA@ 0000000140014658     libvcruntime:winapi_downlevel.obj
 0002:00000698       ??_C@_1BC@GDMECMAK@?$AAk?$AAe?$AAr?$AAn?$AAe?$AAl?$AA3?$AA2?$AA?$AA@ 0000000140014698     libvcruntime:winapi_downlevel.obj
 0002:000006b0       ??_C@_0O@BAMBGLIE@EventRegister?$AA@ 00000001400146b0     libvcruntime:winapi_downlevel.obj
 0002:000006c8       ??_C@_0BE@BJEEGHGK@EventSetInformation?$AA@ 00000001400146c8     libvcruntime:winapi_downlevel.obj
 0002:000006e0       ??_C@_0BA@FAKLIPIC@EventUnregister?$AA@ 00000001400146e0     libvcruntime:winapi_downlevel.obj
 0002:000006f8       ??_C@_0BD@PKLHJPHD@EventWriteTransfer?$AA@ 00000001400146f8     libvcruntime:winapi_downlevel.obj
 0002:00000718       ??_C@_08KNHFBNJ@FlsAlloc?$AA@ 0000000140014718     libvcruntime:winapi_downlevel.obj
 0002:00000730       ??_C@_07PEJMOBNF@FlsFree?$AA@ 0000000140014730     libvcruntime:winapi_downlevel.obj
 0002:00000738       ??_C@_0M@GDNOONDI@FlsGetValue?$AA@ 0000000140014738     libvcruntime:winapi_downlevel.obj
 0002:00000750       ??_C@_0M@JCPCPOEF@FlsSetValue?$AA@ 0000000140014750     libvcruntime:winapi_downlevel.obj
 0002:00000768       ??_C@_0BM@HCFOFFN@InitializeCriticalSectionEx?$AA@ 0000000140014768     libvcruntime:winapi_downlevel.obj
 0002:00000788       ??_C@_0CA@GCEOPDGL@?$GAeh?5vector?5destructor?5iterator?8?$AA@ 0000000140014788     libvcruntime:undname.obj
 0002:000007a8       ??_C@_0CH@OOJPLCPH@?$GAeh?5vector?5vbase?5constructor?5ite@ 00000001400147a8     libvcruntime:undname.obj
 0002:000007d0       ??_C@_0BL@LLKPOHJI@?$GAcopy?5constructor?5closure?8?$AA@ 00000001400147d0     libvcruntime:undname.obj
 0002:000007f0       ??_C@_0BA@KBCDOMBN@?$GAudt?5returning?8?$AA@ 00000001400147f0     libvcruntime:undname.obj
 0002:00000800       ??_C@_03KLGMFNMG@?$GAEH?$AA@ 0000000140014800     libvcruntime:undname.obj
 0002:00000804       ??_C@_05KHLCHHI@?$GARTTI?$AA@ 0000000140014804     libvcruntime:undname.obj
 0002:00000810       ??_C@_0BA@KKLDJDLB@?$GAlocal?5vftable?8?$AA@ 0000000140014810     libvcruntime:undname.obj
 0002:00000820       ??_C@_0CE@IIHCMGGL@?$GAlocal?5vftable?5constructor?5closu@ 0000000140014820     libvcruntime:undname.obj
 0002:00000844       ??_C@_06FHBGPFGH@?5new?$FL?$FN?$AA@ 0000000140014844     libvcruntime:undname.obj
 0002:00000850       ??_C@_09LBNFPBCA@?5delete?$FL?$FN?$AA@ 0000000140014850     libvcruntime:undname.obj
 0002:00000860       ??_C@_0P@HJKNJFNN@?$GAomni?5callsig?8?$AA@ 0000000140014860     libvcruntime:undname.obj
 0002:00000870       ??_C@_0BL@CNOONJFP@?$GAplacement?5delete?5closure?8?$AA@ 0000000140014870     libvcruntime:undname.obj
 0002:00000890       ??_C@_0BN@CKNJLHMB@?$GAplacement?5delete?$FL?$FN?5closure?8?$AA@ 0000000140014890     libvcruntime:undname.obj
 0002:000008b0       ??_C@_0CG@CFDHKGGD@?$GAmanaged?5vector?5constructor?5iter@ 00000001400148b0     libvcruntime:undname.obj
 0002:000008d8       ??_C@_0CF@IMGKMJNO@?$GAmanaged?5vector?5destructor?5itera@ 00000001400148d8     libvcruntime:undname.obj
 0002:00000900       ??_C@_0CG@HLDDJMAG@?$GAeh?5vector?5copy?5constructor?5iter@ 0000000140014900     libvcruntime:undname.obj
 0002:00000928       ??_C@_0CM@FCBBDIGB@?$GAeh?5vector?5vbase?5copy?5constructo@ 0000000140014928     libvcruntime:undname.obj
 0002:00000958       ??_C@_0BL@CLIPGLGB@?$GAdynamic?5initializer?5for?5?8?$AA@ 0000000140014958     libvcruntime:undname.obj
 0002:00000978       ??_C@_0CB@PDBIFEP@?$GAdynamic?5atexit?5destructor?5for?5?8@ 0000000140014978     libvcruntime:undname.obj
 0002:000009a0       ??_C@_0CD@CGAJBKEJ@?$GAvector?5copy?5constructor?5iterato@ 00000001400149a0     libvcruntime:undname.obj
 0002:000009c8       ??_C@_0CJ@GJELGAMM@?$GAvector?5vbase?5copy?5constructor?5i@ 00000001400149c8     libvcruntime:undname.obj
 0002:000009f8       ??_C@_0CL@FGIJHLCE@?$GAmanaged?5vector?5copy?5constructor@ 00000001400149f8     libvcruntime:undname.obj
 0002:00000a28       ??_C@_0BM@PMGGMLDN@?$GAlocal?5static?5thread?5guard?8?$AA@ 0000000140014a28     libvcruntime:undname.obj
 0002:00000a48       ??_C@_0N@BDNMDMOL@operator?5?$CC?$CC?5?$AA@ 0000000140014a48     libvcruntime:undname.obj
 0002:00000d88       ??_C@_0BC@DAFEJGAK@?5Type?5Descriptor?8?$AA@ 0000000140014d88     libvcruntime:undname.obj
 0002:00000da0       ??_C@_0BM@LDKODKLH@?5Base?5Class?5Descriptor?5at?5?$CI?$AA@ 0000000140014da0     libvcruntime:undname.obj
 0002:00000dc0       ??_C@_0BD@LGICGFMM@?5Base?5Class?5Array?8?$AA@ 0000000140014dc0     libvcruntime:undname.obj
 0002:00000dd8       ??_C@_0BN@MECKDCOJ@?5Class?5Hierarchy?5Descriptor?8?$AA@ 0000000140014dd8     libvcruntime:undname.obj
 0002:00000df8       ??_C@_0BK@CFCOFLF@?5Complete?5Object?5Locator?8?$AA@ 0000000140014df8     libvcruntime:undname.obj
 0002:00000e18       ??_C@_08EHJDFFNH@__based?$CI?$AA@ 0000000140014e18     libvcruntime:undname.obj
 0002:00000e28       ??_C@_07KOLFKCDI@__cdecl?$AA@ 0000000140014e28     libvcruntime:undname.obj
 0002:00000e30       ??_C@_08GHMPAG@__pascal?$AA@ 0000000140014e30     libvcruntime:undname.obj
 0002:00000e40       ??_C@_09IFJBGAPI@__stdcall?$AA@ 0000000140014e40     libvcruntime:undname.obj
 0002:00000e50       ??_C@_0L@NPHFGOKO@__thiscall?$AA@ 0000000140014e50     libvcruntime:undname.obj
 0002:00000e60       ??_C@_0L@JMKHOMEK@__fastcall?$AA@ 0000000140014e60     libvcruntime:undname.obj
 0002:00000e70       ??_C@_0N@BCKKPABJ@__vectorcall?$AA@ 0000000140014e70     libvcruntime:undname.obj
 0002:00000e80       ??_C@_09HIJEGCPM@__clrcall?$AA@ 0000000140014e80     libvcruntime:undname.obj
 0002:00000e8c       ??_C@_06GHPCKEAG@__eabi?$AA@ 0000000140014e8c     libvcruntime:undname.obj
 0002:00000e98       ??_C@_07JOMMBBKO@__ptr64?$AA@ 0000000140014e98     libvcruntime:undname.obj
 0002:00000ea0       ??_C@_0L@PILCLIHE@__restrict?$AA@ 0000000140014ea0     libvcruntime:undname.obj
 0002:00000eb0       ??_C@_0M@GFIIJFMG@__unaligned?$AA@ 0000000140014eb0     libvcruntime:undname.obj
 0002:00000ec0       ??_C@_09DHDLOLLB@restrict?$CI?$AA@ 0000000140014ec0     libvcruntime:undname.obj
 0002:00000ecc       ??_C@_04NIHEBCM@?5new?$AA@ 0000000140014ecc     libvcruntime:undname.obj
 0002:00000ed8       ??_C@_07FPCDHGMM@?5delete?$AA@ 0000000140014ed8     libvcruntime:undname.obj
 0002:00000ee0       ??_C@_01NEMOKFLO@?$DN?$AA@ 0000000140014ee0     libvcruntime:undname.obj
 0002:00000ee4       ??_C@_02GPIOPFAK@?$DO?$DO?$AA@ 0000000140014ee4     libvcruntime:undname.obj
 0002:00000ee8       ??_C@_02FODMEDOG@?$DM?$DM?$AA@ 0000000140014ee8     libvcruntime:undname.obj
 0002:00000eec       ??_C@_01DCLJPIOD@?$CB?$AA@ 0000000140014eec     libvcruntime:undname.obj
 0002:00000ef0       ??_C@_02EGOFBIJA@?$DN?$DN?$AA@ 0000000140014ef0     libvcruntime:undname.obj
 0002:00000ef4       ??_C@_02FDNJECIE@?$CB?$DN?$AA@ 0000000140014ef4     libvcruntime:undname.obj
 0002:00000ef8       ??_C@_02GPECMEKF@?$FL?$FN?$AA@ 0000000140014ef8     libvcruntime:undname.obj
 0002:00000f00       ??_C@_08LHJFAFGD@operator?$AA@ 0000000140014f00     libvcruntime:undname.obj
 0002:00000f0c       ??_C@_02HBOOOICD@?9?$DO?$AA@ 0000000140014f0c     libvcruntime:undname.obj
 0002:00000f10       ??_C@_01NBENCBCI@?$CK?$AA@ 0000000140014f10     libvcruntime:undname.obj
 0002:00000f14       ??_C@_02ECNGHCIF@?$CL?$CL?$AA@ 0000000140014f14     libvcruntime:undname.obj
 0002:00000f18       ??_C@_02BAABKJLB@?9?9?$AA@ 0000000140014f18     libvcruntime:undname.obj
 0002:00000f1c       ??_C@_01JOAMLHOP@?9?$AA@   0000000140014f1c     libvcruntime:undname.obj
 0002:00000f20       ??_C@_01MIFGBAGJ@?$CL?$AA@ 0000000140014f20     libvcruntime:undname.obj
 0002:00000f24       ??_C@_01HNPIGOCE@?$CG?$AA@ 0000000140014f24     libvcruntime:undname.obj
 0002:00000f28       ??_C@_03MNHNFDLC@?9?$DO?$CK?$AA@ 0000000140014f28     libvcruntime:undname.obj
 0002:00000f2c       ??_C@_01KMDKNFGN@?1?$AA@   0000000140014f2c     libvcruntime:undname.obj
 0002:00000f30       ??_C@_01FGNFDNOH@?$CF?$AA@ 0000000140014f30     libvcruntime:undname.obj
 0002:00000f34       ??_C@_01MNNFJEPP@?$DM?$AA@ 0000000140014f34     libvcruntime:undname.obj
 0002:00000f38       ??_C@_02EHCHHCKH@?$DM?$DN?$AA@ 0000000140014f38     libvcruntime:undname.obj
 0002:00000f3c       ??_C@_01PPODPGHN@?$DO?$AA@ 0000000140014f3c     libvcruntime:undname.obj
 0002:00000f40       ??_C@_02EEKDKGMJ@?$DO?$DN?$AA@ 0000000140014f40     libvcruntime:undname.obj
 0002:00000f44       ??_C@_01IHBHIGKO@?0?$AA@   0000000140014f44     libvcruntime:undname.obj
 0002:00000f48       ??_C@_02HCKGKOFO@?$CI?$CJ?$AA@ 0000000140014f48     libvcruntime:undname.obj
 0002:00000f4c       ??_C@_01PJKLJHI@?$HO?$AA@  0000000140014f4c     libvcruntime:undname.obj
 0002:00000f50       ??_C@_01JKBOJNNK@?$FO?$AA@ 0000000140014f50     libvcruntime:undname.obj
 0002:00000f54       ??_C@_01DNKMNLPK@?$HM?$AA@ 0000000140014f54     libvcruntime:undname.obj
 0002:00000f58       ??_C@_02PPKAJPJL@?$CG?$CG?$AA@ 0000000140014f58     libvcruntime:undname.obj
 0002:00000f5c       ??_C@_02NONPIBCD@?$HM?$HM?$AA@ 0000000140014f5c     libvcruntime:undname.obj
 0002:00000f60       ??_C@_02FPIMKNGF@?$CK?$DN?$AA@ 0000000140014f60     libvcruntime:undname.obj
 0002:00000f64       ??_C@_02FOEOMHFC@?$CL?$DN?$AA@ 0000000140014f64     libvcruntime:undname.obj
 0002:00000f68       ??_C@_02FKMDLLOA@?9?$DN?$AA@ 0000000140014f68     libvcruntime:undname.obj
 0002:00000f6c       ??_C@_02FJEHGPIO@?1?$DN?$AA@ 0000000140014f6c     libvcruntime:undname.obj
 0002:00000f70       ??_C@_02FENAOKFI@?$CF?$DN?$AA@ 0000000140014f70     libvcruntime:undname.obj
 0002:00000f74       ??_C@_03IKFCCPFF@?$DO?$DO?$DN?$AA@ 0000000140014f74     libvcruntime:undname.obj
 0002:00000f78       ??_C@_03CDNPDDLA@?$DM?$DM?$DN?$AA@ 0000000140014f78     libvcruntime:undname.obj
 0002:00000f7c       ??_C@_02FGJGFEAB@?$CG?$DN?$AA@ 0000000140014f7c     libvcruntime:undname.obj
 0002:00000f80       ??_C@_02DHLNPPGH@?$HM?$DN?$AA@ 0000000140014f80     libvcruntime:undname.obj
 0002:00000f84       ??_C@_02MHEGNOJ@?$FO?$DN?$AA@ 0000000140014f84     libvcruntime:undname.obj
 0002:00000f88       ??_C@_09IFPLHPGF@?$GAvftable?8?$AA@ 0000000140014f88     libvcruntime:undname.obj
 0002:00000f98       ??_C@_09BLBHBJP@?$GAvbtable?8?$AA@ 0000000140014f98     libvcruntime:undname.obj
 0002:00000fa8       ??_C@_07FEEIOKP@?$GAvcall?8?$AA@ 0000000140014fa8     libvcruntime:undname.obj
 0002:00000fb0       ??_C@_08LLFFHHDJ@?$GAtypeof?8?$AA@ 0000000140014fb0     libvcruntime:undname.obj
 0002:00000fc0       ??_C@_0BF@KDPPACIK@?$GAlocal?5static?5guard?8?$AA@ 0000000140014fc0     libvcruntime:undname.obj
 0002:00000fd8       ??_C@_08OBABFOLI@?$GAstring?8?$AA@ 0000000140014fd8     libvcruntime:undname.obj
 0002:00000fe8       ??_C@_0BD@JDLKDPAB@?$GAvbase?5destructor?8?$AA@ 0000000140014fe8     libvcruntime:undname.obj
 0002:00001000       ??_C@_0BN@DEGPLNFK@?$GAvector?5deleting?5destructor?8?$AA@ 0000000140015000     libvcruntime:undname.obj
 0002:00001020       ??_C@_0BO@OBMKPJIG@?$GAdefault?5constructor?5closure?8?$AA@ 0000000140015020     libvcruntime:undname.obj
 0002:00001040       ??_C@_0BN@IMDCHIKM@?$GAscalar?5deleting?5destructor?8?$AA@ 0000000140015040     libvcruntime:undname.obj
 0002:00001060       ??_C@_0BO@PFGOCPJJ@?$GAvector?5constructor?5iterator?8?$AA@ 0000000140015060     libvcruntime:undname.obj
 0002:00001080       ??_C@_0BN@LFPFMEDL@?$GAvector?5destructor?5iterator?8?$AA@ 0000000140015080     libvcruntime:undname.obj
 0002:000010a0       ??_C@_0CE@IKBNEHA@?$GAvector?5vbase?5constructor?5iterat@ 00000001400150a0     libvcruntime:undname.obj
 0002:000010c8       ??_C@_0BL@NILFHHPC@?$GAvirtual?5displacement?5map?8?$AA@ 00000001400150c8     libvcruntime:undname.obj
 0002:000010e8       ??_C@_0CB@JONCMFFK@?$GAeh?5vector?5constructor?5iterator?8@ 00000001400150e8     libvcruntime:undname.obj
 0002:00001110       standard_lookup_table      0000000140015110     libucrt:output.obj
 0002:00001170       format_validation_lookup_table 0000000140015170     libucrt:output.obj
 0002:000011cc       ??_C@_06OJHGLDPL@?$CInull?$CJ?$AA@ 00000001400151cc     libucrt:output.obj
 0002:000011d8       ??_C@_1O@CEDCILHN@?$AA?$CI?$AAn?$AAu?$AAl?$AAl?$AA?$CJ?$AA?$AA@ 00000001400151d8     libucrt:output.obj
 0002:00001320       __acrt_exception_action_table 0000000140015320     libucrt:exception_filter.obj
 0002:000013e0       __acrt_signal_action_table_count 00000001400153e0     libucrt:exception_filter.obj
 0002:000013e8       __acrt_signal_action_first_fpe_index 00000001400153e8     libucrt:exception_filter.obj
 0002:000013f0       __acrt_signal_action_fpe_count 00000001400153f0     libucrt:exception_filter.obj
 0002:000013f8       ??_C@_1BI@BGOHAHKC@?$AAm?$AAs?$AAc?$AAo?$AAr?$AAe?$AAe?$AA?4?$AAd?$AAl?$AAl?$AA?$AA@ 00000001400153f8     libucrt:exit.obj
 0002:00001410       ??_C@_0P@MIGLKIOC@CorExitProcess?$AA@ 0000000140015410     libucrt:exit.obj
 0002:00001510       ??_C@_03OEIAHPBN@INF?$AA@  0000000140015510     libucrt:cvt.obj
 0002:00001514       ??_C@_03OJHLLCGB@inf?$AA@  0000000140015514     libucrt:cvt.obj
 0002:00001518       ??_C@_03LKNCIKJB@NAN?$AA@  0000000140015518     libucrt:cvt.obj
 0002:0000151c       ??_C@_03LHCJEHON@nan?$AA@  000000014001551c     libucrt:cvt.obj
 0002:00001520       ??_C@_09OFJJIMPC@NAN?$CISNAN?$CJ?$AA@ 0000000140015520     libucrt:cvt.obj
 0002:00001530       ??_C@_09IPFBKMDL@nan?$CIsnan?$CJ?$AA@ 0000000140015530     libucrt:cvt.obj
 0002:00001540       ??_C@_08IKHNHAJ@NAN?$CIIND?$CJ?$AA@ 0000000140015540     libucrt:cvt.obj
 0002:00001550       ??_C@_08OFCDMILK@nan?$CIind?$CJ?$AA@ 0000000140015550     libucrt:cvt.obj
 0002:0000155c       ??_C@_05KLBDPFGC@e?$CL000?$AA@ 000000014001555c     libucrt:cvt.obj
 0002:00001564       ??_C@_03KOEHGMDN@Sun?$AA@  0000000140015564     libucrt:nlsdata.obj
 0002:00001568       ??_C@_03PDAGKDH@Mon?$AA@   0000000140015568     libucrt:nlsdata.obj
 0002:0000156c       ??_C@_03NAGEINEP@Tue?$AA@  000000014001556c     libucrt:nlsdata.obj
 0002:00001570       ??_C@_03MHOMLAJA@Wed?$AA@  0000000140015570     libucrt:nlsdata.obj
 0002:00001574       ??_C@_03IOFIKPDN@Thu?$AA@  0000000140015574     libucrt:nlsdata.obj
 0002:00001578       ??_C@_03IDIOELNC@Fri?$AA@  0000000140015578     libucrt:nlsdata.obj
 0002:0000157c       ??_C@_03FEFJNEK@Sat?$AA@   000000014001557c     libucrt:nlsdata.obj
 0002:00001580       ??_C@_06OOPIFAJ@Sunday?$AA@ 0000000140015580     libucrt:nlsdata.obj
 0002:00001588       ??_C@_06JLEDEDGH@Monday?$AA@ 0000000140015588     libucrt:nlsdata.obj
 0002:00001590       ??_C@_07BAAGCFCM@Tuesday?$AA@ 0000000140015590     libucrt:nlsdata.obj
 0002:00001598       ??_C@_09DLIGFAKA@Wednesday?$AA@ 0000000140015598     libucrt:nlsdata.obj
 0002:000015a8       ??_C@_08HACCIKIA@Thursday?$AA@ 00000001400155a8     libucrt:nlsdata.obj
 0002:000015b4       ??_C@_06JECMNKMI@Friday?$AA@ 00000001400155b4     libucrt:nlsdata.obj
 0002:000015c0       ??_C@_08INBOOONO@Saturday?$AA@ 00000001400155c0     libucrt:nlsdata.obj
 0002:000015cc       ??_C@_03JIHJHPIE@Jan?$AA@  00000001400155cc     libucrt:nlsdata.obj
 0002:000015d0       ??_C@_03HJBDCHOM@Feb?$AA@  00000001400155d0     libucrt:nlsdata.obj
 0002:000015d4       ??_C@_03ODNJBKGA@Mar?$AA@  00000001400155d4     libucrt:nlsdata.obj
 0002:000015d8       ??_C@_03LEOLGMJP@Apr?$AA@  00000001400155d8     libucrt:nlsdata.obj
 0002:000015dc       ??_C@_03CNMDKL@May?$AA@    00000001400155dc     libucrt:nlsdata.obj
 0002:000015e0       ??_C@_03IDFGHECI@Jun?$AA@  00000001400155e0     libucrt:nlsdata.obj
 0002:000015e4       ??_C@_03LBGABGKK@Jul?$AA@  00000001400155e4     libucrt:nlsdata.obj
 0002:000015e8       ??_C@_03IFJFEIGA@Aug?$AA@  00000001400155e8     libucrt:nlsdata.obj
 0002:000015ec       ??_C@_03GGCAPAJC@Sep?$AA@  00000001400155ec     libucrt:nlsdata.obj
 0002:000015f0       ??_C@_03BMAOKBAD@Oct?$AA@  00000001400155f0     libucrt:nlsdata.obj
 0002:000015f4       ??_C@_03JPJOFNIA@Nov?$AA@  00000001400155f4     libucrt:nlsdata.obj
 0002:000015f8       ??_C@_03MKABNOCG@Dec?$AA@  00000001400155f8     libucrt:nlsdata.obj
 0002:00001600       ??_C@_07CGJPFGJA@January?$AA@ 0000000140015600     libucrt:nlsdata.obj
 0002:00001608       ??_C@_08GNJGEPFN@February?$AA@ 0000000140015608     libucrt:nlsdata.obj
 0002:00001614       ??_C@_05HPCKOFNC@March?$AA@ 0000000140015614     libucrt:nlsdata.obj
 0002:0000161c       ??_C@_05DMJDNLEJ@April?$AA@ 000000014001561c     libucrt:nlsdata.obj
 0002:00001624       ??_C@_04CNLMGBGM@June?$AA@ 0000000140015624     libucrt:nlsdata.obj
 0002:0000162c       ??_C@_04MIEPOIFP@July?$AA@ 000000014001562c     libucrt:nlsdata.obj
 0002:00001634       ??_C@_06LBBHFDDG@August?$AA@ 0000000140015634     libucrt:nlsdata.obj
 0002:00001640       ??_C@_09BHHEALKD@September?$AA@ 0000000140015640     libucrt:nlsdata.obj
 0002:00001650       ??_C@_07JJNFCEND@October?$AA@ 0000000140015650     libucrt:nlsdata.obj
 0002:00001658       ??_C@_08HCHEGEOA@November?$AA@ 0000000140015658     libucrt:nlsdata.obj
 0002:00001668       ??_C@_08EDHMEBNP@December?$AA@ 0000000140015668     libucrt:nlsdata.obj
 0002:00001674       ??_C@_02DEDBPAFC@AM?$AA@   0000000140015674     libucrt:nlsdata.obj
 0002:00001678       ??_C@_02CJNFDJBF@PM?$AA@   0000000140015678     libucrt:nlsdata.obj
 0002:00001680       ??_C@_08BPBNCDIB@MM?1dd?1yy?$AA@ 0000000140015680     libucrt:nlsdata.obj
 0002:00001690       ??_C@_0BE@CKGJFCPC@dddd?0?5MMMM?5dd?0?5yyyy?$AA@ 0000000140015690     libucrt:nlsdata.obj
 0002:000016a8       ??_C@_08JCCMCCIL@HH?3mm?3ss?$AA@ 00000001400156a8     libucrt:nlsdata.obj
 0002:000016b8       ??_C@_17MBGCMIPB@?$AAS?$AAu?$AAn?$AA?$AA@ 00000001400156b8     libucrt:nlsdata.obj
 0002:000016c0       ??_C@_17KBOMKBF@?$AAM?$AAo?$AAn?$AA?$AA@ 00000001400156c0     libucrt:nlsdata.obj
 0002:000016c8       ??_C@_17BMKGEGOJ@?$AAT?$AAu?$AAe?$AA?$AA@ 00000001400156c8     libucrt:nlsdata.obj
 0002:000016d0       ??_C@_17CJEDCEPE@?$AAW?$AAe?$AAd?$AA?$AA@ 00000001400156d0     libucrt:nlsdata.obj
 0002:000016d8       ??_C@_17PDPHAADD@?$AAT?$AAh?$AAu?$AA?$AA@ 00000001400156d8     libucrt:nlsdata.obj
 0002:000016e0       ??_C@_17HFOLPPLP@?$AAF?$AAr?$AAi?$AA?$AA@ 00000001400156e0     libucrt:nlsdata.obj
 0002:000016e8       ??_C@_17GGIBDPIH@?$AAS?$AAa?$AAt?$AA?$AA@ 00000001400156e8     libucrt:nlsdata.obj
 0002:000016f0       ??_C@_1O@IHNHDHPB@?$AAS?$AAu?$AAn?$AAd?$AAa?$AAy?$AA?$AA@ 00000001400156f0     libucrt:nlsdata.obj
 0002:00001700       ??_C@_1O@MMNBFLIA@?$AAM?$AAo?$AAn?$AAd?$AAa?$AAy?$AA?$AA@ 0000000140015700     libucrt:nlsdata.obj
 0002:00001710       ??_C@_1BA@ENFBFFEK@?$AAT?$AAu?$AAe?$AAs?$AAd?$AAa?$AAy?$AA?$AA@ 0000000140015710     libucrt:nlsdata.obj
 0002:00001720       ??_C@_1BE@EBOGMDOH@?$AAW?$AAe?$AAd?$AAn?$AAe?$AAs?$AAd?$AAa?$AAy?$AA?$AA@ 0000000140015720     libucrt:nlsdata.obj
 0002:00001738       ??_C@_1BC@HHMNLIHE@?$AAT?$AAh?$AAu?$AAr?$AAs?$AAd?$AAa?$AAy?$AA?$AA@ 0000000140015738     libucrt:nlsdata.obj
 0002:00001750       ??_C@_1O@PDICJHAG@?$AAF?$AAr?$AAi?$AAd?$AAa?$AAy?$AA?$AA@ 0000000140015750     libucrt:nlsdata.obj
 0002:00001760       ??_C@_1BC@ENMNNPAJ@?$AAS?$AAa?$AAt?$AAu?$AAr?$AAd?$AAa?$AAy?$AA?$AA@ 0000000140015760     libucrt:nlsdata.obj
 0002:00001778       ??_C@_17DKNBKCHM@?$AAJ?$AAa?$AAn?$AA?$AA@ 0000000140015778     libucrt:nlsdata.obj
 0002:00001780       ??_C@_17LMDJEKJN@?$AAF?$AAe?$AAb?$AA?$AA@ 0000000140015780     libucrt:nlsdata.obj
 0002:00001788       ??_C@_17CKNLEDEC@?$AAM?$AAa?$AAr?$AA?$AA@ 0000000140015788     libucrt:nlsdata.obj
 0002:00001790       ??_C@_17LFPOIHDD@?$AAA?$AAp?$AAr?$AA?$AA@ 0000000140015790     libucrt:nlsdata.obj
 0002:00001798       ??_C@_17PNNKMEED@?$AAM?$AAa?$AAy?$AA?$AA@ 0000000140015798     libucrt:nlsdata.obj
 0002:000017a0       ??_C@_17KCJGOCPB@?$AAJ?$AAu?$AAn?$AA?$AA@ 00000001400157a0     libucrt:nlsdata.obj
 0002:000017a8       ??_C@_17IJPCKHK@?$AAJ?$AAu?$AAl?$AA?$AA@ 00000001400157a8     libucrt:nlsdata.obj
 0002:000017b0       ??_C@_17ICPELBCN@?$AAA?$AAu?$AAg?$AA?$AA@ 00000001400157b0     libucrt:nlsdata.obj
 0002:000017b8       ??_C@_17HCHCOKMG@?$AAS?$AAe?$AAp?$AA?$AA@ 00000001400157b8     libucrt:nlsdata.obj
 0002:000017c0       ??_C@_17FNLKOI@?$AAO?$AAc?$AAt?$AA?$AA@ 00000001400157c0     libucrt:nlsdata.obj
 0002:000017c8       ??_C@_17BBDMLCIG@?$AAN?$AAo?$AAv?$AA?$AA@ 00000001400157c8     libucrt:nlsdata.obj
 0002:000017d0       ??_C@_17EGKACKIF@?$AAD?$AAe?$AAc?$AA?$AA@ 00000001400157d0     libucrt:nlsdata.obj
 0002:000017d8       ??_C@_1BA@EFMEIEBA@?$AAJ?$AAa?$AAn?$AAu?$AAa?$AAr?$AAy?$AA?$AA@ 00000001400157d8     libucrt:nlsdata.obj
 0002:000017e8       ??_C@_1BC@JGDDFFAM@?$AAF?$AAe?$AAb?$AAr?$AAu?$AAa?$AAr?$AAy?$AA?$AA@ 00000001400157e8     libucrt:nlsdata.obj
 0002:00001800       ??_C@_1M@IKEENEDF@?$AAM?$AAa?$AAr?$AAc?$AAh?$AA?$AA@ 0000000140015800     libucrt:nlsdata.obj
 0002:00001810       ??_C@_1M@GJNLMHFD@?$AAA?$AAp?$AAr?$AAi?$AAl?$AA?$AA@ 0000000140015810     libucrt:nlsdata.obj
 0002:00001820       ??_C@_19EPFLPGAP@?$AAJ?$AAu?$AAn?$AAe?$AA?$AA@ 0000000140015820     libucrt:nlsdata.obj
 0002:00001830       ??_C@_19BIFMLPCD@?$AAJ?$AAu?$AAl?$AAy?$AA?$AA@ 0000000140015830     libucrt:nlsdata.obj
 0002:00001840       ??_C@_1O@PAHLKOAC@?$AAA?$AAu?$AAg?$AAu?$AAs?$AAt?$AA?$AA@ 0000000140015840     libucrt:nlsdata.obj
 0002:00001850       ??_C@_1BE@DKAAMBJL@?$AAS?$AAe?$AAp?$AAt?$AAe?$AAm?$AAb?$AAe?$AAr?$AA?$AA@ 0000000140015850     libucrt:nlsdata.obj
 0002:00001868       ??_C@_1BA@EPANDLNG@?$AAO?$AAc?$AAt?$AAo?$AAb?$AAe?$AAr?$AA?$AA@ 0000000140015868     libucrt:nlsdata.obj
 0002:00001878       ??_C@_1BC@BGLIFPF@?$AAN?$AAo?$AAv?$AAe?$AAm?$AAb?$AAe?$AAr?$AA?$AA@ 0000000140015878     libucrt:nlsdata.obj
 0002:00001890       ??_C@_1BC@FEMKIFH@?$AAD?$AAe?$AAc?$AAe?$AAm?$AAb?$AAe?$AAr?$AA?$AA@ 0000000140015890     libucrt:nlsdata.obj
 0002:000018a4       ??_C@_15ODEHAHHF@?$AAA?$AAM?$AA?$AA@ 00000001400158a4     libucrt:nlsdata.obj
 0002:000018ac       ??_C@_15CLMNNGEL@?$AAP?$AAM?$AA?$AA@ 00000001400158ac     libucrt:nlsdata.obj
 0002:000018b8       ??_C@_1BC@IEBCMHCM@?$AAM?$AAM?$AA?1?$AAd?$AAd?$AA?1?$AAy?$AAy?$AA?$AA@ 00000001400158b8     libucrt:nlsdata.obj
 0002:000018d0       ??_C@_1CI@KNAKOEBC@?$AAd?$AAd?$AAd?$AAd?$AA?0?$AA?5?$AAM?$AAM?$AAM?$AAM?$AA?5?$AAd?$AAd?$AA?0?$AA?5?$AAy?$AAy?$AAy?$AAy?$AA?$AA@ 00000001400158d0     libucrt:nlsdata.obj
 0002:000018f8       ??_C@_1BC@GDGBMEMK@?$AAH?$AAH?$AA?3?$AAm?$AAm?$AA?3?$AAs?$AAs?$AA?$AA@ 00000001400158f8     libucrt:nlsdata.obj
 0002:00001910       ??_C@_1M@BMHNFIME@?$AAe?$AAn?$AA?9?$AAU?$AAS?$AA?$AA@ 0000000140015910     libucrt:nlsdata.obj
 0002:00001920       __Lcosfarray               0000000140015920     libucrt:lsincosf_array.obj
 0002:00001950       __Lsinfarray               0000000140015950     libucrt:lsincosf_array.obj
 0002:00001970       __L_2_by_pi_bits           0000000140015970     libucrt:l2_by_pi_bits.obj
 0002:00001ac0       ??_C@_04LAGPAAHP@sinf?$AA@ 0000000140015ac0     libucrt:sincos_special.obj
 0002:00001ae8       ??_C@_1M@HPNHIDJI@?$AAj?$AAa?$AA?9?$AAJ?$AAP?$AA?$AA@ 0000000140015ae8     libucrt:mbctype.obj
 0002:00001af8       ??_C@_1M@BIBDDEMK@?$AAz?$AAh?$AA?9?$AAC?$AAN?$AA?$AA@ 0000000140015af8     libucrt:mbctype.obj
 0002:00001b08       ??_C@_1M@JLOOOEGK@?$AAk?$AAo?$AA?9?$AAK?$AAR?$AA?$AA@ 0000000140015b08     libucrt:mbctype.obj
 0002:00001b18       ??_C@_1M@CLNBBOPM@?$AAz?$AAh?$AA?9?$AAT?$AAW?$AA?$AA@ 0000000140015b18     libucrt:mbctype.obj
 0002:00001b30       __newctype                 0000000140015b30     libucrt:ctype.obj
 0002:00001e30       __newclmap                 0000000140015e30     libucrt:ctype.obj
 0002:00001fb0       __newcumap                 0000000140015fb0     libucrt:ctype.obj
 0002:00002130       ??_C@_15PJPFLCCM@?$AAu?$AAk?$AA?$AA@ 0000000140016130     libucrt:get_qualified_locale.obj
[...]
 0004:0000090c       $pdata$?initialize_inherited_file_handles_nolock@@YAXXZ 000000014002290c     libucrt:ioinit.obj
 0004:00000918       $pdata$?initialize_stdio_handles_nolock@@YAXXZ 0000000140022918     libucrt:ioinit.obj
 0004:00000924       $pdata$__acrt_initialize_lowio 0000000140022924     libucrt:ioinit.obj
 0004:00000930       $pdata$__acrt_uninitialize_lowio 0000000140022930     libucrt:ioinit.obj
 0004:0000093c       $pdata$__acrt_initialize_fma3 000000014002293c     libucrt:fma3_available.obj
 0004:00000954       $pdata$_sincosf_special    0000000140022954     libucrt:sincos_special.obj
 0004:00000960       $pdata$??$common_expand_argv_wildcards@D@@YAHQEAPEADQEAPEAPEAD@Z 0000000140022960     libucrt:argv_wildcards.obj
 0004:0000096c       $pdata$??$copy_and_add_argument_to_buffer@D@@YAHQEBD0_KAEAV?$argument_list@D@?A0x1958b273@@@Z 000000014002296c     libucrt:argv_wildcards.obj
 0004:00000978       $pdata$??$expand_argument_wildcards@D@@YAHQEAD0AEAV?$argument_list@D@?A0x1958b273@@@Z 0000000140022978     libucrt:argv_wildcards.obj
 0004:00000984       $pdata$?expand_if_necessary@?$argument_list@D@?A0x1958b273@@AEAAHXZ 0000000140022984     libucrt:argv_wildcards.obj
 0004:00000990       $pdata$??$?RV<lambda_99476a1ad63dd22509b5d3e65b0ffc95>@@AEAV<lambda_ad1ced32f4ac17aa236e5ef05d6b3b7c>@@V<lambda_f7424dd8d45958661754dc4f2697e9c3>@@@?$__crt_seh_guarded_call@X@@QEAAX$$QEAV<lambda_99476a1ad63dd22509b5d3e65b0ffc95>@@AEAV<lambda_ad1ced32f4ac17aa236e5ef05d6b3b7c>@@$$QEAV<lambda_f7424dd8d45958661754dc4f2697e9c3>@@@Z 0000000140022990     libucrt:mbctype.obj
 0004:0000099c       $pdata$??R<lambda_ad1ced32f4ac17aa236e5ef05d6b3b7c>@@QEBAXXZ 000000014002299c     libucrt:mbctype.obj
 0004:000009a8       $pdata$?getSystemCP@@YAHH@Z 00000001400229a8     libucrt:mbctype.obj
 0004:000009b4       $pdata$?setSBCS@@YAXPEAU__crt_multibyte_data@@@Z 00000001400229b4     libucrt:mbctype.obj
 0004:000009c0       $pdata$?setSBUpLow@@YAXPEAU__crt_multibyte_data@@@Z 00000001400229c0     libucrt:mbctype.obj
 0004:000009cc       $pdata$?setmbcp_internal@@YAHH_N@Z 00000001400229cc     libucrt:mbctype.obj
 0004:000009d8       $pdata$__acrt_initialize_multibyte 00000001400229d8     libucrt:mbctype.obj
 0004:000009e4       $pdata$__acrt_update_thread_multibyte_data 00000001400229e4     libucrt:mbctype.obj
 0004:000009f0       $pdata$_setmbcp_nolock     00000001400229f0     libucrt:mbctype.obj
 0004:000009fc       $pdata$?x_ismbbtype_l@@YAHPEAU__crt_locale_pointers@@IHH@Z 00000001400229fc     libucrt:ismbbyte.obj
 0004:00000a08       $pdata$__acrt_initialize_command_line 0000000140022a08     libucrt:argv_data.obj
 0004:00000a14       $pdata$__dcrt_get_narrow_environment_from_os 0000000140022a14     libucrt:get_environment_from_os.obj
 0004:00000a20       $pdata$__acrt_initialize_locks 0000000140022a20     libucrt:locks.obj
 0004:00000a2c       $pdata$__acrt_uninitialize_locks 0000000140022a2c     libucrt:locks.obj
 0004:00000a38       $pdata$__acrt_lowio_create_handle_array 0000000140022a38     libucrt:osfinfo.obj
 0004:00000a44       $pdata$__acrt_lowio_destroy_handle_array 0000000140022a44     libucrt:osfinfo.obj
 0004:00000a50       $pdata$__acrt_lowio_ensure_fh_exists 0000000140022a50     libucrt:osfinfo.obj
 0004:00000a5c       $pdata$_free_osfhnd        0000000140022a5c     libucrt:osfinfo.obj
 0004:00000a68       $pdata$_get_osfhandle      0000000140022a68     libucrt:osfinfo.obj
 0004:00000a74       $pdata$__pctype_func       0000000140022a74     libucrt:ctype.obj
 0004:00000a80       $pdata$__acrt_locale_free_monetary 0000000140022a80     libucrt:initmon.obj
 0004:00000a8c       $pdata$__acrt_locale_free_numeric 0000000140022a8c     libucrt:initnum.obj
 0004:00000a98       $pdata$??$free_crt_array@D$0M@@@YAXAEAY0M@PEAD@Z 0000000140022a98     libucrt:inittime.obj
 0004:00000a98       $pdata$??$free_crt_array@_W$0M@@@YAXAEAY0M@PEA_W@Z 0000000140022a98     libucrt:inittime.obj
 0004:00000aa4       $pdata$??$free_crt_array@_W$06@@YAXAEAY06PEA_W@Z 0000000140022aa4     libucrt:inittime.obj
 0004:00000aa4       $pdata$??$free_crt_array@D$06@@YAXAEAY06PEAD@Z 0000000140022aa4     libucrt:inittime.obj
 0004:00000ab0       $pdata$__acrt_locale_free_time 0000000140022ab0     libucrt:inittime.obj
 0004:00000abc       $pdata$__acrt_GetStringTypeA 0000000140022abc     libucrt:getstringtypea.obj
 0004:00000ac8       $pdata$__acrt_free_locale  0000000140022ac8     libucrt:locale_refcounting.obj
 0004:00000ad4       $pdata$__acrt_update_thread_locale_data 0000000140022ad4     libucrt:locale_refcounting.obj
 0004:00000ae0       $pdata$_updatetlocinfoEx_nolock 0000000140022ae0     libucrt:locale_refcounting.obj
 0004:00000aec       $pdata$?try_get_function@@YAPEAXW4function_id@?A0x7f18c2ae@@QEBDQEBW4module_id@2@2@Z 0000000140022aec     libucrt:winapi_thunks.obj
 0004:00000af8       $pdata$__acrt_FlsAlloc     0000000140022af8     libucrt:winapi_thunks.obj
 0004:00000b04       $pdata$__acrt_FlsFree      0000000140022b04     libucrt:winapi_thunks.obj
 0004:00000b10       $pdata$__acrt_FlsGetValue  0000000140022b10     libucrt:winapi_thunks.obj
 0004:00000b1c       $pdata$__acrt_FlsSetValue  0000000140022b1c     libucrt:winapi_thunks.obj
 0004:00000b28       $pdata$__acrt_InitializeCriticalSectionEx 0000000140022b28     libucrt:winapi_thunks.obj
 0004:00000b34       $pdata$__acrt_LCMapStringEx 0000000140022b34     libucrt:winapi_thunks.obj
 0004:00000b40       $pdata$__acrt_LocaleNameToLCID 0000000140022b40     libucrt:winapi_thunks.obj
 0004:00000b4c       $pdata$__acrt_initialize_winapi_thunks 0000000140022b4c     libucrt:winapi_thunks.obj
 0004:00000b58       $pdata$__acrt_uninitialize_winapi_thunks 0000000140022b58     libucrt:winapi_thunks.obj
 0004:00000b64       $pdata$_recalloc_base      0000000140022b64     libucrt:recalloc.obj
 0004:00000b70       $pdata$__acrt_initialize_heap 0000000140022b70     libucrt:heap_handle.obj
 0004:00000b7c       $pdata$__acrt_execute_initializers 0000000140022b7c     libucrt:shared_initialization.obj
 0004:00000b88       $pdata$__acrt_execute_uninitializers 0000000140022b88     libucrt:shared_initialization.obj
 0004:00000b94       $pdata$_callnewh           0000000140022b94     libucrt:new_handler.obj
 0004:00000ba0       $pdata$_query_new_handler  0000000140022ba0     libucrt:new_handler.obj
 0004:00000bac       $pdata$??$?RV<lambda_c36588078e9f5dfd39652860aa6b3aaf>@@AEAV<lambda_ec61778202f4f5fc7e7711acc23c3bca>@@V<lambda_dc9d2797ccde5d239b4a0efae8ebd7db>@@@?$__crt_seh_guarded_call@P6AXH@Z@@QEAAP6AXH@Z$$QEAV<lambda_c36588078e9f5dfd39652860aa6b3aaf>@@AEAV<lambda_ec61778202f4f5fc7e7711acc23c3bca>@@$$QEAV<lambda_dc9d2797ccde5d239b4a0efae8ebd7db>@@@Z 0000000140022bac     libucrt:signal.obj
 0004:00000bb8       $pdata$__acrt_get_sigabrt_handler 0000000140022bb8     libucrt:signal.obj
 0004:00000bc4       $pdata$raise               0000000140022bc4     libucrt:signal.obj
 0004:00000bd0       $pdata$_isctype_l          0000000140022bd0     libucrt:isctype.obj
 0004:00000bdc       $pdata$_isleadbyte_l       0000000140022bdc     libucrt:_wctype.obj
 0004:00000be8       $pdata$?__acrt_LCMapStringA_stat@@YAHPEAU__crt_locale_pointers@@PEB_WKPEBDHPEADHHH@Z 0000000140022be8     libucrt:lcmapstringa.obj
 0004:00000bf4       $pdata$__acrt_LCMapStringA 0000000140022bf4     libucrt:lcmapstringa.obj
 0004:00000c00       $pdata$__acrt_fp_strflt_to_string 0000000140022c00     libucrt:_fptostr.obj
 0004:00000c0c       $pdata$?divide@__crt_strtox@@YA_KAEAUbig_integer@1@AEBU21@@Z 0000000140022c0c     libucrt:cfout.obj
 0004:00000c18       $pdata$5$?divide@__crt_strtox@@YA_KAEAUbig_integer@1@AEBU21@@Z 0000000140022c18     libucrt:cfout.obj
 0004:00000c24       $pdata$6$?divide@__crt_strtox@@YA_KAEAUbig_integer@1@AEBU21@@Z 0000000140022c24     libucrt:cfout.obj
 0004:00000c30       $pdata$__acrt_fltout       0000000140022c30     libucrt:cfout.obj
 0004:00000c3c       $pdata$2$__acrt_fltout     0000000140022c3c     libucrt:cfout.obj
 0004:00000c48       $pdata$3$__acrt_fltout     0000000140022c48     libucrt:cfout.obj
 0004:00000c54       $pdata$memcpy_s            0000000140022c54     libucrt:cfout.obj
 0004:00000c60       $pdata$_fcloseall          0000000140022c60     libucrt:closeall.obj
 0004:00000c6c       $pdata$__acrt_stdio_flush_nolock 0000000140022c6c     libucrt:fflush.obj
 0004:00000c78       $pdata$_fflush_nolock      0000000140022c78     libucrt:fflush.obj
 0004:00000c84       $pdata$common_flush_all    0000000140022c84     libucrt:fflush.obj
 0004:00000c90       $pdata$__acrt_stdio_free_buffer_nolock 0000000140022c90     libucrt:_freebuf.obj
 0004:00000c9c       $pdata$_isatty             0000000140022c9c     libucrt:isatty.obj
 0004:00000ca8       $pdata$_call_matherr       0000000140022ca8     libucrt:libm_error.obj
 0004:00000cb4       $pdata$_exception_enabled  0000000140022cb4     libucrt:libm_error.obj
 0004:00000cc0       $pdata$_handle_error       0000000140022cc0     libucrt:libm_error.obj
 0004:00000ccc       $pdata$_handle_errorf      0000000140022ccc     libucrt:libm_error.obj
 0004:00000cd8       $pdata$?shortsort@@YAXPEAD0_KP6AHPEBX2@Z@Z 0000000140022cd8     libucrt:qsort.obj
 0004:00000ce4       $pdata$2$?shortsort@@YAXPEAD0_KP6AHPEBX2@Z@Z 0000000140022ce4     libucrt:qsort.obj
 0004:00000cf0       $pdata$3$?shortsort@@YAXPEAD0_KP6AHPEBX2@Z@Z 0000000140022cf0     libucrt:qsort.obj
 0004:00000cfc       $pdata$qsort               0000000140022cfc     libucrt:qsort.obj
 0004:00000d08       $pdata$4$qsort             0000000140022d08     libucrt:qsort.obj
 0004:00000d14       $pdata$5$qsort             0000000140022d14     libucrt:qsort.obj
 0004:00000d20       $pdata$strncpy_s           0000000140022d20     libucrt:strncpy_s.obj
 0004:00000d2c       $pdata$strpbrk             0000000140022d2c     libucrt:strpbrk.obj
 0004:00000d38       $pdata$_mbsdec_l           0000000140022d38     libucrt:mbsdec.obj
 0004:00000d44       $pdata$?initialize_multibyte@@YAHXZ 0000000140022d44     libucrt:multibyte_initializer.obj
 0004:00000d50       $pdata$?GetTableIndexFromLocaleName@@YAHPEB_W@Z 0000000140022d50     libucrt:lcidtoname_downlevel.obj
 0004:00000d5c       $pdata$__acrt_DownlevelLocaleNameToLCID 0000000140022d5c     libucrt:lcidtoname_downlevel.obj
 0004:00000d68       $pdata$_msize              0000000140022d68     libucrt:msize.obj
 0004:00000d74       $pdata$_realloc_base       0000000140022d74     libucrt:realloc_base.obj
 0004:00000d80       $pdata$fegetenv            0000000140022d80     libucrt:fegetenv.obj
 0004:00000d8c       $pdata$fesetenv            0000000140022d8c     libucrt:fesetenv.obj
 0004:00000d98       $pdata$feholdexcept        0000000140022d98     libucrt:feholdexcept.obj
 0004:00000db0       $pdata$?write_double_translated_ansi_nolock@@YA?AUwrite_result@?A0xab17fd16@@HQEBDI@Z 0000000140022db0     libucrt:write.obj
 0004:00000dbc       $pdata$?write_text_ansi_nolock@@YA?AUwrite_result@?A0xab17fd16@@HQEBDI@Z 0000000140022dbc     libucrt:write.obj
 0004:00000dc8       $pdata$?write_text_utf16le_nolock@@YA?AUwrite_result@?A0xab17fd16@@HQEBDI@Z 0000000140022dc8     libucrt:write.obj
 0004:00000dd4       $pdata$?write_text_utf8_nolock@@YA?AUwrite_result@?A0xab17fd16@@HQEBDI@Z 0000000140022dd4     libucrt:write.obj
 0004:00000de0       $pdata$_write              0000000140022de0     libucrt:write.obj
 0004:00000dec       $pdata$_write_nolock       0000000140022dec     libucrt:write.obj
 0004:00000df8       $pdata$??$common_lseek_nolock@_J@@YA_JH_JH@Z 0000000140022df8     libucrt:lseek.obj
 0004:00000e04       $pdata$_fclose_nolock      0000000140022e04     libucrt:fclose.obj
 0004:00000e10       $pdata$fclose              0000000140022e10     libucrt:fclose.obj
 0004:00000e1c       $pdata$??$?RV<lambda_b521505b218e5242e90febf6bfebc422>@@AEAV<lambda_6978c1fb23f02e42e1d9e99668cc68aa>@@V<lambda_314360699dd331753a4119843814e9a7>@@@?$__crt_seh_guarded_call@H@@QEAAH$$QEAV<lambda_b521505b218e5242e90febf6bfebc422>@@AEAV<lambda_6978c1fb23f02e42e1d9e99668cc68aa>@@$$QEAV<lambda_314360699dd331753a4119843814e9a7>@@@Z 0000000140022e1c     libucrt:commit.obj
 0004:00000e28       $pdata$_commit             0000000140022e28     libucrt:commit.obj
 0004:00000e34       $pdata$_raise_exc          0000000140022e34     libucrt:fpexcept.obj
 0004:00000e40       $pdata$_raise_exc_ex       0000000140022e40     libucrt:fpexcept.obj
 0004:00000e4c       $pdata$_raise_excf         0000000140022e4c     libucrt:fpexcept.obj
 0004:00000e58       $pdata$_set_errno_from_matherr 0000000140022e58     libucrt:fpexcept.obj
 0004:00000e64       $pdata$_clrfp              0000000140022e64     libucrt:fpctrl.obj
 0004:00000e70       $pdata$_ctrlfp             0000000140022e70     libucrt:fpctrl.obj
 0004:00000e7c       $pdata$_set_statfp         0000000140022e7c     libucrt:fpctrl.obj
 0004:00000e88       $pdata$_statfp             0000000140022e88     libucrt:fpctrl.obj
 0004:00000e94       $pdata$_getfpcontrolword   0000000140022e94     libucrt:_fenvutils.obj
 0004:00000ea0       $pdata$_getfpstatusword    0000000140022ea0     libucrt:_fenvutils.obj
 0004:00000eac       $pdata$_setfpstatusword    0000000140022eac     libucrt:_fenvutils.obj
 0004:00000eb8       $pdata$_clearfp            0000000140022eb8     libucrt:ieee.obj
 0004:00000ec4       $pdata$common_control87    0000000140022ec4     libucrt:ieee.obj
 0004:00000ed0       $pdata$_log10_special      0000000140022ed0     libucrt:log_special.obj
 0004:00000edc       $pdata$_log_special_common 0000000140022edc     libucrt:log_special.obj
 0004:00000ee8       $pdata$_putwch_nolock      0000000140022ee8     libucrt:putwch.obj
 0004:00000ef4       $pdata$??$?RV<lambda_bfedae4ebbf01fab1bb6dcc6a9e276e0>@@AEAV<lambda_2fe9b910cf3cbf4a0ab98a02ba45b3ec>@@V<lambda_237c231691f317818eb88cc1d5d642d6>@@@?$__crt_seh_guarded_call@H@@QEAAH$$QEAV<lambda_bfedae4ebbf01fab1bb6dcc6a9e276e0>@@AEAV<lambda_2fe9b910cf3cbf4a0ab98a02ba45b3ec>@@$$QEAV<lambda_237c231691f317818eb88cc1d5d642d6>@@@Z 0000000140022ef4     libucrt:close.obj
 0004:00000f00       $pdata$_close              0000000140022f00     libucrt:close.obj
 0004:00000f0c       $pdata$_close_nolock       0000000140022f0c     libucrt:close.obj
 0004:00000f24       $pdata$__dcrt_lowio_initialize_console_output 0000000140022f24     libucrt:initcon.obj
 0004:00000f30       $pdata$__dcrt_terminate_console_output 0000000140022f30     libucrt:initcon.obj
 0004:00000f3c       $pdata$_IsNonwritableInCurrentImage 0000000140022f3c     LIBCMT:pesect.obj
 0004:00000f6c       $pdata$strrchr             0000000140022f6c     libvcruntime:strrchr.obj
 0004:00000f84       $pdata$?filt$0@?0??__scrt_common_main_seh@@YAHXZ@4HA 0000000140022f84     LIBCMT:exe_winmain.obj
 0004:00000f90       $pdata$__scrt_is_nonwritable_in_current_image$filt$0 0000000140022f90     LIBCMT:utility.obj
 0004:00000f9c       $pdata$?filt$0@?0??common_exit@@YAXHW4_crt_exit_cleanup_mode@@W4_crt_exit_return_mode@@@Z@4HA 0000000140022f9c     libucrt:exit.obj
 0004:00000fa8       $pdata$?fin$1@?0??common_exit@@YAXHW4_crt_exit_cleanup_mode@@W4_crt_exit_return_mode@@@Z@4HA 0000000140022fa8     libucrt:exit.obj
 0004:00000fb4       $pdata$?fin$0@?0??common_onexit@@YAP6AHXZQEAU_onexit_table_t@@Q6AHXZ@Z@4HA 0000000140022fb4     libucrt:onexit.obj
 0004:00000fc0       $pdata$__acrt_update_thread_multibyte_data$fin$0 0000000140022fc0     libucrt:mbctype.obj
 0004:00000fcc       $pdata$__acrt_lowio_ensure_fh_exists$fin$0 0000000140022fcc     libucrt:osfinfo.obj
 0004:00000fcc       $pdata$__acrt_initialize_lowio$fin$0 0000000140022fcc     libucrt:osfinfo.obj
 0004:00000fd8       $pdata$__acrt_update_thread_locale_data$fin$0 0000000140022fd8     libucrt:locale_refcounting.obj
 0004:00000fd8       $pdata$__acrt_uninitialize_locale$fin$0 0000000140022fd8     libucrt:locale_refcounting.obj
 0004:00000fe4       $pdata$_query_new_handler$fin$0 0000000140022fe4     libucrt:new_handler.obj
 0004:00000ff0       $pdata$?fin$0@?0???$?RV<lambda_99476a1ad63dd22509b5d3e65b0ffc95>@@AEAV<lambda_ad1ced32f4ac17aa236e5ef05d6b3b7c>@@V<lambda_f7424dd8d45958661754dc4f2697e9c3>@@@?$__crt_seh_guarded_call@X@@QEAAX$$QEAV<lambda_99476a1ad63dd22509b5d3e65b0ffc95>@@AEAV<lambda_ad1ced32f4ac17aa236e5ef05d6b3b7c>@@$$QEAV<lambda_f7424dd8d45958661754dc4f2697e9c3>@@@Z@4HA 0000000140022ff0     libucrt:signal.obj
 0004:00000ff0       $pdata$?fin$0@?0???$?RV<lambda_5e887d1dcbef67a5eb4283622ba103bf>@@AEAV<lambda_4466841279450cc726390878d4a41900>@@V<lambda_341c25c0346d94847f1f3c463c57e077>@@@?$__crt_seh_guarded_call@X@@QEAAX$$QEAV<lambda_5e887d1dcbef67a5eb4283622ba103bf>@@AEAV<lambda_4466841279450cc726390878d4a41900>@@$$QEAV<lambda_341c25c0346d94847f1f3c463c57e077>@@@Z@4HA 0000000140022ff0     libucrt:signal.obj
 0004:00000ff0       $pdata$?fin$0@?0???$?RV<lambda_46352004c1216016012b18bd6f87e700>@@AEAV<lambda_3bd07e1a1191394380780325891bf33f>@@V<lambda_334532d3f185bcaa59b5be82d7d22bff>@@@?$__crt_seh_guarded_call@X@@QEAAX$$QEAV<lambda_46352004c1216016012b18bd6f87e700>@@AEAV<lambda_3bd07e1a1191394380780325891bf33f>@@$$QEAV<lambda_334532d3f185bcaa59b5be82d7d22bff>@@@Z@4HA 0000000140022ff0     libucrt:signal.obj
 0004:00000ff0       $pdata$?fin$0@?0???$?RV<lambda_fb3a7dec4e47f37f22dae91bb15c9095>@@AEAV<lambda_698284760c8add0bfb0756c19673e34b>@@V<lambda_dfb8eca1e75fef3034a8fb18dd509707>@@@?$__crt_seh_guarded_call@X@@QEAAX$$QEAV<lambda_fb3a7dec4e47f37f22dae91bb15c9095>@@AEAV<lambda_698284760c8add0bfb0756c19673e34b>@@$$QEAV<lambda_dfb8eca1e75fef3034a8fb18dd509707>@@@Z@4HA 0000000140022ff0     libucrt:signal.obj
 0004:00000ff0       $pdata$?fin$0@?0???$?RV<lambda_72d1df2b273a38828b1ce30cbf4cdab5>@@AEAV<lambda_876a65b173b8412d3a47c70a915b0cf4>@@V<lambda_41932305e351933ebe8f8be3ed8bb5dc>@@@?$__crt_seh_guarded_call@X@@QEAAX$$QEAV<lambda_72d1df2b273a38828b1ce30cbf4cdab5>@@AEAV<lambda_876a65b173b8412d3a47c70a915b0cf4>@@$$QEAV<lambda_41932305e351933ebe8f8be3ed8bb5dc>@@@Z@4HA 0000000140022ff0     libucrt:signal.obj
 0004:00000ff0       $pdata$?fin$0@?0???$?RV<lambda_c36588078e9f5dfd39652860aa6b3aaf>@@AEAV<lambda_ec61778202f4f5fc7e7711acc23c3bca>@@V<lambda_dc9d2797ccde5d239b4a0efae8ebd7db>@@@?$__crt_seh_guarded_call@P6AXH@Z@@QEAAP6AXH@Z$$QEAV<lambda_c36588078e9f5dfd39652860aa6b3aaf>@@AEAV<lambda_ec61778202f4f5fc7e7711acc23c3bca>@@$$QEAV<lambda_dc9d2797ccde5d239b4a0efae8ebd7db>@@@Z@4HA 0000000140022ff0     libucrt:signal.obj
 0004:00000ffc       $pdata$raise$fin$0         0000000140022ffc     libucrt:signal.obj
 0004:00001008       $pdata$_fcloseall$fin$0    0000000140023008     libucrt:closeall.obj
 0004:00001014       $pdata$common_flush_all$fin$0 0000000140023014     libucrt:fflush.obj
 0004:00001020       $pdata$common_flush_all$fin$1 0000000140023020     libucrt:fflush.obj
 0004:0000102c       $pdata$_write$fin$0        000000014002302c     libucrt:write.obj
 0004:00001038       $pdata$fclose$fin$0        0000000140023038     libucrt:fclose.obj
 0004:00001044       $pdata$?fin$0@?0???$?RV<lambda_b521505b218e5242e90febf6bfebc422>@@AEAV<lambda_6978c1fb23f02e42e1d9e99668cc68aa>@@V<lambda_314360699dd331753a4119843814e9a7>@@@?$__crt_seh_guarded_call@H@@QEAAH$$QEAV<lambda_b521505b218e5242e90febf6bfebc422>@@AEAV<lambda_6978c1fb23f02e42e1d9e99668cc68aa>@@$$QEAV<lambda_314360699dd331753a4119843814e9a7>@@@Z@4HA 0000000140023044     libucrt:commit.obj
 0004:00001044       $pdata$?fin$0@?0???$?RV<lambda_bfedae4ebbf01fab1bb6dcc6a9e276e0>@@AEAV<lambda_2fe9b910cf3cbf4a0ab98a02ba45b3ec>@@V<lambda_237c231691f317818eb88cc1d5d642d6>@@@?$__crt_seh_guarded_call@H@@QEAAH$$QEAV<lambda_bfedae4ebbf01fab1bb6dcc6a9e276e0>@@AEAV<lambda_2fe9b910cf3cbf4a0ab98a02ba45b3ec>@@$$QEAV<lambda_237c231691f317818eb88cc1d5d642d6>@@@Z@4HA 0000000140023044     libucrt:commit.obj
 0004:00001050       $pdata$common_control87$filt$0 0000000140023050     libucrt:fpctrl.obj
 0004:00001050       $pdata$_ctrlfp$filt$0      0000000140023050     libucrt:fpctrl.obj
 0004:0000105c       $pdata$_IsNonwritableInCurrentImage$filt$0 000000014002305c     LIBCMT:pesect.obj
