 win32_handmade

 Timestamp is 565698c7 (Wed Nov 25 21:29:43 2015)

 Preferred load address is 0000000140000000

 Start         Length     Name                   Class
 0001:00000000 000001dbH .text                   CODE
 0001:000001e0 0001252cH .text$mn                CODE
 0001:00012710 00000012H .text$mn$00             CODE
 0001:00012730 00000210H .text$x                 CODE
 0002:00000000 00000310H .idata$5                DATA
 0002:00000310 00000010H .00cfg                  DATA
 0002:00000320 00000008H .CRT$XCA                DATA
 0002:00000328 00000008H .CRT$XCAA               DATA
 0002:00000330 00000008H .CRT$XCZ                DATA
 0002:00000338 00000008H .CRT$XIA                DATA
 0002:00000340 00000008H .CRT$XIAA               DATA
 0002:00000348 00000008H .CRT$XIAC               DATA
 0002:00000350 00000018H .CRT$XIC                DATA
 0002:00000368 00000008H .CRT$XIZ                DATA
 0002:00000370 00000008H .CRT$XPA                DATA
 0002:00000378 00000010H .CRT$XPX                DATA
 0002:00000388 00000008H .CRT$XPXA               DATA
 0002:00000390 00000008H .CRT$XPZ                DATA
 0002:00000398 00000008H .CRT$XTA                DATA
 0002:000003a0 00000008H .CRT$XTZ                DATA
 0002:000003a8 00000000H .gfids$x                DATA
 0002:000003b0 00007d54H .rdata                  DATA
 0002:00008108 00000000H .rdata$r                DATA
 0002:00008108 00000010H .rdata$zETW0            DATA
 0002:00008118 00000077H .rdata$zETW1            DATA
 0002:0000818f 0000002cH .rdata$zETW2            DATA
 0002:000081bb 00000001H .rdata$zETW9            DATA
 0002:000081bc 00000344H .rdata$zzzdbg           DATA
 0002:00008500 00000008H .rtc$IAA                DATA
 0002:00008508 00000008H .rtc$IZZ                DATA
 0002:00008510 00000008H .rtc$TAA                DATA
 0002:00008518 00000008H .rtc$TZZ                DATA
 0002:00008520 00000d4cH .xdata                  DATA
 0002:0000926c 00000000H .edata                  DATA
 0002:0000926c 00000064H .idata$2                DATA
 0002:000092d0 00000014H .idata$3                DATA
 0002:000092e8 00000310H .idata$4                DATA
 0002:000095f8 000006d0H .idata$6                DATA
 0003:00000000 00000940H .data                   DATA
 0003:00000940 00000000H .data$r                 DATA
 0003:00000940 00001218H .bss                    DATA
 0004:00000000 00001080H .pdata                  DATA

  Address         Publics by Value              Rva+Base               Lib:Object

 0000:00000000       __guard_fids_count         0000000000000000     <absolute>
 0000:00000000       ___safe_se_handler_count   0000000000000000     <absolute>
 0000:00000000       ___safe_se_handler_table   0000000000000000     <absolute>
 0000:00000000       __guard_fids_table         0000000000000000     <absolute>
 0000:00000100       __guard_flags              0000000000000100     <absolute>
 0000:00000000       __ImageBase                0000000140000000     <linker-defined>
 0001:00000000       ?TraceLoggingRegister@__vcrt_trace_logging_provider@@YAJPEBU_TlgProvider_t@1@PEBU_GUID@@P6AX1KE_K2PEAU_EVENT_FILTER_DESCRIPTOR@@PEAX@Z4@Z 0000000140001000 f i libvcruntime:telemetry.obj
 0001:0000007c       ?_TlgEnableCallback@__vcrt_trace_logging_provider@@YAXPEBU_GUID@@KE_K1PEAU_EVENT_FILTER_DESCRIPTOR@@PEAX@Z 000000014000107c f i libvcruntime:telemetry.obj
 0001:00000140       ?_TlgWrite@__vcrt_trace_logging_provider@@YAJPEBU_TlgProvider_t@1@PEFBXPEBU_GUID@@2IPEAU_EVENT_DATA_DESCRIPTOR@@@Z 0000000140001140 f i libvcruntime:telemetry.obj
 0001:000001e0       ?GameUpdateAndRenderStub@@YAXPEAUgame_memory@@PEAUgame_input@@PEAUgame_offscreen_buffer@@@Z 00000001400011e0 f   win32_handmade.obj
 0001:00000200       ?GameGetSoundSamplesStub@@YAXPEAUgame_memory@@PEAUgame_sound_output_buffer@@@Z 0000000140001200 f   win32_handmade.obj
 0001:00000220       WinMain                    0000000140001220 f   win32_handmade.obj
 0001:00001860       ?XInputGetStateStub@@YAKKPEAU_XINPUT_STATE@@@Z 0000000140002860 f   win32_handmade.obj
 0001:00001880       ?XInputSetStateStub@@YAKKPEAU_XINPUT_VIBRATION@@@Z 0000000140002880 f   win32_handmade.obj
 0001:000018a0       ?DEBUGPlatformFreeFileMemory@@YAXPEAX@Z 00000001400028a0 f   win32_handmade.obj
 0001:000018d0       ?DEBUGPlatformReadEntireFile@@YA?AUdebug_read_file_result@@PEAD@Z 00000001400028d0 f   win32_handmade.obj
 0001:00001a10       ?DEBUGPlatformWriteEntireFile@@YAHPEADIPEAX@Z 0000000140002a10 f   win32_handmade.obj
 0001:000034a0       ??$__vcrt_va_start_verify_argument_type@PEBD@@YAXXZ 00000001400044a0 f i win32_handmade.obj
 0001:000034a0       ??$__vcrt_va_start_verify_argument_type@QEBD@@YAXXZ 00000001400044a0 f i win32_handmade.obj
 0001:000034b0       ??$_snprintf_s@$0BAA@@@YAHAEAY0BAA@D_KPEBDZZ 00000001400044b0 f i win32_handmade.obj
 0001:00003500       ?GetController@@YAPEAUgame_controller_input@@PEAUgame_input@@H@Z 0000000140004500 f i win32_handmade.obj
 0001:00003540       ?SafeTruncateUInt64@@YAI_K@Z 0000000140004540 f i win32_handmade.obj
 0001:00003570       ?Win32DrawSoundBufferMarker@@YAXPEAUwin32_offscreen_buffer@@PEAUwin32_sound_output@@MHHHKI@Z 0000000140004570 f i win32_handmade.obj
 0001:000035f0       ?Win32GetLastWriteTime@@YA?AU_FILETIME@@PEAD@Z 00000001400045f0 f i win32_handmade.obj
 0001:00003680       ?Win32GetSecondsElapsed@@YAMT_LARGE_INTEGER@@0@Z 0000000140004680 f i win32_handmade.obj
 0001:000036b0       ?Win32GetWallClock@@YA?AT_LARGE_INTEGER@@XZ 00000001400046b0 f i win32_handmade.obj
 0001:000036d0       __local_stdio_printf_options 00000001400046d0 f i win32_handmade.obj
 0001:000036e0       _vsnprintf_s               00000001400046e0 f i win32_handmade.obj
 0001:00003730       _vsnprintf_s_l             0000000140004730 f i win32_handmade.obj
 0001:000037b0       snprintf                   00000001400047b0 f i win32_handmade.obj
 0001:00003810       vsnprintf                  0000000140004810 f i win32_handmade.obj
 0001:00003884       __GSHandlerCheck           0000000140004884 f   LIBCMT:_gshandler_.obj
 0001:000038a4       __GSHandlerCheckCommon     00000001400048a4 f   LIBCMT:_gshandler_.obj
 0001:00003910       __chkstk                   0000000140004910 f   LIBCMT:_chkstk_.obj
 0001:00003910       _alloca_probe              0000000140004910 f   LIBCMT:_chkstk_.obj
 0001:00003980       __security_check_cookie    0000000140004980 f   LIBCMT:_amdsecgs_.obj
 0001:00003c00       WinMainCRTStartup          0000000140004c00 f   LIBCMT:exe_winmain.obj
 0001:00003c14       __raise_securityfailure    0000000140004c14 f   LIBCMT:gs_report.obj
 0001:00003c48       __report_gsfailure         0000000140004c48 f   LIBCMT:gs_report.obj
 0001:00003d1c       __report_rangecheckfailure 0000000140004d1c f   LIBCMT:gs_report.obj
 0001:00003d30       __report_securityfailure   0000000140004d30 f   LIBCMT:gs_report.obj
 0001:00003eb0       __scrt_acquire_startup_lock 0000000140004eb0 f   LIBCMT:utility.obj
 0001:00003eec       __scrt_initialize_crt      0000000140004eec f   LIBCMT:utility.obj
 0001:00003f38       __scrt_initialize_onexit_tables 0000000140004f38 f   LIBCMT:utility.obj
 0001:00004004       __scrt_is_nonwritable_in_current_image 0000000140005004 f   LIBCMT:utility.obj
 0001:000040a0       __scrt_release_startup_lock 00000001400050a0 f   LIBCMT:utility.obj
 0001:000040c4       __scrt_uninitialize_crt    00000001400050c4 f   LIBCMT:utility.obj
 0001:000040f0       _onexit                    00000001400050f0 f   LIBCMT:utility.obj
 0001:00004140       atexit                     0000000140005140 f   LIBCMT:utility.obj
 0001:00004158       __security_init_cookie     0000000140005158 f   LIBCMT:gs_support.obj
 0001:00004204       _get_startup_argv_mode     0000000140005204 f   LIBCMT:argv_mode.obj
 0001:0000420c       _get_startup_file_mode     000000014000520c f   LIBCMT:file_mode.obj
 0001:00004214       ?__scrt_initialize_type_info@@YAXXZ 0000000140005214 f   LIBCMT:tncleanup.obj
 0001:00004224       __local_stdio_scanf_options 0000000140005224 f i LIBCMT:default_local_stdio_options.obj
 0001:0000422c       __scrt_initialize_default_local_stdio_options 000000014000522c f   LIBCMT:default_local_stdio_options.obj
 0001:00004248       __scrt_is_user_matherr_present 0000000140005248 f   LIBCMT:matherr_detection.obj
 0001:00004254       __scrt_get_dyn_tls_init_callback 0000000140005254 f   LIBCMT:dyn_tls_init.obj
 0001:0000425c       __scrt_get_dyn_tls_dtor_callback 000000014000525c f   LIBCMT:dyn_tls_dtor.obj
 0001:00004264       __crt_debugger_hook        0000000140005264 f   LIBCMT:utility_desktop.obj
 0001:0000426c       __scrt_fastfail            000000014000526c f   LIBCMT:utility_desktop.obj
 0001:000043b4       __scrt_get_show_window_mode 00000001400053b4 f   LIBCMT:utility_desktop.obj
 0001:000043f4       _get_startup_commit_mode   00000001400053f4 f   LIBCMT:commit_mode.obj
 0001:000043f4       __scrt_initialize_winrt    00000001400053f4 f   LIBCMT:utility_desktop.obj
 0001:000043f4       _get_startup_thread_locale_mode 00000001400053f4 f   LIBCMT:thread_locale.obj
 0001:000043f4       _get_startup_new_mode      00000001400053f4 f   LIBCMT:new_mode.obj
 0001:000043f4       _matherr                   00000001400053f4 f   LIBCMT:matherr.obj
 0001:000043f8       __scrt_is_managed_app      00000001400053f8 f   LIBCMT:utility_desktop.obj
 0001:0000444c       __scrt_set_unhandled_exception_filter 000000014000544c f   LIBCMT:utility_desktop.obj
 0001:0000445c       __scrt_unhandled_exception_filter 000000014000545c f   LIBCMT:utility_desktop.obj
 0001:00004494       _RTC_Initialize            0000000140005494 f   LIBCMT:_initsect_.obj
 0001:000044e0       _RTC_Terminate             00000001400054e0 f   LIBCMT:_initsect_.obj
 0001:0000452c       _guard_check_icall         000000014000552c f i LIBCMT:checkcfg.obj
 0001:00004534       __isa_available_init       0000000140005534 f   LIBCMT:_cpu_disp_.obj
 0001:000046f8       __scrt_is_ucrt_dll_in_use  00000001400056f8 f   LIBCMT:ucrt_detection.obj
 0001:00004704       _initialize_denormal_control 0000000140005704 f i LIBCMT:denormal_control.obj
 0001:00004704       _guard_check_icall_nop     0000000140005704 f i LIBCMT:guard_support.obj
 0001:00004704       __except_validate_context_record 0000000140005704 f i libvcruntime:jbcxrval.obj
 0001:00004704       _initialize_invalid_parameter_handler 0000000140005704 f i LIBCMT:invalid_parameter_handler.obj
 0001:00004710       IsProcessorFeaturePresent  0000000140005710 f   kernel32:KERNEL32.dll
 0001:0000471c       __telemetry_main_invoke_trigger 000000014000571c f   libvcruntime:telemetry.obj
 0001:00004834       __telemetry_main_return_trigger 0000000140005834 f   libvcruntime:telemetry.obj
 0001:0000494c       __vcrt_initialize_telemetry_provider 000000014000594c f   libvcruntime:telemetry.obj
 0001:00004960       __vcrt_uninitialize_telemetry_provider 0000000140005960 f   libvcruntime:telemetry.obj
 0001:00004980       __C_specific_handler       0000000140005980 f   libvcruntime:_chandler_.obj
 0001:00004b70       __vcrt_initialize          0000000140005b70 f   libvcruntime:initialization.obj
 0001:00004ba8       __vcrt_uninitialize        0000000140005ba8 f   libvcruntime:initialization.obj
 0001:00004bf0       memset                     0000000140005bf0 f   libvcruntime:memset.obj
 0001:00004f58       __vcrt_EventRegister       0000000140005f58 f   libvcruntime:winapi_downlevel.obj
 0001:00004fdc       __vcrt_EventSetInformation 0000000140005fdc f   libvcruntime:winapi_downlevel.obj
 0001:00005060       __vcrt_EventUnregister     0000000140006060 f   libvcruntime:winapi_downlevel.obj
 0001:000050b4       __vcrt_EventWriteTransfer  00000001400060b4 f   libvcruntime:winapi_downlevel.obj
 0001:0000514c       __vcrt_FlsAlloc            000000014000614c f   libvcruntime:winapi_downlevel.obj
 0001:000051a0       __vcrt_FlsFree             00000001400061a0 f   libvcruntime:winapi_downlevel.obj
 0001:000051f4       __vcrt_FlsSetValue         00000001400061f4 f   libvcruntime:winapi_downlevel.obj
 0001:0000525c       __vcrt_InitializeCriticalSectionEx 000000014000625c f   libvcruntime:winapi_downlevel.obj
 0001:000052d4       __vcrt_initialize_winapi_thunks 00000001400062d4 f   libvcruntime:winapi_downlevel.obj
 0001:0000530c       __vcrt_uninitialize_winapi_thunks 000000014000630c f   libvcruntime:winapi_downlevel.obj
 0001:00005360       _local_unwind              0000000140006360 f   libvcruntime:_jmpuwind_.obj
 0001:00005390       _NLG_Notify                0000000140006390 f   libvcruntime:_jmpuwind_.obj
 0001:000053b0       __NLG_Dispatch2            00000001400063b0 f   libvcruntime:_jmpuwind_.obj
 0001:000053c0       __NLG_Return2              00000001400063c0 f   libvcruntime:_jmpuwind_.obj
 0001:000053c4       __vcrt_freefls             00000001400063c4 f   libvcruntime:per_thread_data.obj
 0001:000053e4       __vcrt_initialize_ptd      00000001400063e4 f   libvcruntime:per_thread_data.obj
 0001:00005424       __vcrt_uninitialize_ptd    0000000140006424 f   libvcruntime:per_thread_data.obj
 0001:00005448       __vcrt_initialize_locks    0000000140006448 f   libvcruntime:locks.obj
 0001:00005490       __vcrt_uninitialize_locks  0000000140006490 f   libvcruntime:locks.obj
 0001:000054c8       __vcrt_initialize_pure_virtual_call_handler 00000001400064c8 f   libvcruntime:purevirt_data.obj
 0001:00005694       ??$ensure_buffer_is_big_enough@D@formatting_buffer@__crt_stdio_output@@QEAA_N_K@Z 0000000140006694 f i libucrt:output.obj
 0001:00005740       ??$is_wide_character_specifier@D@__crt_stdio_output@@YA_N_KDW4length_modifier@0@@Z 0000000140006740 f i libucrt:output.obj
 0001:00005770       ??$type_case_integer_parse_into_buffer@I@?$output_processor@DV?$string_output_adapter@D@__crt_stdio_output@@V?$standard_base@DV?$string_output_adapter@D@__crt_stdio_output@@@2@@__crt_stdio_output@@AEAAXII_N@Z 0000000140006770 f i libucrt:output.obj
 0001:00005770       ??$type_case_integer_parse_into_buffer@I@?$output_processor@DV?$string_output_adapter@D@__crt_stdio_output@@V?$format_validation_base@DV?$string_output_adapter@D@__crt_stdio_output@@@2@@__crt_stdio_output@@AEAAXII_N@Z 0000000140006770 f i libucrt:output.obj
 0001:0000580c       ??$type_case_integer_parse_into_buffer@_K@?$output_processor@DV?$string_output_adapter@D@__crt_stdio_output@@V?$standard_base@DV?$string_output_adapter@D@__crt_stdio_output@@@2@@__crt_stdio_output@@AEAAX_KI_N@Z 000000014000680c f i libucrt:output.obj
 0001:0000580c       ??$type_case_integer_parse_into_buffer@_K@?$output_processor@DV?$string_output_adapter@D@__crt_stdio_output@@V?$format_validation_base@DV?$string_output_adapter@D@__crt_stdio_output@@@2@@__crt_stdio_output@@AEAAX_KI_N@Z 000000014000680c f i libucrt:output.obj
 0001:000058a8       ??$write_multiple_characters@V?$string_output_adapter@D@__crt_stdio_output@@D@__crt_stdio_output@@YAXAEBV?$string_output_adapter@D@0@DHQEAH@Z 00000001400068a8 f i libucrt:output.obj
 0001:00005904       ??0?$output_processor@DV?$string_output_adapter@D@__crt_stdio_output@@V?$format_validation_base@DV?$string_output_adapter@D@__crt_stdio_output@@@2@@__crt_stdio_output@@QEAA@AEBV?$string_output_adapter@D@1@_KQEBDQEAU__crt_locale_pointers@@QEAD@Z 0000000140006904 f i libucrt:output.obj
 0001:00005904       ??0?$output_processor@DV?$string_output_adapter@D@__crt_stdio_output@@V?$standard_base@DV?$string_output_adapter@D@__crt_stdio_output@@@2@@__crt_stdio_output@@QEAA@AEBV?$string_output_adapter@D@1@_KQEBDQEAU__crt_locale_pointers@@QEAD@Z 0000000140006904 f i libucrt:output.obj
 0001:00005980       ??0_LocaleUpdate@@QEAA@QEAU__crt_locale_pointers@@@Z 0000000140006980 f i libucrt:output.obj
 0001:00005a10       ?force_decimal_point@__crt_stdio_output@@YAXPEADQEAU__crt_locale_pointers@@@Z 0000000140006a10 f i libucrt:output.obj
 0001:00005a80       ?parse_int_from_format_string@?$output_processor@DV?$string_output_adapter@D@__crt_stdio_output@@V?$format_validation_base@DV?$string_output_adapter@D@__crt_stdio_output@@@2@@__crt_stdio_output@@AEAA_NQEAH@Z 0000000140006a80 f i libucrt:output.obj
 0001:00005a80       ?parse_int_from_format_string@?$output_processor@DV?$string_output_adapter@D@__crt_stdio_output@@V?$standard_base@DV?$string_output_adapter@D@__crt_stdio_output@@@2@@__crt_stdio_output@@AEAA_NQEAH@Z 0000000140006a80 f i libucrt:output.obj
 0001:00005b04       ?process@?$output_processor@DV?$string_output_adapter@D@__crt_stdio_output@@V?$format_validation_base@DV?$string_output_adapter@D@__crt_stdio_output@@@2@@__crt_stdio_output@@QEAAHXZ 0000000140006b04 f i libucrt:output.obj
 0001:00005d18       ?process@?$output_processor@DV?$string_output_adapter@D@__crt_stdio_output@@V?$standard_base@DV?$string_output_adapter@D@__crt_stdio_output@@@2@@__crt_stdio_output@@QEAAHXZ 0000000140006d18 f i libucrt:output.obj
 0001:00005f1c       ?state_case_normal@?$output_processor@DV?$string_output_adapter@D@__crt_stdio_output@@V?$format_validation_base@DV?$string_output_adapter@D@__crt_stdio_output@@@2@@__crt_stdio_output@@AEAA_NXZ 0000000140006f1c f i libucrt:output.obj
 0001:00005f1c       ?state_case_normal@?$output_processor@DV?$string_output_adapter@D@__crt_stdio_output@@V?$standard_base@DV?$string_output_adapter@D@__crt_stdio_output@@@2@@__crt_stdio_output@@AEAA_NXZ 0000000140006f1c f i libucrt:output.obj
 0001:00005f90       ?state_case_normal_tchar@?$output_processor@DV?$string_output_adapter@D@__crt_stdio_output@@V?$standard_base@DV?$string_output_adapter@D@__crt_stdio_output@@@2@@__crt_stdio_output@@AEAA_ND@Z 0000000140006f90 f i libucrt:output.obj
 0001:00005f90       ?state_case_normal_tchar@?$output_processor@DV?$string_output_adapter@D@__crt_stdio_output@@V?$format_validation_base@DV?$string_output_adapter@D@__crt_stdio_output@@@2@@__crt_stdio_output@@AEAA_ND@Z 0000000140006f90 f i libucrt:output.obj
 0001:00006028       ?state_case_size@?$output_processor@DV?$string_output_adapter@D@__crt_stdio_output@@V?$format_validation_base@DV?$string_output_adapter@D@__crt_stdio_output@@@2@@__crt_stdio_output@@AEAA_NXZ 0000000140007028 f i libucrt:output.obj
 0001:00006028       ?state_case_size@?$output_processor@DV?$string_output_adapter@D@__crt_stdio_output@@V?$standard_base@DV?$string_output_adapter@D@__crt_stdio_output@@@2@@__crt_stdio_output@@AEAA_NXZ 0000000140007028 f i libucrt:output.obj
 0001:000061a4       ?state_case_type@?$output_processor@DV?$string_output_adapter@D@__crt_stdio_output@@V?$format_validation_base@DV?$string_output_adapter@D@__crt_stdio_output@@@2@@__crt_stdio_output@@AEAA_NXZ 00000001400071a4 f i libucrt:output.obj
 0001:000061a4       ?state_case_type@?$output_processor@DV?$string_output_adapter@D@__crt_stdio_output@@V?$standard_base@DV?$string_output_adapter@D@__crt_stdio_output@@@2@@__crt_stdio_output@@AEAA_NXZ 00000001400071a4 f i libucrt:output.obj
 0001:00006420       ?type_case_Z@?$output_processor@DV?$string_output_adapter@D@__crt_stdio_output@@V?$format_validation_base@DV?$string_output_adapter@D@__crt_stdio_output@@@2@@__crt_stdio_output@@AEAA_NXZ 0000000140007420 f i libucrt:output.obj
 0001:00006420       ?type_case_Z@?$output_processor@DV?$string_output_adapter@D@__crt_stdio_output@@V?$standard_base@DV?$string_output_adapter@D@__crt_stdio_output@@@2@@__crt_stdio_output@@AEAA_NXZ 0000000140007420 f i libucrt:output.obj
 0001:000064a0       ?type_case_a@?$output_processor@DV?$string_output_adapter@D@__crt_stdio_output@@V?$format_validation_base@DV?$string_output_adapter@D@__crt_stdio_output@@@2@@__crt_stdio_output@@AEAA_NXZ 00000001400074a0 f i libucrt:output.obj
 0001:000064a0       ?type_case_a@?$output_processor@DV?$string_output_adapter@D@__crt_stdio_output@@V?$standard_base@DV?$string_output_adapter@D@__crt_stdio_output@@@2@@__crt_stdio_output@@AEAA_NXZ 00000001400074a0 f i libucrt:output.obj
 0001:000066bc       ?type_case_c_tchar@?$output_processor@DV?$string_output_adapter@D@__crt_stdio_output@@V?$format_validation_base@DV?$string_output_adapter@D@__crt_stdio_output@@@2@@__crt_stdio_output@@AEAA_ND@Z 00000001400076bc f i libucrt:output.obj
 0001:000066bc       ?type_case_c_tchar@?$output_processor@DV?$string_output_adapter@D@__crt_stdio_output@@V?$standard_base@DV?$string_output_adapter@D@__crt_stdio_output@@@2@@__crt_stdio_output@@AEAA_ND@Z 00000001400076bc f i libucrt:output.obj
 0001:00006770       ?type_case_integer@?$output_processor@DV?$string_output_adapter@D@__crt_stdio_output@@V?$format_validation_base@DV?$string_output_adapter@D@__crt_stdio_output@@@2@@__crt_stdio_output@@AEAA_NI_N@Z 0000000140007770 f i libucrt:output.obj
 0001:00006770       ?type_case_integer@?$output_processor@DV?$string_output_adapter@D@__crt_stdio_output@@V?$standard_base@DV?$string_output_adapter@D@__crt_stdio_output@@@2@@__crt_stdio_output@@AEAA_NI_N@Z 0000000140007770 f i libucrt:output.obj
 0001:00006910       ?type_case_n@?$output_processor@DV?$string_output_adapter@D@__crt_stdio_output@@V?$format_validation_base@DV?$string_output_adapter@D@__crt_stdio_output@@@2@@__crt_stdio_output@@AEAA_NXZ 0000000140007910 f i libucrt:output.obj
 0001:00006910       ?type_case_n@?$output_processor@DV?$string_output_adapter@D@__crt_stdio_output@@V?$standard_base@DV?$string_output_adapter@D@__crt_stdio_output@@@2@@__crt_stdio_output@@AEAA_NXZ 0000000140007910 f i libucrt:output.obj
 0001:000069ec       ?type_case_s@?$output_processor@DV?$string_output_adapter@D@__crt_stdio_output@@V?$format_validation_base@DV?$string_output_adapter@D@__crt_stdio_output@@@2@@__crt_stdio_output@@AEAA_NXZ 00000001400079ec f i libucrt:output.obj
 0001:000069ec       ?type_case_s@?$output_processor@DV?$string_output_adapter@D@__crt_stdio_output@@V?$standard_base@DV?$string_output_adapter@D@__crt_stdio_output@@@2@@__crt_stdio_output@@AEAA_NXZ 00000001400079ec f i libucrt:output.obj
 0001:00006a7c       ?write_stored_string_tchar@?$output_processor@DV?$string_output_adapter@D@__crt_stdio_output@@V?$format_validation_base@DV?$string_output_adapter@D@__crt_stdio_output@@@2@@__crt_stdio_output@@AEAA_ND@Z 0000000140007a7c f i libucrt:output.obj
 0001:00006a7c       ?write_stored_string_tchar@?$output_processor@DV?$string_output_adapter@D@__crt_stdio_output@@V?$standard_base@DV?$string_output_adapter@D@__crt_stdio_output@@@2@@__crt_stdio_output@@AEAA_ND@Z 0000000140007a7c f i libucrt:output.obj
 0001:00006b54       ?write_string@?$string_output_adapter@D@__crt_stdio_output@@QEBAXQEBDHQEAH1@Z 0000000140007b54 f i libucrt:output.obj
 0001:00006c10       __stdio_common_vsnprintf_s 0000000140007c10 f   libucrt:output.obj
 0001:00006d6c       __stdio_common_vsprintf    0000000140007d6c f   libucrt:output.obj
 0001:00006fa0       _seh_filter_exe            0000000140007fa0 f   libucrt:exception_filter.obj
 0001:00007130       _query_app_type            0000000140008130 f   libucrt:report_runtime_error.obj
 0001:00007138       _set_app_type              0000000140008138 f   libucrt:report_runtime_error.obj
 0001:00007140       __acrt_has_user_matherr    0000000140008140 f   libucrt:matherr.obj
 0001:00007160       __acrt_initialize_user_matherr 0000000140008160 f   libucrt:matherr.obj
 0001:00007168       __acrt_invoke_user_matherr 0000000140008168 f   libucrt:matherr.obj
 0001:000071b0       __setusermatherr           00000001400081b0 f   libucrt:matherr.obj
 0001:00007394       __acrt_allocate_buffer_for_argv 0000000140008394 f   libucrt:argv_parsing.obj
 0001:000073f8       _configure_narrow_argv     00000001400083f8 f   libucrt:argv_parsing.obj
 0001:00007754       __dcrt_uninitialize_environments_nolock 0000000140008754 f   libucrt:environment_initialization.obj
 0001:0000778c       _initialize_narrow_environment 000000014000878c f   libucrt:environment_initialization.obj
 0001:00007794       _get_narrow_winmain_command_line 0000000140008794 f   libucrt:argv_winmain.obj
 0001:00007804       _initterm                  0000000140008804 f   libucrt:initterm.obj
 0001:0000787c       _initterm_e                000000014000887c f   libucrt:initterm.obj
 0001:00007af8       __acrt_initialize_thread_local_exit_callback 0000000140008af8 f   libucrt:exit.obj
 0001:00007b00       _c_exit                    0000000140008b00 f   libucrt:exit.obj
 0001:00007b10       _cexit                     0000000140008b10 f   libucrt:exit.obj
 0001:00007b20       _exit                      0000000140008b20 f   libucrt:exit.obj
 0001:00007b2c       _register_thread_local_exe_atexit_callback 0000000140008b2c f   libucrt:exit.obj
 0001:00007b70       exit                       0000000140008b70 f   libucrt:exit.obj
 0001:00007b7c       _set_fmode                 0000000140008b7c f   libucrt:setmode.obj
 0001:00007bbc       __acrt_set_locale_changed  0000000140008bbc f   libucrt:wsetlocale.obj
 0001:00007bc8       __acrt_uninitialize_locale 0000000140008bc8 f   libucrt:wsetlocale.obj
 0001:00007c10       _configthreadlocale        0000000140008c10 f   libucrt:wsetlocale.obj
 0001:00007c7c       _query_new_mode            0000000140008c7c f   libucrt:new_mode.obj
 0001:00007c84       _set_new_mode              0000000140008c84 f   libucrt:new_mode.obj
 0001:00007cb0       __p__commode               0000000140008cb0 f   libucrt:ncommode.obj
 0001:00007cb8       ??$?RV<lambda_b8c45f8f788dd370798f47cfe8ac3a86>@@AEAV<lambda_4e60a939b0d047cfe11ddc22648dfba9>@@V<lambda_332c3edc96d0294ec56c57d38c1cdfd5>@@@?$__crt_seh_guarded_call@H@@QEAAH$$QEAV<lambda_b8c45f8f788dd370798f47cfe8ac3a86>@@AEAV<lambda_4e60a939b0d047cfe11ddc22648dfba9>@@$$QEAV<lambda_332c3edc96d0294ec56c57d38c1cdfd5>@@@Z 0000000140008cb8 f i libucrt:onexit.obj
 0001:00007cf4       ??$?RV<lambda_e24bbb7b643b32fcea6fa61b31d4c984>@@AEAV<lambda_275893d493268fdec8709772e3fcec0e>@@V<lambda_9d71df4d7cf3f480f8d633942495c3b0>@@@?$__crt_seh_guarded_call@H@@QEAAH$$QEAV<lambda_e24bbb7b643b32fcea6fa61b31d4c984>@@AEAV<lambda_275893d493268fdec8709772e3fcec0e>@@$$QEAV<lambda_9d71df4d7cf3f480f8d633942495c3b0>@@@Z 0000000140008cf4 f i libucrt:onexit.obj
 0001:00008070       _crt_atexit                0000000140009070 f   libucrt:onexit.obj
 0001:00008080       _execute_onexit_table      0000000140009080 f   libucrt:onexit.obj
 0001:000080bc       _initialize_onexit_table   00000001400090bc f   libucrt:onexit.obj
 0001:000080fc       _register_onexit_function  00000001400090fc f   libucrt:onexit.obj
 0001:00008278       __acrt_uninitialize_command_line 0000000140009278 f   libucrt:argv_data.obj
 0001:0000827c       __acrt_initialize          000000014000927c f   libucrt:initialization.obj
 0001:00008290       __acrt_uninitialize        0000000140009290 f   libucrt:initialization.obj
 0001:000082a4       terminate                  00000001400092a4 f   libucrt:terminate.obj
 0001:000082cc       _free_base                 00000001400092cc f   libucrt:free_base.obj
 0001:0000830c       _malloc_base               000000014000930c f   libucrt:malloc_base.obj
 0001:0000836c       strcpy_s                   000000014000936c f   libucrt:strcpy_s.obj
 0001:000083cc       abort                      00000001400093cc f   libucrt:abort.obj
 0001:00008424       _calloc_base               0000000140009424 f   libucrt:calloc_base.obj
 0001:0000849c       ??$is_overflow_condition@K@__crt_strtox@@YA_NIK@Z 000000014000949c f i libucrt:atox.obj
 0001:000084c8       ??$parse_integer@KV?$c_string_character_source@D@__crt_strtox@@@__crt_strtox@@YAKQEAU__crt_locale_pointers@@V?$c_string_character_source@D@0@H_N@Z 00000001400094c8 f i libucrt:atox.obj
 0001:000087dc       __acrt_call_reportfault    00000001400097dc f   libucrt:invalid_parameter.obj
 0001:00008938       __acrt_initialize_invalid_parameter_handler 0000000140009938 f   libucrt:invalid_parameter.obj
 0001:00008940       _invalid_parameter         0000000140009940 f   libucrt:invalid_parameter.obj
 0001:000089e8       _invalid_parameter_noinfo  00000001400099e8 f   libucrt:invalid_parameter.obj
 0001:00008a08       _invoke_watson             0000000140009a08 f   libucrt:invalid_parameter.obj
 0001:00008a50       isdigit                    0000000140009a50 f i libucrt:_ctype.obj
 0001:00008b14       _tolower_l                 0000000140009b14 f   libucrt:tolower_toupper.obj
 0001:00008c54       tolower                    0000000140009c54 f   libucrt:tolower_toupper.obj
 0001:00008c80       __acrt_errno_from_os_error 0000000140009c80 f   libucrt:errno.obj
 0001:00008cc8       __acrt_errno_map_os_error  0000000140009cc8 f   libucrt:errno.obj
 0001:00008d18       __doserrno                 0000000140009d18 f   libucrt:errno.obj
 0001:00008d38       _errno                     0000000140009d38 f   libucrt:errno.obj
 0001:00008d58       ??$make_c_string_character_source@DPEAPEAD@__crt_strtox@@YA?AV?$c_string_character_source@D@0@QEBDQEAPEAD@Z 0000000140009d58 f i libucrt:strtox.obj
 0001:00008d6c       strtol                     0000000140009d6c f   libucrt:strtox.obj
 0001:00008d9c       _mbtowc_l                  0000000140009d9c f   libucrt:mbtowc.obj
 0001:00008ee4       mbtowc                     0000000140009ee4 f   libucrt:mbtowc.obj
 0001:00008eec       _wctomb_s_l                0000000140009eec f   libucrt:wctomb.obj
 0001:00009070       wctomb_s                   000000014000a070 f   libucrt:wctomb.obj
 0001:00009084       strnlen                    000000014000a084 f   libucrt:strnlen.obj
 0001:000091e0       wcsnlen                    000000014000a1e0 f   libucrt:strnlen.obj
 0001:000093d0       ??$?RV<lambda_46352004c1216016012b18bd6f87e700>@@AEAV<lambda_3bd07e1a1191394380780325891bf33f>@@V<lambda_334532d3f185bcaa59b5be82d7d22bff>@@@?$__crt_seh_guarded_call@X@@QEAAX$$QEAV<lambda_46352004c1216016012b18bd6f87e700>@@AEAV<lambda_3bd07e1a1191394380780325891bf33f>@@$$QEAV<lambda_334532d3f185bcaa59b5be82d7d22bff>@@@Z 000000014000a3d0 f i libucrt:per_thread_data.obj
 0001:00009430       ??$?RV<lambda_5e887d1dcbef67a5eb4283622ba103bf>@@AEAV<lambda_4466841279450cc726390878d4a41900>@@V<lambda_341c25c0346d94847f1f3c463c57e077>@@@?$__crt_seh_guarded_call@X@@QEAAX$$QEAV<lambda_5e887d1dcbef67a5eb4283622ba103bf>@@AEAV<lambda_4466841279450cc726390878d4a41900>@@$$QEAV<lambda_341c25c0346d94847f1f3c463c57e077>@@@Z 000000014000a430 f i libucrt:per_thread_data.obj
 0001:00009478       ??$?RV<lambda_72d1df2b273a38828b1ce30cbf4cdab5>@@AEAV<lambda_876a65b173b8412d3a47c70a915b0cf4>@@V<lambda_41932305e351933ebe8f8be3ed8bb5dc>@@@?$__crt_seh_guarded_call@X@@QEAAX$$QEAV<lambda_72d1df2b273a38828b1ce30cbf4cdab5>@@AEAV<lambda_876a65b173b8412d3a47c70a915b0cf4>@@$$QEAV<lambda_41932305e351933ebe8f8be3ed8bb5dc>@@@Z 000000014000a478 f i libucrt:per_thread_data.obj
 0001:000094b8       ??$?RV<lambda_fb3a7dec4e47f37f22dae91bb15c9095>@@AEAV<lambda_698284760c8add0bfb0756c19673e34b>@@V<lambda_dfb8eca1e75fef3034a8fb18dd509707>@@@?$__crt_seh_guarded_call@X@@QEAAX$$QEAV<lambda_fb3a7dec4e47f37f22dae91bb15c9095>@@AEAV<lambda_698284760c8add0bfb0756c19673e34b>@@$$QEAV<lambda_dfb8eca1e75fef3034a8fb18dd509707>@@@Z 000000014000a4b8 f i libucrt:per_thread_data.obj
 0001:00009748       __acrt_getptd              000000014000a748 f   libucrt:per_thread_data.obj
 0001:000097dc       __acrt_getptd_noexit       000000014000a7dc f   libucrt:per_thread_data.obj
 0001:0000987c       __acrt_initialize_ptd      000000014000a87c f   libucrt:per_thread_data.obj
 0001:000098b8       __acrt_uninitialize_ptd    000000014000a8b8 f   libucrt:per_thread_data.obj
 0001:000098dc       __acrt_update_locale_info  000000014000a8dc f   libucrt:locale_update.obj
 0001:00009910       __acrt_update_multibyte_info 000000014000a910 f   libucrt:locale_update.obj
 0001:00009944       ?__acrt_fp_classify@@YA?AW4__acrt_fp_class@@AEBN@Z 000000014000a944 f i libucrt:cvt.obj
 0001:0000a37c       __acrt_fp_format           000000014000b37c f   libucrt:cvt.obj
 0001:0000a5c0       _fileno                    000000014000b5c0 f   libucrt:fileno.obj
 0001:0000a5e8       __acrt_initialize_stdio    000000014000b5e8 f   libucrt:_file.obj
 0001:0000a708       __acrt_uninitialize_stdio  000000014000b708 f   libucrt:_file.obj
 0001:0000a764       _lock_file                 000000014000b764 f   libucrt:_file.obj
 0001:0000a770       _unlock_file               000000014000b770 f   libucrt:_file.obj
 0001:0000a77c       _get_printf_count_output   000000014000b77c f   libucrt:printf_count_output.obj
 0001:0000a97c       __acrt_initialize_lowio    000000014000b97c f   libucrt:ioinit.obj
 0001:0000a9b8       __acrt_uninitialize_lowio  000000014000b9b8 f   libucrt:ioinit.obj
 0001:0000aed4       ?expand_if_necessary@?$argument_list@D@?A0x7b96f60e@@AEAAHXZ 000000014000bed4 f i libucrt:argv_wildcards.obj
 0001:0000af9c       __acrt_expand_narrow_argv_wildcards 000000014000bf9c f   libucrt:argv_wildcards.obj
 0001:0000afa4       ??$?RV<lambda_99476a1ad63dd22509b5d3e65b0ffc95>@@AEAV<lambda_ad1ced32f4ac17aa236e5ef05d6b3b7c>@@V<lambda_f7424dd8d45958661754dc4f2697e9c3>@@@?$__crt_seh_guarded_call@X@@QEAAX$$QEAV<lambda_99476a1ad63dd22509b5d3e65b0ffc95>@@AEAV<lambda_ad1ced32f4ac17aa236e5ef05d6b3b7c>@@$$QEAV<lambda_f7424dd8d45958661754dc4f2697e9c3>@@@Z 000000014000bfa4 f i libucrt:mbctype.obj
 0001:0000b6a0       __acrt_initialize_multibyte 000000014000c6a0 f   libucrt:mbctype.obj
 0001:0000b6c8       __acrt_update_thread_multibyte_data 000000014000c6c8 f   libucrt:mbctype.obj
 0001:0000b788       _setmbcp_nolock            000000014000c788 f   libucrt:mbctype.obj
 0001:0000baa8       _ismbblead                 000000014000caa8 f   libucrt:ismbbyte.obj
 0001:0000babc       __acrt_initialize_command_line 000000014000cabc f   libucrt:argv_data.obj
 0001:0000bae4       __dcrt_get_narrow_environment_from_os 000000014000cae4 f   libucrt:get_environment_from_os.obj
 0001:0000bbe8       __acrt_initialize_locks    000000014000cbe8 f   libucrt:locks.obj
 0001:0000bc30       __acrt_lock                000000014000cc30 f   libucrt:locks.obj
 0001:0000bc4c       __acrt_uninitialize_locks  000000014000cc4c f   libucrt:locks.obj
 0001:0000bc84       __acrt_unlock              000000014000cc84 f   libucrt:locks.obj
 0001:0000be40       __acrt_FlsAlloc            000000014000ce40 f   libucrt:winapi_thunks.obj
 0001:0000be98       __acrt_FlsFree             000000014000ce98 f   libucrt:winapi_thunks.obj
 0001:0000bef0       __acrt_FlsGetValue         000000014000cef0 f   libucrt:winapi_thunks.obj
 0001:0000bf48       __acrt_FlsSetValue         000000014000cf48 f   libucrt:winapi_thunks.obj
 0001:0000bfb0       __acrt_InitializeCriticalSectionEx 000000014000cfb0 f   libucrt:winapi_thunks.obj
 0001:0000c028       __acrt_LCMapStringEx       000000014000d028 f   libucrt:winapi_thunks.obj
 0001:0000c118       __acrt_LocaleNameToLCID    000000014000d118 f   libucrt:winapi_thunks.obj
 0001:0000c180       __acrt_initialize_winapi_thunks 000000014000d180 f   libucrt:winapi_thunks.obj
 0001:0000c1b8       __acrt_is_packaged_app     000000014000d1b8 f   libucrt:winapi_thunks.obj
 0001:0000c240       __acrt_uninitialize_winapi_thunks 000000014000d240 f   libucrt:winapi_thunks.obj
 0001:0000c284       __acrt_lowio_create_handle_array 000000014000d284 f   libucrt:osfinfo.obj
 0001:0000c31c       __acrt_lowio_destroy_handle_array 000000014000d31c f   libucrt:osfinfo.obj
 0001:0000c36c       __acrt_lowio_ensure_fh_exists 000000014000d36c f   libucrt:osfinfo.obj
 0001:0000c424       __acrt_lowio_lock_fh       000000014000d424 f   libucrt:osfinfo.obj
 0001:0000c448       __acrt_lowio_unlock_fh     000000014000d448 f   libucrt:osfinfo.obj
 0001:0000c46c       _free_osfhnd               000000014000d46c f   libucrt:osfinfo.obj
 0001:0000c528       _get_osfhandle             000000014000d528 f   libucrt:osfinfo.obj
 0001:0000c5a0       __acrt_locale_free_monetary 000000014000d5a0 f   libucrt:initmon.obj
 0001:0000c6ac       __acrt_locale_free_numeric 000000014000d6ac f   libucrt:initnum.obj
 0001:0000c770       __acrt_locale_free_time    000000014000d770 f   libucrt:inittime.obj
 0001:0000c878       __pctype_func              000000014000d878 f   libucrt:ctype.obj
 0001:0000c8a8       __acrt_GetStringTypeA      000000014000d8a8 f   libucrt:getstringtypea.obj
 0001:0000ca5c       __acrt_add_locale_ref      000000014000da5c f   libucrt:locale_refcounting.obj
 0001:0000cae8       __acrt_free_locale         000000014000dae8 f   libucrt:locale_refcounting.obj
 0001:0000cc60       __acrt_locale_add_lc_time_reference 000000014000dc60 f   libucrt:locale_refcounting.obj
 0001:0000cc88       __acrt_locale_free_lc_time_if_unreferenced 000000014000dc88 f   libucrt:locale_refcounting.obj
 0001:0000ccc0       __acrt_locale_release_lc_time_reference 000000014000dcc0 f   libucrt:locale_refcounting.obj
 0001:0000cce8       __acrt_release_locale_ref  000000014000dce8 f   libucrt:locale_refcounting.obj
 0001:0000cd90       __acrt_update_thread_locale_data 000000014000dd90 f   libucrt:locale_refcounting.obj
 0001:0000ce00       _updatetlocinfoEx_nolock   000000014000de00 f   libucrt:locale_refcounting.obj
 0001:0000ce68       _recalloc                  000000014000de68 f   libucrt:recalloc.obj
 0001:0000ce70       _recalloc_base             000000014000de70 f   libucrt:recalloc.obj
 0001:0000cf08       __acrt_initialize_heap     000000014000df08 f   libucrt:heap_handle.obj
 0001:0000cf24       __acrt_uninitialize_heap   000000014000df24 f   libucrt:heap_handle.obj
 0001:0000cf30       __acrt_execute_initializers 000000014000df30 f   libucrt:shared_initialization.obj
 0001:0000cfc4       __acrt_execute_uninitializers 000000014000dfc4 f   libucrt:shared_initialization.obj
 0001:0000d014       __acrt_initialize_new_handler 000000014000e014 f   libucrt:new_handler.obj
 0001:0000d01c       _callnewh                  000000014000e01c f   libucrt:new_handler.obj
 0001:0000d05c       _query_new_handler         000000014000e05c f   libucrt:new_handler.obj
 0001:0000d090       ??$?RV<lambda_c36588078e9f5dfd39652860aa6b3aaf>@@AEAV<lambda_ec61778202f4f5fc7e7711acc23c3bca>@@V<lambda_dc9d2797ccde5d239b4a0efae8ebd7db>@@@?$__crt_seh_guarded_call@P6AXH@Z@@QEAAP6AXH@Z$$QEAV<lambda_c36588078e9f5dfd39652860aa6b3aaf>@@AEAV<lambda_ec61778202f4f5fc7e7711acc23c3bca>@@$$QEAV<lambda_dc9d2797ccde5d239b4a0efae8ebd7db>@@@Z 000000014000e090 f i libucrt:signal.obj
 0001:0000d0d8       __acrt_get_sigabrt_handler 000000014000e0d8 f   libucrt:signal.obj
 0001:0000d108       __acrt_initialize_signal_handlers 000000014000e108 f   libucrt:signal.obj
 0001:0000d128       raise                      000000014000e128 f   libucrt:signal.obj
 0001:0000d3c4       _isctype_l                 000000014000e3c4 f   libucrt:isctype.obj
 0001:0000d4d4       _isleadbyte_l              000000014000e4d4 f i libucrt:_wctype.obj
 0001:0000d870       __acrt_LCMapStringA        000000014000e870 f   libucrt:lcmapstringa.obj
 0001:0000d908       __acrt_fp_strflt_to_string 000000014000e908 f   libucrt:_fptostr.obj
 0001:0000d9d0       ?divide@__crt_strtox@@YA_KAEAUbig_integer@1@AEBU21@@Z 000000014000e9d0 f i libucrt:cfout.obj
 0001:0000dea0       __acrt_fltout              000000014000eea0 f   libucrt:cfout.obj
 0001:0000f294       _fcloseall                 0000000140010294 f   libucrt:closeall.obj
 0001:0000f348       __acrt_stdio_flush_nolock  0000000140010348 f   libucrt:fflush.obj
 0001:0000f3c0       _fflush_nolock             00000001400103c0 f   libucrt:fflush.obj
 0001:0000f40c       _flushall                  000000014001040c f   libucrt:fflush.obj
 0001:0000f4fc       __acrt_stdio_free_buffer_nolock 00000001400104fc f   libucrt:_freebuf.obj
 0001:0000f53c       _isatty                    000000014001053c f   libucrt:isatty.obj
 0001:0000f670       qsort                      0000000140010670 f   libucrt:qsort.obj
 0001:0000f9a4       strncpy_s                  00000001400109a4 f   libucrt:strncpy_s.obj
 0001:0000fa78       strpbrk                    0000000140010a78 f   libucrt:strpbrk.obj
 0001:0000fb18       _mbsdec                    0000000140010b18 f   libucrt:mbsdec.obj
 0001:0000fb20       _mbsdec_l                  0000000140010b20 f   libucrt:mbsdec.obj
 0001:0000fc98       __acrt_DownlevelLocaleNameToLCID 0000000140010c98 f   libucrt:lcidtoname_downlevel.obj
 0001:0000fccc       _msize                     0000000140010ccc f   libucrt:msize.obj
 0001:0000fd08       _realloc_base              0000000140010d08 f   libucrt:realloc_base.obj
 0001:0000fd8c       __strncnt                  0000000140010d8c f   libucrt:strncnt.obj
 0001:0000fda4       fegetenv                   0000000140010da4 f   libucrt:fegetenv.obj
 0001:0000fdc4       fesetenv                   0000000140010dc4 f   libucrt:fesetenv.obj
 0001:0000fe10       feholdexcept               0000000140010e10 f   libucrt:feholdexcept.obj
 0001:0000fe60       ceil                       0000000140010e60 f   libucrt:ceil.obj
 0001:0000ff30       log10                      0000000140010f30 f   libucrt:log10.obj
 0001:00010a7c       _write                     0000000140011a7c f   libucrt:write.obj
 0001:00010b68       _write_nolock              0000000140011b68 f   libucrt:write.obj
 0001:00010ee8       _lseeki64_nolock           0000000140011ee8 f   libucrt:lseek.obj
 0001:00010ef0       _fclose_nolock             0000000140011ef0 f   libucrt:fclose.obj
 0001:00010f74       fclose                     0000000140011f74 f   libucrt:fclose.obj
 0001:00010fe0       ??$?RV<lambda_b521505b218e5242e90febf6bfebc422>@@AEAV<lambda_6978c1fb23f02e42e1d9e99668cc68aa>@@V<lambda_314360699dd331753a4119843814e9a7>@@@?$__crt_seh_guarded_call@H@@QEAAH$$QEAV<lambda_b521505b218e5242e90febf6bfebc422>@@AEAV<lambda_6978c1fb23f02e42e1d9e99668cc68aa>@@$$QEAV<lambda_314360699dd331753a4119843814e9a7>@@@Z 0000000140011fe0 f i libucrt:commit.obj
 0001:0001106c       _commit                    000000014001206c f   libucrt:commit.obj
 0001:00011100       _getfpcontrolword          0000000140012100 f   libucrt:_fenvutils.obj
 0001:00011118       _getfpstatusword           0000000140012118 f   libucrt:_fenvutils.obj
 0001:0001112c       _setfpcontrolword          000000014001212c f   libucrt:_fenvutils.obj
 0001:00011138       _setfpstatusword           0000000140012138 f   libucrt:_fenvutils.obj
 0001:00011188       _clearfp                   0000000140012188 f   libucrt:ieee.obj
 0001:000111dc       _controlfp                 00000001400121dc f   libucrt:ieee.obj
 0001:000111e8       _statusfp                  00000001400121e8 f   libucrt:ieee.obj
 0001:000115ec       _handle_error              00000001400125ec f   libucrt:libm_error.obj
 0001:00011714       _handle_nan                0000000140012714 f   libucrt:libm_error.obj
 0001:00011730       __acrt_initialize_fma3     0000000140012730 f   libucrt:fma3_available.obj
 0001:000117a0       _log10_special             00000001400127a0 f   libucrt:log_special.obj
 0001:00011858       _putwch_nolock             0000000140012858 f   libucrt:putwch.obj
 0001:000118b4       ??$?RV<lambda_bfedae4ebbf01fab1bb6dcc6a9e276e0>@@AEAV<lambda_2fe9b910cf3cbf4a0ab98a02ba45b3ec>@@V<lambda_237c231691f317818eb88cc1d5d642d6>@@@?$__crt_seh_guarded_call@H@@QEAAH$$QEAV<lambda_bfedae4ebbf01fab1bb6dcc6a9e276e0>@@AEAV<lambda_2fe9b910cf3cbf4a0ab98a02ba45b3ec>@@$$QEAV<lambda_237c231691f317818eb88cc1d5d642d6>@@@Z 00000001400128b4 f i libucrt:close.obj
 0001:00011928       _close                     0000000140012928 f   libucrt:close.obj
 0001:000119cc       _close_nolock              00000001400129cc f   libucrt:close.obj
 0001:00011a88       ?__acrt_stdio_free_stream@@YAXV__crt_stdio_stream@@@Z 0000000140012a88 f   libucrt:stream.obj
 0001:00011ae0       _get_fpsr                  0000000140012ae0 f   libucrt:fpsr.obj
 0001:00011af0       _set_fpsr                  0000000140012af0 f   libucrt:fpsr.obj
 0001:00011afa       _fclrf                     0000000140012afa f   libucrt:fpsr.obj
 0001:00011b0e       _frnd                      0000000140012b0e f   libucrt:fpsr.obj
 0001:00011b30       _raise_exc                 0000000140012b30 f   libucrt:fpexcept.obj
 0001:00011b58       _raise_exc_ex              0000000140012b58 f   libucrt:fpexcept.obj
 0001:00011e60       _set_errno_from_matherr    0000000140012e60 f   libucrt:fpexcept.obj
 0001:00011e90       _clrfp                     0000000140012e90 f   libucrt:fpctrl.obj
 0001:00011eb0       _ctrlfp                    0000000140012eb0 f   libucrt:fpctrl.obj
 0001:00011f2c       _set_statfp                0000000140012f2c f   libucrt:fpctrl.obj
 0001:00011f4c       _statfp                    0000000140012f4c f   libucrt:fpctrl.obj
 0001:00011f60       __dcrt_lowio_initialize_console_output 0000000140012f60 f   libucrt:initcon.obj
 0001:00011f9c       __dcrt_terminate_console_output 0000000140012f9c f   libucrt:initcon.obj
 0001:00011fc0       _FindPESection             0000000140012fc0 f   LIBCMT:pesect.obj
 0001:00012010       _IsNonwritableInCurrentImage 0000000140013010 f   LIBCMT:pesect.obj
 0001:00012060       _ValidateImageBase         0000000140013060 f   LIBCMT:pesect.obj
 0001:0001208e       RtlUnwindEx                000000014001308e f   kernel32:KERNEL32.dll
 0001:00012094       SystemFunction036          0000000140013094 f   advapi32:ADVAPI32.dll
 0001:000120b0       memmove                    00000001400130b0 f   libvcruntime:memcpy.obj
 0001:000120b0       memcpy                     00000001400130b0 f   libvcruntime:memcpy.obj
 0001:00012500       memcmp                     0000000140013500 f   libvcruntime:memcmp.obj
 0001:000125c8       strrchr                    00000001400135c8 f   libvcruntime:strrchr.obj
 0001:00012720       _guard_dispatch_icall_nop  0000000140013720 f   LIBCMT:_guard_dispatch_.obj
 0002:00000000       __imp_SystemFunction036    0000000140014000     advapi32:ADVAPI32.dll
 0002:00000008       \177ADVAPI32_NULL_THUNK_DATA 0000000140014008     advapi32:ADVAPI32.dll
 0002:00000010       __imp_StretchDIBits        0000000140014010     gdi32:GDI32.dll
 0002:00000018       \177GDI32_NULL_THUNK_DATA  0000000140014018     gdi32:GDI32.dll
 0002:00000020       __imp_WriteConsoleW        0000000140014020     kernel32:KERNEL32.dll
 0002:00000028       __imp_FlushFileBuffers     0000000140014028     kernel32:KERNEL32.dll
 0002:00000030       __imp_SetFilePointerEx     0000000140014030     kernel32:KERNEL32.dll
 0002:00000038       __imp_RaiseException       0000000140014038     kernel32:KERNEL32.dll
 0002:00000040       __imp_GetConsoleCP         0000000140014040     kernel32:KERNEL32.dll
 0002:00000048       __imp_HeapReAlloc          0000000140014048     kernel32:KERNEL32.dll
 0002:00000050       __imp_HeapSize             0000000140014050     kernel32:KERNEL32.dll
 0002:00000058       __imp_GetProcessHeap       0000000140014058     kernel32:KERNEL32.dll
 0002:00000060       __imp_CreateFileW          0000000140014060     kernel32:KERNEL32.dll
 0002:00000068       __imp_GetConsoleMode       0000000140014068     kernel32:KERNEL32.dll
 0002:00000070       __imp_GetStringTypeW       0000000140014070     kernel32:KERNEL32.dll
 0002:00000078       __imp_SetStdHandle         0000000140014078     kernel32:KERNEL32.dll
 0002:00000080       __imp_CompareFileTime      0000000140014080     kernel32:KERNEL32.dll
 0002:00000088       __imp_CreateFileA          0000000140014088     kernel32:KERNEL32.dll
 0002:00000090       __imp_FindClose            0000000140014090     kernel32:KERNEL32.dll
 0002:00000098       __imp_FindFirstFileA       0000000140014098     kernel32:KERNEL32.dll
 0002:000000a0       __imp_GetFileSizeEx        00000001400140a0     kernel32:KERNEL32.dll
 0002:000000a8       __imp_ReadFile             00000001400140a8     kernel32:KERNEL32.dll
 0002:000000b0       __imp_WriteFile            00000001400140b0     kernel32:KERNEL32.dll
 0002:000000b8       __imp_OutputDebugStringA   00000001400140b8     kernel32:KERNEL32.dll
 0002:000000c0       __imp_CloseHandle          00000001400140c0     kernel32:KERNEL32.dll
 0002:000000c8       __imp_QueryPerformanceCounter 00000001400140c8     kernel32:KERNEL32.dll
 0002:000000d0       __imp_QueryPerformanceFrequency 00000001400140d0     kernel32:KERNEL32.dll
 0002:000000d8       __imp_Sleep                00000001400140d8     kernel32:KERNEL32.dll
 0002:000000e0       __imp_VirtualAlloc         00000001400140e0     kernel32:KERNEL32.dll
 0002:000000e8       __imp_VirtualFree          00000001400140e8     kernel32:KERNEL32.dll
 0002:000000f0       __imp_FreeLibrary          00000001400140f0     kernel32:KERNEL32.dll
 0002:000000f8       __imp_GetModuleFileNameA   00000001400140f8     kernel32:KERNEL32.dll
 0002:00000100       __imp_GetProcAddress       0000000140014100     kernel32:KERNEL32.dll
 0002:00000108       __imp_LoadLibraryA         0000000140014108     kernel32:KERNEL32.dll
 0002:00000110       __imp_CopyFileA            0000000140014110     kernel32:KERNEL32.dll
 0002:00000118       __imp_RtlCaptureContext    0000000140014118     kernel32:KERNEL32.dll
 0002:00000120       __imp_RtlLookupFunctionEntry 0000000140014120     kernel32:KERNEL32.dll
 0002:00000128       __imp_RtlVirtualUnwind     0000000140014128     kernel32:KERNEL32.dll
 0002:00000130       __imp_UnhandledExceptionFilter 0000000140014130     kernel32:KERNEL32.dll
 0002:00000138       __imp_SetUnhandledExceptionFilter 0000000140014138     kernel32:KERNEL32.dll
 0002:00000140       __imp_GetCurrentProcess    0000000140014140     kernel32:KERNEL32.dll
 0002:00000148       __imp_TerminateProcess     0000000140014148     kernel32:KERNEL32.dll
 0002:00000150       __imp_IsProcessorFeaturePresent 0000000140014150     kernel32:KERNEL32.dll
 0002:00000158       __imp_GetCurrentProcessId  0000000140014158     kernel32:KERNEL32.dll
 0002:00000160       __imp_GetCurrentThreadId   0000000140014160     kernel32:KERNEL32.dll
 0002:00000168       __imp_GetSystemTimeAsFileTime 0000000140014168     kernel32:KERNEL32.dll
 0002:00000170       __imp_InitializeSListHead  0000000140014170     kernel32:KERNEL32.dll
 0002:00000178       __imp_IsDebuggerPresent    0000000140014178     kernel32:KERNEL32.dll
 0002:00000180       __imp_GetStartupInfoW      0000000140014180     kernel32:KERNEL32.dll
 0002:00000188       __imp_GetModuleHandleW     0000000140014188     kernel32:KERNEL32.dll
 0002:00000190       __imp_GetLastError         0000000140014190     kernel32:KERNEL32.dll
 0002:00000198       __imp_GetModuleFileNameW   0000000140014198     kernel32:KERNEL32.dll
 0002:000001a0       __imp_RtlUnwindEx          00000001400141a0     kernel32:KERNEL32.dll
 0002:000001a8       __imp_InitializeCriticalSectionAndSpinCount 00000001400141a8     kernel32:KERNEL32.dll
 0002:000001b0       __imp_TlsAlloc             00000001400141b0     kernel32:KERNEL32.dll
 0002:000001b8       __imp_TlsGetValue          00000001400141b8     kernel32:KERNEL32.dll
 0002:000001c0       __imp_TlsSetValue          00000001400141c0     kernel32:KERNEL32.dll
 0002:000001c8       __imp_TlsFree              00000001400141c8     kernel32:KERNEL32.dll
 0002:000001d0       __imp_LoadLibraryExW       00000001400141d0     kernel32:KERNEL32.dll
 0002:000001d8       __imp_SetLastError         00000001400141d8     kernel32:KERNEL32.dll
 0002:000001e0       __imp_EnterCriticalSection 00000001400141e0     kernel32:KERNEL32.dll
 0002:000001e8       __imp_LeaveCriticalSection 00000001400141e8     kernel32:KERNEL32.dll
 0002:000001f0       __imp_DeleteCriticalSection 00000001400141f0     kernel32:KERNEL32.dll
 0002:000001f8       __imp_GetStdHandle         00000001400141f8     kernel32:KERNEL32.dll
 0002:00000200       __imp_MultiByteToWideChar  0000000140014200     kernel32:KERNEL32.dll
 0002:00000208       __imp_WideCharToMultiByte  0000000140014208     kernel32:KERNEL32.dll
 0002:00000210       __imp_ExitProcess          0000000140014210     kernel32:KERNEL32.dll
 0002:00000218       __imp_GetModuleHandleExW   0000000140014218     kernel32:KERNEL32.dll
 0002:00000220       __imp_GetACP               0000000140014220     kernel32:KERNEL32.dll
 0002:00000228       __imp_HeapFree             0000000140014228     kernel32:KERNEL32.dll
 0002:00000230       __imp_HeapAlloc            0000000140014230     kernel32:KERNEL32.dll
 0002:00000238       __imp_GetFileType          0000000140014238     kernel32:KERNEL32.dll
 0002:00000240       __imp_FindFirstFileExA     0000000140014240     kernel32:KERNEL32.dll
 0002:00000248       __imp_FindNextFileA        0000000140014248     kernel32:KERNEL32.dll
 0002:00000250       __imp_IsValidCodePage      0000000140014250     kernel32:KERNEL32.dll
 0002:00000258       __imp_GetOEMCP             0000000140014258     kernel32:KERNEL32.dll
 0002:00000260       __imp_GetCPInfo            0000000140014260     kernel32:KERNEL32.dll
 0002:00000268       __imp_GetCommandLineA      0000000140014268     kernel32:KERNEL32.dll
 0002:00000270       __imp_GetCommandLineW      0000000140014270     kernel32:KERNEL32.dll
 0002:00000278       __imp_GetEnvironmentStringsW 0000000140014278     kernel32:KERNEL32.dll
 0002:00000280       __imp_FreeEnvironmentStringsW 0000000140014280     kernel32:KERNEL32.dll
 0002:00000288       __imp_LCMapStringW         0000000140014288     kernel32:KERNEL32.dll
 0002:00000290       \177KERNEL32_NULL_THUNK_DATA 0000000140014290     kernel32:KERNEL32.dll
 0002:00000298       __imp_GetDC                0000000140014298     user32:USER32.dll
 0002:000002a0       __imp_DispatchMessageA     00000001400142a0     user32:USER32.dll
 0002:000002a8       __imp_GetClientRect        00000001400142a8     user32:USER32.dll
 0002:000002b0       __imp_EndPaint             00000001400142b0     user32:USER32.dll
 0002:000002b8       __imp_BeginPaint           00000001400142b8     user32:USER32.dll
 0002:000002c0       __imp_ReleaseDC            00000001400142c0     user32:USER32.dll
 0002:000002c8       __imp_TranslateMessage     00000001400142c8     user32:USER32.dll
 0002:000002d0       __imp_SetLayeredWindowAttributes 00000001400142d0     user32:USER32.dll
 0002:000002d8       __imp_CreateWindowExA      00000001400142d8     user32:USER32.dll
 0002:000002e0       __imp_RegisterClassA       00000001400142e0     user32:USER32.dll
 0002:000002e8       __imp_DefWindowProcA       00000001400142e8     user32:USER32.dll
 0002:000002f0       __imp_PeekMessageA         00000001400142f0     user32:USER32.dll
 0002:000002f8       \177USER32_NULL_THUNK_DATA 00000001400142f8     user32:USER32.dll
 0002:00000300       __imp_timeBeginPeriod      0000000140014300     winmm:WINMM.dll
 0002:00000308       \177WINMM_NULL_THUNK_DATA  0000000140014308     winmm:WINMM.dll
 0002:00000310       __guard_check_icall_fptr   0000000140014310     LIBCMT:guard_support.obj
 0002:00000318       __guard_dispatch_icall_fptr 0000000140014318     LIBCMT:guard_support.obj
 0002:00000320       __xc_a                     0000000140014320     LIBCMT:initializers.obj
 0002:00000330       __xc_z                     0000000140014330     LIBCMT:initializers.obj
 0002:00000338       __xi_a                     0000000140014338     LIBCMT:initializers.obj
 0002:00000350       __acrt_stdio_initializer   0000000140014350     libucrt:stdio_initializer.obj
 0002:00000358       __acrt_multibyte_initializer 0000000140014358     libucrt:multibyte_initializer.obj
 0002:00000360       __acrt_tran_fma3_initializer 0000000140014360     libucrt:fma3_initializer.obj
 0002:00000368       __xi_z                     0000000140014368     LIBCMT:initializers.obj
 0002:00000370       __xp_a                     0000000140014370     LIBCMT:initializers.obj
 0002:00000378       __acrt_locale_terminator   0000000140014378     libucrt:locale_initializer.obj
 0002:00000380       __dcrt_console_output_terminator 0000000140014380     libucrt:console_output_initializer.obj
 0002:00000388       __acrt_stdio_terminator    0000000140014388     libucrt:stdio_initializer.obj
 0002:00000390       __xp_z                     0000000140014390     LIBCMT:initializers.obj
 0002:00000398       __xt_a                     0000000140014398     LIBCMT:initializers.obj
 0002:000003a0       __xt_z                     00000001400143a0     LIBCMT:initializers.obj
 0002:000005a0       __real@00000000            00000001400145a0     win32_handmade.obj
 0002:000005a4       __real@3d088889            00000001400145a4     win32_handmade.obj
 0002:000005a8       __real@3f000000            00000001400145a8     win32_handmade.obj
 0002:000005ac       __real@3f800000            00000001400145ac     win32_handmade.obj
 0002:000005b0       __real@412e848000000000    00000001400145b0     win32_handmade.obj
 0002:000005b8       __real@43f0000000000000    00000001400145b8     win32_handmade.obj
 0002:000005c0       __real@447a0000            00000001400145c0     win32_handmade.obj
 0002:000005c4       __real@46fffe00            00000001400145c4     win32_handmade.obj
 0002:000005c8       __real@47000000            00000001400145c8     win32_handmade.obj
 0002:000005cc       __real@bf800000            00000001400145cc     win32_handmade.obj
 0002:000005d0       __xmm@80000000800000008000000080000000 00000001400145d0     win32_handmade.obj
 0002:000005f0       _Microsoft_CRTProvider     00000001400145f0     libvcruntime:telemetry.obj
 0002:000005f8       ??_C@_00CNPNBAHC@?$AA@     00000001400145f8     libvcruntime:telemetry.obj
 0002:000005fc       ??_C@_11LOCGONAA@?$AA?$AA@ 00000001400145fc     libvcruntime:telemetry.obj
 0002:00000600       ??_C@_0O@JEOPJOMI@Main?5Invoked?4?$AA@ 0000000140014600     libvcruntime:telemetry.obj
 0002:00000610       ??_C@_0P@NEAEIBDO@Main?5Returned?4?$AA@ 0000000140014610     libvcruntime:telemetry.obj
 0002:00000640       ??_C@_1BC@DNHGCMLG@?$AAa?$AAd?$AAv?$AAa?$AAp?$AAi?$AA3?$AA2?$AA?$AA@ 0000000140014640     libvcruntime:winapi_downlevel.obj
 0002:00000658       ??_C@_1DM@KHCHBNEB@?$AAa?$AAp?$AAi?$AA?9?$AAm?$AAs?$AA?9?$AAw?$AAi?$AAn?$AA?9?$AAc?$AAo?$AAr?$AAe?$AA?9?$AAf?$AAi?$AAb?$AAe?$AAr?$AAs?$AA?9?$AAl?$AA1?$AA?9?$AA1?$AA?9?$AA1?$AA?$AA@ 0000000140014658     libvcruntime:winapi_downlevel.obj
 0002:00000698       ??_C@_1DK@LPPGFMPP@?$AAa?$AAp?$AAi?$AA?9?$AAm?$AAs?$AA?9?$AAw?$AAi?$AAn?$AA?9?$AAc?$AAo?$AAr?$AAe?$AA?9?$AAs?$AAy?$AAn?$AAc?$AAh?$AA?9?$AAl?$AA1?$AA?9?$AA2?$AA?9?$AA0?$AA?$AA@ 0000000140014698     libvcruntime:winapi_downlevel.obj
 0002:000006d8       ??_C@_1BC@GDMECMAK@?$AAk?$AAe?$AAr?$AAn?$AAe?$AAl?$AA3?$AA2?$AA?$AA@ 00000001400146d8     libvcruntime:winapi_downlevel.obj
 0002:000006f0       ??_C@_0O@BAMBGLIE@EventRegister?$AA@ 00000001400146f0     libvcruntime:winapi_downlevel.obj
 0002:00000708       ??_C@_0BE@BJEEGHGK@EventSetInformation?$AA@ 0000000140014708     libvcruntime:winapi_downlevel.obj
 0002:00000720       ??_C@_0BA@FAKLIPIC@EventUnregister?$AA@ 0000000140014720     libvcruntime:winapi_downlevel.obj
 0002:00000738       ??_C@_0BD@PKLHJPHD@EventWriteTransfer?$AA@ 0000000140014738     libvcruntime:winapi_downlevel.obj
 0002:00000758       ??_C@_08KNHFBNJ@FlsAlloc?$AA@ 0000000140014758     libvcruntime:winapi_downlevel.obj
 0002:00000770       ??_C@_07PEJMOBNF@FlsFree?$AA@ 0000000140014770     libvcruntime:winapi_downlevel.obj
 0002:00000778       ??_C@_0M@GDNOONDI@FlsGetValue?$AA@ 0000000140014778     libvcruntime:winapi_downlevel.obj
 0002:00000790       ??_C@_0M@JCPCPOEF@FlsSetValue?$AA@ 0000000140014790     libvcruntime:winapi_downlevel.obj
 0002:000007a8       ??_C@_0BM@HCFOFFN@InitializeCriticalSectionEx?$AA@ 00000001400147a8     libvcruntime:winapi_downlevel.obj
 0002:000007c4       ??_C@_02EEKDKGMJ@?$DO?$DN?$AA@ 00000001400147c4     libvcruntime:undname.obj
 0002:000007c8       ??_C@_01IHBHIGKO@?0?$AA@   00000001400147c8     libvcruntime:undname.obj
 0002:000007cc       ??_C@_02HCKGKOFO@?$CI?$CJ?$AA@ 00000001400147cc     libvcruntime:undname.obj
 0002:000007d0       ??_C@_01PJKLJHI@?$HO?$AA@  00000001400147d0     libvcruntime:undname.obj
 0002:000007d4       ??_C@_01JKBOJNNK@?$FO?$AA@ 00000001400147d4     libvcruntime:undname.obj
 0002:000007d8       ??_C@_01DNKMNLPK@?$HM?$AA@ 00000001400147d8     libvcruntime:undname.obj
 0002:000007dc       ??_C@_02PPKAJPJL@?$CG?$CG?$AA@ 00000001400147dc     libvcruntime:undname.obj
 0002:000007e0       ??_C@_02NONPIBCD@?$HM?$HM?$AA@ 00000001400147e0     libvcruntime:undname.obj
 0002:000007e4       ??_C@_02FPIMKNGF@?$CK?$DN?$AA@ 00000001400147e4     libvcruntime:undname.obj
 0002:000007e8       ??_C@_02FOEOMHFC@?$CL?$DN?$AA@ 00000001400147e8     libvcruntime:undname.obj
 0002:000007ec       ??_C@_02FKMDLLOA@?9?$DN?$AA@ 00000001400147ec     libvcruntime:undname.obj
 0002:000007f0       ??_C@_02FJEHGPIO@?1?$DN?$AA@ 00000001400147f0     libvcruntime:undname.obj
 0002:000007f4       ??_C@_02FENAOKFI@?$CF?$DN?$AA@ 00000001400147f4     libvcruntime:undname.obj
 0002:000007f8       ??_C@_03IKFCCPFF@?$DO?$DO?$DN?$AA@ 00000001400147f8     libvcruntime:undname.obj
 0002:000007fc       ??_C@_03CDNPDDLA@?$DM?$DM?$DN?$AA@ 00000001400147fc     libvcruntime:undname.obj
 0002:00000800       ??_C@_02FGJGFEAB@?$CG?$DN?$AA@ 0000000140014800     libvcruntime:undname.obj
 0002:00000804       ??_C@_02DHLNPPGH@?$HM?$DN?$AA@ 0000000140014804     libvcruntime:undname.obj
 0002:00000808       ??_C@_02MHEGNOJ@?$FO?$DN?$AA@ 0000000140014808     libvcruntime:undname.obj
 0002:00000810       ??_C@_09IFPLHPGF@?$GAvftable?8?$AA@ 0000000140014810     libvcruntime:undname.obj
 0002:00000820       ??_C@_09BLBHBJP@?$GAvbtable?8?$AA@ 0000000140014820     libvcruntime:undname.obj
 0002:00000830       ??_C@_07FEEIOKP@?$GAvcall?8?$AA@ 0000000140014830     libvcruntime:undname.obj
 0002:00000838       ??_C@_08LLFFHHDJ@?$GAtypeof?8?$AA@ 0000000140014838     libvcruntime:undname.obj
 0002:00000848       ??_C@_0BF@KDPPACIK@?$GAlocal?5static?5guard?8?$AA@ 0000000140014848     libvcruntime:undname.obj
 0002:00000860       ??_C@_08OBABFOLI@?$GAstring?8?$AA@ 0000000140014860     libvcruntime:undname.obj
 0002:00000870       ??_C@_0BD@JDLKDPAB@?$GAvbase?5destructor?8?$AA@ 0000000140014870     libvcruntime:undname.obj
 0002:00000888       ??_C@_0BN@DEGPLNFK@?$GAvector?5deleting?5destructor?8?$AA@ 0000000140014888     libvcruntime:undname.obj
 0002:000008a8       ??_C@_0BO@OBMKPJIG@?$GAdefault?5constructor?5closure?8?$AA@ 00000001400148a8     libvcruntime:undname.obj
 0002:000008c8       ??_C@_0BN@IMDCHIKM@?$GAscalar?5deleting?5destructor?8?$AA@ 00000001400148c8     libvcruntime:undname.obj
 0002:000008e8       ??_C@_0BO@PFGOCPJJ@?$GAvector?5constructor?5iterator?8?$AA@ 00000001400148e8     libvcruntime:undname.obj
 0002:00000908       ??_C@_0BN@LFPFMEDL@?$GAvector?5destructor?5iterator?8?$AA@ 0000000140014908     libvcruntime:undname.obj
 0002:00000928       ??_C@_0CE@IKBNEHA@?$GAvector?5vbase?5constructor?5iterat@ 0000000140014928     libvcruntime:undname.obj
 0002:00000950       ??_C@_0BL@NILFHHPC@?$GAvirtual?5displacement?5map?8?$AA@ 0000000140014950     libvcruntime:undname.obj
 0002:00000970       ??_C@_0CB@JONCMFFK@?$GAeh?5vector?5constructor?5iterator?8@ 0000000140014970     libvcruntime:undname.obj
 0002:00000998       ??_C@_0CA@GCEOPDGL@?$GAeh?5vector?5destructor?5iterator?8?$AA@ 0000000140014998     libvcruntime:undname.obj
 0002:000009b8       ??_C@_0CH@OOJPLCPH@?$GAeh?5vector?5vbase?5constructor?5ite@ 00000001400149b8     libvcruntime:undname.obj
 0002:000009e0       ??_C@_0BL@LLKPOHJI@?$GAcopy?5constructor?5closure?8?$AA@ 00000001400149e0     libvcruntime:undname.obj
 0002:00000a00       ??_C@_0BA@KBCDOMBN@?$GAudt?5returning?8?$AA@ 0000000140014a00     libvcruntime:undname.obj
 0002:00000a10       ??_C@_03KLGMFNMG@?$GAEH?$AA@ 0000000140014a10     libvcruntime:undname.obj
 0002:00000a14       ??_C@_05KHLCHHI@?$GARTTI?$AA@ 0000000140014a14     libvcruntime:undname.obj
 0002:00000a20       ??_C@_0BA@KKLDJDLB@?$GAlocal?5vftable?8?$AA@ 0000000140014a20     libvcruntime:undname.obj
 0002:00000a30       ??_C@_0CE@IIHCMGGL@?$GAlocal?5vftable?5constructor?5closu@ 0000000140014a30     libvcruntime:undname.obj
 0002:00000a54       ??_C@_06FHBGPFGH@?5new?$FL?$FN?$AA@ 0000000140014a54     libvcruntime:undname.obj
 0002:00000a60       ??_C@_09LBNFPBCA@?5delete?$FL?$FN?$AA@ 0000000140014a60     libvcruntime:undname.obj
 0002:00000a70       ??_C@_0P@HJKNJFNN@?$GAomni?5callsig?8?$AA@ 0000000140014a70     libvcruntime:undname.obj
 0002:00000a80       ??_C@_0BL@CNOONJFP@?$GAplacement?5delete?5closure?8?$AA@ 0000000140014a80     libvcruntime:undname.obj
 0002:00000aa0       ??_C@_0BN@CKNJLHMB@?$GAplacement?5delete?$FL?$FN?5closure?8?$AA@ 0000000140014aa0     libvcruntime:undname.obj
 0002:00000ac0       ??_C@_0CG@CFDHKGGD@?$GAmanaged?5vector?5constructor?5iter@ 0000000140014ac0     libvcruntime:undname.obj
 0002:00000ae8       ??_C@_0CF@IMGKMJNO@?$GAmanaged?5vector?5destructor?5itera@ 0000000140014ae8     libvcruntime:undname.obj
 0002:00000b10       ??_C@_0CG@HLDDJMAG@?$GAeh?5vector?5copy?5constructor?5iter@ 0000000140014b10     libvcruntime:undname.obj
 0002:00000b38       ??_C@_0CM@FCBBDIGB@?$GAeh?5vector?5vbase?5copy?5constructo@ 0000000140014b38     libvcruntime:undname.obj
 0002:00000b68       ??_C@_0BL@CLIPGLGB@?$GAdynamic?5initializer?5for?5?8?$AA@ 0000000140014b68     libvcruntime:undname.obj
 0002:00000b88       ??_C@_0CB@PDBIFEP@?$GAdynamic?5atexit?5destructor?5for?5?8@ 0000000140014b88     libvcruntime:undname.obj
 0002:00000bb0       ??_C@_0CD@CGAJBKEJ@?$GAvector?5copy?5constructor?5iterato@ 0000000140014bb0     libvcruntime:undname.obj
 0002:00000bd8       ??_C@_0CJ@GJELGAMM@?$GAvector?5vbase?5copy?5constructor?5i@ 0000000140014bd8     libvcruntime:undname.obj
 0002:00000c08       ??_C@_0CL@FGIJHLCE@?$GAmanaged?5vector?5copy?5constructor@ 0000000140014c08     libvcruntime:undname.obj
 0002:00000c38       ??_C@_0BM@PMGGMLDN@?$GAlocal?5static?5thread?5guard?8?$AA@ 0000000140014c38     libvcruntime:undname.obj
 0002:00000c58       ??_C@_0N@BDNMDMOL@operator?5?$CC?$CC?5?$AA@ 0000000140014c58     libvcruntime:undname.obj
 0002:00000f98       ??_C@_0BC@DAFEJGAK@?5Type?5Descriptor?8?$AA@ 0000000140014f98     libvcruntime:undname.obj
 0002:00000fb0       ??_C@_0BM@LDKODKLH@?5Base?5Class?5Descriptor?5at?5?$CI?$AA@ 0000000140014fb0     libvcruntime:undname.obj
 0002:00000fd0       ??_C@_0BD@LGICGFMM@?5Base?5Class?5Array?8?$AA@ 0000000140014fd0     libvcruntime:undname.obj
 0002:00000fe8       ??_C@_0BN@MECKDCOJ@?5Class?5Hierarchy?5Descriptor?8?$AA@ 0000000140014fe8     libvcruntime:undname.obj
 0002:00001008       ??_C@_0BK@CFCOFLF@?5Complete?5Object?5Locator?8?$AA@ 0000000140015008     libvcruntime:undname.obj
 0002:00001028       ??_C@_08EHJDFFNH@__based?$CI?$AA@ 0000000140015028     libvcruntime:undname.obj
 0002:00001038       ??_C@_07KOLFKCDI@__cdecl?$AA@ 0000000140015038     libvcruntime:undname.obj
 0002:00001040       ??_C@_08GHMPAG@__pascal?$AA@ 0000000140015040     libvcruntime:undname.obj
 0002:00001050       ??_C@_09IFJBGAPI@__stdcall?$AA@ 0000000140015050     libvcruntime:undname.obj
 0002:00001060       ??_C@_0L@NPHFGOKO@__thiscall?$AA@ 0000000140015060     libvcruntime:undname.obj
 0002:00001070       ??_C@_0L@JMKHOMEK@__fastcall?$AA@ 0000000140015070     libvcruntime:undname.obj
 0002:00001080       ??_C@_0N@BCKKPABJ@__vectorcall?$AA@ 0000000140015080     libvcruntime:undname.obj
 0002:00001090       ??_C@_09HIJEGCPM@__clrcall?$AA@ 0000000140015090     libvcruntime:undname.obj
 0002:0000109c       ??_C@_06GHPCKEAG@__eabi?$AA@ 000000014001509c     libvcruntime:undname.obj
 0002:000010a8       ??_C@_07JOMMBBKO@__ptr64?$AA@ 00000001400150a8     libvcruntime:undname.obj
 0002:000010b0       ??_C@_0L@PILCLIHE@__restrict?$AA@ 00000001400150b0     libvcruntime:undname.obj
 0002:000010c0       ??_C@_0M@GFIIJFMG@__unaligned?$AA@ 00000001400150c0     libvcruntime:undname.obj
 0002:000010d0       ??_C@_09DHDLOLLB@restrict?$CI?$AA@ 00000001400150d0     libvcruntime:undname.obj
 0002:000010dc       ??_C@_04NIHEBCM@?5new?$AA@ 00000001400150dc     libvcruntime:undname.obj
 0002:000010e8       ??_C@_07FPCDHGMM@?5delete?$AA@ 00000001400150e8     libvcruntime:undname.obj
 0002:000010f0       ??_C@_01NEMOKFLO@?$DN?$AA@ 00000001400150f0     libvcruntime:undname.obj
 0002:000010f4       ??_C@_02GPIOPFAK@?$DO?$DO?$AA@ 00000001400150f4     libvcruntime:undname.obj
 0002:000010f8       ??_C@_02FODMEDOG@?$DM?$DM?$AA@ 00000001400150f8     libvcruntime:undname.obj
 0002:000010fc       ??_C@_01DCLJPIOD@?$CB?$AA@ 00000001400150fc     libvcruntime:undname.obj
 0002:00001100       ??_C@_02EGOFBIJA@?$DN?$DN?$AA@ 0000000140015100     libvcruntime:undname.obj
 0002:00001104       ??_C@_02FDNJECIE@?$CB?$DN?$AA@ 0000000140015104     libvcruntime:undname.obj
 0002:00001108       ??_C@_02GPECMEKF@?$FL?$FN?$AA@ 0000000140015108     libvcruntime:undname.obj
 0002:00001110       ??_C@_08LHJFAFGD@operator?$AA@ 0000000140015110     libvcruntime:undname.obj
 0002:0000111c       ??_C@_02HBOOOICD@?9?$DO?$AA@ 000000014001511c     libvcruntime:undname.obj
 0002:00001120       ??_C@_01NBENCBCI@?$CK?$AA@ 0000000140015120     libvcruntime:undname.obj
 0002:00001124       ??_C@_02ECNGHCIF@?$CL?$CL?$AA@ 0000000140015124     libvcruntime:undname.obj
 0002:00001128       ??_C@_02BAABKJLB@?9?9?$AA@ 0000000140015128     libvcruntime:undname.obj
 0002:0000112c       ??_C@_01JOAMLHOP@?9?$AA@   000000014001512c     libvcruntime:undname.obj
 0002:00001130       ??_C@_01MIFGBAGJ@?$CL?$AA@ 0000000140015130     libvcruntime:undname.obj
 0002:00001134       ??_C@_01HNPIGOCE@?$CG?$AA@ 0000000140015134     libvcruntime:undname.obj
 0002:00001138       ??_C@_03MNHNFDLC@?9?$DO?$CK?$AA@ 0000000140015138     libvcruntime:undname.obj
 0002:0000113c       ??_C@_01KMDKNFGN@?1?$AA@   000000014001513c     libvcruntime:undname.obj
 0002:00001140       ??_C@_01FGNFDNOH@?$CF?$AA@ 0000000140015140     libvcruntime:undname.obj
 0002:00001144       ??_C@_01MNNFJEPP@?$DM?$AA@ 0000000140015144     libvcruntime:undname.obj
 0002:00001148       ??_C@_02EHCHHCKH@?$DM?$DN?$AA@ 0000000140015148     libvcruntime:undname.obj
 0002:0000114c       ??_C@_01PPODPGHN@?$DO?$AA@ 000000014001514c     libvcruntime:undname.obj
 0002:00001150       standard_lookup_table      0000000140015150     libucrt:output.obj
 0002:000011b0       format_validation_lookup_table 00000001400151b0     libucrt:output.obj
 0002:0000120c       ??_C@_06OJHGLDPL@?$CInull?$CJ?$AA@ 000000014001520c     libucrt:output.obj
 0002:00001218       ??_C@_1O@CEDCILHN@?$AA?$CI?$AAn?$AAu?$AAl?$AAl?$AA?$CJ?$AA?$AA@ 0000000140015218     libucrt:output.obj
 0002:00001230       __acrt_exception_action_table 0000000140015230     libucrt:exception_filter.obj
 0002:000012f0       __acrt_signal_action_table_count 00000001400152f0     libucrt:exception_filter.obj
 0002:000012f8       __acrt_signal_action_first_fpe_index 00000001400152f8     libucrt:exception_filter.obj
 0002:00001300       __acrt_signal_action_fpe_count 0000000140015300     libucrt:exception_filter.obj
 0002:00001308       ??_C@_1BI@BGOHAHKC@?$AAm?$AAs?$AAc?$AAo?$AAr?$AAe?$AAe?$AA?4?$AAd?$AAl?$AAl?$AA?$AA@ 0000000140015308     libucrt:exit.obj
 0002:00001320       ??_C@_0P@MIGLKIOC@CorExitProcess?$AA@ 0000000140015320     libucrt:exit.obj
 0002:00001588       ??_C@_03OEIAHPBN@INF?$AA@  0000000140015588     libucrt:cvt.obj
 0002:0000158c       ??_C@_03OJHLLCGB@inf?$AA@  000000014001558c     libucrt:cvt.obj
 0002:00001590       ??_C@_03LKNCIKJB@NAN?$AA@  0000000140015590     libucrt:cvt.obj
 0002:00001594       ??_C@_03LHCJEHON@nan?$AA@  0000000140015594     libucrt:cvt.obj
 0002:00001598       ??_C@_09OFJJIMPC@NAN?$CISNAN?$CJ?$AA@ 0000000140015598     libucrt:cvt.obj
 0002:000015a8       ??_C@_09IPFBKMDL@nan?$CIsnan?$CJ?$AA@ 00000001400155a8     libucrt:cvt.obj
 0002:000015b8       ??_C@_08IKHNHAJ@NAN?$CIIND?$CJ?$AA@ 00000001400155b8     libucrt:cvt.obj
 0002:000015c8       ??_C@_08OFCDMILK@nan?$CIind?$CJ?$AA@ 00000001400155c8     libucrt:cvt.obj
 0002:000015d4       ??_C@_05KLBDPFGC@e?$CL000?$AA@ 00000001400155d4     libucrt:cvt.obj
 0002:000015e0       __lc_time_c                00000001400155e0     libucrt:nlsdata.obj
 0002:000018a0       ??_C@_03KOEHGMDN@Sun?$AA@  00000001400158a0     libucrt:nlsdata.obj
 0002:000018a4       ??_C@_03PDAGKDH@Mon?$AA@   00000001400158a4     libucrt:nlsdata.obj
 0002:000018a8       ??_C@_03NAGEINEP@Tue?$AA@  00000001400158a8     libucrt:nlsdata.obj
 0002:000018ac       ??_C@_03MHOMLAJA@Wed?$AA@  00000001400158ac     libucrt:nlsdata.obj
 0002:000018b0       ??_C@_03IOFIKPDN@Thu?$AA@  00000001400158b0     libucrt:nlsdata.obj
 0002:000018b4       ??_C@_03IDIOELNC@Fri?$AA@  00000001400158b4     libucrt:nlsdata.obj
 0002:000018b8       ??_C@_03FEFJNEK@Sat?$AA@   00000001400158b8     libucrt:nlsdata.obj
 0002:000018bc       ??_C@_06OOPIFAJ@Sunday?$AA@ 00000001400158bc     libucrt:nlsdata.obj
 0002:000018c4       ??_C@_06JLEDEDGH@Monday?$AA@ 00000001400158c4     libucrt:nlsdata.obj
 0002:000018d0       ??_C@_07BAAGCFCM@Tuesday?$AA@ 00000001400158d0     libucrt:nlsdata.obj
 0002:000018d8       ??_C@_09DLIGFAKA@Wednesday?$AA@ 00000001400158d8     libucrt:nlsdata.obj
 0002:000018e8       ??_C@_08HACCIKIA@Thursday?$AA@ 00000001400158e8     libucrt:nlsdata.obj
 0002:000018f4       ??_C@_06JECMNKMI@Friday?$AA@ 00000001400158f4     libucrt:nlsdata.obj
 0002:00001900       ??_C@_08INBOOONO@Saturday?$AA@ 0000000140015900     libucrt:nlsdata.obj
 0002:0000190c       ??_C@_03JIHJHPIE@Jan?$AA@  000000014001590c     libucrt:nlsdata.obj
 0002:00001910       ??_C@_03HJBDCHOM@Feb?$AA@  0000000140015910     libucrt:nlsdata.obj
 0002:00001914       ??_C@_03ODNJBKGA@Mar?$AA@  0000000140015914     libucrt:nlsdata.obj
 0002:00001918       ??_C@_03LEOLGMJP@Apr?$AA@  0000000140015918     libucrt:nlsdata.obj
 0002:0000191c       ??_C@_03CNMDKL@May?$AA@    000000014001591c     libucrt:nlsdata.obj
 0002:00001920       ??_C@_03IDFGHECI@Jun?$AA@  0000000140015920     libucrt:nlsdata.obj
 0002:00001924       ??_C@_03LBGABGKK@Jul?$AA@  0000000140015924     libucrt:nlsdata.obj
 0002:00001928       ??_C@_03IFJFEIGA@Aug?$AA@  0000000140015928     libucrt:nlsdata.obj
 0002:0000192c       ??_C@_03GGCAPAJC@Sep?$AA@  000000014001592c     libucrt:nlsdata.obj
 0002:00001930       ??_C@_03BMAOKBAD@Oct?$AA@  0000000140015930     libucrt:nlsdata.obj
 0002:00001934       ??_C@_03JPJOFNIA@Nov?$AA@  0000000140015934     libucrt:nlsdata.obj
 0002:00001938       ??_C@_03MKABNOCG@Dec?$AA@  0000000140015938     libucrt:nlsdata.obj
 0002:00001940       ??_C@_07CGJPFGJA@January?$AA@ 0000000140015940     libucrt:nlsdata.obj
 0002:00001948       ??_C@_08GNJGEPFN@February?$AA@ 0000000140015948     libucrt:nlsdata.obj
 0002:00001954       ??_C@_05HPCKOFNC@March?$AA@ 0000000140015954     libucrt:nlsdata.obj
 0002:0000195c       ??_C@_05DMJDNLEJ@April?$AA@ 000000014001595c     libucrt:nlsdata.obj
 0002:00001964       ??_C@_04CNLMGBGM@June?$AA@ 0000000140015964     libucrt:nlsdata.obj
 0002:0000196c       ??_C@_04MIEPOIFP@July?$AA@ 000000014001596c     libucrt:nlsdata.obj
 0002:00001974       ??_C@_06LBBHFDDG@August?$AA@ 0000000140015974     libucrt:nlsdata.obj
 0002:00001980       ??_C@_09BHHEALKD@September?$AA@ 0000000140015980     libucrt:nlsdata.obj
 0002:00001990       ??_C@_07JJNFCEND@October?$AA@ 0000000140015990     libucrt:nlsdata.obj
 0002:00001998       ??_C@_08HCHEGEOA@November?$AA@ 0000000140015998     libucrt:nlsdata.obj
 0002:000019a8       ??_C@_08EDHMEBNP@December?$AA@ 00000001400159a8     libucrt:nlsdata.obj
 0002:000019b4       ??_C@_02DEDBPAFC@AM?$AA@   00000001400159b4     libucrt:nlsdata.obj
 0002:000019b8       ??_C@_02CJNFDJBF@PM?$AA@   00000001400159b8     libucrt:nlsdata.obj
 0002:000019c0       ??_C@_08BPBNCDIB@MM?1dd?1yy?$AA@ 00000001400159c0     libucrt:nlsdata.obj
 0002:000019d0       ??_C@_0BE@CKGJFCPC@dddd?0?5MMMM?5dd?0?5yyyy?$AA@ 00000001400159d0     libucrt:nlsdata.obj
 0002:000019e8       ??_C@_08JCCMCCIL@HH?3mm?3ss?$AA@ 00000001400159e8     libucrt:nlsdata.obj
 0002:000019f8       ??_C@_17MBGCMIPB@?$AAS?$AAu?$AAn?$AA?$AA@ 00000001400159f8     libucrt:nlsdata.obj
 0002:00001a00       ??_C@_17KBOMKBF@?$AAM?$AAo?$AAn?$AA?$AA@ 0000000140015a00     libucrt:nlsdata.obj
 0002:00001a08       ??_C@_17BMKGEGOJ@?$AAT?$AAu?$AAe?$AA?$AA@ 0000000140015a08     libucrt:nlsdata.obj
 0002:00001a10       ??_C@_17CJEDCEPE@?$AAW?$AAe?$AAd?$AA?$AA@ 0000000140015a10     libucrt:nlsdata.obj
 0002:00001a18       ??_C@_17PDPHAADD@?$AAT?$AAh?$AAu?$AA?$AA@ 0000000140015a18     libucrt:nlsdata.obj
 0002:00001a20       ??_C@_17HFOLPPLP@?$AAF?$AAr?$AAi?$AA?$AA@ 0000000140015a20     libucrt:nlsdata.obj
 0002:00001a28       ??_C@_17GGIBDPIH@?$AAS?$AAa?$AAt?$AA?$AA@ 0000000140015a28     libucrt:nlsdata.obj
 0002:00001a30       ??_C@_1O@IHNHDHPB@?$AAS?$AAu?$AAn?$AAd?$AAa?$AAy?$AA?$AA@ 0000000140015a30     libucrt:nlsdata.obj
 0002:00001a40       ??_C@_1O@MMNBFLIA@?$AAM?$AAo?$AAn?$AAd?$AAa?$AAy?$AA?$AA@ 0000000140015a40     libucrt:nlsdata.obj
 0002:00001a50       ??_C@_1BA@ENFBFFEK@?$AAT?$AAu?$AAe?$AAs?$AAd?$AAa?$AAy?$AA?$AA@ 0000000140015a50     libucrt:nlsdata.obj
 0002:00001a60       ??_C@_1BE@EBOGMDOH@?$AAW?$AAe?$AAd?$AAn?$AAe?$AAs?$AAd?$AAa?$AAy?$AA?$AA@ 0000000140015a60     libucrt:nlsdata.obj
 0002:00001a78       ??_C@_1BC@HHMNLIHE@?$AAT?$AAh?$AAu?$AAr?$AAs?$AAd?$AAa?$AAy?$AA?$AA@ 0000000140015a78     libucrt:nlsdata.obj
 0002:00001a90       ??_C@_1O@PDICJHAG@?$AAF?$AAr?$AAi?$AAd?$AAa?$AAy?$AA?$AA@ 0000000140015a90     libucrt:nlsdata.obj
 0002:00001aa0       ??_C@_1BC@ENMNNPAJ@?$AAS?$AAa?$AAt?$AAu?$AAr?$AAd?$AAa?$AAy?$AA?$AA@ 0000000140015aa0     libucrt:nlsdata.obj
 0002:00001ab8       ??_C@_17DKNBKCHM@?$AAJ?$AAa?$AAn?$AA?$AA@ 0000000140015ab8     libucrt:nlsdata.obj
 0002:00001ac0       ??_C@_17LMDJEKJN@?$AAF?$AAe?$AAb?$AA?$AA@ 0000000140015ac0     libucrt:nlsdata.obj
 0002:00001ac8       ??_C@_17CKNLEDEC@?$AAM?$AAa?$AAr?$AA?$AA@ 0000000140015ac8     libucrt:nlsdata.obj
 0002:00001ad0       ??_C@_17LFPOIHDD@?$AAA?$AAp?$AAr?$AA?$AA@ 0000000140015ad0     libucrt:nlsdata.obj
 0002:00001ad8       ??_C@_17PNNKMEED@?$AAM?$AAa?$AAy?$AA?$AA@ 0000000140015ad8     libucrt:nlsdata.obj
 0002:00001ae0       ??_C@_17KCJGOCPB@?$AAJ?$AAu?$AAn?$AA?$AA@ 0000000140015ae0     libucrt:nlsdata.obj
 0002:00001ae8       ??_C@_17IJPCKHK@?$AAJ?$AAu?$AAl?$AA?$AA@ 0000000140015ae8     libucrt:nlsdata.obj
 0002:00001af0       ??_C@_17ICPELBCN@?$AAA?$AAu?$AAg?$AA?$AA@ 0000000140015af0     libucrt:nlsdata.obj
 0002:00001af8       ??_C@_17HCHCOKMG@?$AAS?$AAe?$AAp?$AA?$AA@ 0000000140015af8     libucrt:nlsdata.obj
 0002:00001b00       ??_C@_17FNLKOI@?$AAO?$AAc?$AAt?$AA?$AA@ 0000000140015b00     libucrt:nlsdata.obj
 0002:00001b08       ??_C@_17BBDMLCIG@?$AAN?$AAo?$AAv?$AA?$AA@ 0000000140015b08     libucrt:nlsdata.obj
 0002:00001b10       ??_C@_17EGKACKIF@?$AAD?$AAe?$AAc?$AA?$AA@ 0000000140015b10     libucrt:nlsdata.obj
 0002:00001b18       ??_C@_1BA@EFMEIEBA@?$AAJ?$AAa?$AAn?$AAu?$AAa?$AAr?$AAy?$AA?$AA@ 0000000140015b18     libucrt:nlsdata.obj
 0002:00001b28       ??_C@_1BC@JGDDFFAM@?$AAF?$AAe?$AAb?$AAr?$AAu?$AAa?$AAr?$AAy?$AA?$AA@ 0000000140015b28     libucrt:nlsdata.obj
 0002:00001b40       ??_C@_1M@IKEENEDF@?$AAM?$AAa?$AAr?$AAc?$AAh?$AA?$AA@ 0000000140015b40     libucrt:nlsdata.obj
 0002:00001b50       ??_C@_1M@GJNLMHFD@?$AAA?$AAp?$AAr?$AAi?$AAl?$AA?$AA@ 0000000140015b50     libucrt:nlsdata.obj
 0002:00001b60       ??_C@_19EPFLPGAP@?$AAJ?$AAu?$AAn?$AAe?$AA?$AA@ 0000000140015b60     libucrt:nlsdata.obj
 0002:00001b70       ??_C@_19BIFMLPCD@?$AAJ?$AAu?$AAl?$AAy?$AA?$AA@ 0000000140015b70     libucrt:nlsdata.obj
 0002:00001b80       ??_C@_1O@PAHLKOAC@?$AAA?$AAu?$AAg?$AAu?$AAs?$AAt?$AA?$AA@ 0000000140015b80     libucrt:nlsdata.obj
 0002:00001b90       ??_C@_1BE@DKAAMBJL@?$AAS?$AAe?$AAp?$AAt?$AAe?$AAm?$AAb?$AAe?$AAr?$AA?$AA@ 0000000140015b90     libucrt:nlsdata.obj
 0002:00001ba8       ??_C@_1BA@EPANDLNG@?$AAO?$AAc?$AAt?$AAo?$AAb?$AAe?$AAr?$AA?$AA@ 0000000140015ba8     libucrt:nlsdata.obj
 0002:00001bb8       ??_C@_1BC@BGLIFPF@?$AAN?$AAo?$AAv?$AAe?$AAm?$AAb?$AAe?$AAr?$AA?$AA@ 0000000140015bb8     libucrt:nlsdata.obj
 0002:00001bd0       ??_C@_1BC@FEMKIFH@?$AAD?$AAe?$AAc?$AAe?$AAm?$AAb?$AAe?$AAr?$AA?$AA@ 0000000140015bd0     libucrt:nlsdata.obj
 0002:00001be4       ??_C@_15ODEHAHHF@?$AAA?$AAM?$AA?$AA@ 0000000140015be4     libucrt:nlsdata.obj
 0002:00001bec       ??_C@_15CLMNNGEL@?$AAP?$AAM?$AA?$AA@ 0000000140015bec     libucrt:nlsdata.obj
[...]
 0004:00000978       $pdata$__acrt_initialize_lowio 0000000140020978     libucrt:ioinit.obj
 0004:00000984       $pdata$__acrt_uninitialize_lowio 0000000140020984     libucrt:ioinit.obj
 0004:00000990       $pdata$??$common_expand_argv_wildcards@D@@YAHQEAPEADQEAPEAPEAD@Z 0000000140020990     libucrt:argv_wildcards.obj
 0004:0000099c       $pdata$??$copy_and_add_argument_to_buffer@D@@YAHQEBD0_KAEAV?$argument_list@D@?A0x7b96f60e@@@Z 000000014002099c     libucrt:argv_wildcards.obj
 0004:000009a8       $pdata$??$expand_argument_wildcards@D@@YAHQEAD0AEAV?$argument_list@D@?A0x7b96f60e@@@Z 00000001400209a8     libucrt:argv_wildcards.obj
 0004:000009b4       $pdata$?expand_if_necessary@?$argument_list@D@?A0x7b96f60e@@AEAAHXZ 00000001400209b4     libucrt:argv_wildcards.obj
 0004:000009c0       $pdata$??$?RV<lambda_99476a1ad63dd22509b5d3e65b0ffc95>@@AEAV<lambda_ad1ced32f4ac17aa236e5ef05d6b3b7c>@@V<lambda_f7424dd8d45958661754dc4f2697e9c3>@@@?$__crt_seh_guarded_call@X@@QEAAX$$QEAV<lambda_99476a1ad63dd22509b5d3e65b0ffc95>@@AEAV<lambda_ad1ced32f4ac17aa236e5ef05d6b3b7c>@@$$QEAV<lambda_f7424dd8d45958661754dc4f2697e9c3>@@@Z 00000001400209c0     libucrt:mbctype.obj
 0004:000009cc       $pdata$??R<lambda_ad1ced32f4ac17aa236e5ef05d6b3b7c>@@QEBAXXZ 00000001400209cc     libucrt:mbctype.obj
 0004:000009d8       $pdata$?getSystemCP@@YAHH@Z 00000001400209d8     libucrt:mbctype.obj
 0004:000009e4       $pdata$?setSBCS@@YAXPEAU__crt_multibyte_data@@@Z 00000001400209e4     libucrt:mbctype.obj
 0004:000009f0       $pdata$?setSBUpLow@@YAXPEAU__crt_multibyte_data@@@Z 00000001400209f0     libucrt:mbctype.obj
 0004:000009fc       $pdata$?setmbcp_internal@@YAHH_N@Z 00000001400209fc     libucrt:mbctype.obj
 0004:00000a08       $pdata$__acrt_initialize_multibyte 0000000140020a08     libucrt:mbctype.obj
 0004:00000a14       $pdata$__acrt_update_thread_multibyte_data 0000000140020a14     libucrt:mbctype.obj
 0004:00000a20       $pdata$_setmbcp_nolock     0000000140020a20     libucrt:mbctype.obj
 0004:00000a2c       $pdata$?x_ismbbtype_l@@YAHPEAU__crt_locale_pointers@@IHH@Z 0000000140020a2c     libucrt:ismbbyte.obj
 0004:00000a38       $pdata$__acrt_initialize_command_line 0000000140020a38     libucrt:argv_data.obj
 0004:00000a44       $pdata$__dcrt_get_narrow_environment_from_os 0000000140020a44     libucrt:get_environment_from_os.obj
 0004:00000a50       $pdata$__acrt_initialize_locks 0000000140020a50     libucrt:locks.obj
 0004:00000a5c       $pdata$__acrt_uninitialize_locks 0000000140020a5c     libucrt:locks.obj
 0004:00000a68       $pdata$?try_get_function@@YAPEAXW4function_id@?A0x1dd686d3@@QEBDQEBW4module_id@2@2@Z 0000000140020a68     libucrt:winapi_thunks.obj
 0004:00000a74       $pdata$__acrt_FlsAlloc     0000000140020a74     libucrt:winapi_thunks.obj
 0004:00000a80       $pdata$__acrt_FlsFree      0000000140020a80     libucrt:winapi_thunks.obj
 0004:00000a8c       $pdata$__acrt_FlsGetValue  0000000140020a8c     libucrt:winapi_thunks.obj
 0004:00000a98       $pdata$__acrt_FlsSetValue  0000000140020a98     libucrt:winapi_thunks.obj
 0004:00000aa4       $pdata$__acrt_InitializeCriticalSectionEx 0000000140020aa4     libucrt:winapi_thunks.obj
 0004:00000ab0       $pdata$__acrt_LCMapStringEx 0000000140020ab0     libucrt:winapi_thunks.obj
 0004:00000abc       $pdata$__acrt_LocaleNameToLCID 0000000140020abc     libucrt:winapi_thunks.obj
 0004:00000ac8       $pdata$__acrt_initialize_winapi_thunks 0000000140020ac8     libucrt:winapi_thunks.obj
 0004:00000ad4       $pdata$__acrt_is_packaged_app 0000000140020ad4     libucrt:winapi_thunks.obj
 0004:00000ae0       $pdata$__acrt_uninitialize_winapi_thunks 0000000140020ae0     libucrt:winapi_thunks.obj
 0004:00000aec       $pdata$__acrt_lowio_create_handle_array 0000000140020aec     libucrt:osfinfo.obj
 0004:00000af8       $pdata$__acrt_lowio_destroy_handle_array 0000000140020af8     libucrt:osfinfo.obj
 0004:00000b04       $pdata$__acrt_lowio_ensure_fh_exists 0000000140020b04     libucrt:osfinfo.obj
 0004:00000b10       $pdata$_free_osfhnd        0000000140020b10     libucrt:osfinfo.obj
 0004:00000b1c       $pdata$_get_osfhandle      0000000140020b1c     libucrt:osfinfo.obj
 0004:00000b28       $pdata$__acrt_locale_free_monetary 0000000140020b28     libucrt:initmon.obj
 0004:00000b34       $pdata$__acrt_locale_free_numeric 0000000140020b34     libucrt:initnum.obj
 0004:00000b40       $pdata$?free_crt_array_internal@@YAXQEAPEBX_K@Z 0000000140020b40     libucrt:inittime.obj
 0004:00000b4c       $pdata$__acrt_locale_free_time 0000000140020b4c     libucrt:inittime.obj
 0004:00000b58       $pdata$__pctype_func       0000000140020b58     libucrt:ctype.obj
 0004:00000b64       $pdata$__acrt_GetStringTypeA 0000000140020b64     libucrt:getstringtypea.obj
 0004:00000b70       $pdata$__acrt_free_locale  0000000140020b70     libucrt:locale_refcounting.obj
 0004:00000b7c       $pdata$__acrt_locale_free_lc_time_if_unreferenced 0000000140020b7c     libucrt:locale_refcounting.obj
 0004:00000b88       $pdata$__acrt_release_locale_ref 0000000140020b88     libucrt:locale_refcounting.obj
 0004:00000b94       $pdata$__acrt_update_thread_locale_data 0000000140020b94     libucrt:locale_refcounting.obj
 0004:00000ba0       $pdata$_updatetlocinfoEx_nolock 0000000140020ba0     libucrt:locale_refcounting.obj
 0004:00000bac       $pdata$_recalloc_base      0000000140020bac     libucrt:recalloc.obj
 0004:00000bb8       $pdata$__acrt_initialize_heap 0000000140020bb8     libucrt:heap_handle.obj
 0004:00000bc4       $pdata$__acrt_execute_initializers 0000000140020bc4     libucrt:shared_initialization.obj
 0004:00000bd0       $pdata$__acrt_execute_uninitializers 0000000140020bd0     libucrt:shared_initialization.obj
 0004:00000bdc       $pdata$_callnewh           0000000140020bdc     libucrt:new_handler.obj
 0004:00000be8       $pdata$_query_new_handler  0000000140020be8     libucrt:new_handler.obj
 0004:00000bf4       $pdata$??$?RV<lambda_c36588078e9f5dfd39652860aa6b3aaf>@@AEAV<lambda_ec61778202f4f5fc7e7711acc23c3bca>@@V<lambda_dc9d2797ccde5d239b4a0efae8ebd7db>@@@?$__crt_seh_guarded_call@P6AXH@Z@@QEAAP6AXH@Z$$QEAV<lambda_c36588078e9f5dfd39652860aa6b3aaf>@@AEAV<lambda_ec61778202f4f5fc7e7711acc23c3bca>@@$$QEAV<lambda_dc9d2797ccde5d239b4a0efae8ebd7db>@@@Z 0000000140020bf4     libucrt:signal.obj
 0004:00000c00       $pdata$__acrt_get_sigabrt_handler 0000000140020c00     libucrt:signal.obj
 0004:00000c0c       $pdata$raise               0000000140020c0c     libucrt:signal.obj
 0004:00000c18       $pdata$_isctype_l          0000000140020c18     libucrt:isctype.obj
 0004:00000c24       $pdata$_isleadbyte_l       0000000140020c24     libucrt:_wctype.obj
 0004:00000c30       $pdata$?__acrt_LCMapStringA_stat@@YAHPEAU__crt_locale_pointers@@PEB_WKPEBDHPEADHHH@Z 0000000140020c30     libucrt:lcmapstringa.obj
 0004:00000c3c       $pdata$__acrt_LCMapStringA 0000000140020c3c     libucrt:lcmapstringa.obj
 0004:00000c48       $pdata$__acrt_fp_strflt_to_string 0000000140020c48     libucrt:_fptostr.obj
 0004:00000c54       $pdata$?divide@__crt_strtox@@YA_KAEAUbig_integer@1@AEBU21@@Z 0000000140020c54     libucrt:cfout.obj
 0004:00000c60       $pdata$5$?divide@__crt_strtox@@YA_KAEAUbig_integer@1@AEBU21@@Z 0000000140020c60     libucrt:cfout.obj
 0004:00000c6c       $pdata$6$?divide@__crt_strtox@@YA_KAEAUbig_integer@1@AEBU21@@Z 0000000140020c6c     libucrt:cfout.obj
 0004:00000c78       $pdata$__acrt_fltout       0000000140020c78     libucrt:cfout.obj
 0004:00000c84       $pdata$memcpy_s            0000000140020c84     libucrt:cfout.obj
 0004:00000c90       $pdata$_fcloseall          0000000140020c90     libucrt:closeall.obj
 0004:00000c9c       $pdata$__acrt_stdio_flush_nolock 0000000140020c9c     libucrt:fflush.obj
 0004:00000ca8       $pdata$_fflush_nolock      0000000140020ca8     libucrt:fflush.obj
 0004:00000cb4       $pdata$common_flush_all    0000000140020cb4     libucrt:fflush.obj
 0004:00000cc0       $pdata$__acrt_stdio_free_buffer_nolock 0000000140020cc0     libucrt:_freebuf.obj
 0004:00000ccc       $pdata$_isatty             0000000140020ccc     libucrt:isatty.obj
 0004:00000cd8       $pdata$?shortsort@@YAXPEAD0_KP6AHPEBX2@Z@Z 0000000140020cd8     libucrt:qsort.obj
 0004:00000ce4       $pdata$2$?shortsort@@YAXPEAD0_KP6AHPEBX2@Z@Z 0000000140020ce4     libucrt:qsort.obj
 0004:00000cf0       $pdata$3$?shortsort@@YAXPEAD0_KP6AHPEBX2@Z@Z 0000000140020cf0     libucrt:qsort.obj
 0004:00000cfc       $pdata$qsort               0000000140020cfc     libucrt:qsort.obj
 0004:00000d08       $pdata$4$qsort             0000000140020d08     libucrt:qsort.obj
 0004:00000d14       $pdata$5$qsort             0000000140020d14     libucrt:qsort.obj
 0004:00000d20       $pdata$strncpy_s           0000000140020d20     libucrt:strncpy_s.obj
 0004:00000d2c       $pdata$strpbrk             0000000140020d2c     libucrt:strpbrk.obj
 0004:00000d38       $pdata$_mbsdec_l           0000000140020d38     libucrt:mbsdec.obj
 0004:00000d44       $pdata$?initialize_multibyte@@YAHXZ 0000000140020d44     libucrt:multibyte_initializer.obj
 0004:00000d50       $pdata$?GetTableIndexFromLocaleName@@YAHPEB_W@Z 0000000140020d50     libucrt:lcidtoname_downlevel.obj
 0004:00000d5c       $pdata$__acrt_DownlevelLocaleNameToLCID 0000000140020d5c     libucrt:lcidtoname_downlevel.obj
 0004:00000d68       $pdata$_msize              0000000140020d68     libucrt:msize.obj
 0004:00000d74       $pdata$_realloc_base       0000000140020d74     libucrt:realloc_base.obj
 0004:00000d80       $pdata$fegetenv            0000000140020d80     libucrt:fegetenv.obj
 0004:00000d8c       $pdata$fesetenv            0000000140020d8c     libucrt:fesetenv.obj
 0004:00000d98       $pdata$feholdexcept        0000000140020d98     libucrt:feholdexcept.obj
 0004:00000db0       $pdata$?write_double_translated_ansi_nolock@@YA?AUwrite_result@?A0x4392dfaa@@HQEBDI@Z 0000000140020db0     libucrt:write.obj
 0004:00000dbc       $pdata$?write_text_ansi_nolock@@YA?AUwrite_result@?A0x4392dfaa@@HQEBDI@Z 0000000140020dbc     libucrt:write.obj
 0004:00000dc8       $pdata$?write_text_utf16le_nolock@@YA?AUwrite_result@?A0x4392dfaa@@HQEBDI@Z 0000000140020dc8     libucrt:write.obj
 0004:00000dd4       $pdata$?write_text_utf8_nolock@@YA?AUwrite_result@?A0x4392dfaa@@HQEBDI@Z 0000000140020dd4     libucrt:write.obj
 0004:00000de0       $pdata$_write              0000000140020de0     libucrt:write.obj
 0004:00000dec       $pdata$_write_nolock       0000000140020dec     libucrt:write.obj
 0004:00000df8       $pdata$??$common_lseek_nolock@_J@@YA_JH_JH@Z 0000000140020df8     libucrt:lseek.obj
 0004:00000e04       $pdata$_fclose_nolock      0000000140020e04     libucrt:fclose.obj
 0004:00000e10       $pdata$fclose              0000000140020e10     libucrt:fclose.obj
 0004:00000e1c       $pdata$??$?RV<lambda_b521505b218e5242e90febf6bfebc422>@@AEAV<lambda_6978c1fb23f02e42e1d9e99668cc68aa>@@V<lambda_314360699dd331753a4119843814e9a7>@@@?$__crt_seh_guarded_call@H@@QEAAH$$QEAV<lambda_b521505b218e5242e90febf6bfebc422>@@AEAV<lambda_6978c1fb23f02e42e1d9e99668cc68aa>@@$$QEAV<lambda_314360699dd331753a4119843814e9a7>@@@Z 0000000140020e1c     libucrt:commit.obj
 0004:00000e28       $pdata$_commit             0000000140020e28     libucrt:commit.obj
 0004:00000e34       $pdata$_getfpcontrolword   0000000140020e34     libucrt:_fenvutils.obj
 0004:00000e40       $pdata$_getfpstatusword    0000000140020e40     libucrt:_fenvutils.obj
 0004:00000e4c       $pdata$_setfpstatusword    0000000140020e4c     libucrt:_fenvutils.obj
 0004:00000e58       $pdata$_clearfp            0000000140020e58     libucrt:ieee.obj
 0004:00000e64       $pdata$common_control87    0000000140020e64     libucrt:ieee.obj
 0004:00000e70       $pdata$_call_matherr       0000000140020e70     libucrt:libm_error.obj
 0004:00000e7c       $pdata$_exception_enabled  0000000140020e7c     libucrt:libm_error.obj
 0004:00000e88       $pdata$_handle_error       0000000140020e88     libucrt:libm_error.obj
 0004:00000e94       $pdata$__acrt_initialize_fma3 0000000140020e94     libucrt:fma3_available.obj
 0004:00000ea0       $pdata$_log10_special      0000000140020ea0     libucrt:log_special.obj
 0004:00000eac       $pdata$_log_special_common 0000000140020eac     libucrt:log_special.obj
 0004:00000eb8       $pdata$_putwch_nolock      0000000140020eb8     libucrt:putwch.obj
 0004:00000ec4       $pdata$??$?RV<lambda_bfedae4ebbf01fab1bb6dcc6a9e276e0>@@AEAV<lambda_2fe9b910cf3cbf4a0ab98a02ba45b3ec>@@V<lambda_237c231691f317818eb88cc1d5d642d6>@@@?$__crt_seh_guarded_call@H@@QEAAH$$QEAV<lambda_bfedae4ebbf01fab1bb6dcc6a9e276e0>@@AEAV<lambda_2fe9b910cf3cbf4a0ab98a02ba45b3ec>@@$$QEAV<lambda_237c231691f317818eb88cc1d5d642d6>@@@Z 0000000140020ec4     libucrt:close.obj
 0004:00000ed0       $pdata$_close              0000000140020ed0     libucrt:close.obj
 0004:00000edc       $pdata$_close_nolock       0000000140020edc     libucrt:close.obj
 0004:00000ef4       $pdata$_raise_exc          0000000140020ef4     libucrt:fpexcept.obj
 0004:00000f00       $pdata$_raise_exc_ex       0000000140020f00     libucrt:fpexcept.obj
 0004:00000f0c       $pdata$_set_errno_from_matherr 0000000140020f0c     libucrt:fpexcept.obj
 0004:00000f18       $pdata$_clrfp              0000000140020f18     libucrt:fpctrl.obj
 0004:00000f24       $pdata$_ctrlfp             0000000140020f24     libucrt:fpctrl.obj
 0004:00000f30       $pdata$_set_statfp         0000000140020f30     libucrt:fpctrl.obj
 0004:00000f3c       $pdata$_statfp             0000000140020f3c     libucrt:fpctrl.obj
 0004:00000f48       $pdata$__dcrt_lowio_initialize_console_output 0000000140020f48     libucrt:initcon.obj
 0004:00000f54       $pdata$__dcrt_terminate_console_output 0000000140020f54     libucrt:initcon.obj
 0004:00000f60       $pdata$_IsNonwritableInCurrentImage 0000000140020f60     LIBCMT:pesect.obj
 0004:00000f84       $pdata$strrchr             0000000140020f84     libvcruntime:strrchr.obj
 0004:00000f9c       $pdata$?filt$0@?0??__scrt_common_main_seh@@YAHXZ@4HA 0000000140020f9c     LIBCMT:exe_winmain.obj
 0004:00000fa8       $pdata$__scrt_is_nonwritable_in_current_image$filt$0 0000000140020fa8     LIBCMT:utility.obj
 0004:00000fb4       $pdata$?filt$0@?0??common_exit@@YAXHW4_crt_exit_cleanup_mode@@W4_crt_exit_return_mode@@@Z@4HA 0000000140020fb4     libucrt:exit.obj
 0004:00000fc0       $pdata$?fin$1@?0??common_exit@@YAXHW4_crt_exit_cleanup_mode@@W4_crt_exit_return_mode@@@Z@4HA 0000000140020fc0     libucrt:exit.obj
 0004:00000fcc       $pdata$__acrt_update_thread_locale_data$fin$0 0000000140020fcc     libucrt:locale_refcounting.obj
 0004:00000fcc       $pdata$__acrt_uninitialize_locale$fin$0 0000000140020fcc     libucrt:wsetlocale.obj
 0004:00000fd8       $pdata$?fin$0@?0???$?RV<lambda_e24bbb7b643b32fcea6fa61b31d4c984>@@AEAV<lambda_275893d493268fdec8709772e3fcec0e>@@V<lambda_9d71df4d7cf3f480f8d633942495c3b0>@@@?$__crt_seh_guarded_call@H@@QEAAH$$QEAV<lambda_e24bbb7b643b32fcea6fa61b31d4c984>@@AEAV<lambda_275893d493268fdec8709772e3fcec0e>@@$$QEAV<lambda_9d71df4d7cf3f480f8d633942495c3b0>@@@Z@4HA 0000000140020fd8     libucrt:onexit.obj
 0004:00000fe4       $pdata$?fin$0@?0???$?RV<lambda_99476a1ad63dd22509b5d3e65b0ffc95>@@AEAV<lambda_ad1ced32f4ac17aa236e5ef05d6b3b7c>@@V<lambda_f7424dd8d45958661754dc4f2697e9c3>@@@?$__crt_seh_guarded_call@X@@QEAAX$$QEAV<lambda_99476a1ad63dd22509b5d3e65b0ffc95>@@AEAV<lambda_ad1ced32f4ac17aa236e5ef05d6b3b7c>@@$$QEAV<lambda_f7424dd8d45958661754dc4f2697e9c3>@@@Z@4HA 0000000140020fe4     libucrt:mbctype.obj
 0004:00000fe4       $pdata$?fin$0@?0???$?RV<lambda_c36588078e9f5dfd39652860aa6b3aaf>@@AEAV<lambda_ec61778202f4f5fc7e7711acc23c3bca>@@V<lambda_dc9d2797ccde5d239b4a0efae8ebd7db>@@@?$__crt_seh_guarded_call@P6AXH@Z@@QEAAP6AXH@Z$$QEAV<lambda_c36588078e9f5dfd39652860aa6b3aaf>@@AEAV<lambda_ec61778202f4f5fc7e7711acc23c3bca>@@$$QEAV<lambda_dc9d2797ccde5d239b4a0efae8ebd7db>@@@Z@4HA 0000000140020fe4     libucrt:signal.obj
 0004:00000fe4       $pdata$?fin$0@?0???$?RV<lambda_fb3a7dec4e47f37f22dae91bb15c9095>@@AEAV<lambda_698284760c8add0bfb0756c19673e34b>@@V<lambda_dfb8eca1e75fef3034a8fb18dd509707>@@@?$__crt_seh_guarded_call@X@@QEAAX$$QEAV<lambda_fb3a7dec4e47f37f22dae91bb15c9095>@@AEAV<lambda_698284760c8add0bfb0756c19673e34b>@@$$QEAV<lambda_dfb8eca1e75fef3034a8fb18dd509707>@@@Z@4HA 0000000140020fe4     libucrt:per_thread_data.obj
 0004:00000fe4       $pdata$?fin$0@?0???$?RV<lambda_72d1df2b273a38828b1ce30cbf4cdab5>@@AEAV<lambda_876a65b173b8412d3a47c70a915b0cf4>@@V<lambda_41932305e351933ebe8f8be3ed8bb5dc>@@@?$__crt_seh_guarded_call@X@@QEAAX$$QEAV<lambda_72d1df2b273a38828b1ce30cbf4cdab5>@@AEAV<lambda_876a65b173b8412d3a47c70a915b0cf4>@@$$QEAV<lambda_41932305e351933ebe8f8be3ed8bb5dc>@@@Z@4HA 0000000140020fe4     libucrt:per_thread_data.obj
 0004:00000fe4       $pdata$?fin$0@?0???$?RV<lambda_b8c45f8f788dd370798f47cfe8ac3a86>@@AEAV<lambda_4e60a939b0d047cfe11ddc22648dfba9>@@V<lambda_332c3edc96d0294ec56c57d38c1cdfd5>@@@?$__crt_seh_guarded_call@H@@QEAAH$$QEAV<lambda_b8c45f8f788dd370798f47cfe8ac3a86>@@AEAV<lambda_4e60a939b0d047cfe11ddc22648dfba9>@@$$QEAV<lambda_332c3edc96d0294ec56c57d38c1cdfd5>@@@Z@4HA 0000000140020fe4     libucrt:onexit.obj
 0004:00000fe4       $pdata$?fin$0@?0???$?RV<lambda_5e887d1dcbef67a5eb4283622ba103bf>@@AEAV<lambda_4466841279450cc726390878d4a41900>@@V<lambda_341c25c0346d94847f1f3c463c57e077>@@@?$__crt_seh_guarded_call@X@@QEAAX$$QEAV<lambda_5e887d1dcbef67a5eb4283622ba103bf>@@AEAV<lambda_4466841279450cc726390878d4a41900>@@$$QEAV<lambda_341c25c0346d94847f1f3c463c57e077>@@@Z@4HA 0000000140020fe4     libucrt:per_thread_data.obj
 0004:00000fe4       $pdata$?fin$0@?0???$?RV<lambda_46352004c1216016012b18bd6f87e700>@@AEAV<lambda_3bd07e1a1191394380780325891bf33f>@@V<lambda_334532d3f185bcaa59b5be82d7d22bff>@@@?$__crt_seh_guarded_call@X@@QEAAX$$QEAV<lambda_46352004c1216016012b18bd6f87e700>@@AEAV<lambda_3bd07e1a1191394380780325891bf33f>@@$$QEAV<lambda_334532d3f185bcaa59b5be82d7d22bff>@@@Z@4HA 0000000140020fe4     libucrt:per_thread_data.obj
 0004:00000ff0       $pdata$__acrt_update_thread_multibyte_data$fin$0 0000000140020ff0     libucrt:mbctype.obj
 0004:00000ffc       $pdata$__acrt_lowio_ensure_fh_exists$fin$0 0000000140020ffc     libucrt:osfinfo.obj
 0004:00000ffc       $pdata$__acrt_initialize_lowio$fin$0 0000000140020ffc     libucrt:ioinit.obj
 0004:00001008       $pdata$_query_new_handler$fin$0 0000000140021008     libucrt:new_handler.obj
 0004:00001014       $pdata$raise$fin$0         0000000140021014     libucrt:signal.obj
 0004:00001020       $pdata$_fcloseall$fin$0    0000000140021020     libucrt:closeall.obj
 0004:0000102c       $pdata$common_flush_all$fin$0 000000014002102c     libucrt:fflush.obj
 0004:00001038       $pdata$common_flush_all$fin$1 0000000140021038     libucrt:fflush.obj
 0004:00001044       $pdata$_write$fin$0        0000000140021044     libucrt:write.obj
 0004:00001050       $pdata$fclose$fin$0        0000000140021050     libucrt:fclose.obj
 0004:0000105c       $pdata$?fin$0@?0???$?RV<lambda_bfedae4ebbf01fab1bb6dcc6a9e276e0>@@AEAV<lambda_2fe9b910cf3cbf4a0ab98a02ba45b3ec>@@V<lambda_237c231691f317818eb88cc1d5d642d6>@@@?$__crt_seh_guarded_call@H@@QEAAH$$QEAV<lambda_bfedae4ebbf01fab1bb6dcc6a9e276e0>@@AEAV<lambda_2fe9b910cf3cbf4a0ab98a02ba45b3ec>@@$$QEAV<lambda_237c231691f317818eb88cc1d5d642d6>@@@Z@4HA 000000014002105c     libucrt:close.obj
 0004:0000105c       $pdata$?fin$0@?0???$?RV<lambda_b521505b218e5242e90febf6bfebc422>@@AEAV<lambda_6978c1fb23f02e42e1d9e99668cc68aa>@@V<lambda_314360699dd331753a4119843814e9a7>@@@?$__crt_seh_guarded_call@H@@QEAAH$$QEAV<lambda_b521505b218e5242e90febf6bfebc422>@@AEAV<lambda_6978c1fb23f02e42e1d9e99668cc68aa>@@$$QEAV<lambda_314360699dd331753a4119843814e9a7>@@@Z@4HA 000000014002105c     libucrt:commit.obj
 0004:00001068       $pdata$_ctrlfp$filt$0      0000000140021068     libucrt:fpctrl.obj
 0004:00001068       $pdata$common_control87$filt$0 0000000140021068     libucrt:ieee.obj
 0004:00001074       $pdata$_IsNonwritableInCurrentImage$filt$0 0000000140021074     LIBCMT:pesect.obj
