 win32_handmade

 Timestamp is 564aae4a (Mon Nov 16 20:34:18 2015)

 Preferred load address is 0000000140000000

 Start         Length     Name                   Class
 0001:00000000 000001dbH .text                   CODE
 0001:000001e0 00011e2cH .text$mn                CODE
 0001:00012010 00000012H .text$mn$00             CODE
 0001:00012030 00000210H .text$x                 CODE
 0002:00000000 000002f0H .idata$5                DATA
 0002:000002f0 00000010H .00cfg                  DATA
 0002:00000300 00000008H .CRT$XCA                DATA
 0002:00000308 00000008H .CRT$XCAA               DATA
 0002:00000310 00000008H .CRT$XCZ                DATA
 0002:00000318 00000008H .CRT$XIA                DATA
 0002:00000320 00000008H .CRT$XIAA               DATA
 0002:00000328 00000008H .CRT$XIAC               DATA
 0002:00000330 00000018H .CRT$XIC                DATA
 0002:00000348 00000008H .CRT$XIZ                DATA
 0002:00000350 00000008H .CRT$XPA                DATA
 0002:00000358 00000010H .CRT$XPX                DATA
 0002:00000368 00000008H .CRT$XPXA               DATA
 0002:00000370 00000008H .CRT$XPZ                DATA
 0002:00000378 00000008H .CRT$XTA                DATA
 0002:00000380 00000008H .CRT$XTZ                DATA
 0002:00000388 00000000H .gfids$x                DATA
 0002:00000390 00007d74H .rdata                  DATA
 0002:00008108 00000000H .rdata$r                DATA
 0002:00008108 00000010H .rdata$zETW0            DATA
 0002:00008118 00000077H .rdata$zETW1            DATA
 0002:0000818f 0000002cH .rdata$zETW2            DATA
 0002:000081bb 00000001H .rdata$zETW9            DATA
 0002:000081bc 00000344H .rdata$zzzdbg           DATA
 0002:00008500 00000008H .rtc$IAA                DATA
 0002:00008508 00000008H .rtc$IZZ                DATA
 0002:00008510 00000008H .rtc$TAA                DATA
 0002:00008518 00000008H .rtc$TZZ                DATA
 0002:00008520 00000d04H .xdata                  DATA
 0002:00009224 00000000H .edata                  DATA
 0002:00009224 00000064H .idata$2                DATA
 0002:00009288 00000014H .idata$3                DATA
 0002:000092a0 000002f0H .idata$4                DATA
 0002:00009590 00000682H .idata$6                DATA
 0003:00000000 00000940H .data                   DATA
 0003:00000940 00000000H .data$r                 DATA
 0003:00000940 00001218H .bss                    DATA
 0004:00000000 00001020H .pdata                  DATA

  Address         Publics by Value              Rva+Base               Lib:Object

 0000:00000000       __guard_fids_count         0000000000000000     <absolute>
 0000:00000000       ___safe_se_handler_count   0000000000000000     <absolute>
 0000:00000000       ___safe_se_handler_table   0000000000000000     <absolute>
 0000:00000000       __guard_fids_table         0000000000000000     <absolute>
 0000:00000100       __guard_flags              0000000000000100     <absolute>
 0000:00000000       __ImageBase                0000000140000000     <linker-defined>
 0001:00000000       ?TraceLoggingRegister@__vcrt_trace_logging_provider@@YAJPEBU_TlgProvider_t@1@PEBU_GUID@@P6AX1KE_K2PEAU_EVENT_FILTER_DESCRIPTOR@@PEAX@Z4@Z 0000000140001000 f i libvcruntime:telemetry.obj
 0001:0000007c       ?_TlgEnableCallback@__vcrt_trace_logging_provider@@YAXPEBU_GUID@@KE_K1PEAU_EVENT_FILTER_DESCRIPTOR@@PEAX@Z 000000014000107c f i libvcruntime:telemetry.obj
 0001:00000140       ?_TlgWrite@__vcrt_trace_logging_provider@@YAJPEBU_TlgProvider_t@1@PEFBXPEBU_GUID@@2IPEAU_EVENT_DATA_DESCRIPTOR@@@Z 0000000140001140 f i libvcruntime:telemetry.obj
 0001:000001e0       ?GameUpdateAndRenderStub@@YAXPEAUgame_memory@@PEAUgame_input@@PEAUgame_offscreen_buffer@@@Z 00000001400011e0 f   win32_handmade.obj
 0001:00000200       ?GameGetSoundSamplesStub@@YAXPEAUgame_memory@@PEAUgame_sound_output_buffer@@@Z 0000000140001200 f   win32_handmade.obj
 0001:00000220       WinMain                    0000000140001220 f   win32_handmade.obj
 0001:00001640       ?XInputGetStateStub@@YAKKPEAU_XINPUT_STATE@@@Z 0000000140002640 f   win32_handmade.obj
 0001:00001660       ?XInputSetStateStub@@YAKKPEAU_XINPUT_VIBRATION@@@Z 0000000140002660 f   win32_handmade.obj
 0001:00001680       ?DEBUGPlatformFreeFileMemory@@YAXPEAX@Z 0000000140002680 f   win32_handmade.obj
 0001:000016b0       ?DEBUGPlatformReadEntireFile@@YA?AUdebug_read_file_result@@PEAD@Z 00000001400026b0 f   win32_handmade.obj
 0001:000017f0       ?DEBUGPlatformWriteEntireFile@@YAHPEADIPEAX@Z 00000001400027f0 f   win32_handmade.obj
 0001:00002e40       ??$__vcrt_va_start_verify_argument_type@PEBD@@YAXXZ 0000000140003e40 f i win32_handmade.obj
 0001:00002e40       ??$__vcrt_va_start_verify_argument_type@QEBD@@YAXXZ 0000000140003e40 f i win32_handmade.obj
 0001:00002e50       ??$_snprintf_s@$0BAA@@@YAHAEAY0BAA@D_KPEBDZZ 0000000140003e50 f i win32_handmade.obj
 0001:00002ea0       ?GetController@@YAPEAUgame_controller_input@@PEAUgame_input@@H@Z 0000000140003ea0 f i win32_handmade.obj
 0001:00002ee0       ?SafeTruncateUInt64@@YAI_K@Z 0000000140003ee0 f i win32_handmade.obj
 0001:00002f10       ?Win32DrawSoundBufferMarker@@YAXPEAUwin32_offscreen_buffer@@PEAUwin32_sound_output@@MHHHKI@Z 0000000140003f10 f i win32_handmade.obj
 0001:00002f90       ?Win32GetSecondsElapsed@@YAMT_LARGE_INTEGER@@0@Z 0000000140003f90 f i win32_handmade.obj
 0001:00002fc0       ?Win32GetWallClock@@YA?AT_LARGE_INTEGER@@XZ 0000000140003fc0 f i win32_handmade.obj
 0001:00002fe0       __local_stdio_printf_options 0000000140003fe0 f i win32_handmade.obj
 0001:00002ff0       _vsnprintf_s               0000000140003ff0 f i win32_handmade.obj
 0001:00003040       _vsnprintf_s_l             0000000140004040 f i win32_handmade.obj
 0001:000030c0       snprintf                   00000001400040c0 f i win32_handmade.obj
 0001:00003120       vsnprintf                  0000000140004120 f i win32_handmade.obj
 0001:00003194       __GSHandlerCheck           0000000140004194 f   LIBCMT:_gshandler_.obj
 0001:000031b4       __GSHandlerCheckCommon     00000001400041b4 f   LIBCMT:_gshandler_.obj
 0001:00003220       __security_check_cookie    0000000140004220 f   LIBCMT:_amdsecgs_.obj
 0001:000034a0       WinMainCRTStartup          00000001400044a0 f   LIBCMT:exe_winmain.obj
 0001:000034b4       __raise_securityfailure    00000001400044b4 f   LIBCMT:gs_report.obj
 0001:000034e8       __report_gsfailure         00000001400044e8 f   LIBCMT:gs_report.obj
 0001:000035bc       __report_rangecheckfailure 00000001400045bc f   LIBCMT:gs_report.obj
 0001:000035d0       __report_securityfailure   00000001400045d0 f   LIBCMT:gs_report.obj
 0001:00003750       __scrt_acquire_startup_lock 0000000140004750 f   LIBCMT:utility.obj
 0001:0000378c       __scrt_initialize_crt      000000014000478c f   LIBCMT:utility.obj
 0001:000037d8       __scrt_initialize_onexit_tables 00000001400047d8 f   LIBCMT:utility.obj
 0001:000038a4       __scrt_is_nonwritable_in_current_image 00000001400048a4 f   LIBCMT:utility.obj
 0001:00003940       __scrt_release_startup_lock 0000000140004940 f   LIBCMT:utility.obj
 0001:00003964       __scrt_uninitialize_crt    0000000140004964 f   LIBCMT:utility.obj
 0001:00003990       _onexit                    0000000140004990 f   LIBCMT:utility.obj
 0001:000039e0       atexit                     00000001400049e0 f   LIBCMT:utility.obj
 0001:000039f8       __security_init_cookie     00000001400049f8 f   LIBCMT:gs_support.obj
 0001:00003aa4       _get_startup_argv_mode     0000000140004aa4 f   LIBCMT:argv_mode.obj
 0001:00003aac       _get_startup_file_mode     0000000140004aac f   LIBCMT:file_mode.obj
 0001:00003ab4       _get_startup_commit_mode   0000000140004ab4 f   LIBCMT:commit_mode.obj
 0001:00003ab4       _matherr                   0000000140004ab4 f   LIBCMT:matherr.obj
 0001:00003ab4       __scrt_initialize_winrt    0000000140004ab4 f   LIBCMT:utility_desktop.obj
 0001:00003ab4       _get_startup_new_mode      0000000140004ab4 f   LIBCMT:new_mode.obj
 0001:00003ab4       _get_startup_thread_locale_mode 0000000140004ab4 f   LIBCMT:thread_locale.obj
 0001:00003ab8       ?__scrt_initialize_type_info@@YAXXZ 0000000140004ab8 f   LIBCMT:tncleanup.obj
 0001:00003ac8       __local_stdio_scanf_options 0000000140004ac8 f i LIBCMT:default_local_stdio_options.obj
 0001:00003ad0       __scrt_initialize_default_local_stdio_options 0000000140004ad0 f   LIBCMT:default_local_stdio_options.obj
 0001:00003aec       __scrt_is_user_matherr_present 0000000140004aec f   LIBCMT:matherr_detection.obj
 0001:00003af8       __scrt_get_dyn_tls_init_callback 0000000140004af8 f   LIBCMT:dyn_tls_init.obj
 0001:00003b00       __scrt_get_dyn_tls_dtor_callback 0000000140004b00 f   LIBCMT:dyn_tls_dtor.obj
 0001:00003b08       __crt_debugger_hook        0000000140004b08 f   LIBCMT:utility_desktop.obj
 0001:00003b10       __scrt_fastfail            0000000140004b10 f   LIBCMT:utility_desktop.obj
 0001:00003c58       __scrt_get_show_window_mode 0000000140004c58 f   LIBCMT:utility_desktop.obj
 0001:00003c98       __scrt_is_managed_app      0000000140004c98 f   LIBCMT:utility_desktop.obj
 0001:00003cec       __scrt_set_unhandled_exception_filter 0000000140004cec f   LIBCMT:utility_desktop.obj
 0001:00003cfc       __scrt_unhandled_exception_filter 0000000140004cfc f   LIBCMT:utility_desktop.obj
 0001:00003d34       _RTC_Initialize            0000000140004d34 f   LIBCMT:_initsect_.obj
 0001:00003d80       _RTC_Terminate             0000000140004d80 f   LIBCMT:_initsect_.obj
 0001:00003dcc       _guard_check_icall         0000000140004dcc f i LIBCMT:checkcfg.obj
 0001:00003dd4       __isa_available_init       0000000140004dd4 f   LIBCMT:_cpu_disp_.obj
 0001:00003f98       __scrt_is_ucrt_dll_in_use  0000000140004f98 f   LIBCMT:ucrt_detection.obj
 0001:00003fa4       _guard_check_icall_nop     0000000140004fa4 f i LIBCMT:guard_support.obj
 0001:00003fa4       _initialize_denormal_control 0000000140004fa4 f i LIBCMT:denormal_control.obj
 0001:00003fa4       _initialize_invalid_parameter_handler 0000000140004fa4 f i LIBCMT:invalid_parameter_handler.obj
 0001:00003fa4       __except_validate_context_record 0000000140004fa4 f i libvcruntime:jbcxrval.obj
 0001:00003fb0       IsProcessorFeaturePresent  0000000140004fb0 f   kernel32:KERNEL32.dll
 0001:00003fbc       __telemetry_main_invoke_trigger 0000000140004fbc f   libvcruntime:telemetry.obj
 0001:000040d4       __telemetry_main_return_trigger 00000001400050d4 f   libvcruntime:telemetry.obj
 0001:000041ec       __vcrt_initialize_telemetry_provider 00000001400051ec f   libvcruntime:telemetry.obj
 0001:00004200       __vcrt_uninitialize_telemetry_provider 0000000140005200 f   libvcruntime:telemetry.obj
 0001:00004220       __C_specific_handler       0000000140005220 f   libvcruntime:_chandler_.obj
 0001:00004410       __vcrt_initialize          0000000140005410 f   libvcruntime:initialization.obj
 0001:00004448       __vcrt_uninitialize        0000000140005448 f   libvcruntime:initialization.obj
 0001:00004490       memset                     0000000140005490 f   libvcruntime:memset.obj
 0001:000047f8       __vcrt_EventRegister       00000001400057f8 f   libvcruntime:winapi_downlevel.obj
 0001:0000487c       __vcrt_EventSetInformation 000000014000587c f   libvcruntime:winapi_downlevel.obj
 0001:00004900       __vcrt_EventUnregister     0000000140005900 f   libvcruntime:winapi_downlevel.obj
 0001:00004954       __vcrt_EventWriteTransfer  0000000140005954 f   libvcruntime:winapi_downlevel.obj
 0001:000049ec       __vcrt_FlsAlloc            00000001400059ec f   libvcruntime:winapi_downlevel.obj
 0001:00004a40       __vcrt_FlsFree             0000000140005a40 f   libvcruntime:winapi_downlevel.obj
 0001:00004a94       __vcrt_FlsSetValue         0000000140005a94 f   libvcruntime:winapi_downlevel.obj
 0001:00004afc       __vcrt_InitializeCriticalSectionEx 0000000140005afc f   libvcruntime:winapi_downlevel.obj
 0001:00004b74       __vcrt_initialize_winapi_thunks 0000000140005b74 f   libvcruntime:winapi_downlevel.obj
 0001:00004bac       __vcrt_uninitialize_winapi_thunks 0000000140005bac f   libvcruntime:winapi_downlevel.obj
 0001:00004c00       _local_unwind              0000000140005c00 f   libvcruntime:_jmpuwind_.obj
 0001:00004c30       _NLG_Notify                0000000140005c30 f   libvcruntime:_jmpuwind_.obj
 0001:00004c50       __NLG_Dispatch2            0000000140005c50 f   libvcruntime:_jmpuwind_.obj
 0001:00004c60       __NLG_Return2              0000000140005c60 f   libvcruntime:_jmpuwind_.obj
 0001:00004c64       __vcrt_freefls             0000000140005c64 f   libvcruntime:per_thread_data.obj
 0001:00004c84       __vcrt_initialize_ptd      0000000140005c84 f   libvcruntime:per_thread_data.obj
 0001:00004cc4       __vcrt_uninitialize_ptd    0000000140005cc4 f   libvcruntime:per_thread_data.obj
 0001:00004ce8       __vcrt_initialize_locks    0000000140005ce8 f   libvcruntime:locks.obj
 0001:00004d30       __vcrt_uninitialize_locks  0000000140005d30 f   libvcruntime:locks.obj
 0001:00004d68       __vcrt_initialize_pure_virtual_call_handler 0000000140005d68 f   libvcruntime:purevirt_data.obj
 0001:00004f34       ??$ensure_buffer_is_big_enough@D@formatting_buffer@__crt_stdio_output@@QEAA_N_K@Z 0000000140005f34 f i libucrt:output.obj
 0001:00004fe0       ??$is_wide_character_specifier@D@__crt_stdio_output@@YA_N_KDW4length_modifier@0@@Z 0000000140005fe0 f i libucrt:output.obj
 0001:00005010       ??$type_case_integer_parse_into_buffer@I@?$output_processor@DV?$string_output_adapter@D@__crt_stdio_output@@V?$standard_base@DV?$string_output_adapter@D@__crt_stdio_output@@@2@@__crt_stdio_output@@AEAAXII_N@Z 0000000140006010 f i libucrt:output.obj
 0001:00005010       ??$type_case_integer_parse_into_buffer@I@?$output_processor@DV?$string_output_adapter@D@__crt_stdio_output@@V?$format_validation_base@DV?$string_output_adapter@D@__crt_stdio_output@@@2@@__crt_stdio_output@@AEAAXII_N@Z 0000000140006010 f i libucrt:output.obj
 0001:000050ac       ??$type_case_integer_parse_into_buffer@_K@?$output_processor@DV?$string_output_adapter@D@__crt_stdio_output@@V?$format_validation_base@DV?$string_output_adapter@D@__crt_stdio_output@@@2@@__crt_stdio_output@@AEAAX_KI_N@Z 00000001400060ac f i libucrt:output.obj
 0001:000050ac       ??$type_case_integer_parse_into_buffer@_K@?$output_processor@DV?$string_output_adapter@D@__crt_stdio_output@@V?$standard_base@DV?$string_output_adapter@D@__crt_stdio_output@@@2@@__crt_stdio_output@@AEAAX_KI_N@Z 00000001400060ac f i libucrt:output.obj
 0001:00005148       ??$write_multiple_characters@V?$string_output_adapter@D@__crt_stdio_output@@D@__crt_stdio_output@@YAXAEBV?$string_output_adapter@D@0@DHQEAH@Z 0000000140006148 f i libucrt:output.obj
 0001:000051a4       ??0?$output_processor@DV?$string_output_adapter@D@__crt_stdio_output@@V?$format_validation_base@DV?$string_output_adapter@D@__crt_stdio_output@@@2@@__crt_stdio_output@@QEAA@AEBV?$string_output_adapter@D@1@_KQEBDQEAU__crt_locale_pointers@@QEAD@Z 00000001400061a4 f i libucrt:output.obj
 0001:000051a4       ??0?$output_processor@DV?$string_output_adapter@D@__crt_stdio_output@@V?$standard_base@DV?$string_output_adapter@D@__crt_stdio_output@@@2@@__crt_stdio_output@@QEAA@AEBV?$string_output_adapter@D@1@_KQEBDQEAU__crt_locale_pointers@@QEAD@Z 00000001400061a4 f i libucrt:output.obj
 0001:00005220       ??0_LocaleUpdate@@QEAA@QEAU__crt_locale_pointers@@@Z 0000000140006220 f i libucrt:output.obj
 0001:000052b0       ?force_decimal_point@__crt_stdio_output@@YAXPEADQEAU__crt_locale_pointers@@@Z 00000001400062b0 f i libucrt:output.obj
 0001:00005320       ?parse_int_from_format_string@?$output_processor@DV?$string_output_adapter@D@__crt_stdio_output@@V?$standard_base@DV?$string_output_adapter@D@__crt_stdio_output@@@2@@__crt_stdio_output@@AEAA_NQEAH@Z 0000000140006320 f i libucrt:output.obj
 0001:00005320       ?parse_int_from_format_string@?$output_processor@DV?$string_output_adapter@D@__crt_stdio_output@@V?$format_validation_base@DV?$string_output_adapter@D@__crt_stdio_output@@@2@@__crt_stdio_output@@AEAA_NQEAH@Z 0000000140006320 f i libucrt:output.obj
 0001:000053a4       ?process@?$output_processor@DV?$string_output_adapter@D@__crt_stdio_output@@V?$format_validation_base@DV?$string_output_adapter@D@__crt_stdio_output@@@2@@__crt_stdio_output@@QEAAHXZ 00000001400063a4 f i libucrt:output.obj
 0001:000055b8       ?process@?$output_processor@DV?$string_output_adapter@D@__crt_stdio_output@@V?$standard_base@DV?$string_output_adapter@D@__crt_stdio_output@@@2@@__crt_stdio_output@@QEAAHXZ 00000001400065b8 f i libucrt:output.obj
 0001:000057bc       ?state_case_normal@?$output_processor@DV?$string_output_adapter@D@__crt_stdio_output@@V?$standard_base@DV?$string_output_adapter@D@__crt_stdio_output@@@2@@__crt_stdio_output@@AEAA_NXZ 00000001400067bc f i libucrt:output.obj
 0001:000057bc       ?state_case_normal@?$output_processor@DV?$string_output_adapter@D@__crt_stdio_output@@V?$format_validation_base@DV?$string_output_adapter@D@__crt_stdio_output@@@2@@__crt_stdio_output@@AEAA_NXZ 00000001400067bc f i libucrt:output.obj
 0001:00005830       ?state_case_normal_tchar@?$output_processor@DV?$string_output_adapter@D@__crt_stdio_output@@V?$standard_base@DV?$string_output_adapter@D@__crt_stdio_output@@@2@@__crt_stdio_output@@AEAA_ND@Z 0000000140006830 f i libucrt:output.obj
 0001:00005830       ?state_case_normal_tchar@?$output_processor@DV?$string_output_adapter@D@__crt_stdio_output@@V?$format_validation_base@DV?$string_output_adapter@D@__crt_stdio_output@@@2@@__crt_stdio_output@@AEAA_ND@Z 0000000140006830 f i libucrt:output.obj
 0001:000058c8       ?state_case_size@?$output_processor@DV?$string_output_adapter@D@__crt_stdio_output@@V?$format_validation_base@DV?$string_output_adapter@D@__crt_stdio_output@@@2@@__crt_stdio_output@@AEAA_NXZ 00000001400068c8 f i libucrt:output.obj
 0001:000058c8       ?state_case_size@?$output_processor@DV?$string_output_adapter@D@__crt_stdio_output@@V?$standard_base@DV?$string_output_adapter@D@__crt_stdio_output@@@2@@__crt_stdio_output@@AEAA_NXZ 00000001400068c8 f i libucrt:output.obj
 0001:00005a44       ?state_case_type@?$output_processor@DV?$string_output_adapter@D@__crt_stdio_output@@V?$standard_base@DV?$string_output_adapter@D@__crt_stdio_output@@@2@@__crt_stdio_output@@AEAA_NXZ 0000000140006a44 f i libucrt:output.obj
 0001:00005a44       ?state_case_type@?$output_processor@DV?$string_output_adapter@D@__crt_stdio_output@@V?$format_validation_base@DV?$string_output_adapter@D@__crt_stdio_output@@@2@@__crt_stdio_output@@AEAA_NXZ 0000000140006a44 f i libucrt:output.obj
 0001:00005cc0       ?type_case_Z@?$output_processor@DV?$string_output_adapter@D@__crt_stdio_output@@V?$standard_base@DV?$string_output_adapter@D@__crt_stdio_output@@@2@@__crt_stdio_output@@AEAA_NXZ 0000000140006cc0 f i libucrt:output.obj
 0001:00005cc0       ?type_case_Z@?$output_processor@DV?$string_output_adapter@D@__crt_stdio_output@@V?$format_validation_base@DV?$string_output_adapter@D@__crt_stdio_output@@@2@@__crt_stdio_output@@AEAA_NXZ 0000000140006cc0 f i libucrt:output.obj
 0001:00005d40       ?type_case_a@?$output_processor@DV?$string_output_adapter@D@__crt_stdio_output@@V?$standard_base@DV?$string_output_adapter@D@__crt_stdio_output@@@2@@__crt_stdio_output@@AEAA_NXZ 0000000140006d40 f i libucrt:output.obj
 0001:00005d40       ?type_case_a@?$output_processor@DV?$string_output_adapter@D@__crt_stdio_output@@V?$format_validation_base@DV?$string_output_adapter@D@__crt_stdio_output@@@2@@__crt_stdio_output@@AEAA_NXZ 0000000140006d40 f i libucrt:output.obj
 0001:00005f5c       ?type_case_c_tchar@?$output_processor@DV?$string_output_adapter@D@__crt_stdio_output@@V?$format_validation_base@DV?$string_output_adapter@D@__crt_stdio_output@@@2@@__crt_stdio_output@@AEAA_ND@Z 0000000140006f5c f i libucrt:output.obj
 0001:00005f5c       ?type_case_c_tchar@?$output_processor@DV?$string_output_adapter@D@__crt_stdio_output@@V?$standard_base@DV?$string_output_adapter@D@__crt_stdio_output@@@2@@__crt_stdio_output@@AEAA_ND@Z 0000000140006f5c f i libucrt:output.obj
 0001:00006010       ?type_case_integer@?$output_processor@DV?$string_output_adapter@D@__crt_stdio_output@@V?$format_validation_base@DV?$string_output_adapter@D@__crt_stdio_output@@@2@@__crt_stdio_output@@AEAA_NI_N@Z 0000000140007010 f i libucrt:output.obj
 0001:00006010       ?type_case_integer@?$output_processor@DV?$string_output_adapter@D@__crt_stdio_output@@V?$standard_base@DV?$string_output_adapter@D@__crt_stdio_output@@@2@@__crt_stdio_output@@AEAA_NI_N@Z 0000000140007010 f i libucrt:output.obj
 0001:000061b0       ?type_case_n@?$output_processor@DV?$string_output_adapter@D@__crt_stdio_output@@V?$format_validation_base@DV?$string_output_adapter@D@__crt_stdio_output@@@2@@__crt_stdio_output@@AEAA_NXZ 00000001400071b0 f i libucrt:output.obj
 0001:000061b0       ?type_case_n@?$output_processor@DV?$string_output_adapter@D@__crt_stdio_output@@V?$standard_base@DV?$string_output_adapter@D@__crt_stdio_output@@@2@@__crt_stdio_output@@AEAA_NXZ 00000001400071b0 f i libucrt:output.obj
 0001:0000628c       ?type_case_s@?$output_processor@DV?$string_output_adapter@D@__crt_stdio_output@@V?$standard_base@DV?$string_output_adapter@D@__crt_stdio_output@@@2@@__crt_stdio_output@@AEAA_NXZ 000000014000728c f i libucrt:output.obj
 0001:0000628c       ?type_case_s@?$output_processor@DV?$string_output_adapter@D@__crt_stdio_output@@V?$format_validation_base@DV?$string_output_adapter@D@__crt_stdio_output@@@2@@__crt_stdio_output@@AEAA_NXZ 000000014000728c f i libucrt:output.obj
 0001:0000631c       ?write_stored_string_tchar@?$output_processor@DV?$string_output_adapter@D@__crt_stdio_output@@V?$format_validation_base@DV?$string_output_adapter@D@__crt_stdio_output@@@2@@__crt_stdio_output@@AEAA_ND@Z 000000014000731c f i libucrt:output.obj
 0001:0000631c       ?write_stored_string_tchar@?$output_processor@DV?$string_output_adapter@D@__crt_stdio_output@@V?$standard_base@DV?$string_output_adapter@D@__crt_stdio_output@@@2@@__crt_stdio_output@@AEAA_ND@Z 000000014000731c f i libucrt:output.obj
 0001:000063f4       ?write_string@?$string_output_adapter@D@__crt_stdio_output@@QEBAXQEBDHQEAH1@Z 00000001400073f4 f i libucrt:output.obj
 0001:000064b0       __stdio_common_vsnprintf_s 00000001400074b0 f   libucrt:output.obj
 0001:0000660c       __stdio_common_vsprintf    000000014000760c f   libucrt:output.obj
 0001:00006840       _seh_filter_exe            0000000140007840 f   libucrt:exception_filter.obj
 0001:000069d0       _query_app_type            00000001400079d0 f   libucrt:report_runtime_error.obj
 0001:000069d8       _set_app_type              00000001400079d8 f   libucrt:report_runtime_error.obj
 0001:000069e0       __acrt_has_user_matherr    00000001400079e0 f   libucrt:matherr.obj
 0001:00006a00       __acrt_initialize_user_matherr 0000000140007a00 f   libucrt:matherr.obj
 0001:00006a08       __acrt_invoke_user_matherr 0000000140007a08 f   libucrt:matherr.obj
 0001:00006a50       __setusermatherr           0000000140007a50 f   libucrt:matherr.obj
 0001:00006c34       __acrt_allocate_buffer_for_argv 0000000140007c34 f   libucrt:argv_parsing.obj
 0001:00006c98       _configure_narrow_argv     0000000140007c98 f   libucrt:argv_parsing.obj
 0001:00006ff4       __dcrt_uninitialize_environments_nolock 0000000140007ff4 f   libucrt:environment_initialization.obj
 0001:0000702c       _initialize_narrow_environment 000000014000802c f   libucrt:environment_initialization.obj
 0001:00007034       _get_narrow_winmain_command_line 0000000140008034 f   libucrt:argv_winmain.obj
 0001:000070a4       _initterm                  00000001400080a4 f   libucrt:initterm.obj
 0001:0000711c       _initterm_e                000000014000811c f   libucrt:initterm.obj
 0001:00007398       __acrt_initialize_thread_local_exit_callback 0000000140008398 f   libucrt:exit.obj
 0001:000073a0       _c_exit                    00000001400083a0 f   libucrt:exit.obj
 0001:000073b0       _cexit                     00000001400083b0 f   libucrt:exit.obj
 0001:000073c0       _exit                      00000001400083c0 f   libucrt:exit.obj
 0001:000073cc       _register_thread_local_exe_atexit_callback 00000001400083cc f   libucrt:exit.obj
 0001:00007410       exit                       0000000140008410 f   libucrt:exit.obj
 0001:0000741c       _set_fmode                 000000014000841c f   libucrt:setmode.obj
 0001:0000745c       __acrt_set_locale_changed  000000014000845c f   libucrt:wsetlocale.obj
 0001:00007468       __acrt_uninitialize_locale 0000000140008468 f   libucrt:wsetlocale.obj
 0001:000074b0       _configthreadlocale        00000001400084b0 f   libucrt:wsetlocale.obj
 0001:0000751c       _query_new_mode            000000014000851c f   libucrt:new_mode.obj
 0001:00007524       _set_new_mode              0000000140008524 f   libucrt:new_mode.obj
 0001:00007550       __p__commode               0000000140008550 f   libucrt:ncommode.obj
 0001:00007558       ??$?RV<lambda_b8c45f8f788dd370798f47cfe8ac3a86>@@AEAV<lambda_4e60a939b0d047cfe11ddc22648dfba9>@@V<lambda_332c3edc96d0294ec56c57d38c1cdfd5>@@@?$__crt_seh_guarded_call@H@@QEAAH$$QEAV<lambda_b8c45f8f788dd370798f47cfe8ac3a86>@@AEAV<lambda_4e60a939b0d047cfe11ddc22648dfba9>@@$$QEAV<lambda_332c3edc96d0294ec56c57d38c1cdfd5>@@@Z 0000000140008558 f i libucrt:onexit.obj
 0001:00007594       ??$?RV<lambda_e24bbb7b643b32fcea6fa61b31d4c984>@@AEAV<lambda_275893d493268fdec8709772e3fcec0e>@@V<lambda_9d71df4d7cf3f480f8d633942495c3b0>@@@?$__crt_seh_guarded_call@H@@QEAAH$$QEAV<lambda_e24bbb7b643b32fcea6fa61b31d4c984>@@AEAV<lambda_275893d493268fdec8709772e3fcec0e>@@$$QEAV<lambda_9d71df4d7cf3f480f8d633942495c3b0>@@@Z 0000000140008594 f i libucrt:onexit.obj
 0001:00007910       _crt_atexit                0000000140008910 f   libucrt:onexit.obj
 0001:00007920       _execute_onexit_table      0000000140008920 f   libucrt:onexit.obj
 0001:0000795c       _initialize_onexit_table   000000014000895c f   libucrt:onexit.obj
 0001:0000799c       _register_onexit_function  000000014000899c f   libucrt:onexit.obj
 0001:00007a2c       __acrt_uninitialize_command_line 0000000140008a2c f   libucrt:argv_data.obj
 0001:00007b1c       __acrt_initialize          0000000140008b1c f   libucrt:initialization.obj
 0001:00007b30       __acrt_uninitialize        0000000140008b30 f   libucrt:initialization.obj
 0001:00007b44       terminate                  0000000140008b44 f   libucrt:terminate.obj
 0001:00007b6c       _free_base                 0000000140008b6c f   libucrt:free_base.obj
 0001:00007bac       _malloc_base               0000000140008bac f   libucrt:malloc_base.obj
 0001:00007c0c       strcpy_s                   0000000140008c0c f   libucrt:strcpy_s.obj
 0001:00007c6c       abort                      0000000140008c6c f   libucrt:abort.obj
 0001:00007cc4       _calloc_base               0000000140008cc4 f   libucrt:calloc_base.obj
 0001:00007d3c       ??$is_overflow_condition@K@__crt_strtox@@YA_NIK@Z 0000000140008d3c f i libucrt:atox.obj
 0001:00007d68       ??$parse_integer@KV?$c_string_character_source@D@__crt_strtox@@@__crt_strtox@@YAKQEAU__crt_locale_pointers@@V?$c_string_character_source@D@0@H_N@Z 0000000140008d68 f i libucrt:atox.obj
 0001:0000807c       __acrt_call_reportfault    000000014000907c f   libucrt:invalid_parameter.obj
 0001:000081d8       __acrt_initialize_invalid_parameter_handler 00000001400091d8 f   libucrt:invalid_parameter.obj
 0001:000081e0       _invalid_parameter         00000001400091e0 f   libucrt:invalid_parameter.obj
 0001:00008288       _invalid_parameter_noinfo  0000000140009288 f   libucrt:invalid_parameter.obj
 0001:000082a8       _invoke_watson             00000001400092a8 f   libucrt:invalid_parameter.obj
 0001:000082f0       isdigit                    00000001400092f0 f i libucrt:_ctype.obj
 0001:000083b4       _tolower_l                 00000001400093b4 f   libucrt:tolower_toupper.obj
 0001:000084f4       tolower                    00000001400094f4 f   libucrt:tolower_toupper.obj
 0001:00008520       __acrt_errno_from_os_error 0000000140009520 f   libucrt:errno.obj
 0001:00008568       __acrt_errno_map_os_error  0000000140009568 f   libucrt:errno.obj
 0001:000085b8       __doserrno                 00000001400095b8 f   libucrt:errno.obj
 0001:000085d8       _errno                     00000001400095d8 f   libucrt:errno.obj
 0001:000085f8       ??$make_c_string_character_source@DPEAPEAD@__crt_strtox@@YA?AV?$c_string_character_source@D@0@QEBDQEAPEAD@Z 00000001400095f8 f i libucrt:strtox.obj
 0001:0000860c       strtol                     000000014000960c f   libucrt:strtox.obj
 0001:0000863c       _mbtowc_l                  000000014000963c f   libucrt:mbtowc.obj
 0001:00008784       mbtowc                     0000000140009784 f   libucrt:mbtowc.obj
 0001:0000878c       _wctomb_s_l                000000014000978c f   libucrt:wctomb.obj
 0001:00008910       wctomb_s                   0000000140009910 f   libucrt:wctomb.obj
 0001:00008924       strnlen                    0000000140009924 f   libucrt:strnlen.obj
 0001:00008a80       wcsnlen                    0000000140009a80 f   libucrt:strnlen.obj
 0001:00008c70       ??$?RV<lambda_46352004c1216016012b18bd6f87e700>@@AEAV<lambda_3bd07e1a1191394380780325891bf33f>@@V<lambda_334532d3f185bcaa59b5be82d7d22bff>@@@?$__crt_seh_guarded_call@X@@QEAAX$$QEAV<lambda_46352004c1216016012b18bd6f87e700>@@AEAV<lambda_3bd07e1a1191394380780325891bf33f>@@$$QEAV<lambda_334532d3f185bcaa59b5be82d7d22bff>@@@Z 0000000140009c70 f i libucrt:per_thread_data.obj
 0001:00008cd0       ??$?RV<lambda_5e887d1dcbef67a5eb4283622ba103bf>@@AEAV<lambda_4466841279450cc726390878d4a41900>@@V<lambda_341c25c0346d94847f1f3c463c57e077>@@@?$__crt_seh_guarded_call@X@@QEAAX$$QEAV<lambda_5e887d1dcbef67a5eb4283622ba103bf>@@AEAV<lambda_4466841279450cc726390878d4a41900>@@$$QEAV<lambda_341c25c0346d94847f1f3c463c57e077>@@@Z 0000000140009cd0 f i libucrt:per_thread_data.obj
 0001:00008d18       ??$?RV<lambda_72d1df2b273a38828b1ce30cbf4cdab5>@@AEAV<lambda_876a65b173b8412d3a47c70a915b0cf4>@@V<lambda_41932305e351933ebe8f8be3ed8bb5dc>@@@?$__crt_seh_guarded_call@X@@QEAAX$$QEAV<lambda_72d1df2b273a38828b1ce30cbf4cdab5>@@AEAV<lambda_876a65b173b8412d3a47c70a915b0cf4>@@$$QEAV<lambda_41932305e351933ebe8f8be3ed8bb5dc>@@@Z 0000000140009d18 f i libucrt:per_thread_data.obj
 0001:00008d58       ??$?RV<lambda_fb3a7dec4e47f37f22dae91bb15c9095>@@AEAV<lambda_698284760c8add0bfb0756c19673e34b>@@V<lambda_dfb8eca1e75fef3034a8fb18dd509707>@@@?$__crt_seh_guarded_call@X@@QEAAX$$QEAV<lambda_fb3a7dec4e47f37f22dae91bb15c9095>@@AEAV<lambda_698284760c8add0bfb0756c19673e34b>@@$$QEAV<lambda_dfb8eca1e75fef3034a8fb18dd509707>@@@Z 0000000140009d58 f i libucrt:per_thread_data.obj
 0001:00008fe8       __acrt_getptd              0000000140009fe8 f   libucrt:per_thread_data.obj
 0001:0000907c       __acrt_getptd_noexit       000000014000a07c f   libucrt:per_thread_data.obj
 0001:0000911c       __acrt_initialize_ptd      000000014000a11c f   libucrt:per_thread_data.obj
 0001:00009158       __acrt_uninitialize_ptd    000000014000a158 f   libucrt:per_thread_data.obj
 0001:0000917c       __acrt_update_locale_info  000000014000a17c f   libucrt:locale_update.obj
 0001:000091b0       __acrt_update_multibyte_info 000000014000a1b0 f   libucrt:locale_update.obj
 0001:000091e4       ?__acrt_fp_classify@@YA?AW4__acrt_fp_class@@AEBN@Z 000000014000a1e4 f i libucrt:cvt.obj
 0001:00009c1c       __acrt_fp_format           000000014000ac1c f   libucrt:cvt.obj
 0001:00009e60       _fileno                    000000014000ae60 f   libucrt:fileno.obj
 0001:00009e88       __acrt_initialize_stdio    000000014000ae88 f   libucrt:_file.obj
 0001:00009fa8       __acrt_uninitialize_stdio  000000014000afa8 f   libucrt:_file.obj
 0001:0000a004       _lock_file                 000000014000b004 f   libucrt:_file.obj
 0001:0000a010       _unlock_file               000000014000b010 f   libucrt:_file.obj
 0001:0000a01c       _get_printf_count_output   000000014000b01c f   libucrt:printf_count_output.obj
 0001:0000a21c       __acrt_initialize_lowio    000000014000b21c f   libucrt:ioinit.obj
 0001:0000a258       __acrt_uninitialize_lowio  000000014000b258 f   libucrt:ioinit.obj
 0001:0000a774       ?expand_if_necessary@?$argument_list@D@?A0x7b96f60e@@AEAAHXZ 000000014000b774 f i libucrt:argv_wildcards.obj
 0001:0000a83c       __acrt_expand_narrow_argv_wildcards 000000014000b83c f   libucrt:argv_wildcards.obj
 0001:0000a844       ??$?RV<lambda_99476a1ad63dd22509b5d3e65b0ffc95>@@AEAV<lambda_ad1ced32f4ac17aa236e5ef05d6b3b7c>@@V<lambda_f7424dd8d45958661754dc4f2697e9c3>@@@?$__crt_seh_guarded_call@X@@QEAAX$$QEAV<lambda_99476a1ad63dd22509b5d3e65b0ffc95>@@AEAV<lambda_ad1ced32f4ac17aa236e5ef05d6b3b7c>@@$$QEAV<lambda_f7424dd8d45958661754dc4f2697e9c3>@@@Z 000000014000b844 f i libucrt:mbctype.obj
 0001:0000af40       __acrt_initialize_multibyte 000000014000bf40 f   libucrt:mbctype.obj
 0001:0000af68       __acrt_update_thread_multibyte_data 000000014000bf68 f   libucrt:mbctype.obj
 0001:0000b028       _setmbcp_nolock            000000014000c028 f   libucrt:mbctype.obj
 0001:0000b348       _ismbblead                 000000014000c348 f   libucrt:ismbbyte.obj
 0001:0000b35c       __acrt_initialize_command_line 000000014000c35c f   libucrt:argv_data.obj
 0001:0000b384       __dcrt_get_narrow_environment_from_os 000000014000c384 f   libucrt:get_environment_from_os.obj
 0001:0000b488       __acrt_initialize_locks    000000014000c488 f   libucrt:locks.obj
 0001:0000b4d0       __acrt_lock                000000014000c4d0 f   libucrt:locks.obj
 0001:0000b4ec       __acrt_uninitialize_locks  000000014000c4ec f   libucrt:locks.obj
 0001:0000b524       __acrt_unlock              000000014000c524 f   libucrt:locks.obj
 0001:0000b6e0       __acrt_FlsAlloc            000000014000c6e0 f   libucrt:winapi_thunks.obj
 0001:0000b738       __acrt_FlsFree             000000014000c738 f   libucrt:winapi_thunks.obj
 0001:0000b790       __acrt_FlsGetValue         000000014000c790 f   libucrt:winapi_thunks.obj
 0001:0000b7e8       __acrt_FlsSetValue         000000014000c7e8 f   libucrt:winapi_thunks.obj
 0001:0000b850       __acrt_InitializeCriticalSectionEx 000000014000c850 f   libucrt:winapi_thunks.obj
 0001:0000b8c8       __acrt_LCMapStringEx       000000014000c8c8 f   libucrt:winapi_thunks.obj
 0001:0000b9b8       __acrt_LocaleNameToLCID    000000014000c9b8 f   libucrt:winapi_thunks.obj
 0001:0000ba20       __acrt_initialize_winapi_thunks 000000014000ca20 f   libucrt:winapi_thunks.obj
 0001:0000ba58       __acrt_is_packaged_app     000000014000ca58 f   libucrt:winapi_thunks.obj
 0001:0000bae0       __acrt_uninitialize_winapi_thunks 000000014000cae0 f   libucrt:winapi_thunks.obj
 0001:0000bb24       __acrt_lowio_create_handle_array 000000014000cb24 f   libucrt:osfinfo.obj
 0001:0000bbbc       __acrt_lowio_destroy_handle_array 000000014000cbbc f   libucrt:osfinfo.obj
 0001:0000bc0c       __acrt_lowio_ensure_fh_exists 000000014000cc0c f   libucrt:osfinfo.obj
 0001:0000bcc4       __acrt_lowio_lock_fh       000000014000ccc4 f   libucrt:osfinfo.obj
 0001:0000bce8       __acrt_lowio_unlock_fh     000000014000cce8 f   libucrt:osfinfo.obj
 0001:0000bd0c       _free_osfhnd               000000014000cd0c f   libucrt:osfinfo.obj
 0001:0000bdc8       _get_osfhandle             000000014000cdc8 f   libucrt:osfinfo.obj
 0001:0000be40       __acrt_locale_free_monetary 000000014000ce40 f   libucrt:initmon.obj
 0001:0000bf4c       __acrt_locale_free_numeric 000000014000cf4c f   libucrt:initnum.obj
 0001:0000c010       __acrt_locale_free_time    000000014000d010 f   libucrt:inittime.obj
 0001:0000c118       __pctype_func              000000014000d118 f   libucrt:ctype.obj
 0001:0000c148       __acrt_GetStringTypeA      000000014000d148 f   libucrt:getstringtypea.obj
 0001:0000c2fc       __acrt_add_locale_ref      000000014000d2fc f   libucrt:locale_refcounting.obj
 0001:0000c388       __acrt_free_locale         000000014000d388 f   libucrt:locale_refcounting.obj
 0001:0000c500       __acrt_locale_add_lc_time_reference 000000014000d500 f   libucrt:locale_refcounting.obj
 0001:0000c528       __acrt_locale_free_lc_time_if_unreferenced 000000014000d528 f   libucrt:locale_refcounting.obj
 0001:0000c560       __acrt_locale_release_lc_time_reference 000000014000d560 f   libucrt:locale_refcounting.obj
 0001:0000c588       __acrt_release_locale_ref  000000014000d588 f   libucrt:locale_refcounting.obj
 0001:0000c630       __acrt_update_thread_locale_data 000000014000d630 f   libucrt:locale_refcounting.obj
 0001:0000c6a0       _updatetlocinfoEx_nolock   000000014000d6a0 f   libucrt:locale_refcounting.obj
 0001:0000c708       _recalloc                  000000014000d708 f   libucrt:recalloc.obj
 0001:0000c710       _recalloc_base             000000014000d710 f   libucrt:recalloc.obj
 0001:0000c7a8       __acrt_initialize_heap     000000014000d7a8 f   libucrt:heap_handle.obj
 0001:0000c7c4       __acrt_uninitialize_heap   000000014000d7c4 f   libucrt:heap_handle.obj
 0001:0000c7d0       __acrt_execute_initializers 000000014000d7d0 f   libucrt:shared_initialization.obj
 0001:0000c864       __acrt_execute_uninitializers 000000014000d864 f   libucrt:shared_initialization.obj
 0001:0000c8b4       __acrt_initialize_new_handler 000000014000d8b4 f   libucrt:new_handler.obj
 0001:0000c8bc       _callnewh                  000000014000d8bc f   libucrt:new_handler.obj
 0001:0000c8fc       _query_new_handler         000000014000d8fc f   libucrt:new_handler.obj
 0001:0000c930       ??$?RV<lambda_c36588078e9f5dfd39652860aa6b3aaf>@@AEAV<lambda_ec61778202f4f5fc7e7711acc23c3bca>@@V<lambda_dc9d2797ccde5d239b4a0efae8ebd7db>@@@?$__crt_seh_guarded_call@P6AXH@Z@@QEAAP6AXH@Z$$QEAV<lambda_c36588078e9f5dfd39652860aa6b3aaf>@@AEAV<lambda_ec61778202f4f5fc7e7711acc23c3bca>@@$$QEAV<lambda_dc9d2797ccde5d239b4a0efae8ebd7db>@@@Z 000000014000d930 f i libucrt:signal.obj
 0001:0000c978       __acrt_get_sigabrt_handler 000000014000d978 f   libucrt:signal.obj
 0001:0000c9a8       __acrt_initialize_signal_handlers 000000014000d9a8 f   libucrt:signal.obj
 0001:0000c9c8       raise                      000000014000d9c8 f   libucrt:signal.obj
 0001:0000cc64       _isctype_l                 000000014000dc64 f   libucrt:isctype.obj
 0001:0000cd74       _isleadbyte_l              000000014000dd74 f i libucrt:_wctype.obj
 0001:0000d110       __acrt_LCMapStringA        000000014000e110 f   libucrt:lcmapstringa.obj
 0001:0000d1a8       __acrt_fp_strflt_to_string 000000014000e1a8 f   libucrt:_fptostr.obj
 0001:0000d270       ?divide@__crt_strtox@@YA_KAEAUbig_integer@1@AEBU21@@Z 000000014000e270 f i libucrt:cfout.obj
 0001:0000d740       __acrt_fltout              000000014000e740 f   libucrt:cfout.obj
 0001:0000eb34       _fcloseall                 000000014000fb34 f   libucrt:closeall.obj
 0001:0000ebe8       __acrt_stdio_flush_nolock  000000014000fbe8 f   libucrt:fflush.obj
 0001:0000ec60       _fflush_nolock             000000014000fc60 f   libucrt:fflush.obj
 0001:0000ecac       _flushall                  000000014000fcac f   libucrt:fflush.obj
 0001:0000ed9c       __acrt_stdio_free_buffer_nolock 000000014000fd9c f   libucrt:_freebuf.obj
 0001:0000eddc       _isatty                    000000014000fddc f   libucrt:isatty.obj
 0001:0000ef10       qsort                      000000014000ff10 f   libucrt:qsort.obj
 0001:0000f244       strncpy_s                  0000000140010244 f   libucrt:strncpy_s.obj
 0001:0000f318       strpbrk                    0000000140010318 f   libucrt:strpbrk.obj
 0001:0000f3b8       _mbsdec                    00000001400103b8 f   libucrt:mbsdec.obj
 0001:0000f3c0       _mbsdec_l                  00000001400103c0 f   libucrt:mbsdec.obj
 0001:0000f538       __acrt_DownlevelLocaleNameToLCID 0000000140010538 f   libucrt:lcidtoname_downlevel.obj
 0001:0000f56c       _msize                     000000014001056c f   libucrt:msize.obj
 0001:0000f5a8       _realloc_base              00000001400105a8 f   libucrt:realloc_base.obj
 0001:0000f62c       __strncnt                  000000014001062c f   libucrt:strncnt.obj
 0001:0000f644       fegetenv                   0000000140010644 f   libucrt:fegetenv.obj
 0001:0000f664       fesetenv                   0000000140010664 f   libucrt:fesetenv.obj
 0001:0000f6b0       feholdexcept               00000001400106b0 f   libucrt:feholdexcept.obj
 0001:0000f700       ceil                       0000000140010700 f   libucrt:ceil.obj
 0001:0000f7d0       log10                      00000001400107d0 f   libucrt:log10.obj
 0001:0001031c       _write                     000000014001131c f   libucrt:write.obj
 0001:00010408       _write_nolock              0000000140011408 f   libucrt:write.obj
 0001:00010788       _lseeki64_nolock           0000000140011788 f   libucrt:lseek.obj
 0001:00010790       _fclose_nolock             0000000140011790 f   libucrt:fclose.obj
 0001:00010814       fclose                     0000000140011814 f   libucrt:fclose.obj
 0001:00010880       ??$?RV<lambda_b521505b218e5242e90febf6bfebc422>@@AEAV<lambda_6978c1fb23f02e42e1d9e99668cc68aa>@@V<lambda_314360699dd331753a4119843814e9a7>@@@?$__crt_seh_guarded_call@H@@QEAAH$$QEAV<lambda_b521505b218e5242e90febf6bfebc422>@@AEAV<lambda_6978c1fb23f02e42e1d9e99668cc68aa>@@$$QEAV<lambda_314360699dd331753a4119843814e9a7>@@@Z 0000000140011880 f i libucrt:commit.obj
 0001:0001090c       _commit                    000000014001190c f   libucrt:commit.obj
 0001:000109a0       _getfpcontrolword          00000001400119a0 f   libucrt:_fenvutils.obj
 0001:000109b8       _getfpstatusword           00000001400119b8 f   libucrt:_fenvutils.obj
 0001:000109cc       _setfpcontrolword          00000001400119cc f   libucrt:_fenvutils.obj
 0001:000109d8       _setfpstatusword           00000001400119d8 f   libucrt:_fenvutils.obj
 0001:00010a28       _clearfp                   0000000140011a28 f   libucrt:ieee.obj
 0001:00010a7c       _controlfp                 0000000140011a7c f   libucrt:ieee.obj
 0001:00010a88       _statusfp                  0000000140011a88 f   libucrt:ieee.obj
 0001:00010e8c       _handle_error              0000000140011e8c f   libucrt:libm_error.obj
 0001:00010fb4       _handle_nan                0000000140011fb4 f   libucrt:libm_error.obj
 0001:00010fd0       __acrt_initialize_fma3     0000000140011fd0 f   libucrt:fma3_available.obj
 0001:00011040       _log10_special             0000000140012040 f   libucrt:log_special.obj
 0001:000110f8       _putwch_nolock             00000001400120f8 f   libucrt:putwch.obj
 0001:00011154       ??$?RV<lambda_bfedae4ebbf01fab1bb6dcc6a9e276e0>@@AEAV<lambda_2fe9b910cf3cbf4a0ab98a02ba45b3ec>@@V<lambda_237c231691f317818eb88cc1d5d642d6>@@@?$__crt_seh_guarded_call@H@@QEAAH$$QEAV<lambda_bfedae4ebbf01fab1bb6dcc6a9e276e0>@@AEAV<lambda_2fe9b910cf3cbf4a0ab98a02ba45b3ec>@@$$QEAV<lambda_237c231691f317818eb88cc1d5d642d6>@@@Z 0000000140012154 f i libucrt:close.obj
 0001:000111c8       _close                     00000001400121c8 f   libucrt:close.obj
 0001:0001126c       _close_nolock              000000014001226c f   libucrt:close.obj
 0001:00011328       ?__acrt_stdio_free_stream@@YAXV__crt_stdio_stream@@@Z 0000000140012328 f   libucrt:stream.obj
 0001:00011380       _get_fpsr                  0000000140012380 f   libucrt:fpsr.obj
 0001:00011390       _set_fpsr                  0000000140012390 f   libucrt:fpsr.obj
 0001:0001139a       _fclrf                     000000014001239a f   libucrt:fpsr.obj
 0001:000113ae       _frnd                      00000001400123ae f   libucrt:fpsr.obj
 0001:000113d0       _raise_exc                 00000001400123d0 f   libucrt:fpexcept.obj
 0001:000113f8       _raise_exc_ex              00000001400123f8 f   libucrt:fpexcept.obj
 0001:00011700       _set_errno_from_matherr    0000000140012700 f   libucrt:fpexcept.obj
 0001:00011730       _clrfp                     0000000140012730 f   libucrt:fpctrl.obj
 0001:00011750       _ctrlfp                    0000000140012750 f   libucrt:fpctrl.obj
 0001:000117cc       _set_statfp                00000001400127cc f   libucrt:fpctrl.obj
 0001:000117ec       _statfp                    00000001400127ec f   libucrt:fpctrl.obj
 0001:00011800       __dcrt_lowio_initialize_console_output 0000000140012800 f   libucrt:initcon.obj
 0001:0001183c       __dcrt_terminate_console_output 000000014001283c f   libucrt:initcon.obj
 0001:00011860       _FindPESection             0000000140012860 f   LIBCMT:pesect.obj
 0001:000118b0       _IsNonwritableInCurrentImage 00000001400128b0 f   LIBCMT:pesect.obj
 0001:00011900       _ValidateImageBase         0000000140012900 f   LIBCMT:pesect.obj
 0001:00011940       __chkstk                   0000000140012940 f   LIBCMT:_chkstk_.obj
 0001:00011940       _alloca_probe              0000000140012940 f   LIBCMT:_chkstk_.obj
 0001:00011992       RtlUnwindEx                0000000140012992 f   kernel32:KERNEL32.dll
 0001:00011998       SystemFunction036          0000000140012998 f   advapi32:ADVAPI32.dll
 0001:000119b0       memmove                    00000001400129b0 f   libvcruntime:memcpy.obj
 0001:000119b0       memcpy                     00000001400129b0 f   libvcruntime:memcpy.obj
 0001:00011e00       memcmp                     0000000140012e00 f   libvcruntime:memcmp.obj
 0001:00011ec8       strrchr                    0000000140012ec8 f   libvcruntime:strrchr.obj
 0001:00012020       _guard_dispatch_icall_nop  0000000140013020 f   LIBCMT:_guard_dispatch_.obj
 0002:00000000       __imp_SystemFunction036    0000000140014000     advapi32:ADVAPI32.dll
 0002:00000008       \177ADVAPI32_NULL_THUNK_DATA 0000000140014008     advapi32:ADVAPI32.dll
 0002:00000010       __imp_StretchDIBits        0000000140014010     gdi32:GDI32.dll
 0002:00000018       \177GDI32_NULL_THUNK_DATA  0000000140014018     gdi32:GDI32.dll
 0002:00000020       __imp_WriteConsoleW        0000000140014020     kernel32:KERNEL32.dll
 0002:00000028       __imp_FlushFileBuffers     0000000140014028     kernel32:KERNEL32.dll
 0002:00000030       __imp_RaiseException       0000000140014030     kernel32:KERNEL32.dll
 0002:00000038       __imp_GetConsoleMode       0000000140014038     kernel32:KERNEL32.dll
 0002:00000040       __imp_GetConsoleCP         0000000140014040     kernel32:KERNEL32.dll
 0002:00000048       __imp_HeapReAlloc          0000000140014048     kernel32:KERNEL32.dll
 0002:00000050       __imp_HeapSize             0000000140014050     kernel32:KERNEL32.dll
 0002:00000058       __imp_CreateFileW          0000000140014058     kernel32:KERNEL32.dll
 0002:00000060       __imp_SetFilePointerEx     0000000140014060     kernel32:KERNEL32.dll
 0002:00000068       __imp_GetProcessHeap       0000000140014068     kernel32:KERNEL32.dll
 0002:00000070       __imp_CreateFileA          0000000140014070     kernel32:KERNEL32.dll
 0002:00000078       __imp_GetFileSizeEx        0000000140014078     kernel32:KERNEL32.dll
 0002:00000080       __imp_ReadFile             0000000140014080     kernel32:KERNEL32.dll
 0002:00000088       __imp_WriteFile            0000000140014088     kernel32:KERNEL32.dll
 0002:00000090       __imp_OutputDebugStringA   0000000140014090     kernel32:KERNEL32.dll
 0002:00000098       __imp_CloseHandle          0000000140014098     kernel32:KERNEL32.dll
 0002:000000a0       __imp_QueryPerformanceCounter 00000001400140a0     kernel32:KERNEL32.dll
 0002:000000a8       __imp_QueryPerformanceFrequency 00000001400140a8     kernel32:KERNEL32.dll
 0002:000000b0       __imp_Sleep                00000001400140b0     kernel32:KERNEL32.dll
 0002:000000b8       __imp_VirtualAlloc         00000001400140b8     kernel32:KERNEL32.dll
 0002:000000c0       __imp_VirtualFree          00000001400140c0     kernel32:KERNEL32.dll
 0002:000000c8       __imp_FreeLibrary          00000001400140c8     kernel32:KERNEL32.dll
 0002:000000d0       __imp_GetProcAddress       00000001400140d0     kernel32:KERNEL32.dll
 0002:000000d8       __imp_LoadLibraryA         00000001400140d8     kernel32:KERNEL32.dll
 0002:000000e0       __imp_CopyFileA            00000001400140e0     kernel32:KERNEL32.dll
 0002:000000e8       __imp_RtlCaptureContext    00000001400140e8     kernel32:KERNEL32.dll
 0002:000000f0       __imp_RtlLookupFunctionEntry 00000001400140f0     kernel32:KERNEL32.dll
 0002:000000f8       __imp_RtlVirtualUnwind     00000001400140f8     kernel32:KERNEL32.dll
 0002:00000100       __imp_UnhandledExceptionFilter 0000000140014100     kernel32:KERNEL32.dll
 0002:00000108       __imp_SetUnhandledExceptionFilter 0000000140014108     kernel32:KERNEL32.dll
 0002:00000110       __imp_GetCurrentProcess    0000000140014110     kernel32:KERNEL32.dll
 0002:00000118       __imp_TerminateProcess     0000000140014118     kernel32:KERNEL32.dll
 0002:00000120       __imp_IsProcessorFeaturePresent 0000000140014120     kernel32:KERNEL32.dll
 0002:00000128       __imp_GetCurrentProcessId  0000000140014128     kernel32:KERNEL32.dll
 0002:00000130       __imp_GetCurrentThreadId   0000000140014130     kernel32:KERNEL32.dll
 0002:00000138       __imp_GetSystemTimeAsFileTime 0000000140014138     kernel32:KERNEL32.dll
 0002:00000140       __imp_InitializeSListHead  0000000140014140     kernel32:KERNEL32.dll
 0002:00000148       __imp_IsDebuggerPresent    0000000140014148     kernel32:KERNEL32.dll
 0002:00000150       __imp_GetStartupInfoW      0000000140014150     kernel32:KERNEL32.dll
 0002:00000158       __imp_GetModuleHandleW     0000000140014158     kernel32:KERNEL32.dll
 0002:00000160       __imp_GetLastError         0000000140014160     kernel32:KERNEL32.dll
 0002:00000168       __imp_GetModuleFileNameW   0000000140014168     kernel32:KERNEL32.dll
 0002:00000170       __imp_RtlUnwindEx          0000000140014170     kernel32:KERNEL32.dll
 0002:00000178       __imp_InitializeCriticalSectionAndSpinCount 0000000140014178     kernel32:KERNEL32.dll
 0002:00000180       __imp_TlsAlloc             0000000140014180     kernel32:KERNEL32.dll
 0002:00000188       __imp_TlsGetValue          0000000140014188     kernel32:KERNEL32.dll
 0002:00000190       __imp_TlsSetValue          0000000140014190     kernel32:KERNEL32.dll
 0002:00000198       __imp_TlsFree              0000000140014198     kernel32:KERNEL32.dll
 0002:000001a0       __imp_LoadLibraryExW       00000001400141a0     kernel32:KERNEL32.dll
 0002:000001a8       __imp_SetLastError         00000001400141a8     kernel32:KERNEL32.dll
 0002:000001b0       __imp_EnterCriticalSection 00000001400141b0     kernel32:KERNEL32.dll
 0002:000001b8       __imp_LeaveCriticalSection 00000001400141b8     kernel32:KERNEL32.dll
 0002:000001c0       __imp_DeleteCriticalSection 00000001400141c0     kernel32:KERNEL32.dll
 0002:000001c8       __imp_GetStdHandle         00000001400141c8     kernel32:KERNEL32.dll
 0002:000001d0       __imp_GetModuleFileNameA   00000001400141d0     kernel32:KERNEL32.dll
 0002:000001d8       __imp_MultiByteToWideChar  00000001400141d8     kernel32:KERNEL32.dll
 0002:000001e0       __imp_WideCharToMultiByte  00000001400141e0     kernel32:KERNEL32.dll
 0002:000001e8       __imp_ExitProcess          00000001400141e8     kernel32:KERNEL32.dll
 0002:000001f0       __imp_GetModuleHandleExW   00000001400141f0     kernel32:KERNEL32.dll
 0002:000001f8       __imp_GetACP               00000001400141f8     kernel32:KERNEL32.dll
 0002:00000200       __imp_HeapFree             0000000140014200     kernel32:KERNEL32.dll
 0002:00000208       __imp_HeapAlloc            0000000140014208     kernel32:KERNEL32.dll
 0002:00000210       __imp_GetFileType          0000000140014210     kernel32:KERNEL32.dll
 0002:00000218       __imp_FindClose            0000000140014218     kernel32:KERNEL32.dll
 0002:00000220       __imp_FindFirstFileExA     0000000140014220     kernel32:KERNEL32.dll
 0002:00000228       __imp_FindNextFileA        0000000140014228     kernel32:KERNEL32.dll
 0002:00000230       __imp_IsValidCodePage      0000000140014230     kernel32:KERNEL32.dll
 0002:00000238       __imp_GetOEMCP             0000000140014238     kernel32:KERNEL32.dll
 0002:00000240       __imp_GetCPInfo            0000000140014240     kernel32:KERNEL32.dll
 0002:00000248       __imp_GetCommandLineA      0000000140014248     kernel32:KERNEL32.dll
 0002:00000250       __imp_GetCommandLineW      0000000140014250     kernel32:KERNEL32.dll
 0002:00000258       __imp_GetEnvironmentStringsW 0000000140014258     kernel32:KERNEL32.dll
 0002:00000260       __imp_FreeEnvironmentStringsW 0000000140014260     kernel32:KERNEL32.dll
 0002:00000268       __imp_LCMapStringW         0000000140014268     kernel32:KERNEL32.dll
 0002:00000270       __imp_SetStdHandle         0000000140014270     kernel32:KERNEL32.dll
 0002:00000278       __imp_GetStringTypeW       0000000140014278     kernel32:KERNEL32.dll
 0002:00000280       \177KERNEL32_NULL_THUNK_DATA 0000000140014280     kernel32:KERNEL32.dll
 0002:00000288       __imp_GetDC                0000000140014288     user32:USER32.dll
 0002:00000290       __imp_DispatchMessageA     0000000140014290     user32:USER32.dll
 0002:00000298       __imp_GetClientRect        0000000140014298     user32:USER32.dll
 0002:000002a0       __imp_EndPaint             00000001400142a0     user32:USER32.dll
 0002:000002a8       __imp_BeginPaint           00000001400142a8     user32:USER32.dll
 0002:000002b0       __imp_TranslateMessage     00000001400142b0     user32:USER32.dll
 0002:000002b8       __imp_CreateWindowExA      00000001400142b8     user32:USER32.dll
 0002:000002c0       __imp_RegisterClassA       00000001400142c0     user32:USER32.dll
 0002:000002c8       __imp_DefWindowProcA       00000001400142c8     user32:USER32.dll
 0002:000002d0       __imp_PeekMessageA         00000001400142d0     user32:USER32.dll
 0002:000002d8       \177USER32_NULL_THUNK_DATA 00000001400142d8     user32:USER32.dll
 0002:000002e0       __imp_timeBeginPeriod      00000001400142e0     winmm:WINMM.dll
 0002:000002e8       \177WINMM_NULL_THUNK_DATA  00000001400142e8     winmm:WINMM.dll
 0002:000002f0       __guard_check_icall_fptr   00000001400142f0     LIBCMT:guard_support.obj
 0002:000002f8       __guard_dispatch_icall_fptr 00000001400142f8     LIBCMT:guard_support.obj
 0002:00000300       __xc_a                     0000000140014300     LIBCMT:initializers.obj
 0002:00000310       __xc_z                     0000000140014310     LIBCMT:initializers.obj
 0002:00000318       __xi_a                     0000000140014318     LIBCMT:initializers.obj
 0002:00000330       __acrt_stdio_initializer   0000000140014330     libucrt:stdio_initializer.obj
 0002:00000338       __acrt_multibyte_initializer 0000000140014338     libucrt:multibyte_initializer.obj
 0002:00000340       __acrt_tran_fma3_initializer 0000000140014340     libucrt:fma3_initializer.obj
 0002:00000348       __xi_z                     0000000140014348     LIBCMT:initializers.obj
 0002:00000350       __xp_a                     0000000140014350     LIBCMT:initializers.obj
 0002:00000358       __acrt_locale_terminator   0000000140014358     libucrt:locale_initializer.obj
 0002:00000360       __dcrt_console_output_terminator 0000000140014360     libucrt:console_output_initializer.obj
 0002:00000368       __acrt_stdio_terminator    0000000140014368     libucrt:stdio_initializer.obj
 0002:00000370       __xp_z                     0000000140014370     LIBCMT:initializers.obj
 0002:00000378       __xt_a                     0000000140014378     LIBCMT:initializers.obj
 0002:00000380       __xt_z                     0000000140014380     LIBCMT:initializers.obj
 0002:00000594       __real@00000000            0000000140014594     win32_handmade.obj
 0002:00000598       __real@3d088889            0000000140014598     win32_handmade.obj
 0002:0000059c       __real@3f000000            000000014001459c     win32_handmade.obj
 0002:000005a0       __real@3f800000            00000001400145a0     win32_handmade.obj
 0002:000005a8       __real@412e848000000000    00000001400145a8     win32_handmade.obj
 0002:000005b0       __real@43f0000000000000    00000001400145b0     win32_handmade.obj
 0002:000005b8       __real@447a0000            00000001400145b8     win32_handmade.obj
 0002:000005bc       __real@46fffe00            00000001400145bc     win32_handmade.obj
 0002:000005c0       __real@47000000            00000001400145c0     win32_handmade.obj
 0002:000005c4       __real@bf800000            00000001400145c4     win32_handmade.obj
 0002:000005d0       __xmm@80000000800000008000000080000000 00000001400145d0     win32_handmade.obj
 0002:000005f0       _Microsoft_CRTProvider     00000001400145f0     libvcruntime:telemetry.obj
 0002:000005f8       ??_C@_00CNPNBAHC@?$AA@     00000001400145f8     libvcruntime:telemetry.obj
 0002:000005fc       ??_C@_11LOCGONAA@?$AA?$AA@ 00000001400145fc     libvcruntime:telemetry.obj
 0002:00000600       ??_C@_0O@JEOPJOMI@Main?5Invoked?4?$AA@ 0000000140014600     libvcruntime:telemetry.obj
 0002:00000610       ??_C@_0P@NEAEIBDO@Main?5Returned?4?$AA@ 0000000140014610     libvcruntime:telemetry.obj
 0002:00000640       ??_C@_1BC@DNHGCMLG@?$AAa?$AAd?$AAv?$AAa?$AAp?$AAi?$AA3?$AA2?$AA?$AA@ 0000000140014640     libvcruntime:winapi_downlevel.obj
 0002:00000658       ??_C@_1DM@KHCHBNEB@?$AAa?$AAp?$AAi?$AA?9?$AAm?$AAs?$AA?9?$AAw?$AAi?$AAn?$AA?9?$AAc?$AAo?$AAr?$AAe?$AA?9?$AAf?$AAi?$AAb?$AAe?$AAr?$AAs?$AA?9?$AAl?$AA1?$AA?9?$AA1?$AA?9?$AA1?$AA?$AA@ 0000000140014658     libvcruntime:winapi_downlevel.obj
 0002:00000698       ??_C@_1DK@LPPGFMPP@?$AAa?$AAp?$AAi?$AA?9?$AAm?$AAs?$AA?9?$AAw?$AAi?$AAn?$AA?9?$AAc?$AAo?$AAr?$AAe?$AA?9?$AAs?$AAy?$AAn?$AAc?$AAh?$AA?9?$AAl?$AA1?$AA?9?$AA2?$AA?9?$AA0?$AA?$AA@ 0000000140014698     libvcruntime:winapi_downlevel.obj
 0002:000006d8       ??_C@_1BC@GDMECMAK@?$AAk?$AAe?$AAr?$AAn?$AAe?$AAl?$AA3?$AA2?$AA?$AA@ 00000001400146d8     libvcruntime:winapi_downlevel.obj
 0002:000006f0       ??_C@_0O@BAMBGLIE@EventRegister?$AA@ 00000001400146f0     libvcruntime:winapi_downlevel.obj
 0002:00000708       ??_C@_0BE@BJEEGHGK@EventSetInformation?$AA@ 0000000140014708     libvcruntime:winapi_downlevel.obj
 0002:00000720       ??_C@_0BA@FAKLIPIC@EventUnregister?$AA@ 0000000140014720     libvcruntime:winapi_downlevel.obj
 0002:00000738       ??_C@_0BD@PKLHJPHD@EventWriteTransfer?$AA@ 0000000140014738     libvcruntime:winapi_downlevel.obj
 0002:00000758       ??_C@_08KNHFBNJ@FlsAlloc?$AA@ 0000000140014758     libvcruntime:winapi_downlevel.obj
 0002:00000770       ??_C@_07PEJMOBNF@FlsFree?$AA@ 0000000140014770     libvcruntime:winapi_downlevel.obj
 0002:00000778       ??_C@_0M@GDNOONDI@FlsGetValue?$AA@ 0000000140014778     libvcruntime:winapi_downlevel.obj
 0002:00000790       ??_C@_0M@JCPCPOEF@FlsSetValue?$AA@ 0000000140014790     libvcruntime:winapi_downlevel.obj
 0002:000007a8       ??_C@_0BM@HCFOFFN@InitializeCriticalSectionEx?$AA@ 00000001400147a8     libvcruntime:winapi_downlevel.obj
 0002:000007c4       ??_C@_02EEKDKGMJ@?$DO?$DN?$AA@ 00000001400147c4     libvcruntime:undname.obj
 0002:000007c8       ??_C@_01IHBHIGKO@?0?$AA@   00000001400147c8     libvcruntime:undname.obj
 0002:000007cc       ??_C@_02HCKGKOFO@?$CI?$CJ?$AA@ 00000001400147cc     libvcruntime:undname.obj
 0002:000007d0       ??_C@_01PJKLJHI@?$HO?$AA@  00000001400147d0     libvcruntime:undname.obj
 0002:000007d4       ??_C@_01JKBOJNNK@?$FO?$AA@ 00000001400147d4     libvcruntime:undname.obj
 0002:000007d8       ??_C@_01DNKMNLPK@?$HM?$AA@ 00000001400147d8     libvcruntime:undname.obj
 0002:000007dc       ??_C@_02PPKAJPJL@?$CG?$CG?$AA@ 00000001400147dc     libvcruntime:undname.obj
 0002:000007e0       ??_C@_02NONPIBCD@?$HM?$HM?$AA@ 00000001400147e0     libvcruntime:undname.obj
 0002:000007e4       ??_C@_02FPIMKNGF@?$CK?$DN?$AA@ 00000001400147e4     libvcruntime:undname.obj
 0002:000007e8       ??_C@_02FOEOMHFC@?$CL?$DN?$AA@ 00000001400147e8     libvcruntime:undname.obj
 0002:000007ec       ??_C@_02FKMDLLOA@?9?$DN?$AA@ 00000001400147ec     libvcruntime:undname.obj
 0002:000007f0       ??_C@_02FJEHGPIO@?1?$DN?$AA@ 00000001400147f0     libvcruntime:undname.obj
 0002:000007f4       ??_C@_02FENAOKFI@?$CF?$DN?$AA@ 00000001400147f4     libvcruntime:undname.obj
 0002:000007f8       ??_C@_03IKFCCPFF@?$DO?$DO?$DN?$AA@ 00000001400147f8     libvcruntime:undname.obj
 0002:000007fc       ??_C@_03CDNPDDLA@?$DM?$DM?$DN?$AA@ 00000001400147fc     libvcruntime:undname.obj
 0002:00000800       ??_C@_02FGJGFEAB@?$CG?$DN?$AA@ 0000000140014800     libvcruntime:undname.obj
 0002:00000804       ??_C@_02DHLNPPGH@?$HM?$DN?$AA@ 0000000140014804     libvcruntime:undname.obj
 0002:00000808       ??_C@_02MHEGNOJ@?$FO?$DN?$AA@ 0000000140014808     libvcruntime:undname.obj
 0002:00000810       ??_C@_09IFPLHPGF@?$GAvftable?8?$AA@ 0000000140014810     libvcruntime:undname.obj
 0002:00000820       ??_C@_09BLBHBJP@?$GAvbtable?8?$AA@ 0000000140014820     libvcruntime:undname.obj
 0002:00000830       ??_C@_07FEEIOKP@?$GAvcall?8?$AA@ 0000000140014830     libvcruntime:undname.obj
 0002:00000838       ??_C@_08LLFFHHDJ@?$GAtypeof?8?$AA@ 0000000140014838     libvcruntime:undname.obj
 0002:00000848       ??_C@_0BF@KDPPACIK@?$GAlocal?5static?5guard?8?$AA@ 0000000140014848     libvcruntime:undname.obj
 0002:00000860       ??_C@_08OBABFOLI@?$GAstring?8?$AA@ 0000000140014860     libvcruntime:undname.obj
 0002:00000870       ??_C@_0BD@JDLKDPAB@?$GAvbase?5destructor?8?$AA@ 0000000140014870     libvcruntime:undname.obj
 0002:00000888       ??_C@_0BN@DEGPLNFK@?$GAvector?5deleting?5destructor?8?$AA@ 0000000140014888     libvcruntime:undname.obj
 0002:000008a8       ??_C@_0BO@OBMKPJIG@?$GAdefault?5constructor?5closure?8?$AA@ 00000001400148a8     libvcruntime:undname.obj
 0002:000008c8       ??_C@_0BN@IMDCHIKM@?$GAscalar?5deleting?5destructor?8?$AA@ 00000001400148c8     libvcruntime:undname.obj
 0002:000008e8       ??_C@_0BO@PFGOCPJJ@?$GAvector?5constructor?5iterator?8?$AA@ 00000001400148e8     libvcruntime:undname.obj
 0002:00000908       ??_C@_0BN@LFPFMEDL@?$GAvector?5destructor?5iterator?8?$AA@ 0000000140014908     libvcruntime:undname.obj
 0002:00000928       ??_C@_0CE@IKBNEHA@?$GAvector?5vbase?5constructor?5iterat@ 0000000140014928     libvcruntime:undname.obj
 0002:00000950       ??_C@_0BL@NILFHHPC@?$GAvirtual?5displacement?5map?8?$AA@ 0000000140014950     libvcruntime:undname.obj
 0002:00000970       ??_C@_0CB@JONCMFFK@?$GAeh?5vector?5constructor?5iterator?8@ 0000000140014970     libvcruntime:undname.obj
 0002:00000998       ??_C@_0CA@GCEOPDGL@?$GAeh?5vector?5destructor?5iterator?8?$AA@ 0000000140014998     libvcruntime:undname.obj
 0002:000009b8       ??_C@_0CH@OOJPLCPH@?$GAeh?5vector?5vbase?5constructor?5ite@ 00000001400149b8     libvcruntime:undname.obj
 0002:000009e0       ??_C@_0BL@LLKPOHJI@?$GAcopy?5constructor?5closure?8?$AA@ 00000001400149e0     libvcruntime:undname.obj
 0002:00000a00       ??_C@_0BA@KBCDOMBN@?$GAudt?5returning?8?$AA@ 0000000140014a00     libvcruntime:undname.obj
 0002:00000a10       ??_C@_03KLGMFNMG@?$GAEH?$AA@ 0000000140014a10     libvcruntime:undname.obj
 0002:00000a14       ??_C@_05KHLCHHI@?$GARTTI?$AA@ 0000000140014a14     libvcruntime:undname.obj
 0002:00000a20       ??_C@_0BA@KKLDJDLB@?$GAlocal?5vftable?8?$AA@ 0000000140014a20     libvcruntime:undname.obj
 0002:00000a30       ??_C@_0CE@IIHCMGGL@?$GAlocal?5vftable?5constructor?5closu@ 0000000140014a30     libvcruntime:undname.obj
 0002:00000a54       ??_C@_06FHBGPFGH@?5new?$FL?$FN?$AA@ 0000000140014a54     libvcruntime:undname.obj
 0002:00000a60       ??_C@_09LBNFPBCA@?5delete?$FL?$FN?$AA@ 0000000140014a60     libvcruntime:undname.obj
 0002:00000a70       ??_C@_0P@HJKNJFNN@?$GAomni?5callsig?8?$AA@ 0000000140014a70     libvcruntime:undname.obj
 0002:00000a80       ??_C@_0BL@CNOONJFP@?$GAplacement?5delete?5closure?8?$AA@ 0000000140014a80     libvcruntime:undname.obj
 0002:00000aa0       ??_C@_0BN@CKNJLHMB@?$GAplacement?5delete?$FL?$FN?5closure?8?$AA@ 0000000140014aa0     libvcruntime:undname.obj
 0002:00000ac0       ??_C@_0CG@CFDHKGGD@?$GAmanaged?5vector?5constructor?5iter@ 0000000140014ac0     libvcruntime:undname.obj
 0002:00000ae8       ??_C@_0CF@IMGKMJNO@?$GAmanaged?5vector?5destructor?5itera@ 0000000140014ae8     libvcruntime:undname.obj
 0002:00000b10       ??_C@_0CG@HLDDJMAG@?$GAeh?5vector?5copy?5constructor?5iter@ 0000000140014b10     libvcruntime:undname.obj
 0002:00000b38       ??_C@_0CM@FCBBDIGB@?$GAeh?5vector?5vbase?5copy?5constructo@ 0000000140014b38     libvcruntime:undname.obj
 0002:00000b68       ??_C@_0BL@CLIPGLGB@?$GAdynamic?5initializer?5for?5?8?$AA@ 0000000140014b68     libvcruntime:undname.obj
 0002:00000b88       ??_C@_0CB@PDBIFEP@?$GAdynamic?5atexit?5destructor?5for?5?8@ 0000000140014b88     libvcruntime:undname.obj
 0002:00000bb0       ??_C@_0CD@CGAJBKEJ@?$GAvector?5copy?5constructor?5iterato@ 0000000140014bb0     libvcruntime:undname.obj
 0002:00000bd8       ??_C@_0CJ@GJELGAMM@?$GAvector?5vbase?5copy?5constructor?5i@ 0000000140014bd8     libvcruntime:undname.obj
 0002:00000c08       ??_C@_0CL@FGIJHLCE@?$GAmanaged?5vector?5copy?5constructor@ 0000000140014c08     libvcruntime:undname.obj
 0002:00000c38       ??_C@_0BM@PMGGMLDN@?$GAlocal?5static?5thread?5guard?8?$AA@ 0000000140014c38     libvcruntime:undname.obj
 0002:00000c58       ??_C@_0N@BDNMDMOL@operator?5?$CC?$CC?5?$AA@ 0000000140014c58     libvcruntime:undname.obj
 0002:00000f98       ??_C@_0BC@DAFEJGAK@?5Type?5Descriptor?8?$AA@ 0000000140014f98     libvcruntime:undname.obj
 0002:00000fb0       ??_C@_0BM@LDKODKLH@?5Base?5Class?5Descriptor?5at?5?$CI?$AA@ 0000000140014fb0     libvcruntime:undname.obj
 0002:00000fd0       ??_C@_0BD@LGICGFMM@?5Base?5Class?5Array?8?$AA@ 0000000140014fd0     libvcruntime:undname.obj
 0002:00000fe8       ??_C@_0BN@MECKDCOJ@?5Class?5Hierarchy?5Descriptor?8?$AA@ 0000000140014fe8     libvcruntime:undname.obj
 0002:00001008       ??_C@_0BK@CFCOFLF@?5Complete?5Object?5Locator?8?$AA@ 0000000140015008     libvcruntime:undname.obj
 0002:00001028       ??_C@_08EHJDFFNH@__based?$CI?$AA@ 0000000140015028     libvcruntime:undname.obj
 0002:00001038       ??_C@_07KOLFKCDI@__cdecl?$AA@ 0000000140015038     libvcruntime:undname.obj
 0002:00001040       ??_C@_08GHMPAG@__pascal?$AA@ 0000000140015040     libvcruntime:undname.obj
 0002:00001050       ??_C@_09IFJBGAPI@__stdcall?$AA@ 0000000140015050     libvcruntime:undname.obj
 0002:00001060       ??_C@_0L@NPHFGOKO@__thiscall?$AA@ 0000000140015060     libvcruntime:undname.obj
 0002:00001070       ??_C@_0L@JMKHOMEK@__fastcall?$AA@ 0000000140015070     libvcruntime:undname.obj
 0002:00001080       ??_C@_0N@BCKKPABJ@__vectorcall?$AA@ 0000000140015080     libvcruntime:undname.obj
 0002:00001090       ??_C@_09HIJEGCPM@__clrcall?$AA@ 0000000140015090     libvcruntime:undname.obj
 0002:0000109c       ??_C@_06GHPCKEAG@__eabi?$AA@ 000000014001509c     libvcruntime:undname.obj
 0002:000010a8       ??_C@_07JOMMBBKO@__ptr64?$AA@ 00000001400150a8     libvcruntime:undname.obj
 0002:000010b0       ??_C@_0L@PILCLIHE@__restrict?$AA@ 00000001400150b0     libvcruntime:undname.obj
 0002:000010c0       ??_C@_0M@GFIIJFMG@__unaligned?$AA@ 00000001400150c0     libvcruntime:undname.obj
 0002:000010d0       ??_C@_09DHDLOLLB@restrict?$CI?$AA@ 00000001400150d0     libvcruntime:undname.obj
 0002:000010dc       ??_C@_04NIHEBCM@?5new?$AA@ 00000001400150dc     libvcruntime:undname.obj
 0002:000010e8       ??_C@_07FPCDHGMM@?5delete?$AA@ 00000001400150e8     libvcruntime:undname.obj
 0002:000010f0       ??_C@_01NEMOKFLO@?$DN?$AA@ 00000001400150f0     libvcruntime:undname.obj
 0002:000010f4       ??_C@_02GPIOPFAK@?$DO?$DO?$AA@ 00000001400150f4     libvcruntime:undname.obj
 0002:000010f8       ??_C@_02FODMEDOG@?$DM?$DM?$AA@ 00000001400150f8     libvcruntime:undname.obj
 0002:000010fc       ??_C@_01DCLJPIOD@?$CB?$AA@ 00000001400150fc     libvcruntime:undname.obj
 0002:00001100       ??_C@_02EGOFBIJA@?$DN?$DN?$AA@ 0000000140015100     libvcruntime:undname.obj
 0002:00001104       ??_C@_02FDNJECIE@?$CB?$DN?$AA@ 0000000140015104     libvcruntime:undname.obj
 0002:00001108       ??_C@_02GPECMEKF@?$FL?$FN?$AA@ 0000000140015108     libvcruntime:undname.obj
 0002:00001110       ??_C@_08LHJFAFGD@operator?$AA@ 0000000140015110     libvcruntime:undname.obj
 0002:0000111c       ??_C@_02HBOOOICD@?9?$DO?$AA@ 000000014001511c     libvcruntime:undname.obj
 0002:00001120       ??_C@_01NBENCBCI@?$CK?$AA@ 0000000140015120     libvcruntime:undname.obj
 0002:00001124       ??_C@_02ECNGHCIF@?$CL?$CL?$AA@ 0000000140015124     libvcruntime:undname.obj
 0002:00001128       ??_C@_02BAABKJLB@?9?9?$AA@ 0000000140015128     libvcruntime:undname.obj
 0002:0000112c       ??_C@_01JOAMLHOP@?9?$AA@   000000014001512c     libvcruntime:undname.obj
 0002:00001130       ??_C@_01MIFGBAGJ@?$CL?$AA@ 0000000140015130     libvcruntime:undname.obj
 0002:00001134       ??_C@_01HNPIGOCE@?$CG?$AA@ 0000000140015134     libvcruntime:undname.obj
 0002:00001138       ??_C@_03MNHNFDLC@?9?$DO?$CK?$AA@ 0000000140015138     libvcruntime:undname.obj
 0002:0000113c       ??_C@_01KMDKNFGN@?1?$AA@   000000014001513c     libvcruntime:undname.obj
 0002:00001140       ??_C@_01FGNFDNOH@?$CF?$AA@ 0000000140015140     libvcruntime:undname.obj
 0002:00001144       ??_C@_01MNNFJEPP@?$DM?$AA@ 0000000140015144     libvcruntime:undname.obj
 0002:00001148       ??_C@_02EHCHHCKH@?$DM?$DN?$AA@ 0000000140015148     libvcruntime:undname.obj
 0002:0000114c       ??_C@_01PPODPGHN@?$DO?$AA@ 000000014001514c     libvcruntime:undname.obj
 0002:00001150       standard_lookup_table      0000000140015150     libucrt:output.obj
 0002:000011b0       format_validation_lookup_table 00000001400151b0     libucrt:output.obj
 0002:0000120c       ??_C@_06OJHGLDPL@?$CInull?$CJ?$AA@ 000000014001520c     libucrt:output.obj
 0002:00001218       ??_C@_1O@CEDCILHN@?$AA?$CI?$AAn?$AAu?$AAl?$AAl?$AA?$CJ?$AA?$AA@ 0000000140015218     libucrt:output.obj
 0002:00001230       __acrt_exception_action_table 0000000140015230     libucrt:exception_filter.obj
 0002:000012f0       __acrt_signal_action_table_count 00000001400152f0     libucrt:exception_filter.obj
 0002:000012f8       __acrt_signal_action_first_fpe_index 00000001400152f8     libucrt:exception_filter.obj
 0002:00001300       __acrt_signal_action_fpe_count 0000000140015300     libucrt:exception_filter.obj
 0002:00001308       ??_C@_1BI@BGOHAHKC@?$AAm?$AAs?$AAc?$AAo?$AAr?$AAe?$AAe?$AA?4?$AAd?$AAl?$AAl?$AA?$AA@ 0000000140015308     libucrt:exit.obj
 0002:00001320       ??_C@_0P@MIGLKIOC@CorExitProcess?$AA@ 0000000140015320     libucrt:exit.obj
 0002:00001588       ??_C@_03OEIAHPBN@INF?$AA@  0000000140015588     libucrt:cvt.obj
 0002:0000158c       ??_C@_03OJHLLCGB@inf?$AA@  000000014001558c     libucrt:cvt.obj
 0002:00001590       ??_C@_03LKNCIKJB@NAN?$AA@  0000000140015590     libucrt:cvt.obj
 0002:00001594       ??_C@_03LHCJEHON@nan?$AA@  0000000140015594     libucrt:cvt.obj
 0002:00001598       ??_C@_09OFJJIMPC@NAN?$CISNAN?$CJ?$AA@ 0000000140015598     libucrt:cvt.obj
 0002:000015a8       ??_C@_09IPFBKMDL@nan?$CIsnan?$CJ?$AA@ 00000001400155a8     libucrt:cvt.obj
 0002:000015b8       ??_C@_08IKHNHAJ@NAN?$CIIND?$CJ?$AA@ 00000001400155b8     libucrt:cvt.obj
 0002:000015c8       ??_C@_08OFCDMILK@nan?$CIind?$CJ?$AA@ 00000001400155c8     libucrt:cvt.obj
 0002:000015d4       ??_C@_05KLBDPFGC@e?$CL000?$AA@ 00000001400155d4     libucrt:cvt.obj
 0002:000015e0       __lc_time_c                00000001400155e0     libucrt:nlsdata.obj
 0002:000018a0       ??_C@_03KOEHGMDN@Sun?$AA@  00000001400158a0     libucrt:nlsdata.obj
 0002:000018a4       ??_C@_03PDAGKDH@Mon?$AA@   00000001400158a4     libucrt:nlsdata.obj
 0002:000018a8       ??_C@_03NAGEINEP@Tue?$AA@  00000001400158a8     libucrt:nlsdata.obj
 0002:000018ac       ??_C@_03MHOMLAJA@Wed?$AA@  00000001400158ac     libucrt:nlsdata.obj
 0002:000018b0       ??_C@_03IOFIKPDN@Thu?$AA@  00000001400158b0     libucrt:nlsdata.obj
 0002:000018b4       ??_C@_03IDIOELNC@Fri?$AA@  00000001400158b4     libucrt:nlsdata.obj
 0002:000018b8       ??_C@_03FEFJNEK@Sat?$AA@   00000001400158b8     libucrt:nlsdata.obj
 0002:000018bc       ??_C@_06OOPIFAJ@Sunday?$AA@ 00000001400158bc     libucrt:nlsdata.obj
 0002:000018c4       ??_C@_06JLEDEDGH@Monday?$AA@ 00000001400158c4     libucrt:nlsdata.obj
 0002:000018d0       ??_C@_07BAAGCFCM@Tuesday?$AA@ 00000001400158d0     libucrt:nlsdata.obj
 0002:000018d8       ??_C@_09DLIGFAKA@Wednesday?$AA@ 00000001400158d8     libucrt:nlsdata.obj
 0002:000018e8       ??_C@_08HACCIKIA@Thursday?$AA@ 00000001400158e8     libucrt:nlsdata.obj
 0002:000018f4       ??_C@_06JECMNKMI@Friday?$AA@ 00000001400158f4     libucrt:nlsdata.obj
 0002:00001900       ??_C@_08INBOOONO@Saturday?$AA@ 0000000140015900     libucrt:nlsdata.obj
 0002:0000190c       ??_C@_03JIHJHPIE@Jan?$AA@  000000014001590c     libucrt:nlsdata.obj
 0002:00001910       ??_C@_03HJBDCHOM@Feb?$AA@  0000000140015910     libucrt:nlsdata.obj
 0002:00001914       ??_C@_03ODNJBKGA@Mar?$AA@  0000000140015914     libucrt:nlsdata.obj
 0002:00001918       ??_C@_03LEOLGMJP@Apr?$AA@  0000000140015918     libucrt:nlsdata.obj
 0002:0000191c       ??_C@_03CNMDKL@May?$AA@    000000014001591c     libucrt:nlsdata.obj
 0002:00001920       ??_C@_03IDFGHECI@Jun?$AA@  0000000140015920     libucrt:nlsdata.obj
 0002:00001924       ??_C@_03LBGABGKK@Jul?$AA@  0000000140015924     libucrt:nlsdata.obj
 0002:00001928       ??_C@_03IFJFEIGA@Aug?$AA@  0000000140015928     libucrt:nlsdata.obj
 0002:0000192c       ??_C@_03GGCAPAJC@Sep?$AA@  000000014001592c     libucrt:nlsdata.obj
 0002:00001930       ??_C@_03BMAOKBAD@Oct?$AA@  0000000140015930     libucrt:nlsdata.obj
 0002:00001934       ??_C@_03JPJOFNIA@Nov?$AA@  0000000140015934     libucrt:nlsdata.obj
 0002:00001938       ??_C@_03MKABNOCG@Dec?$AA@  0000000140015938     libucrt:nlsdata.obj
 0002:00001940       ??_C@_07CGJPFGJA@January?$AA@ 0000000140015940     libucrt:nlsdata.obj
 0002:00001948       ??_C@_08GNJGEPFN@February?$AA@ 0000000140015948     libucrt:nlsdata.obj
 0002:00001954       ??_C@_05HPCKOFNC@March?$AA@ 0000000140015954     libucrt:nlsdata.obj
 0002:0000195c       ??_C@_05DMJDNLEJ@April?$AA@ 000000014001595c     libucrt:nlsdata.obj
 0002:00001964       ??_C@_04CNLMGBGM@June?$AA@ 0000000140015964     libucrt:nlsdata.obj
 0002:0000196c       ??_C@_04MIEPOIFP@July?$AA@ 000000014001596c     libucrt:nlsdata.obj
 0002:00001974       ??_C@_06LBBHFDDG@August?$AA@ 0000000140015974     libucrt:nlsdata.obj
 0002:00001980       ??_C@_09BHHEALKD@September?$AA@ 0000000140015980     libucrt:nlsdata.obj
 0002:00001990       ??_C@_07JJNFCEND@October?$AA@ 0000000140015990     libucrt:nlsdata.obj
 0002:00001998       ??_C@_08HCHEGEOA@November?$AA@ 0000000140015998     libucrt:nlsdata.obj
 0002:000019a8       ??_C@_08EDHMEBNP@December?$AA@ 00000001400159a8     libucrt:nlsdata.obj
 0002:000019b4       ??_C@_02DEDBPAFC@AM?$AA@   00000001400159b4     libucrt:nlsdata.obj
 0002:000019b8       ??_C@_02CJNFDJBF@PM?$AA@   00000001400159b8     libucrt:nlsdata.obj
 0002:000019c0       ??_C@_08BPBNCDIB@MM?1dd?1yy?$AA@ 00000001400159c0     libucrt:nlsdata.obj
 0002:000019d0       ??_C@_0BE@CKGJFCPC@dddd?0?5MMMM?5dd?0?5yyyy?$AA@ 00000001400159d0     libucrt:nlsdata.obj
 0002:000019e8       ??_C@_08JCCMCCIL@HH?3mm?3ss?$AA@ 00000001400159e8     libucrt:nlsdata.obj
 0002:000019f8       ??_C@_17MBGCMIPB@?$AAS?$AAu?$AAn?$AA?$AA@ 00000001400159f8     libucrt:nlsdata.obj
 0002:00001a00       ??_C@_17KBOMKBF@?$AAM?$AAo?$AAn?$AA?$AA@ 0000000140015a00     libucrt:nlsdata.obj
 0002:00001a08       ??_C@_17BMKGEGOJ@?$AAT?$AAu?$AAe?$AA?$AA@ 0000000140015a08     libucrt:nlsdata.obj
 0002:00001a10       ??_C@_17CJEDCEPE@?$AAW?$AAe?$AAd?$AA?$AA@ 0000000140015a10     libucrt:nlsdata.obj
 0002:00001a18       ??_C@_17PDPHAADD@?$AAT?$AAh?$AAu?$AA?$AA@ 0000000140015a18     libucrt:nlsdata.obj
 0002:00001a20       ??_C@_17HFOLPPLP@?$AAF?$AAr?$AAi?$AA?$AA@ 0000000140015a20     libucrt:nlsdata.obj
 0002:00001a28       ??_C@_17GGIBDPIH@?$AAS?$AAa?$AAt?$AA?$AA@ 0000000140015a28     libucrt:nlsdata.obj
 0002:00001a30       ??_C@_1O@IHNHDHPB@?$AAS?$AAu?$AAn?$AAd?$AAa?$AAy?$AA?$AA@ 0000000140015a30     libucrt:nlsdata.obj
 0002:00001a40       ??_C@_1O@MMNBFLIA@?$AAM?$AAo?$AAn?$AAd?$AAa?$AAy?$AA?$AA@ 0000000140015a40     libucrt:nlsdata.obj
 0002:00001a50       ??_C@_1BA@ENFBFFEK@?$AAT?$AAu?$AAe?$AAs?$AAd?$AAa?$AAy?$AA?$AA@ 0000000140015a50     libucrt:nlsdata.obj
 0002:00001a60       ??_C@_1BE@EBOGMDOH@?$AAW?$AAe?$AAd?$AAn?$AAe?$AAs?$AAd?$AAa?$AAy?$AA?$AA@ 0000000140015a60     libucrt:nlsdata.obj
 0002:00001a78       ??_C@_1BC@HHMNLIHE@?$AAT?$AAh?$AAu?$AAr?$AAs?$AAd?$AAa?$AAy?$AA?$AA@ 0000000140015a78     libucrt:nlsdata.obj
 0002:00001a90       ??_C@_1O@PDICJHAG@?$AAF?$AAr?$AAi?$AAd?$AAa?$AAy?$AA?$AA@ 0000000140015a90     libucrt:nlsdata.obj
 0002:00001aa0       ??_C@_1BC@ENMNNPAJ@?$AAS?$AAa?$AAt?$AAu?$AAr?$AAd?$AAa?$AAy?$AA?$AA@ 0000000140015aa0     libucrt:nlsdata.obj
 0002:00001ab8       ??_C@_17DKNBKCHM@?$AAJ?$AAa?$AAn?$AA?$AA@ 0000000140015ab8     libucrt:nlsdata.obj
 0002:00001ac0       ??_C@_17LMDJEKJN@?$AAF?$AAe?$AAb?$AA?$AA@ 0000000140015ac0     libucrt:nlsdata.obj
 0002:00001ac8       ??_C@_17CKNLEDEC@?$AAM?$AAa?$AAr?$AA?$AA@ 0000000140015ac8     libucrt:nlsdata.obj
 0002:00001ad0       ??_C@_17LFPOIHDD@?$AAA?$AAp?$AAr?$AA?$AA@ 0000000140015ad0     libucrt:nlsdata.obj
 0002:00001ad8       ??_C@_17PNNKMEED@?$AAM?$AAa?$AAy?$AA?$AA@ 0000000140015ad8     libucrt:nlsdata.obj
 0002:00001ae0       ??_C@_17KCJGOCPB@?$AAJ?$AAu?$AAn?$AA?$AA@ 0000000140015ae0     libucrt:nlsdata.obj
 0002:00001ae8       ??_C@_17IJPCKHK@?$AAJ?$AAu?$AAl?$AA?$AA@ 0000000140015ae8     libucrt:nlsdata.obj
 0002:00001af0       ??_C@_17ICPELBCN@?$AAA?$AAu?$AAg?$AA?$AA@ 0000000140015af0     libucrt:nlsdata.obj
 0002:00001af8       ??_C@_17HCHCOKMG@?$AAS?$AAe?$AAp?$AA?$AA@ 0000000140015af8     libucrt:nlsdata.obj
 0002:00001b00       ??_C@_17FNLKOI@?$AAO?$AAc?$AAt?$AA?$AA@ 0000000140015b00     libucrt:nlsdata.obj
 0002:00001b08       ??_C@_17BBDMLCIG@?$AAN?$AAo?$AAv?$AA?$AA@ 0000000140015b08     libucrt:nlsdata.obj
 0002:00001b10       ??_C@_17EGKACKIF@?$AAD?$AAe?$AAc?$AA?$AA@ 0000000140015b10     libucrt:nlsdata.obj
 0002:00001b18       ??_C@_1BA@EFMEIEBA@?$AAJ?$AAa?$AAn?$AAu?$AAa?$AAr?$AAy?$AA?$AA@ 0000000140015b18     libucrt:nlsdata.obj
 0002:00001b28       ??_C@_1BC@JGDDFFAM@?$AAF?$AAe?$AAb?$AAr?$AAu?$AAa?$AAr?$AAy?$AA?$AA@ 0000000140015b28     libucrt:nlsdata.obj
 0002:00001b40       ??_C@_1M@IKEENEDF@?$AAM?$AAa?$AAr?$AAc?$AAh?$AA?$AA@ 0000000140015b40     libucrt:nlsdata.obj
 0002:00001b50       ??_C@_1M@GJNLMHFD@?$AAA?$AAp?$AAr?$AAi?$AAl?$AA?$AA@ 0000000140015b50     libucrt:nlsdata.obj
 0002:00001b60       ??_C@_19EPFLPGAP@?$AAJ?$AAu?$AAn?$AAe?$AA?$AA@ 0000000140015b60     libucrt:nlsdata.obj
 0002:00001b70       ??_C@_19BIFMLPCD@?$AAJ?$AAu?$AAl?$AAy?$AA?$AA@ 0000000140015b70     libucrt:nlsdata.obj
 0002:00001b80       ??_C@_1O@PAHLKOAC@?$AAA?$AAu?$AAg?$AAu?$AAs?$AAt?$AA?$AA@ 0000000140015b80     libucrt:nlsdata.obj
 0002:00001b90       ??_C@_1BE@DKAAMBJL@?$AAS?$AAe?$AAp?$AAt?$AAe?$AAm?$AAb?$AAe?$AAr?$AA?$AA@ 0000000140015b90     libucrt:nlsdata.obj
 0002:00001ba8       ??_C@_1BA@EPANDLNG@?$AAO?$AAc?$AAt?$AAo?$AAb?$AAe?$AAr?$AA?$AA@ 0000000140015ba8     libucrt:nlsdata.obj
 0002:00001bb8       ??_C@_1BC@BGLIFPF@?$AAN?$AAo?$AAv?$AAe?$AAm?$AAb?$AAe?$AAr?$AA?$AA@ 0000000140015bb8     libucrt:nlsdata.obj
 0002:00001bd0       ??_C@_1BC@FEMKIFH@?$AAD?$AAe?$AAc?$AAe?$AAm?$AAb?$AAe?$AAr?$AA?$AA@ 0000000140015bd0     libucrt:nlsdata.obj
 0002:00001be4       ??_C@_15ODEHAHHF@?$AAA?$AAM?$AA?$AA@ 0000000140015be4     libucrt:nlsdata.obj
 0002:00001bec       ??_C@_15CLMNNGEL@?$AAP?$AAM?$AA?$AA@ 0000000140015bec     libucrt:nlsdata.obj
 0002:00001bf8       ??_C@_1BC@IEBCMHCM@?$AAM?$AAM?$AA?1?$AAd?$AAd?$AA?1?$AAy?$AAy?$AA?$AA@ 0000000140015bf8     libucrt:nlsdata.obj
 0002:00001c10       ??_C@_1CI@KNAKOEBC@?$AAd?$AAd?$AAd?$AAd?$AA?0?$AA?5?$AAM?$AAM?$AAM?$AAM?$AA?5?$AAd?$AAd?$AA?0?$AA?5?$AAy?$AAy?$AAy?$AAy?$AA?$AA@ 0000000140015c10     libucrt:nlsdata.obj
 0002:00001c38       ??_C@_1BC@GDGBMEMK@?$AAH?$AAH?$AA?3?$AAm?$AAm?$AA?3?$AAs?$AAs?$AA?$AA@ 0000000140015c38     libucrt:nlsdata.obj
[...]
 0004:0000090c       $pdata$__acrt_initialize_lowio 000000014002090c     libucrt:ioinit.obj
 0004:00000918       $pdata$__acrt_uninitialize_lowio 0000000140020918     libucrt:ioinit.obj
 0004:00000924       $pdata$??$common_expand_argv_wildcards@D@@YAHQEAPEADQEAPEAPEAD@Z 0000000140020924     libucrt:argv_wildcards.obj
 0004:00000930       $pdata$??$copy_and_add_argument_to_buffer@D@@YAHQEBD0_KAEAV?$argument_list@D@?A0x7b96f60e@@@Z 0000000140020930     libucrt:argv_wildcards.obj
 0004:0000093c       $pdata$??$expand_argument_wildcards@D@@YAHQEAD0AEAV?$argument_list@D@?A0x7b96f60e@@@Z 000000014002093c     libucrt:argv_wildcards.obj
 0004:00000948       $pdata$?expand_if_necessary@?$argument_list@D@?A0x7b96f60e@@AEAAHXZ 0000000140020948     libucrt:argv_wildcards.obj
 0004:00000954       $pdata$??$?RV<lambda_99476a1ad63dd22509b5d3e65b0ffc95>@@AEAV<lambda_ad1ced32f4ac17aa236e5ef05d6b3b7c>@@V<lambda_f7424dd8d45958661754dc4f2697e9c3>@@@?$__crt_seh_guarded_call@X@@QEAAX$$QEAV<lambda_99476a1ad63dd22509b5d3e65b0ffc95>@@AEAV<lambda_ad1ced32f4ac17aa236e5ef05d6b3b7c>@@$$QEAV<lambda_f7424dd8d45958661754dc4f2697e9c3>@@@Z 0000000140020954     libucrt:mbctype.obj
 0004:00000960       $pdata$??R<lambda_ad1ced32f4ac17aa236e5ef05d6b3b7c>@@QEBAXXZ 0000000140020960     libucrt:mbctype.obj
 0004:0000096c       $pdata$?getSystemCP@@YAHH@Z 000000014002096c     libucrt:mbctype.obj
 0004:00000978       $pdata$?setSBCS@@YAXPEAU__crt_multibyte_data@@@Z 0000000140020978     libucrt:mbctype.obj
 0004:00000984       $pdata$?setSBUpLow@@YAXPEAU__crt_multibyte_data@@@Z 0000000140020984     libucrt:mbctype.obj
 0004:00000990       $pdata$?setmbcp_internal@@YAHH_N@Z 0000000140020990     libucrt:mbctype.obj
 0004:0000099c       $pdata$__acrt_initialize_multibyte 000000014002099c     libucrt:mbctype.obj
 0004:000009a8       $pdata$__acrt_update_thread_multibyte_data 00000001400209a8     libucrt:mbctype.obj
 0004:000009b4       $pdata$_setmbcp_nolock     00000001400209b4     libucrt:mbctype.obj
 0004:000009c0       $pdata$?x_ismbbtype_l@@YAHPEAU__crt_locale_pointers@@IHH@Z 00000001400209c0     libucrt:ismbbyte.obj
 0004:000009cc       $pdata$__acrt_initialize_command_line 00000001400209cc     libucrt:argv_data.obj
 0004:000009d8       $pdata$__dcrt_get_narrow_environment_from_os 00000001400209d8     libucrt:get_environment_from_os.obj
 0004:000009e4       $pdata$__acrt_initialize_locks 00000001400209e4     libucrt:locks.obj
 0004:000009f0       $pdata$__acrt_uninitialize_locks 00000001400209f0     libucrt:locks.obj
 0004:000009fc       $pdata$?try_get_function@@YAPEAXW4function_id@?A0x1dd686d3@@QEBDQEBW4module_id@2@2@Z 00000001400209fc     libucrt:winapi_thunks.obj
 0004:00000a08       $pdata$__acrt_FlsAlloc     0000000140020a08     libucrt:winapi_thunks.obj
 0004:00000a14       $pdata$__acrt_FlsFree      0000000140020a14     libucrt:winapi_thunks.obj
 0004:00000a20       $pdata$__acrt_FlsGetValue  0000000140020a20     libucrt:winapi_thunks.obj
 0004:00000a2c       $pdata$__acrt_FlsSetValue  0000000140020a2c     libucrt:winapi_thunks.obj
 0004:00000a38       $pdata$__acrt_InitializeCriticalSectionEx 0000000140020a38     libucrt:winapi_thunks.obj
 0004:00000a44       $pdata$__acrt_LCMapStringEx 0000000140020a44     libucrt:winapi_thunks.obj
 0004:00000a50       $pdata$__acrt_LocaleNameToLCID 0000000140020a50     libucrt:winapi_thunks.obj
 0004:00000a5c       $pdata$__acrt_initialize_winapi_thunks 0000000140020a5c     libucrt:winapi_thunks.obj
 0004:00000a68       $pdata$__acrt_is_packaged_app 0000000140020a68     libucrt:winapi_thunks.obj
 0004:00000a74       $pdata$__acrt_uninitialize_winapi_thunks 0000000140020a74     libucrt:winapi_thunks.obj
 0004:00000a80       $pdata$__acrt_lowio_create_handle_array 0000000140020a80     libucrt:osfinfo.obj
 0004:00000a8c       $pdata$__acrt_lowio_destroy_handle_array 0000000140020a8c     libucrt:osfinfo.obj
 0004:00000a98       $pdata$__acrt_lowio_ensure_fh_exists 0000000140020a98     libucrt:osfinfo.obj
 0004:00000aa4       $pdata$_free_osfhnd        0000000140020aa4     libucrt:osfinfo.obj
 0004:00000ab0       $pdata$_get_osfhandle      0000000140020ab0     libucrt:osfinfo.obj
 0004:00000abc       $pdata$__acrt_locale_free_monetary 0000000140020abc     libucrt:initmon.obj
 0004:00000ac8       $pdata$__acrt_locale_free_numeric 0000000140020ac8     libucrt:initnum.obj
 0004:00000ad4       $pdata$?free_crt_array_internal@@YAXQEAPEBX_K@Z 0000000140020ad4     libucrt:inittime.obj
 0004:00000ae0       $pdata$__acrt_locale_free_time 0000000140020ae0     libucrt:inittime.obj
 0004:00000aec       $pdata$__pctype_func       0000000140020aec     libucrt:ctype.obj
 0004:00000af8       $pdata$__acrt_GetStringTypeA 0000000140020af8     libucrt:getstringtypea.obj
 0004:00000b04       $pdata$__acrt_free_locale  0000000140020b04     libucrt:locale_refcounting.obj
 0004:00000b10       $pdata$__acrt_locale_free_lc_time_if_unreferenced 0000000140020b10     libucrt:locale_refcounting.obj
 0004:00000b1c       $pdata$__acrt_release_locale_ref 0000000140020b1c     libucrt:locale_refcounting.obj
 0004:00000b28       $pdata$__acrt_update_thread_locale_data 0000000140020b28     libucrt:locale_refcounting.obj
 0004:00000b34       $pdata$_updatetlocinfoEx_nolock 0000000140020b34     libucrt:locale_refcounting.obj
 0004:00000b40       $pdata$_recalloc_base      0000000140020b40     libucrt:recalloc.obj
 0004:00000b4c       $pdata$__acrt_initialize_heap 0000000140020b4c     libucrt:heap_handle.obj
 0004:00000b58       $pdata$__acrt_execute_initializers 0000000140020b58     libucrt:shared_initialization.obj
 0004:00000b64       $pdata$__acrt_execute_uninitializers 0000000140020b64     libucrt:shared_initialization.obj
 0004:00000b70       $pdata$_callnewh           0000000140020b70     libucrt:new_handler.obj
 0004:00000b7c       $pdata$_query_new_handler  0000000140020b7c     libucrt:new_handler.obj
 0004:00000b88       $pdata$??$?RV<lambda_c36588078e9f5dfd39652860aa6b3aaf>@@AEAV<lambda_ec61778202f4f5fc7e7711acc23c3bca>@@V<lambda_dc9d2797ccde5d239b4a0efae8ebd7db>@@@?$__crt_seh_guarded_call@P6AXH@Z@@QEAAP6AXH@Z$$QEAV<lambda_c36588078e9f5dfd39652860aa6b3aaf>@@AEAV<lambda_ec61778202f4f5fc7e7711acc23c3bca>@@$$QEAV<lambda_dc9d2797ccde5d239b4a0efae8ebd7db>@@@Z 0000000140020b88     libucrt:signal.obj
 0004:00000b94       $pdata$__acrt_get_sigabrt_handler 0000000140020b94     libucrt:signal.obj
 0004:00000ba0       $pdata$raise               0000000140020ba0     libucrt:signal.obj
 0004:00000bac       $pdata$_isctype_l          0000000140020bac     libucrt:isctype.obj
 0004:00000bb8       $pdata$_isleadbyte_l       0000000140020bb8     libucrt:_wctype.obj
 0004:00000bc4       $pdata$?__acrt_LCMapStringA_stat@@YAHPEAU__crt_locale_pointers@@PEB_WKPEBDHPEADHHH@Z 0000000140020bc4     libucrt:lcmapstringa.obj
 0004:00000bd0       $pdata$__acrt_LCMapStringA 0000000140020bd0     libucrt:lcmapstringa.obj
 0004:00000bdc       $pdata$__acrt_fp_strflt_to_string 0000000140020bdc     libucrt:_fptostr.obj
 0004:00000be8       $pdata$?divide@__crt_strtox@@YA_KAEAUbig_integer@1@AEBU21@@Z 0000000140020be8     libucrt:cfout.obj
 0004:00000bf4       $pdata$5$?divide@__crt_strtox@@YA_KAEAUbig_integer@1@AEBU21@@Z 0000000140020bf4     libucrt:cfout.obj
 0004:00000c00       $pdata$6$?divide@__crt_strtox@@YA_KAEAUbig_integer@1@AEBU21@@Z 0000000140020c00     libucrt:cfout.obj
 0004:00000c0c       $pdata$__acrt_fltout       0000000140020c0c     libucrt:cfout.obj
 0004:00000c18       $pdata$memcpy_s            0000000140020c18     libucrt:cfout.obj
 0004:00000c24       $pdata$_fcloseall          0000000140020c24     libucrt:closeall.obj
 0004:00000c30       $pdata$__acrt_stdio_flush_nolock 0000000140020c30     libucrt:fflush.obj
 0004:00000c3c       $pdata$_fflush_nolock      0000000140020c3c     libucrt:fflush.obj
 0004:00000c48       $pdata$common_flush_all    0000000140020c48     libucrt:fflush.obj
 0004:00000c54       $pdata$__acrt_stdio_free_buffer_nolock 0000000140020c54     libucrt:_freebuf.obj
 0004:00000c60       $pdata$_isatty             0000000140020c60     libucrt:isatty.obj
 0004:00000c6c       $pdata$?shortsort@@YAXPEAD0_KP6AHPEBX2@Z@Z 0000000140020c6c     libucrt:qsort.obj
 0004:00000c78       $pdata$2$?shortsort@@YAXPEAD0_KP6AHPEBX2@Z@Z 0000000140020c78     libucrt:qsort.obj
 0004:00000c84       $pdata$3$?shortsort@@YAXPEAD0_KP6AHPEBX2@Z@Z 0000000140020c84     libucrt:qsort.obj
 0004:00000c90       $pdata$qsort               0000000140020c90     libucrt:qsort.obj
 0004:00000c9c       $pdata$4$qsort             0000000140020c9c     libucrt:qsort.obj
 0004:00000ca8       $pdata$5$qsort             0000000140020ca8     libucrt:qsort.obj
 0004:00000cb4       $pdata$strncpy_s           0000000140020cb4     libucrt:strncpy_s.obj
 0004:00000cc0       $pdata$strpbrk             0000000140020cc0     libucrt:strpbrk.obj
 0004:00000ccc       $pdata$_mbsdec_l           0000000140020ccc     libucrt:mbsdec.obj
 0004:00000cd8       $pdata$?initialize_multibyte@@YAHXZ 0000000140020cd8     libucrt:multibyte_initializer.obj
 0004:00000ce4       $pdata$?GetTableIndexFromLocaleName@@YAHPEB_W@Z 0000000140020ce4     libucrt:lcidtoname_downlevel.obj
 0004:00000cf0       $pdata$__acrt_DownlevelLocaleNameToLCID 0000000140020cf0     libucrt:lcidtoname_downlevel.obj
 0004:00000cfc       $pdata$_msize              0000000140020cfc     libucrt:msize.obj
 0004:00000d08       $pdata$_realloc_base       0000000140020d08     libucrt:realloc_base.obj
 0004:00000d14       $pdata$fegetenv            0000000140020d14     libucrt:fegetenv.obj
 0004:00000d20       $pdata$fesetenv            0000000140020d20     libucrt:fesetenv.obj
 0004:00000d2c       $pdata$feholdexcept        0000000140020d2c     libucrt:feholdexcept.obj
 0004:00000d44       $pdata$?write_double_translated_ansi_nolock@@YA?AUwrite_result@?A0x4392dfaa@@HQEBDI@Z 0000000140020d44     libucrt:write.obj
 0004:00000d50       $pdata$?write_text_ansi_nolock@@YA?AUwrite_result@?A0x4392dfaa@@HQEBDI@Z 0000000140020d50     libucrt:write.obj
 0004:00000d5c       $pdata$?write_text_utf16le_nolock@@YA?AUwrite_result@?A0x4392dfaa@@HQEBDI@Z 0000000140020d5c     libucrt:write.obj
 0004:00000d68       $pdata$?write_text_utf8_nolock@@YA?AUwrite_result@?A0x4392dfaa@@HQEBDI@Z 0000000140020d68     libucrt:write.obj
 0004:00000d74       $pdata$_write              0000000140020d74     libucrt:write.obj
 0004:00000d80       $pdata$_write_nolock       0000000140020d80     libucrt:write.obj
 0004:00000d8c       $pdata$??$common_lseek_nolock@_J@@YA_JH_JH@Z 0000000140020d8c     libucrt:lseek.obj
 0004:00000d98       $pdata$_fclose_nolock      0000000140020d98     libucrt:fclose.obj
 0004:00000da4       $pdata$fclose              0000000140020da4     libucrt:fclose.obj
 0004:00000db0       $pdata$??$?RV<lambda_b521505b218e5242e90febf6bfebc422>@@AEAV<lambda_6978c1fb23f02e42e1d9e99668cc68aa>@@V<lambda_314360699dd331753a4119843814e9a7>@@@?$__crt_seh_guarded_call@H@@QEAAH$$QEAV<lambda_b521505b218e5242e90febf6bfebc422>@@AEAV<lambda_6978c1fb23f02e42e1d9e99668cc68aa>@@$$QEAV<lambda_314360699dd331753a4119843814e9a7>@@@Z 0000000140020db0     libucrt:commit.obj
 0004:00000dbc       $pdata$_commit             0000000140020dbc     libucrt:commit.obj
 0004:00000dc8       $pdata$_getfpcontrolword   0000000140020dc8     libucrt:_fenvutils.obj
 0004:00000dd4       $pdata$_getfpstatusword    0000000140020dd4     libucrt:_fenvutils.obj
 0004:00000de0       $pdata$_setfpstatusword    0000000140020de0     libucrt:_fenvutils.obj
 0004:00000dec       $pdata$_clearfp            0000000140020dec     libucrt:ieee.obj
 0004:00000df8       $pdata$common_control87    0000000140020df8     libucrt:ieee.obj
 0004:00000e04       $pdata$_call_matherr       0000000140020e04     libucrt:libm_error.obj
 0004:00000e10       $pdata$_exception_enabled  0000000140020e10     libucrt:libm_error.obj
 0004:00000e1c       $pdata$_handle_error       0000000140020e1c     libucrt:libm_error.obj
 0004:00000e28       $pdata$__acrt_initialize_fma3 0000000140020e28     libucrt:fma3_available.obj
 0004:00000e34       $pdata$_log10_special      0000000140020e34     libucrt:log_special.obj
 0004:00000e40       $pdata$_log_special_common 0000000140020e40     libucrt:log_special.obj
 0004:00000e4c       $pdata$_putwch_nolock      0000000140020e4c     libucrt:putwch.obj
 0004:00000e58       $pdata$??$?RV<lambda_bfedae4ebbf01fab1bb6dcc6a9e276e0>@@AEAV<lambda_2fe9b910cf3cbf4a0ab98a02ba45b3ec>@@V<lambda_237c231691f317818eb88cc1d5d642d6>@@@?$__crt_seh_guarded_call@H@@QEAAH$$QEAV<lambda_bfedae4ebbf01fab1bb6dcc6a9e276e0>@@AEAV<lambda_2fe9b910cf3cbf4a0ab98a02ba45b3ec>@@$$QEAV<lambda_237c231691f317818eb88cc1d5d642d6>@@@Z 0000000140020e58     libucrt:close.obj
 0004:00000e64       $pdata$_close              0000000140020e64     libucrt:close.obj
 0004:00000e70       $pdata$_close_nolock       0000000140020e70     libucrt:close.obj
 0004:00000e88       $pdata$_raise_exc          0000000140020e88     libucrt:fpexcept.obj
 0004:00000e94       $pdata$_raise_exc_ex       0000000140020e94     libucrt:fpexcept.obj
 0004:00000ea0       $pdata$_set_errno_from_matherr 0000000140020ea0     libucrt:fpexcept.obj
 0004:00000eac       $pdata$_clrfp              0000000140020eac     libucrt:fpctrl.obj
 0004:00000eb8       $pdata$_ctrlfp             0000000140020eb8     libucrt:fpctrl.obj
 0004:00000ec4       $pdata$_set_statfp         0000000140020ec4     libucrt:fpctrl.obj
 0004:00000ed0       $pdata$_statfp             0000000140020ed0     libucrt:fpctrl.obj
 0004:00000edc       $pdata$__dcrt_lowio_initialize_console_output 0000000140020edc     libucrt:initcon.obj
 0004:00000ee8       $pdata$__dcrt_terminate_console_output 0000000140020ee8     libucrt:initcon.obj
 0004:00000ef4       $pdata$_IsNonwritableInCurrentImage 0000000140020ef4     LIBCMT:pesect.obj
 0004:00000f24       $pdata$strrchr             0000000140020f24     libvcruntime:strrchr.obj
 0004:00000f3c       $pdata$?filt$0@?0??__scrt_common_main_seh@@YAHXZ@4HA 0000000140020f3c     LIBCMT:exe_winmain.obj
 0004:00000f48       $pdata$__scrt_is_nonwritable_in_current_image$filt$0 0000000140020f48     LIBCMT:utility.obj
 0004:00000f54       $pdata$?filt$0@?0??common_exit@@YAXHW4_crt_exit_cleanup_mode@@W4_crt_exit_return_mode@@@Z@4HA 0000000140020f54     libucrt:exit.obj
 0004:00000f60       $pdata$?fin$1@?0??common_exit@@YAXHW4_crt_exit_cleanup_mode@@W4_crt_exit_return_mode@@@Z@4HA 0000000140020f60     libucrt:exit.obj
 0004:00000f6c       $pdata$__acrt_update_thread_locale_data$fin$0 0000000140020f6c     libucrt:locale_refcounting.obj
 0004:00000f6c       $pdata$__acrt_uninitialize_locale$fin$0 0000000140020f6c     libucrt:wsetlocale.obj
 0004:00000f78       $pdata$?fin$0@?0???$?RV<lambda_e24bbb7b643b32fcea6fa61b31d4c984>@@AEAV<lambda_275893d493268fdec8709772e3fcec0e>@@V<lambda_9d71df4d7cf3f480f8d633942495c3b0>@@@?$__crt_seh_guarded_call@H@@QEAAH$$QEAV<lambda_e24bbb7b643b32fcea6fa61b31d4c984>@@AEAV<lambda_275893d493268fdec8709772e3fcec0e>@@$$QEAV<lambda_9d71df4d7cf3f480f8d633942495c3b0>@@@Z@4HA 0000000140020f78     libucrt:onexit.obj
 0004:00000f84       $pdata$?fin$0@?0???$?RV<lambda_5e887d1dcbef67a5eb4283622ba103bf>@@AEAV<lambda_4466841279450cc726390878d4a41900>@@V<lambda_341c25c0346d94847f1f3c463c57e077>@@@?$__crt_seh_guarded_call@X@@QEAAX$$QEAV<lambda_5e887d1dcbef67a5eb4283622ba103bf>@@AEAV<lambda_4466841279450cc726390878d4a41900>@@$$QEAV<lambda_341c25c0346d94847f1f3c463c57e077>@@@Z@4HA 0000000140020f84     libucrt:per_thread_data.obj
 0004:00000f84       $pdata$?fin$0@?0???$?RV<lambda_c36588078e9f5dfd39652860aa6b3aaf>@@AEAV<lambda_ec61778202f4f5fc7e7711acc23c3bca>@@V<lambda_dc9d2797ccde5d239b4a0efae8ebd7db>@@@?$__crt_seh_guarded_call@P6AXH@Z@@QEAAP6AXH@Z$$QEAV<lambda_c36588078e9f5dfd39652860aa6b3aaf>@@AEAV<lambda_ec61778202f4f5fc7e7711acc23c3bca>@@$$QEAV<lambda_dc9d2797ccde5d239b4a0efae8ebd7db>@@@Z@4HA 0000000140020f84     libucrt:signal.obj
 0004:00000f84       $pdata$?fin$0@?0???$?RV<lambda_72d1df2b273a38828b1ce30cbf4cdab5>@@AEAV<lambda_876a65b173b8412d3a47c70a915b0cf4>@@V<lambda_41932305e351933ebe8f8be3ed8bb5dc>@@@?$__crt_seh_guarded_call@X@@QEAAX$$QEAV<lambda_72d1df2b273a38828b1ce30cbf4cdab5>@@AEAV<lambda_876a65b173b8412d3a47c70a915b0cf4>@@$$QEAV<lambda_41932305e351933ebe8f8be3ed8bb5dc>@@@Z@4HA 0000000140020f84     libucrt:per_thread_data.obj
 0004:00000f84       $pdata$?fin$0@?0???$?RV<lambda_b8c45f8f788dd370798f47cfe8ac3a86>@@AEAV<lambda_4e60a939b0d047cfe11ddc22648dfba9>@@V<lambda_332c3edc96d0294ec56c57d38c1cdfd5>@@@?$__crt_seh_guarded_call@H@@QEAAH$$QEAV<lambda_b8c45f8f788dd370798f47cfe8ac3a86>@@AEAV<lambda_4e60a939b0d047cfe11ddc22648dfba9>@@$$QEAV<lambda_332c3edc96d0294ec56c57d38c1cdfd5>@@@Z@4HA 0000000140020f84     libucrt:onexit.obj
 0004:00000f84       $pdata$?fin$0@?0???$?RV<lambda_46352004c1216016012b18bd6f87e700>@@AEAV<lambda_3bd07e1a1191394380780325891bf33f>@@V<lambda_334532d3f185bcaa59b5be82d7d22bff>@@@?$__crt_seh_guarded_call@X@@QEAAX$$QEAV<lambda_46352004c1216016012b18bd6f87e700>@@AEAV<lambda_3bd07e1a1191394380780325891bf33f>@@$$QEAV<lambda_334532d3f185bcaa59b5be82d7d22bff>@@@Z@4HA 0000000140020f84     libucrt:per_thread_data.obj
 0004:00000f84       $pdata$?fin$0@?0???$?RV<lambda_99476a1ad63dd22509b5d3e65b0ffc95>@@AEAV<lambda_ad1ced32f4ac17aa236e5ef05d6b3b7c>@@V<lambda_f7424dd8d45958661754dc4f2697e9c3>@@@?$__crt_seh_guarded_call@X@@QEAAX$$QEAV<lambda_99476a1ad63dd22509b5d3e65b0ffc95>@@AEAV<lambda_ad1ced32f4ac17aa236e5ef05d6b3b7c>@@$$QEAV<lambda_f7424dd8d45958661754dc4f2697e9c3>@@@Z@4HA 0000000140020f84     libucrt:mbctype.obj
 0004:00000f84       $pdata$?fin$0@?0???$?RV<lambda_fb3a7dec4e47f37f22dae91bb15c9095>@@AEAV<lambda_698284760c8add0bfb0756c19673e34b>@@V<lambda_dfb8eca1e75fef3034a8fb18dd509707>@@@?$__crt_seh_guarded_call@X@@QEAAX$$QEAV<lambda_fb3a7dec4e47f37f22dae91bb15c9095>@@AEAV<lambda_698284760c8add0bfb0756c19673e34b>@@$$QEAV<lambda_dfb8eca1e75fef3034a8fb18dd509707>@@@Z@4HA 0000000140020f84     libucrt:per_thread_data.obj
 0004:00000f90       $pdata$__acrt_update_thread_multibyte_data$fin$0 0000000140020f90     libucrt:mbctype.obj
 0004:00000f9c       $pdata$__acrt_lowio_ensure_fh_exists$fin$0 0000000140020f9c     libucrt:osfinfo.obj
 0004:00000f9c       $pdata$__acrt_initialize_lowio$fin$0 0000000140020f9c     libucrt:ioinit.obj
 0004:00000fa8       $pdata$_query_new_handler$fin$0 0000000140020fa8     libucrt:new_handler.obj
 0004:00000fb4       $pdata$raise$fin$0         0000000140020fb4     libucrt:signal.obj
 0004:00000fc0       $pdata$_fcloseall$fin$0    0000000140020fc0     libucrt:closeall.obj
 0004:00000fcc       $pdata$common_flush_all$fin$0 0000000140020fcc     libucrt:fflush.obj
 0004:00000fd8       $pdata$common_flush_all$fin$1 0000000140020fd8     libucrt:fflush.obj
 0004:00000fe4       $pdata$_write$fin$0        0000000140020fe4     libucrt:write.obj
 0004:00000ff0       $pdata$fclose$fin$0        0000000140020ff0     libucrt:fclose.obj
 0004:00000ffc       $pdata$?fin$0@?0???$?RV<lambda_bfedae4ebbf01fab1bb6dcc6a9e276e0>@@AEAV<lambda_2fe9b910cf3cbf4a0ab98a02ba45b3ec>@@V<lambda_237c231691f317818eb88cc1d5d642d6>@@@?$__crt_seh_guarded_call@H@@QEAAH$$QEAV<lambda_bfedae4ebbf01fab1bb6dcc6a9e276e0>@@AEAV<lambda_2fe9b910cf3cbf4a0ab98a02ba45b3ec>@@$$QEAV<lambda_237c231691f317818eb88cc1d5d642d6>@@@Z@4HA 0000000140020ffc     libucrt:close.obj
 0004:00000ffc       $pdata$?fin$0@?0???$?RV<lambda_b521505b218e5242e90febf6bfebc422>@@AEAV<lambda_6978c1fb23f02e42e1d9e99668cc68aa>@@V<lambda_314360699dd331753a4119843814e9a7>@@@?$__crt_seh_guarded_call@H@@QEAAH$$QEAV<lambda_b521505b218e5242e90febf6bfebc422>@@AEAV<lambda_6978c1fb23f02e42e1d9e99668cc68aa>@@$$QEAV<lambda_314360699dd331753a4119843814e9a7>@@@Z@4HA 0000000140020ffc     libucrt:commit.obj
 0004:00001008       $pdata$common_control87$filt$0 0000000140021008     libucrt:ieee.obj
 0004:00001008       $pdata$_ctrlfp$filt$0      0000000140021008     libucrt:fpctrl.obj
 0004:00001014       $pdata$_IsNonwritableInCurrentImage$filt$0 0000000140021014     LIBCMT:pesect.obj
