 win32_handmade

 Timestamp is 5580d3fe (Tue Jun 16 18:57:18 2015)

 Preferred load address is 0000000140000000

 Start         Length     Name                   Class
 0001:00000000 000001dbH .text                   CODE
 0001:000001e0 00011b3cH .text$mn                CODE
 0001:00011d20 00000012H .text$mn$00             CODE
 0001:00011d40 00000210H .text$x                 CODE
 0002:00000000 000002e8H .idata$5                DATA
 0002:000002e8 00000010H .00cfg                  DATA
 0002:000002f8 00000008H .CRT$XCA                DATA
 0002:00000300 00000008H .CRT$XCAA               DATA
 0002:00000308 00000008H .CRT$XCZ                DATA
 0002:00000310 00000008H .CRT$XIA                DATA
 0002:00000318 00000008H .CRT$XIAA               DATA
 0002:00000320 00000008H .CRT$XIAC               DATA
 0002:00000328 00000018H .CRT$XIC                DATA
 0002:00000340 00000008H .CRT$XIZ                DATA
 0002:00000348 00000008H .CRT$XPA                DATA
 0002:00000350 00000010H .CRT$XPX                DATA
 0002:00000360 00000008H .CRT$XPXA               DATA
 0002:00000368 00000008H .CRT$XPZ                DATA
 0002:00000370 00000008H .CRT$XTA                DATA
 0002:00000378 00000008H .CRT$XTZ                DATA
 0002:00000380 00000000H .gfids$x                DATA
 0002:00000380 00007b14H .rdata                  DATA
 0002:00007e94 00000054H .rdata$debug            DATA
 0002:00007ee8 00000000H .rdata$r                DATA
 0002:00007ee8 00000010H .rdata$zETW0            DATA
 0002:00007ef8 00000077H .rdata$zETW1            DATA
 0002:00007f6f 0000002cH .rdata$zETW2            DATA
 0002:00007f9b 00000001H .rdata$zETW9            DATA
 0002:00007fa0 00000008H .rtc$IAA                DATA
 0002:00007fa8 00000008H .rtc$IZZ                DATA
 0002:00007fb0 00000008H .rtc$TAA                DATA
 0002:00007fb8 00000008H .rtc$TZZ                DATA
 0002:00007fc0 00000cecH .xdata                  DATA
 0002:00008cac 00000000H .edata                  DATA
 0002:00008cac 00000064H .idata$2                DATA
 0002:00008d10 00000014H .idata$3                DATA
 0002:00008d28 000002e8H .idata$4                DATA
 0002:00009010 00000676H .idata$6                DATA
 0003:00000000 00000d80H .data                   DATA
 0003:00000d80 00000000H .data$r                 DATA
 0003:00000d80 000023f0H .bss                    DATA
 0004:00000000 00000ff0H .pdata                  DATA

  Address         Publics by Value              Rva+Base               Lib:Object

 0000:00000000       __guard_fids_count         0000000000000000     <absolute>
 0000:00000000       ___safe_se_handler_count   0000000000000000     <absolute>
 0000:00000000       ___safe_se_handler_table   0000000000000000     <absolute>
 0000:00000000       __guard_fids_table         0000000000000000     <absolute>
 0000:00000100       __guard_flags              0000000000000100     <absolute>
 0000:00000000       __ImageBase                0000000140000000     <linker-defined>
 0001:00000000       TraceLoggingRegister       0000000140001000 f i libvcruntime:telemetry.obj
 0001:0000007c       _TlgEnableCallback         000000014000107c f i libvcruntime:telemetry.obj
 0001:00000140       _TlgWrite                  0000000140001140 f i libvcruntime:telemetry.obj
 0001:00000920       WinMain                    0000000140001920 f   win32_handmade.obj
 0001:00001870       ?XInputGetStateStub@@YAKKPEAU_XINPUT_STATE@@@Z 0000000140002870 f   win32_handmade.obj
 0001:00001890       ?XInputSetStateStub@@YAKKPEAU_XINPUT_VIBRATION@@@Z 0000000140002890 f   win32_handmade.obj
 0001:00002740       ??$__vcrt_va_start_verify_argument_type@QEBD@@YAXXZ 0000000140003740 f i win32_handmade.obj
 0001:00002750       ?GetController@@YAPEAUgame_controller_input@@PEAUgame_input@@H@Z 0000000140003750 f i win32_handmade.obj
 0001:00002790       ?SafeTruncateUInt64@@YAI_K@Z 0000000140003790 f i win32_handmade.obj
 0001:000027c0       ?Win32GetSecondsElapsed@@YAMT_LARGE_INTEGER@@0@Z 00000001400037c0 f i win32_handmade.obj
 0001:000027f0       ?Win32GetWallClock@@YA?AT_LARGE_INTEGER@@XZ 00000001400037f0 f i win32_handmade.obj
 0001:00002810       __local_stdio_printf_options 0000000140003810 f i win32_handmade.obj
 0001:00002820       snprintf                   0000000140003820 f i win32_handmade.obj
 0001:00002880       vsnprintf                  0000000140003880 f i win32_handmade.obj
 0001:000028f4       __GSHandlerCheck           00000001400038f4 f   LIBCMT:_gshandler_.obj
 0001:00002914       __GSHandlerCheckCommon     0000000140003914 f   LIBCMT:_gshandler_.obj
 0001:00002990       __security_check_cookie    0000000140003990 f   LIBCMT:_amdsecgs_.obj
 0001:00002c10       WinMainCRTStartup          0000000140003c10 f   LIBCMT:exe_winmain.obj
 0001:00002c24       __raise_securityfailure    0000000140003c24 f   LIBCMT:gs_report.obj
 0001:00002c58       __report_gsfailure         0000000140003c58 f   LIBCMT:gs_report.obj
 0001:00002d2c       __report_rangecheckfailure 0000000140003d2c f   LIBCMT:gs_report.obj
 0001:00002d40       __report_securityfailure   0000000140003d40 f   LIBCMT:gs_report.obj
 0001:00002ec0       __scrt_acquire_startup_lock 0000000140003ec0 f   LIBCMT:utility.obj
 0001:00002ee8       __scrt_initialize_crt      0000000140003ee8 f   LIBCMT:utility.obj
 0001:00002f34       __scrt_initialize_onexit_tables 0000000140003f34 f   LIBCMT:utility.obj
 0001:00003000       __scrt_is_nonwritable_in_current_image 0000000140004000 f   LIBCMT:utility.obj
 0001:0000309c       __scrt_release_startup_lock 000000014000409c f   LIBCMT:utility.obj
 0001:000030ac       __scrt_uninitialize_crt    00000001400040ac f   LIBCMT:utility.obj
 0001:000030d8       _onexit                    00000001400040d8 f   LIBCMT:utility.obj
 0001:00003128       atexit                     0000000140004128 f   LIBCMT:utility.obj
 0001:00003140       __security_init_cookie     0000000140004140 f   LIBCMT:gs_support.obj
 0001:000031ec       _get_startup_argv_mode     00000001400041ec f   LIBCMT:argv_mode.obj
 0001:000031f4       _get_startup_file_mode     00000001400041f4 f   LIBCMT:file_mode.obj
 0001:000031fc       ?__scrt_initialize_type_info@@YAXXZ 00000001400041fc f   LIBCMT:tncleanup.obj
 0001:0000320c       __local_stdio_scanf_options 000000014000420c f i LIBCMT:default_local_stdio_options.obj
 0001:00003214       __scrt_initialize_default_local_stdio_options 0000000140004214 f   LIBCMT:default_local_stdio_options.obj
 0001:00003230       __scrt_is_user_matherr_present 0000000140004230 f   LIBCMT:matherr_detection.obj
 0001:0000323c       __scrt_get_dyn_tls_init_callback 000000014000423c f   LIBCMT:dyn_tls_init.obj
 0001:00003244       __scrt_get_dyn_tls_dtor_callback 0000000140004244 f   LIBCMT:dyn_tls_dtor.obj
 0001:0000324c       __crt_debugger_hook        000000014000424c f   LIBCMT:utility_desktop.obj
 0001:00003254       __scrt_fastfail            0000000140004254 f   LIBCMT:utility_desktop.obj
 0001:0000339c       __scrt_get_show_window_mode 000000014000439c f   LIBCMT:utility_desktop.obj
 0001:000033dc       _get_startup_thread_locale_mode 00000001400043dc f   LIBCMT:thread_locale.obj
 0001:000033dc       _get_startup_commit_mode   00000001400043dc f   LIBCMT:commit_mode.obj
 0001:000033dc       _matherr                   00000001400043dc f   LIBCMT:matherr.obj
 0001:000033dc       __scrt_initialize_winrt    00000001400043dc f   LIBCMT:utility_desktop.obj
 0001:000033dc       _get_startup_new_mode      00000001400043dc f   LIBCMT:new_mode.obj
 0001:000033e0       __scrt_is_managed_app      00000001400043e0 f   LIBCMT:utility_desktop.obj
 0001:00003434       __scrt_set_unhandled_exception_filter 0000000140004434 f   LIBCMT:utility_desktop.obj
 0001:00003444       __scrt_unhandled_exception_filter 0000000140004444 f   LIBCMT:utility_desktop.obj
 0001:0000347c       _RTC_Initialize            000000014000447c f   LIBCMT:_initsect_.obj
 0001:000034c8       _RTC_Terminate             00000001400044c8 f   LIBCMT:_initsect_.obj
 0001:00003514       _guard_check_icall         0000000140004514 f i LIBCMT:checkcfg.obj
 0001:0000351c       __isa_available_init       000000014000451c f   LIBCMT:_cpu_disp_.obj
 0001:000036b0       __scrt_is_ucrt_dll_in_use  00000001400046b0 f   LIBCMT:ucrt_detection.obj
 0001:000036c0       IsProcessorFeaturePresent  00000001400046c0 f   kernel32:KERNEL32.dll
 0001:000036cc       __telemetry_main_invoke_trigger 00000001400046cc f   libvcruntime:telemetry.obj
 0001:000037e4       __telemetry_main_return_trigger 00000001400047e4 f   libvcruntime:telemetry.obj
 0001:000038fc       __vcrt_initialize_telemetry_provider 00000001400048fc f   libvcruntime:telemetry.obj
 0001:00003910       __vcrt_uninitialize_telemetry_provider 0000000140004910 f   libvcruntime:telemetry.obj
 0001:00003930       __C_specific_handler       0000000140004930 f   libvcruntime:_chandler_.obj
 0001:00003b20       __vcrt_initialize          0000000140004b20 f   libvcruntime:initialization.obj
 0001:00003b58       __vcrt_uninitialize        0000000140004b58 f   libvcruntime:initialization.obj
 0001:00003ba0       memset                     0000000140004ba0 f   libvcruntime:memset.obj
 0001:00003f08       __vcrt_EventRegister       0000000140004f08 f   libvcruntime:winapi_downlevel.obj
 0001:00003f8c       __vcrt_EventSetInformation 0000000140004f8c f   libvcruntime:winapi_downlevel.obj
 0001:00004010       __vcrt_EventUnregister     0000000140005010 f   libvcruntime:winapi_downlevel.obj
 0001:00004064       __vcrt_EventWriteTransfer  0000000140005064 f   libvcruntime:winapi_downlevel.obj
 0001:000040fc       __vcrt_FlsAlloc            00000001400050fc f   libvcruntime:winapi_downlevel.obj
 0001:00004150       __vcrt_FlsFree             0000000140005150 f   libvcruntime:winapi_downlevel.obj
 0001:000041a4       __vcrt_FlsSetValue         00000001400051a4 f   libvcruntime:winapi_downlevel.obj
 0001:0000420c       __vcrt_InitializeCriticalSectionEx 000000014000520c f   libvcruntime:winapi_downlevel.obj
 0001:00004284       __vcrt_initialize_winapi_thunks 0000000140005284 f   libvcruntime:winapi_downlevel.obj
 0001:000042bc       __vcrt_uninitialize_winapi_thunks 00000001400052bc f   libvcruntime:winapi_downlevel.obj
 0001:00004310       _local_unwind              0000000140005310 f   libvcruntime:_jmpuwind_.obj
 0001:00004340       _NLG_Notify                0000000140005340 f   libvcruntime:_jmpuwind_.obj
 0001:00004360       __NLG_Dispatch2            0000000140005360 f   libvcruntime:_jmpuwind_.obj
 0001:00004370       __NLG_Return2              0000000140005370 f   libvcruntime:_jmpuwind_.obj
 0001:00004374       __except_validate_context_record 0000000140005374 f   libvcruntime:jbcxrval.obj
 0001:00004374       _guard_check_icall_nop     0000000140005374 f   LIBCMT:guard_support.obj
 0001:00004374       _initialize_denormal_control 0000000140005374 f   LIBCMT:denormal_control.obj
 0001:00004374       _initialize_invalid_parameter_handler 0000000140005374 f   LIBCMT:invalid_parameter_handler.obj
 0001:00004378       __vcrt_freefls             0000000140005378 f   libvcruntime:per_thread_data.obj
 0001:00004398       __vcrt_initialize_ptd      0000000140005398 f   libvcruntime:per_thread_data.obj
 0001:000043d8       __vcrt_uninitialize_ptd    00000001400053d8 f   libvcruntime:per_thread_data.obj
 0001:000043fc       __vcrt_initialize_locks    00000001400053fc f   libvcruntime:locks.obj
 0001:00004444       __vcrt_uninitialize_locks  0000000140005444 f   libvcruntime:locks.obj
 0001:0000447c       __vcrt_initialize_pure_virtual_call_handler 000000014000547c f   libvcruntime:purevirt_data.obj
 0001:000044a0       ??$ensure_buffer_is_big_enough@D@formatting_buffer@__crt_stdio_output@@QEAA_N_K@Z 00000001400054a0 f i libucrt:output.obj
 0001:0000454c       ??$is_wide_character_specifier@D@__crt_stdio_output@@YA_N_KDW4length_modifier@0@@Z 000000014000554c f i libucrt:output.obj
 0001:0000457c       ??$type_case_integer_parse_into_buffer@I@?$output_processor@DV?$string_output_adapter@D@__crt_stdio_output@@V?$standard_base@DV?$string_output_adapter@D@__crt_stdio_output@@@2@@__crt_stdio_output@@AEAAXII_N@Z 000000014000557c f i libucrt:output.obj
 0001:00004618       ??$type_case_integer_parse_into_buffer@_K@?$output_processor@DV?$string_output_adapter@D@__crt_stdio_output@@V?$standard_base@DV?$string_output_adapter@D@__crt_stdio_output@@@2@@__crt_stdio_output@@AEAAX_KI_N@Z 0000000140005618 f i libucrt:output.obj
 0001:000046b4       ??$write_multiple_characters@V?$string_output_adapter@D@__crt_stdio_output@@D@__crt_stdio_output@@YAXAEBV?$string_output_adapter@D@0@DHQEAH@Z 00000001400056b4 f i libucrt:output.obj
 0001:00004710       ??0?$output_processor@DV?$string_output_adapter@D@__crt_stdio_output@@V?$standard_base@DV?$string_output_adapter@D@__crt_stdio_output@@@2@@__crt_stdio_output@@QEAA@AEBV?$string_output_adapter@D@1@_KQEBDQEAU__crt_locale_pointers@@QEAD@Z 0000000140005710 f i libucrt:output.obj
 0001:0000478c       ??0_LocaleUpdate@@QEAA@QEAU__crt_locale_pointers@@@Z 000000014000578c f i libucrt:output.obj
 0001:0000481c       ?force_decimal_point@__crt_stdio_output@@YAXPEADQEAU__crt_locale_pointers@@@Z 000000014000581c f i libucrt:output.obj
 0001:0000488c       ?parse_int_from_format_string@?$output_processor@DV?$string_output_adapter@D@__crt_stdio_output@@V?$standard_base@DV?$string_output_adapter@D@__crt_stdio_output@@@2@@__crt_stdio_output@@AEAA_NQEAH@Z 000000014000588c f i libucrt:output.obj
 0001:00004910       ?process@?$output_processor@DV?$string_output_adapter@D@__crt_stdio_output@@V?$standard_base@DV?$string_output_adapter@D@__crt_stdio_output@@@2@@__crt_stdio_output@@QEAAHXZ 0000000140005910 f i libucrt:output.obj
 0001:00004b14       ?state_case_normal@?$output_processor@DV?$string_output_adapter@D@__crt_stdio_output@@V?$standard_base@DV?$string_output_adapter@D@__crt_stdio_output@@@2@@__crt_stdio_output@@AEAA_NXZ 0000000140005b14 f i libucrt:output.obj
 0001:00004b88       ?state_case_normal_tchar@?$output_processor@DV?$string_output_adapter@D@__crt_stdio_output@@V?$standard_base@DV?$string_output_adapter@D@__crt_stdio_output@@@2@@__crt_stdio_output@@AEAA_ND@Z 0000000140005b88 f i libucrt:output.obj
 0001:00004c20       ?state_case_size@?$output_processor@DV?$string_output_adapter@D@__crt_stdio_output@@V?$standard_base@DV?$string_output_adapter@D@__crt_stdio_output@@@2@@__crt_stdio_output@@AEAA_NXZ 0000000140005c20 f i libucrt:output.obj
 0001:00004d9c       ?state_case_type@?$output_processor@DV?$string_output_adapter@D@__crt_stdio_output@@V?$standard_base@DV?$string_output_adapter@D@__crt_stdio_output@@@2@@__crt_stdio_output@@AEAA_NXZ 0000000140005d9c f i libucrt:output.obj
 0001:00005018       ?type_case_Z@?$output_processor@DV?$string_output_adapter@D@__crt_stdio_output@@V?$standard_base@DV?$string_output_adapter@D@__crt_stdio_output@@@2@@__crt_stdio_output@@AEAA_NXZ 0000000140006018 f i libucrt:output.obj
 0001:00005098       ?type_case_a@?$output_processor@DV?$string_output_adapter@D@__crt_stdio_output@@V?$standard_base@DV?$string_output_adapter@D@__crt_stdio_output@@@2@@__crt_stdio_output@@AEAA_NXZ 0000000140006098 f i libucrt:output.obj
 0001:000052b4       ?type_case_c_tchar@?$output_processor@DV?$string_output_adapter@D@__crt_stdio_output@@V?$standard_base@DV?$string_output_adapter@D@__crt_stdio_output@@@2@@__crt_stdio_output@@AEAA_ND@Z 00000001400062b4 f i libucrt:output.obj
 0001:00005368       ?type_case_integer@?$output_processor@DV?$string_output_adapter@D@__crt_stdio_output@@V?$standard_base@DV?$string_output_adapter@D@__crt_stdio_output@@@2@@__crt_stdio_output@@AEAA_NI_N@Z 0000000140006368 f i libucrt:output.obj
 0001:000054f8       ?type_case_n@?$output_processor@DV?$string_output_adapter@D@__crt_stdio_output@@V?$standard_base@DV?$string_output_adapter@D@__crt_stdio_output@@@2@@__crt_stdio_output@@AEAA_NXZ 00000001400064f8 f i libucrt:output.obj
 0001:000055d4       ?type_case_s@?$output_processor@DV?$string_output_adapter@D@__crt_stdio_output@@V?$standard_base@DV?$string_output_adapter@D@__crt_stdio_output@@@2@@__crt_stdio_output@@AEAA_NXZ 00000001400065d4 f i libucrt:output.obj
 0001:00005664       ?write_stored_string_tchar@?$output_processor@DV?$string_output_adapter@D@__crt_stdio_output@@V?$standard_base@DV?$string_output_adapter@D@__crt_stdio_output@@@2@@__crt_stdio_output@@AEAA_ND@Z 0000000140006664 f i libucrt:output.obj
 0001:0000573c       ?write_string@?$string_output_adapter@D@__crt_stdio_output@@QEBAXQEBDHQEAH1@Z 000000014000673c f i libucrt:output.obj
 0001:000057f8       __stdio_common_vsprintf    00000001400067f8 f   libucrt:output.obj
 0001:00005a30       sinf                       0000000140006a30 f   libucrt:sinf.obj
 0001:00006128       _seh_filter_exe            0000000140007128 f   libucrt:exception_filter.obj
 0001:000062b8       _query_app_type            00000001400072b8 f   libucrt:report_runtime_error.obj
 0001:000062c0       _set_app_type              00000001400072c0 f   libucrt:report_runtime_error.obj
 0001:000062c8       __acrt_has_user_matherr    00000001400072c8 f   libucrt:matherr.obj
 0001:000062e8       __acrt_initialize_user_matherr 00000001400072e8 f   libucrt:matherr.obj
 0001:000062f0       __acrt_invoke_user_matherr 00000001400072f0 f   libucrt:matherr.obj
 0001:00006338       __setusermatherr           0000000140007338 f   libucrt:matherr.obj
 0001:0000651c       __acrt_allocate_buffer_for_argv 000000014000751c f   libucrt:argv_parsing.obj
 0001:00006580       _configure_narrow_argv     0000000140007580 f   libucrt:argv_parsing.obj
 0001:000068dc       __dcrt_uninitialize_environments_nolock 00000001400078dc f   libucrt:environment_initialization.obj
 0001:00006914       _initialize_narrow_environment 0000000140007914 f   libucrt:environment_initialization.obj
 0001:0000691c       _get_narrow_winmain_command_line 000000014000791c f   libucrt:argv_winmain.obj
 0001:0000698c       _initterm                  000000014000798c f   libucrt:initterm.obj
 0001:00006a04       _initterm_e                0000000140007a04 f   libucrt:initterm.obj
 0001:00006c4c       __acrt_initialize_thread_local_exit_callback 0000000140007c4c f   libucrt:exit.obj
 0001:00006c54       _c_exit                    0000000140007c54 f   libucrt:exit.obj
 0001:00006c64       _cexit                     0000000140007c64 f   libucrt:exit.obj
 0001:00006c74       _exit                      0000000140007c74 f   libucrt:exit.obj
 0001:00006c80       _register_thread_local_exe_atexit_callback 0000000140007c80 f   libucrt:exit.obj
 0001:00006cc4       exit                       0000000140007cc4 f   libucrt:exit.obj
 0001:00006cd0       _set_fmode                 0000000140007cd0 f   libucrt:setmode.obj
 0001:00006d10       __acrt_set_locale_changed  0000000140007d10 f   libucrt:wsetlocale.obj
 0001:00006d1c       __acrt_uninitialize_locale 0000000140007d1c f   libucrt:wsetlocale.obj
 0001:00006d64       _configthreadlocale        0000000140007d64 f   libucrt:wsetlocale.obj
 0001:00006dd0       _query_new_mode            0000000140007dd0 f   libucrt:new_mode.obj
 0001:00006dd8       _set_new_mode              0000000140007dd8 f   libucrt:new_mode.obj
 0001:00006e04       __p__commode               0000000140007e04 f   libucrt:ncommode.obj
 0001:00006e54       _crt_atexit                0000000140007e54 f   libucrt:onexit.obj
 0001:00006e78       _execute_onexit_table      0000000140007e78 f   libucrt:onexit.obj
 0001:00006fa8       _initialize_onexit_table   0000000140007fa8 f   libucrt:onexit.obj
 0001:00006fe8       _register_onexit_function  0000000140007fe8 f   libucrt:onexit.obj
 0001:000071e8       __acrt_uninitialize_command_line 00000001400081e8 f   libucrt:argv_data.obj
 0001:000072d8       __acrt_initialize          00000001400082d8 f   libucrt:initialization.obj
 0001:000072ec       __acrt_uninitialize        00000001400082ec f   libucrt:initialization.obj
 0001:00007300       terminate                  0000000140008300 f   libucrt:terminate.obj
 0001:00007328       _free_base                 0000000140008328 f   libucrt:free_base.obj
 0001:00007368       _malloc_base               0000000140008368 f   libucrt:malloc_base.obj
 0001:000073c8       strcpy_s                   00000001400083c8 f   libucrt:strcpy_s.obj
 0001:00007428       abort                      0000000140008428 f   libucrt:abort.obj
 0001:00007480       _calloc_base               0000000140008480 f   libucrt:calloc_base.obj
 0001:00007500       ??$parse_integer@KV?$c_string_character_source@D@__crt_strtox@@@__crt_strtox@@YAKQEAU__crt_locale_pointers@@V?$c_string_character_source@D@0@H_N@Z 0000000140008500 f i libucrt:atox.obj
 0001:000078b8       __acrt_call_reportfault    00000001400088b8 f   libucrt:invalid_parameter.obj
 0001:00007a14       __acrt_initialize_invalid_parameter_handler 0000000140008a14 f   libucrt:invalid_parameter.obj
 0001:00007a1c       _invalid_parameter         0000000140008a1c f   libucrt:invalid_parameter.obj
 0001:00007ac4       _invalid_parameter_noinfo  0000000140008ac4 f   libucrt:invalid_parameter.obj
 0001:00007ae4       _invoke_watson             0000000140008ae4 f   libucrt:invalid_parameter.obj
 0001:00007b2c       isdigit                    0000000140008b2c f i libucrt:_ctype.obj
 0001:00007bf0       _tolower_l                 0000000140008bf0 f   libucrt:tolower_toupper.obj
 0001:00007d30       tolower                    0000000140008d30 f   libucrt:tolower_toupper.obj
 0001:00007d5c       __acrt_errno_from_os_error 0000000140008d5c f   libucrt:errno.obj
 0001:00007da4       __acrt_errno_map_os_error  0000000140008da4 f   libucrt:errno.obj
 0001:00007df4       __doserrno                 0000000140008df4 f   libucrt:errno.obj
 0001:00007e14       _errno                     0000000140008e14 f   libucrt:errno.obj
 0001:00007e40       ??$make_c_string_character_source@DPEAPEAD@__crt_strtox@@YA?AV?$c_string_character_source@D@0@QEBDQEAPEAD@Z 0000000140008e40 f i libucrt:strtox.obj
 0001:00007e60       strtol                     0000000140008e60 f   libucrt:strtox.obj
 0001:00007e90       _mbtowc_l                  0000000140008e90 f   libucrt:mbtowc.obj
 0001:00007fd8       mbtowc                     0000000140008fd8 f   libucrt:mbtowc.obj
 0001:00007fe0       _wctomb_s_l                0000000140008fe0 f   libucrt:wctomb.obj
 0001:00008164       wctomb_s                   0000000140009164 f   libucrt:wctomb.obj
 0001:00008178       strnlen                    0000000140009178 f   libucrt:strnlen.obj
 0001:000082d4       wcsnlen                    00000001400092d4 f   libucrt:strnlen.obj
 0001:000084c4       ??$?RV<lambda_46352004c1216016012b18bd6f87e700>@@AEAV<lambda_3bd07e1a1191394380780325891bf33f>@@V<lambda_334532d3f185bcaa59b5be82d7d22bff>@@@?$__crt_seh_guarded_call@X@@QEAAX$$QEAV<lambda_46352004c1216016012b18bd6f87e700>@@AEAV<lambda_3bd07e1a1191394380780325891bf33f>@@$$QEAV<lambda_334532d3f185bcaa59b5be82d7d22bff>@@@Z 00000001400094c4 f i libucrt:per_thread_data.obj
 0001:00008524       ??$?RV<lambda_5e887d1dcbef67a5eb4283622ba103bf>@@AEAV<lambda_4466841279450cc726390878d4a41900>@@V<lambda_341c25c0346d94847f1f3c463c57e077>@@@?$__crt_seh_guarded_call@X@@QEAAX$$QEAV<lambda_5e887d1dcbef67a5eb4283622ba103bf>@@AEAV<lambda_4466841279450cc726390878d4a41900>@@$$QEAV<lambda_341c25c0346d94847f1f3c463c57e077>@@@Z 0000000140009524 f i libucrt:per_thread_data.obj
 0001:0000856c       ??$?RV<lambda_72d1df2b273a38828b1ce30cbf4cdab5>@@AEAV<lambda_876a65b173b8412d3a47c70a915b0cf4>@@V<lambda_41932305e351933ebe8f8be3ed8bb5dc>@@@?$__crt_seh_guarded_call@X@@QEAAX$$QEAV<lambda_72d1df2b273a38828b1ce30cbf4cdab5>@@AEAV<lambda_876a65b173b8412d3a47c70a915b0cf4>@@$$QEAV<lambda_41932305e351933ebe8f8be3ed8bb5dc>@@@Z 000000014000956c f i libucrt:per_thread_data.obj
 0001:000085ac       ??$?RV<lambda_fb3a7dec4e47f37f22dae91bb15c9095>@@AEAV<lambda_698284760c8add0bfb0756c19673e34b>@@V<lambda_dfb8eca1e75fef3034a8fb18dd509707>@@@?$__crt_seh_guarded_call@X@@QEAAX$$QEAV<lambda_fb3a7dec4e47f37f22dae91bb15c9095>@@AEAV<lambda_698284760c8add0bfb0756c19673e34b>@@$$QEAV<lambda_dfb8eca1e75fef3034a8fb18dd509707>@@@Z 00000001400095ac f i libucrt:per_thread_data.obj
 0001:0000882c       __acrt_getptd              000000014000982c f   libucrt:per_thread_data.obj
 0001:000088c0       __acrt_getptd_noexit       00000001400098c0 f   libucrt:per_thread_data.obj
 0001:00008960       __acrt_initialize_ptd      0000000140009960 f   libucrt:per_thread_data.obj
 0001:0000899c       __acrt_uninitialize_ptd    000000014000999c f   libucrt:per_thread_data.obj
 0001:000089c0       __acrt_update_locale_info  00000001400099c0 f   libucrt:locale_update.obj
 0001:000089f4       __acrt_update_multibyte_info 00000001400099f4 f   libucrt:locale_update.obj
 0001:00008a28       ?__acrt_fp_classify@@YA?AW4__acrt_fp_class@@AEBN@Z 0000000140009a28 f i libucrt:cvt.obj
 0001:00009460       __acrt_fp_format           000000014000a460 f   libucrt:cvt.obj
 0001:000096a4       _fileno                    000000014000a6a4 f   libucrt:fileno.obj
 0001:000096cc       __acrt_initialize_stdio    000000014000a6cc f   libucrt:_file.obj
 0001:000097ec       __acrt_uninitialize_stdio  000000014000a7ec f   libucrt:_file.obj
 0001:00009848       _lock_file                 000000014000a848 f   libucrt:_file.obj
 0001:00009854       _unlock_file               000000014000a854 f   libucrt:_file.obj
 0001:00009860       _get_printf_count_output   000000014000a860 f   libucrt:printf_count_output.obj
 0001:00009a60       __acrt_initialize_lowio    000000014000aa60 f   libucrt:ioinit.obj
 0001:00009a9c       __acrt_uninitialize_lowio  000000014000aa9c f   libucrt:ioinit.obj
 0001:00009ae0       __acrt_initialize_fma3     000000014000aae0 f   libucrt:fma3_available.obj
 0001:00009b20       __remainder_piby2d2f_forC  000000014000ab20 f   libucrt:remainder_piby2f_forc.obj
 0001:00009d38       _sinf_special              000000014000ad38 f   libucrt:sincos_special.obj
 0001:0000a228       ?expand_if_necessary@?$argument_list@D@?A0x1958b273@@AEAAHXZ 000000014000b228 f i libucrt:argv_wildcards.obj
 0001:0000a2f0       __acrt_expand_narrow_argv_wildcards 000000014000b2f0 f   libucrt:argv_wildcards.obj
 0001:0000a2f8       ??$?RV<lambda_99476a1ad63dd22509b5d3e65b0ffc95>@@AEAV<lambda_ad1ced32f4ac17aa236e5ef05d6b3b7c>@@V<lambda_f7424dd8d45958661754dc4f2697e9c3>@@@?$__crt_seh_guarded_call@X@@QEAAX$$QEAV<lambda_99476a1ad63dd22509b5d3e65b0ffc95>@@AEAV<lambda_ad1ced32f4ac17aa236e5ef05d6b3b7c>@@$$QEAV<lambda_f7424dd8d45958661754dc4f2697e9c3>@@@Z 000000014000b2f8 f i libucrt:mbctype.obj
 0001:0000a9f4       __acrt_initialize_multibyte 000000014000b9f4 f   libucrt:mbctype.obj
 0001:0000aa1c       __acrt_update_thread_multibyte_data 000000014000ba1c f   libucrt:mbctype.obj
 0001:0000aadc       _setmbcp_nolock            000000014000badc f   libucrt:mbctype.obj
 0001:0000adfc       _ismbblead                 000000014000bdfc f   libucrt:ismbbyte.obj
 0001:0000ae10       __acrt_initialize_command_line 000000014000be10 f   libucrt:argv_data.obj
 0001:0000ae38       __dcrt_get_narrow_environment_from_os 000000014000be38 f   libucrt:get_environment_from_os.obj
 0001:0000af3c       __acrt_initialize_locks    000000014000bf3c f   libucrt:locks.obj
 0001:0000af84       __acrt_lock                000000014000bf84 f   libucrt:locks.obj
 0001:0000afa0       __acrt_uninitialize_locks  000000014000bfa0 f   libucrt:locks.obj
 0001:0000afd8       __acrt_unlock              000000014000bfd8 f   libucrt:locks.obj
 0001:0000aff4       __acrt_lowio_create_handle_array 000000014000bff4 f   libucrt:osfinfo.obj
 0001:0000b08c       __acrt_lowio_destroy_handle_array 000000014000c08c f   libucrt:osfinfo.obj
 0001:0000b0dc       __acrt_lowio_ensure_fh_exists 000000014000c0dc f   libucrt:osfinfo.obj
 0001:0000b194       __acrt_lowio_lock_fh       000000014000c194 f   libucrt:osfinfo.obj
 0001:0000b1b8       __acrt_lowio_unlock_fh     000000014000c1b8 f   libucrt:osfinfo.obj
 0001:0000b1dc       _free_osfhnd               000000014000c1dc f   libucrt:osfinfo.obj
 0001:0000b298       _get_osfhandle             000000014000c298 f   libucrt:osfinfo.obj
 0001:0000b310       __pctype_func              000000014000c310 f   libucrt:ctype.obj
 0001:0000b340       __acrt_locale_free_monetary 000000014000c340 f   libucrt:initmon.obj
 0001:0000b44c       __acrt_locale_free_numeric 000000014000c44c f   libucrt:initnum.obj
 0001:0000b568       __acrt_locale_free_time    000000014000c568 f   libucrt:inittime.obj
 0001:0000b6c8       __acrt_GetStringTypeA      000000014000c6c8 f   libucrt:getstringtypea.obj
 0001:0000b87c       __acrt_add_locale_ref      000000014000c87c f   libucrt:locale_refcounting.obj
 0001:0000b90c       __acrt_free_locale         000000014000c90c f   libucrt:locale_refcounting.obj
 0001:0000baa4       __acrt_release_locale_ref  000000014000caa4 f   libucrt:locale_refcounting.obj
 0001:0000bb48       __acrt_update_thread_locale_data 000000014000cb48 f   libucrt:locale_refcounting.obj
 0001:0000bbb8       _updatetlocinfoEx_nolock   000000014000cbb8 f   libucrt:locale_refcounting.obj
 0001:0000bdc0       __acrt_FlsAlloc            000000014000cdc0 f   libucrt:winapi_thunks.obj
 0001:0000be18       __acrt_FlsFree             000000014000ce18 f   libucrt:winapi_thunks.obj
 0001:0000be70       __acrt_FlsGetValue         000000014000ce70 f   libucrt:winapi_thunks.obj
 0001:0000bec8       __acrt_FlsSetValue         000000014000cec8 f   libucrt:winapi_thunks.obj
 0001:0000bf30       __acrt_InitializeCriticalSectionEx 000000014000cf30 f   libucrt:winapi_thunks.obj
 0001:0000bfa8       __acrt_LCMapStringEx       000000014000cfa8 f   libucrt:winapi_thunks.obj
 0001:0000c098       __acrt_LocaleNameToLCID    000000014000d098 f   libucrt:winapi_thunks.obj
 0001:0000c100       __acrt_initialize_winapi_thunks 000000014000d100 f   libucrt:winapi_thunks.obj
 0001:0000c138       __acrt_uninitialize_winapi_thunks 000000014000d138 f   libucrt:winapi_thunks.obj
 0001:0000c17c       _recalloc                  000000014000d17c f   libucrt:recalloc.obj
 0001:0000c184       _recalloc_base             000000014000d184 f   libucrt:recalloc.obj
 0001:0000c21c       __acrt_initialize_heap     000000014000d21c f   libucrt:heap_handle.obj
 0001:0000c238       __acrt_uninitialize_heap   000000014000d238 f   libucrt:heap_handle.obj
 0001:0000c244       __acrt_execute_initializers 000000014000d244 f   libucrt:shared_initialization.obj
 0001:0000c2d8       __acrt_execute_uninitializers 000000014000d2d8 f   libucrt:shared_initialization.obj
 0001:0000c328       __acrt_initialize_new_handler 000000014000d328 f   libucrt:new_handler.obj
 0001:0000c330       _callnewh                  000000014000d330 f   libucrt:new_handler.obj
 0001:0000c370       _query_new_handler         000000014000d370 f   libucrt:new_handler.obj
 0001:0000c3a4       ??$?RV<lambda_c36588078e9f5dfd39652860aa6b3aaf>@@AEAV<lambda_ec61778202f4f5fc7e7711acc23c3bca>@@V<lambda_dc9d2797ccde5d239b4a0efae8ebd7db>@@@?$__crt_seh_guarded_call@P6AXH@Z@@QEAAP6AXH@Z$$QEAV<lambda_c36588078e9f5dfd39652860aa6b3aaf>@@AEAV<lambda_ec61778202f4f5fc7e7711acc23c3bca>@@$$QEAV<lambda_dc9d2797ccde5d239b4a0efae8ebd7db>@@@Z 000000014000d3a4 f i libucrt:signal.obj
 0001:0000c3ec       __acrt_get_sigabrt_handler 000000014000d3ec f   libucrt:signal.obj
 0001:0000c41c       __acrt_initialize_signal_handlers 000000014000d41c f   libucrt:signal.obj
 0001:0000c43c       raise                      000000014000d43c f   libucrt:signal.obj
 0001:0000c6d8       _isctype_l                 000000014000d6d8 f   libucrt:isctype.obj
 0001:0000c7e8       _isleadbyte_l              000000014000d7e8 f i libucrt:_wctype.obj
 0001:0000cb84       __acrt_LCMapStringA        000000014000db84 f   libucrt:lcmapstringa.obj
 0001:0000cc1c       __acrt_fp_strflt_to_string 000000014000dc1c f   libucrt:_fptostr.obj
 0001:0000cce0       ?divide@__crt_strtox@@YA_KAEAUbig_integer@1@AEBU21@@Z 000000014000dce0 f i libucrt:cfout.obj
 0001:0000d1b0       __acrt_fltout              000000014000e1b0 f   libucrt:cfout.obj
 0001:0000e72c       _fcloseall                 000000014000f72c f   libucrt:closeall.obj
 0001:0000e7e0       __acrt_stdio_flush_nolock  000000014000f7e0 f   libucrt:fflush.obj
 0001:0000e850       _fflush_nolock             000000014000f850 f   libucrt:fflush.obj
 0001:0000e89c       _flushall                  000000014000f89c f   libucrt:fflush.obj
 0001:0000e98c       __acrt_stdio_free_buffer_nolock 000000014000f98c f   libucrt:_freebuf.obj
 0001:0000e9cc       _isatty                    000000014000f9cc f   libucrt:isatty.obj
 0001:0000eb50       _handle_error              000000014000fb50 f   libucrt:libm_error.obj
 0001:0000ec78       _handle_errorf             000000014000fc78 f   libucrt:libm_error.obj
 0001:0000edac       _handle_nan                000000014000fdac f   libucrt:libm_error.obj
 0001:0000eea0       qsort                      000000014000fea0 f   libucrt:qsort.obj
 0001:0000f1d4       strncpy_s                  00000001400101d4 f   libucrt:strncpy_s.obj
 0001:0000f2a8       strpbrk                    00000001400102a8 f   libucrt:strpbrk.obj
 0001:0000f348       _mbsdec                    0000000140010348 f   libucrt:mbsdec.obj
 0001:0000f350       _mbsdec_l                  0000000140010350 f   libucrt:mbsdec.obj
 0001:0000f4c8       __acrt_DownlevelLocaleNameToLCID 00000001400104c8 f   libucrt:lcidtoname_downlevel.obj
 0001:0000f4fc       _msize                     00000001400104fc f   libucrt:msize.obj
 0001:0000f538       _realloc_base              0000000140010538 f   libucrt:realloc_base.obj
 0001:0000f5bc       __strncnt                  00000001400105bc f   libucrt:strncnt.obj
 0001:0000f5d4       fegetenv                   00000001400105d4 f   libucrt:fegetenv.obj
 0001:0000f5f4       fesetenv                   00000001400105f4 f   libucrt:fesetenv.obj
 0001:0000f640       feholdexcept               0000000140010640 f   libucrt:feholdexcept.obj
 0001:0000f690       ceil                       0000000140010690 f   libucrt:ceil.obj
 0001:0000f760       log10                      0000000140010760 f   libucrt:log10.obj
 0001:000102ac       _write                     00000001400112ac f   libucrt:write.obj
 0001:00010398       _write_nolock              0000000140011398 f   libucrt:write.obj
 0001:00010718       _lseeki64_nolock           0000000140011718 f   libucrt:lseek.obj
 0001:00010720       _fclose_nolock             0000000140011720 f   libucrt:fclose.obj
 0001:000107a4       fclose                     00000001400117a4 f   libucrt:fclose.obj
 0001:00010810       ??$?RV<lambda_b521505b218e5242e90febf6bfebc422>@@AEAV<lambda_6978c1fb23f02e42e1d9e99668cc68aa>@@V<lambda_314360699dd331753a4119843814e9a7>@@@?$__crt_seh_guarded_call@H@@QEAAH$$QEAV<lambda_b521505b218e5242e90febf6bfebc422>@@AEAV<lambda_6978c1fb23f02e42e1d9e99668cc68aa>@@$$QEAV<lambda_314360699dd331753a4119843814e9a7>@@@Z 0000000140011810 f i libucrt:commit.obj
 0001:0001089c       _commit                    000000014001189c f   libucrt:commit.obj
 0001:00010930       _raise_exc                 0000000140011930 f   libucrt:fpexcept.obj
 0001:00010958       _raise_exc_ex              0000000140011958 f   libucrt:fpexcept.obj
 0001:00010c60       _raise_excf                0000000140011c60 f   libucrt:fpexcept.obj
 0001:00010c8c       _set_errno_from_matherr    0000000140011c8c f   libucrt:fpexcept.obj
 0001:00010cbc       _clrfp                     0000000140011cbc f   libucrt:fpctrl.obj
 0001:00010cdc       _ctrlfp                    0000000140011cdc f   libucrt:fpctrl.obj
 0001:00010d58       _set_statfp                0000000140011d58 f   libucrt:fpctrl.obj
 0001:00010d78       _statfp                    0000000140011d78 f   libucrt:fpctrl.obj
 0001:00010d8c       __get_machine_status       0000000140011d8c f   libucrt:_fenvutils.obj
 0001:00010dc4       _getfpcontrolword          0000000140011dc4 f   libucrt:_fenvutils.obj
 0001:00010ddc       _getfpstatusword           0000000140011ddc f   libucrt:_fenvutils.obj
 0001:00010df0       _setfpcontrolword          0000000140011df0 f   libucrt:_fenvutils.obj
 0001:00010dfc       _setfpstatusword           0000000140011dfc f   libucrt:_fenvutils.obj
 0001:00010e38       _clearfp                   0000000140011e38 f   libucrt:ieee.obj
 0001:00010e8c       _controlfp                 0000000140011e8c f   libucrt:ieee.obj
 0001:00010e98       _statusfp                  0000000140011e98 f   libucrt:ieee.obj
 0001:00011180       _log10_special             0000000140012180 f   libucrt:log_special.obj
 0001:00011238       _putwch_nolock             0000000140012238 f   libucrt:putwch.obj
 0001:00011294       ??$?RV<lambda_bfedae4ebbf01fab1bb6dcc6a9e276e0>@@AEAV<lambda_2fe9b910cf3cbf4a0ab98a02ba45b3ec>@@V<lambda_237c231691f317818eb88cc1d5d642d6>@@@?$__crt_seh_guarded_call@H@@QEAAH$$QEAV<lambda_bfedae4ebbf01fab1bb6dcc6a9e276e0>@@AEAV<lambda_2fe9b910cf3cbf4a0ab98a02ba45b3ec>@@$$QEAV<lambda_237c231691f317818eb88cc1d5d642d6>@@@Z 0000000140012294 f i libucrt:close.obj
 0001:00011308       _close                     0000000140012308 f   libucrt:close.obj
 0001:000113ac       _close_nolock              00000001400123ac f   libucrt:close.obj
 0001:00011468       ?__acrt_stdio_free_stream@@YAXV__crt_stdio_stream@@@Z 0000000140012468 f   libucrt:stream.obj
 0001:000114c0       _get_fpsr                  00000001400124c0 f   libucrt:fpsr.obj
 0001:000114d0       _set_fpsr                  00000001400124d0 f   libucrt:fpsr.obj
 0001:000114da       _fclrf                     00000001400124da f   libucrt:fpsr.obj
 0001:000114ee       _frnd                      00000001400124ee f   libucrt:fpsr.obj
 0001:00011510       __dcrt_lowio_initialize_console_output 0000000140012510 f   libucrt:initcon.obj
 0001:0001154c       __dcrt_terminate_console_output 000000014001254c f   libucrt:initcon.obj
 0001:00011570       _FindPESection             0000000140012570 f   LIBCMT:pesect.obj
 0001:000115c0       _IsNonwritableInCurrentImage 00000001400125c0 f   LIBCMT:pesect.obj
 0001:00011610       _ValidateImageBase         0000000140012610 f   LIBCMT:pesect.obj
 0001:00011650       __chkstk                   0000000140012650 f   LIBCMT:_chkstk_.obj
 0001:00011650       _alloca_probe              0000000140012650 f   LIBCMT:_chkstk_.obj
 0001:000116a2       RtlUnwindEx                00000001400126a2 f   kernel32:KERNEL32.dll
 0001:000116a8       SystemFunction036          00000001400126a8 f   advapi32:ADVAPI32.dll
 0001:000116c0       memcpy                     00000001400126c0 f   libvcruntime:memcpy.obj
 0001:000116c0       memmove                    00000001400126c0 f   libvcruntime:memcpy.obj
 0001:00011b10       memcmp                     0000000140012b10 f   libvcruntime:memcmp.obj
 0001:00011bd8       strrchr                    0000000140012bd8 f   libvcruntime:strrchr.obj
 0001:00011d30       _guard_dispatch_icall_nop  0000000140012d30 f   LIBCMT:_guard_dispatch_.obj
 0002:00000000       __imp_SystemFunction036    0000000140013000     advapi32:ADVAPI32.dll
 0002:00000008       \177ADVAPI32_NULL_THUNK_DATA 0000000140013008     advapi32:ADVAPI32.dll
 0002:00000010       __imp_StretchDIBits        0000000140013010     gdi32:GDI32.dll
 0002:00000018       \177GDI32_NULL_THUNK_DATA  0000000140013018     gdi32:GDI32.dll
 0002:00000020       __imp_RaiseException       0000000140013020     kernel32:KERNEL32.dll
 0002:00000028       __imp_FlushFileBuffers     0000000140013028     kernel32:KERNEL32.dll
 0002:00000030       __imp_WriteConsoleW        0000000140013030     kernel32:KERNEL32.dll
 0002:00000038       __imp_GetConsoleMode       0000000140013038     kernel32:KERNEL32.dll
 0002:00000040       __imp_GetConsoleCP         0000000140013040     kernel32:KERNEL32.dll
 0002:00000048       __imp_HeapReAlloc          0000000140013048     kernel32:KERNEL32.dll
 0002:00000050       __imp_HeapSize             0000000140013050     kernel32:KERNEL32.dll
 0002:00000058       __imp_CreateFileW          0000000140013058     kernel32:KERNEL32.dll
 0002:00000060       __imp_SetFilePointerEx     0000000140013060     kernel32:KERNEL32.dll
 0002:00000068       __imp_GetProcessHeap       0000000140013068     kernel32:KERNEL32.dll
 0002:00000070       __imp_CreateFileA          0000000140013070     kernel32:KERNEL32.dll
 0002:00000078       __imp_GetFileSizeEx        0000000140013078     kernel32:KERNEL32.dll
 0002:00000080       __imp_ReadFile             0000000140013080     kernel32:KERNEL32.dll
 0002:00000088       __imp_WriteFile            0000000140013088     kernel32:KERNEL32.dll
 0002:00000090       __imp_OutputDebugStringA   0000000140013090     kernel32:KERNEL32.dll
 0002:00000098       __imp_CloseHandle          0000000140013098     kernel32:KERNEL32.dll
 0002:000000a0       __imp_QueryPerformanceCounter 00000001400130a0     kernel32:KERNEL32.dll
 0002:000000a8       __imp_QueryPerformanceFrequency 00000001400130a8     kernel32:KERNEL32.dll
 0002:000000b0       __imp_Sleep                00000001400130b0     kernel32:KERNEL32.dll
 0002:000000b8       __imp_VirtualAlloc         00000001400130b8     kernel32:KERNEL32.dll
 0002:000000c0       __imp_VirtualFree          00000001400130c0     kernel32:KERNEL32.dll
 0002:000000c8       __imp_GetProcAddress       00000001400130c8     kernel32:KERNEL32.dll
 0002:000000d0       __imp_LoadLibraryA         00000001400130d0     kernel32:KERNEL32.dll
 0002:000000d8       __imp_RtlCaptureContext    00000001400130d8     kernel32:KERNEL32.dll
 0002:000000e0       __imp_RtlLookupFunctionEntry 00000001400130e0     kernel32:KERNEL32.dll
 0002:000000e8       __imp_RtlVirtualUnwind     00000001400130e8     kernel32:KERNEL32.dll
 0002:000000f0       __imp_UnhandledExceptionFilter 00000001400130f0     kernel32:KERNEL32.dll
 0002:000000f8       __imp_SetUnhandledExceptionFilter 00000001400130f8     kernel32:KERNEL32.dll
 0002:00000100       __imp_GetCurrentProcess    0000000140013100     kernel32:KERNEL32.dll
 0002:00000108       __imp_TerminateProcess     0000000140013108     kernel32:KERNEL32.dll
 0002:00000110       __imp_IsProcessorFeaturePresent 0000000140013110     kernel32:KERNEL32.dll
 0002:00000118       __imp_GetCurrentProcessId  0000000140013118     kernel32:KERNEL32.dll
 0002:00000120       __imp_GetCurrentThreadId   0000000140013120     kernel32:KERNEL32.dll
 0002:00000128       __imp_GetSystemTimeAsFileTime 0000000140013128     kernel32:KERNEL32.dll
 0002:00000130       __imp_InitializeSListHead  0000000140013130     kernel32:KERNEL32.dll
 0002:00000138       __imp_IsDebuggerPresent    0000000140013138     kernel32:KERNEL32.dll
 0002:00000140       __imp_GetStartupInfoW      0000000140013140     kernel32:KERNEL32.dll
 0002:00000148       __imp_GetModuleHandleW     0000000140013148     kernel32:KERNEL32.dll
 0002:00000150       __imp_GetLastError         0000000140013150     kernel32:KERNEL32.dll
 0002:00000158       __imp_GetModuleFileNameW   0000000140013158     kernel32:KERNEL32.dll
 0002:00000160       __imp_RtlUnwindEx          0000000140013160     kernel32:KERNEL32.dll
 0002:00000168       __imp_InitializeCriticalSectionAndSpinCount 0000000140013168     kernel32:KERNEL32.dll
 0002:00000170       __imp_TlsAlloc             0000000140013170     kernel32:KERNEL32.dll
 0002:00000178       __imp_TlsGetValue          0000000140013178     kernel32:KERNEL32.dll
 0002:00000180       __imp_TlsSetValue          0000000140013180     kernel32:KERNEL32.dll
 0002:00000188       __imp_TlsFree              0000000140013188     kernel32:KERNEL32.dll
 0002:00000190       __imp_FreeLibrary          0000000140013190     kernel32:KERNEL32.dll
 0002:00000198       __imp_LoadLibraryExW       0000000140013198     kernel32:KERNEL32.dll
 0002:000001a0       __imp_SetLastError         00000001400131a0     kernel32:KERNEL32.dll
 0002:000001a8       __imp_EnterCriticalSection 00000001400131a8     kernel32:KERNEL32.dll
 0002:000001b0       __imp_LeaveCriticalSection 00000001400131b0     kernel32:KERNEL32.dll
 0002:000001b8       __imp_DeleteCriticalSection 00000001400131b8     kernel32:KERNEL32.dll
 0002:000001c0       __imp_GetStdHandle         00000001400131c0     kernel32:KERNEL32.dll
 0002:000001c8       __imp_GetModuleFileNameA   00000001400131c8     kernel32:KERNEL32.dll
 0002:000001d0       __imp_MultiByteToWideChar  00000001400131d0     kernel32:KERNEL32.dll
 0002:000001d8       __imp_WideCharToMultiByte  00000001400131d8     kernel32:KERNEL32.dll
 0002:000001e0       __imp_ExitProcess          00000001400131e0     kernel32:KERNEL32.dll
 0002:000001e8       __imp_GetModuleHandleExW   00000001400131e8     kernel32:KERNEL32.dll
 0002:000001f0       __imp_GetACP               00000001400131f0     kernel32:KERNEL32.dll
 0002:000001f8       __imp_HeapFree             00000001400131f8     kernel32:KERNEL32.dll
 0002:00000200       __imp_HeapAlloc            0000000140013200     kernel32:KERNEL32.dll
 0002:00000208       __imp_GetFileType          0000000140013208     kernel32:KERNEL32.dll
 0002:00000210       __imp_FindClose            0000000140013210     kernel32:KERNEL32.dll
 0002:00000218       __imp_FindFirstFileExA     0000000140013218     kernel32:KERNEL32.dll
 0002:00000220       __imp_FindNextFileA        0000000140013220     kernel32:KERNEL32.dll
 0002:00000228       __imp_IsValidCodePage      0000000140013228     kernel32:KERNEL32.dll
 0002:00000230       __imp_GetOEMCP             0000000140013230     kernel32:KERNEL32.dll
 0002:00000238       __imp_GetCPInfo            0000000140013238     kernel32:KERNEL32.dll
 0002:00000240       __imp_GetCommandLineA      0000000140013240     kernel32:KERNEL32.dll
 0002:00000248       __imp_GetCommandLineW      0000000140013248     kernel32:KERNEL32.dll
 0002:00000250       __imp_GetEnvironmentStringsW 0000000140013250     kernel32:KERNEL32.dll
 0002:00000258       __imp_FreeEnvironmentStringsW 0000000140013258     kernel32:KERNEL32.dll
 0002:00000260       __imp_SetStdHandle         0000000140013260     kernel32:KERNEL32.dll
 0002:00000268       __imp_GetStringTypeW       0000000140013268     kernel32:KERNEL32.dll
 0002:00000270       __imp_LCMapStringW         0000000140013270     kernel32:KERNEL32.dll
 0002:00000278       \177KERNEL32_NULL_THUNK_DATA 0000000140013278     kernel32:KERNEL32.dll
 0002:00000280       __imp_GetDC                0000000140013280     user32:USER32.dll
 0002:00000288       __imp_DispatchMessageA     0000000140013288     user32:USER32.dll
 0002:00000290       __imp_GetClientRect        0000000140013290     user32:USER32.dll
 0002:00000298       __imp_EndPaint             0000000140013298     user32:USER32.dll
 0002:000002a0       __imp_BeginPaint           00000001400132a0     user32:USER32.dll
 0002:000002a8       __imp_TranslateMessage     00000001400132a8     user32:USER32.dll
 0002:000002b0       __imp_CreateWindowExA      00000001400132b0     user32:USER32.dll
 0002:000002b8       __imp_RegisterClassA       00000001400132b8     user32:USER32.dll
 0002:000002c0       __imp_DefWindowProcA       00000001400132c0     user32:USER32.dll
 0002:000002c8       __imp_PeekMessageA         00000001400132c8     user32:USER32.dll
 0002:000002d0       \177USER32_NULL_THUNK_DATA 00000001400132d0     user32:USER32.dll
 0002:000002d8       __imp_timeBeginPeriod      00000001400132d8     winmm:WINMM.dll
 0002:000002e0       \177WINMM_NULL_THUNK_DATA  00000001400132e0     winmm:WINMM.dll
 0002:000002e8       __guard_check_icall_fptr   00000001400132e8     LIBCMT:guard_support.obj
 0002:000002f0       __guard_dispatch_icall_fptr 00000001400132f0     LIBCMT:guard_support.obj
 0002:000002f8       __xc_a                     00000001400132f8     LIBCMT:initializers.obj
 0002:00000308       __xc_z                     0000000140013308     LIBCMT:initializers.obj
 0002:00000310       __xi_a                     0000000140013310     LIBCMT:initializers.obj
 0002:00000328       __acrt_stdio_initializer   0000000140013328     libucrt:stdio_initializer.obj
 0002:00000330       __acrt_tran_fma3_initializer 0000000140013330     libucrt:fma3_initializer.obj
 0002:00000338       __acrt_multibyte_initializer 0000000140013338     libucrt:multibyte_initializer.obj
 0002:00000340       __xi_z                     0000000140013340     LIBCMT:initializers.obj
 0002:00000348       __xp_a                     0000000140013348     LIBCMT:initializers.obj
 0002:00000350       __acrt_locale_terminator   0000000140013350     libucrt:locale_initializer.obj
 0002:00000358       __dcrt_console_output_terminator 0000000140013358     libucrt:console_output_initializer.obj
 0002:00000360       __acrt_stdio_terminator    0000000140013360     libucrt:stdio_initializer.obj
 0002:00000368       __xp_z                     0000000140013368     LIBCMT:initializers.obj
 0002:00000370       __xt_a                     0000000140013370     LIBCMT:initializers.obj
 0002:00000378       __xt_z                     0000000140013378     LIBCMT:initializers.obj
 0002:0000050c       __real@00000000            000000014001350c     win32_handmade.obj
 0002:00000510       __real@3f000000            0000000140013510     win32_handmade.obj
 0002:00000514       __real@3f800000            0000000140013514     win32_handmade.obj
 0002:00000518       __real@3fc00000            0000000140013518     win32_handmade.obj
 0002:0000051c       __real@40000000            000000014001351c     win32_handmade.obj
 0002:00000520       __real@40800000            0000000140013520     win32_handmade.obj
 0002:00000524       __real@40c90fdb            0000000140013524     win32_handmade.obj
 0002:00000528       __real@412e848000000000    0000000140013528     win32_handmade.obj
 0002:00000530       __real@43f0000000000000    0000000140013530     win32_handmade.obj
 0002:00000538       __real@447a0000            0000000140013538     win32_handmade.obj
 0002:0000053c       __real@46fffe00            000000014001353c     win32_handmade.obj
 0002:00000540       __real@47000000            0000000140013540     win32_handmade.obj
 0002:00000544       __real@bf800000            0000000140013544     win32_handmade.obj
 0002:00000550       __xmm@80000000800000008000000080000000 0000000140013550     win32_handmade.obj
 0002:00000570       _Microsoft_CRTProvider     0000000140013570     libvcruntime:telemetry.obj
 0002:00000578       ??_C@_00CNPNBAHC@?$AA@     0000000140013578     libvcruntime:telemetry.obj
 0002:0000057c       ??_C@_11LOCGONAA@?$AA?$AA@ 000000014001357c     libvcruntime:telemetry.obj
 0002:00000580       ??_C@_0O@JEOPJOMI@Main?5Invoked?4?$AA@ 0000000140013580     libvcruntime:telemetry.obj
 0002:00000590       ??_C@_0P@NEAEIBDO@Main?5Returned?4?$AA@ 0000000140013590     libvcruntime:telemetry.obj
 0002:000005c0       ??_C@_1BC@DNHGCMLG@?$AAa?$AAd?$AAv?$AAa?$AAp?$AAi?$AA3?$AA2?$AA?$AA@ 00000001400135c0     libvcruntime:winapi_downlevel.obj
 0002:000005d8       ??_C@_1DM@KHCHBNEB@?$AAa?$AAp?$AAi?$AA?9?$AAm?$AAs?$AA?9?$AAw?$AAi?$AAn?$AA?9?$AAc?$AAo?$AAr?$AAe?$AA?9?$AAf?$AAi?$AAb?$AAe?$AAr?$AAs?$AA?9?$AAl?$AA1?$AA?9?$AA1?$AA?9?$AA1?$AA?$AA@ 00000001400135d8     libvcruntime:winapi_downlevel.obj
 0002:00000618       ??_C@_1DK@LPPGFMPP@?$AAa?$AAp?$AAi?$AA?9?$AAm?$AAs?$AA?9?$AAw?$AAi?$AAn?$AA?9?$AAc?$AAo?$AAr?$AAe?$AA?9?$AAs?$AAy?$AAn?$AAc?$AAh?$AA?9?$AAl?$AA1?$AA?9?$AA2?$AA?9?$AA0?$AA?$AA@ 0000000140013618     libvcruntime:winapi_downlevel.obj
 0002:00000658       ??_C@_1BC@GDMECMAK@?$AAk?$AAe?$AAr?$AAn?$AAe?$AAl?$AA3?$AA2?$AA?$AA@ 0000000140013658     libvcruntime:winapi_downlevel.obj
 0002:00000670       ??_C@_0O@BAMBGLIE@EventRegister?$AA@ 0000000140013670     libvcruntime:winapi_downlevel.obj
 0002:00000688       ??_C@_0BE@BJEEGHGK@EventSetInformation?$AA@ 0000000140013688     libvcruntime:winapi_downlevel.obj
 0002:000006a0       ??_C@_0BA@FAKLIPIC@EventUnregister?$AA@ 00000001400136a0     libvcruntime:winapi_downlevel.obj
 0002:000006b8       ??_C@_0BD@PKLHJPHD@EventWriteTransfer?$AA@ 00000001400136b8     libvcruntime:winapi_downlevel.obj
 0002:000006d8       ??_C@_08KNHFBNJ@FlsAlloc?$AA@ 00000001400136d8     libvcruntime:winapi_downlevel.obj
 0002:000006f0       ??_C@_07PEJMOBNF@FlsFree?$AA@ 00000001400136f0     libvcruntime:winapi_downlevel.obj
 0002:000006f8       ??_C@_0M@GDNOONDI@FlsGetValue?$AA@ 00000001400136f8     libvcruntime:winapi_downlevel.obj
 0002:00000710       ??_C@_0M@JCPCPOEF@FlsSetValue?$AA@ 0000000140013710     libvcruntime:winapi_downlevel.obj
 0002:00000728       ??_C@_0BM@HCFOFFN@InitializeCriticalSectionEx?$AA@ 0000000140013728     libvcruntime:winapi_downlevel.obj
 0002:00000748       ??_C@_0CA@GCEOPDGL@?$GAeh?5vector?5destructor?5iterator?8?$AA@ 0000000140013748     libvcruntime:undname.obj
 0002:00000768       ??_C@_0CH@OOJPLCPH@?$GAeh?5vector?5vbase?5constructor?5ite@ 0000000140013768     libvcruntime:undname.obj
 0002:00000790       ??_C@_0BL@LLKPOHJI@?$GAcopy?5constructor?5closure?8?$AA@ 0000000140013790     libvcruntime:undname.obj
 0002:000007b0       ??_C@_0BA@KBCDOMBN@?$GAudt?5returning?8?$AA@ 00000001400137b0     libvcruntime:undname.obj
 0002:000007c0       ??_C@_03KLGMFNMG@?$GAEH?$AA@ 00000001400137c0     libvcruntime:undname.obj
 0002:000007c4       ??_C@_05KHLCHHI@?$GARTTI?$AA@ 00000001400137c4     libvcruntime:undname.obj
 0002:000007d0       ??_C@_0BA@KKLDJDLB@?$GAlocal?5vftable?8?$AA@ 00000001400137d0     libvcruntime:undname.obj
 0002:000007e0       ??_C@_0CE@IIHCMGGL@?$GAlocal?5vftable?5constructor?5closu@ 00000001400137e0     libvcruntime:undname.obj
 0002:00000804       ??_C@_06FHBGPFGH@?5new?$FL?$FN?$AA@ 0000000140013804     libvcruntime:undname.obj
 0002:00000810       ??_C@_09LBNFPBCA@?5delete?$FL?$FN?$AA@ 0000000140013810     libvcruntime:undname.obj
 0002:00000820       ??_C@_0P@HJKNJFNN@?$GAomni?5callsig?8?$AA@ 0000000140013820     libvcruntime:undname.obj
 0002:00000830       ??_C@_0BL@CNOONJFP@?$GAplacement?5delete?5closure?8?$AA@ 0000000140013830     libvcruntime:undname.obj
 0002:00000850       ??_C@_0BN@CKNJLHMB@?$GAplacement?5delete?$FL?$FN?5closure?8?$AA@ 0000000140013850     libvcruntime:undname.obj
 0002:00000870       ??_C@_0CG@CFDHKGGD@?$GAmanaged?5vector?5constructor?5iter@ 0000000140013870     libvcruntime:undname.obj
 0002:00000898       ??_C@_0CF@IMGKMJNO@?$GAmanaged?5vector?5destructor?5itera@ 0000000140013898     libvcruntime:undname.obj
 0002:000008c0       ??_C@_0CG@HLDDJMAG@?$GAeh?5vector?5copy?5constructor?5iter@ 00000001400138c0     libvcruntime:undname.obj
 0002:000008e8       ??_C@_0CM@FCBBDIGB@?$GAeh?5vector?5vbase?5copy?5constructo@ 00000001400138e8     libvcruntime:undname.obj
 0002:00000918       ??_C@_0BL@CLIPGLGB@?$GAdynamic?5initializer?5for?5?8?$AA@ 0000000140013918     libvcruntime:undname.obj
 0002:00000938       ??_C@_0CB@PDBIFEP@?$GAdynamic?5atexit?5destructor?5for?5?8@ 0000000140013938     libvcruntime:undname.obj
 0002:00000960       ??_C@_0CD@CGAJBKEJ@?$GAvector?5copy?5constructor?5iterato@ 0000000140013960     libvcruntime:undname.obj
 0002:00000988       ??_C@_0CJ@GJELGAMM@?$GAvector?5vbase?5copy?5constructor?5i@ 0000000140013988     libvcruntime:undname.obj
 0002:000009b8       ??_C@_0CL@FGIJHLCE@?$GAmanaged?5vector?5copy?5constructor@ 00000001400139b8     libvcruntime:undname.obj
 0002:000009e8       ??_C@_0BM@PMGGMLDN@?$GAlocal?5static?5thread?5guard?8?$AA@ 00000001400139e8     libvcruntime:undname.obj
 0002:00000a08       ??_C@_0N@BDNMDMOL@operator?5?$CC?$CC?5?$AA@ 0000000140013a08     libvcruntime:undname.obj
 0002:00000d48       ??_C@_0BC@DAFEJGAK@?5Type?5Descriptor?8?$AA@ 0000000140013d48     libvcruntime:undname.obj
 0002:00000d60       ??_C@_0BM@LDKODKLH@?5Base?5Class?5Descriptor?5at?5?$CI?$AA@ 0000000140013d60     libvcruntime:undname.obj
 0002:00000d80       ??_C@_0BD@LGICGFMM@?5Base?5Class?5Array?8?$AA@ 0000000140013d80     libvcruntime:undname.obj
 0002:00000d98       ??_C@_0BN@MECKDCOJ@?5Class?5Hierarchy?5Descriptor?8?$AA@ 0000000140013d98     libvcruntime:undname.obj
 0002:00000db8       ??_C@_0BK@CFCOFLF@?5Complete?5Object?5Locator?8?$AA@ 0000000140013db8     libvcruntime:undname.obj
 0002:00000dd8       ??_C@_08EHJDFFNH@__based?$CI?$AA@ 0000000140013dd8     libvcruntime:undname.obj
 0002:00000de8       ??_C@_07KOLFKCDI@__cdecl?$AA@ 0000000140013de8     libvcruntime:undname.obj
 0002:00000df0       ??_C@_08GHMPAG@__pascal?$AA@ 0000000140013df0     libvcruntime:undname.obj
 0002:00000e00       ??_C@_09IFJBGAPI@__stdcall?$AA@ 0000000140013e00     libvcruntime:undname.obj
 0002:00000e10       ??_C@_0L@NPHFGOKO@__thiscall?$AA@ 0000000140013e10     libvcruntime:undname.obj
 0002:00000e20       ??_C@_0L@JMKHOMEK@__fastcall?$AA@ 0000000140013e20     libvcruntime:undname.obj
 0002:00000e30       ??_C@_0N@BCKKPABJ@__vectorcall?$AA@ 0000000140013e30     libvcruntime:undname.obj
 0002:00000e40       ??_C@_09HIJEGCPM@__clrcall?$AA@ 0000000140013e40     libvcruntime:undname.obj
 0002:00000e4c       ??_C@_06GHPCKEAG@__eabi?$AA@ 0000000140013e4c     libvcruntime:undname.obj
 0002:00000e58       ??_C@_07JOMMBBKO@__ptr64?$AA@ 0000000140013e58     libvcruntime:undname.obj
 0002:00000e60       ??_C@_0L@PILCLIHE@__restrict?$AA@ 0000000140013e60     libvcruntime:undname.obj
 0002:00000e70       ??_C@_0M@GFIIJFMG@__unaligned?$AA@ 0000000140013e70     libvcruntime:undname.obj
 0002:00000e80       ??_C@_09DHDLOLLB@restrict?$CI?$AA@ 0000000140013e80     libvcruntime:undname.obj
 0002:00000e8c       ??_C@_04NIHEBCM@?5new?$AA@ 0000000140013e8c     libvcruntime:undname.obj
 0002:00000e98       ??_C@_07FPCDHGMM@?5delete?$AA@ 0000000140013e98     libvcruntime:undname.obj
 0002:00000ea0       ??_C@_01NEMOKFLO@?$DN?$AA@ 0000000140013ea0     libvcruntime:undname.obj
 0002:00000ea4       ??_C@_02GPIOPFAK@?$DO?$DO?$AA@ 0000000140013ea4     libvcruntime:undname.obj
 0002:00000ea8       ??_C@_02FODMEDOG@?$DM?$DM?$AA@ 0000000140013ea8     libvcruntime:undname.obj
 0002:00000eac       ??_C@_01DCLJPIOD@?$CB?$AA@ 0000000140013eac     libvcruntime:undname.obj
 0002:00000eb0       ??_C@_02EGOFBIJA@?$DN?$DN?$AA@ 0000000140013eb0     libvcruntime:undname.obj
 0002:00000eb4       ??_C@_02FDNJECIE@?$CB?$DN?$AA@ 0000000140013eb4     libvcruntime:undname.obj
 0002:00000eb8       ??_C@_02GPECMEKF@?$FL?$FN?$AA@ 0000000140013eb8     libvcruntime:undname.obj
 0002:00000ec0       ??_C@_08LHJFAFGD@operator?$AA@ 0000000140013ec0     libvcruntime:undname.obj
 0002:00000ecc       ??_C@_02HBOOOICD@?9?$DO?$AA@ 0000000140013ecc     libvcruntime:undname.obj
 0002:00000ed0       ??_C@_01NBENCBCI@?$CK?$AA@ 0000000140013ed0     libvcruntime:undname.obj
 0002:00000ed4       ??_C@_02ECNGHCIF@?$CL?$CL?$AA@ 0000000140013ed4     libvcruntime:undname.obj
 0002:00000ed8       ??_C@_02BAABKJLB@?9?9?$AA@ 0000000140013ed8     libvcruntime:undname.obj
 0002:00000edc       ??_C@_01JOAMLHOP@?9?$AA@   0000000140013edc     libvcruntime:undname.obj
 0002:00000ee0       ??_C@_01MIFGBAGJ@?$CL?$AA@ 0000000140013ee0     libvcruntime:undname.obj
 0002:00000ee4       ??_C@_01HNPIGOCE@?$CG?$AA@ 0000000140013ee4     libvcruntime:undname.obj
 0002:00000ee8       ??_C@_03MNHNFDLC@?9?$DO?$CK?$AA@ 0000000140013ee8     libvcruntime:undname.obj
 0002:00000eec       ??_C@_01KMDKNFGN@?1?$AA@   0000000140013eec     libvcruntime:undname.obj
 0002:00000ef0       ??_C@_01FGNFDNOH@?$CF?$AA@ 0000000140013ef0     libvcruntime:undname.obj
 0002:00000ef4       ??_C@_01MNNFJEPP@?$DM?$AA@ 0000000140013ef4     libvcruntime:undname.obj
 0002:00000ef8       ??_C@_02EHCHHCKH@?$DM?$DN?$AA@ 0000000140013ef8     libvcruntime:undname.obj
 0002:00000efc       ??_C@_01PPODPGHN@?$DO?$AA@ 0000000140013efc     libvcruntime:undname.obj
 0002:00000f00       ??_C@_02EEKDKGMJ@?$DO?$DN?$AA@ 0000000140013f00     libvcruntime:undname.obj
 0002:00000f04       ??_C@_01IHBHIGKO@?0?$AA@   0000000140013f04     libvcruntime:undname.obj
 0002:00000f08       ??_C@_02HCKGKOFO@?$CI?$CJ?$AA@ 0000000140013f08     libvcruntime:undname.obj
 0002:00000f0c       ??_C@_01PJKLJHI@?$HO?$AA@  0000000140013f0c     libvcruntime:undname.obj
 0002:00000f10       ??_C@_01JKBOJNNK@?$FO?$AA@ 0000000140013f10     libvcruntime:undname.obj
 0002:00000f14       ??_C@_01DNKMNLPK@?$HM?$AA@ 0000000140013f14     libvcruntime:undname.obj
 0002:00000f18       ??_C@_02PPKAJPJL@?$CG?$CG?$AA@ 0000000140013f18     libvcruntime:undname.obj
 0002:00000f1c       ??_C@_02NONPIBCD@?$HM?$HM?$AA@ 0000000140013f1c     libvcruntime:undname.obj
 0002:00000f20       ??_C@_02FPIMKNGF@?$CK?$DN?$AA@ 0000000140013f20     libvcruntime:undname.obj
 0002:00000f24       ??_C@_02FOEOMHFC@?$CL?$DN?$AA@ 0000000140013f24     libvcruntime:undname.obj
 0002:00000f28       ??_C@_02FKMDLLOA@?9?$DN?$AA@ 0000000140013f28     libvcruntime:undname.obj
 0002:00000f2c       ??_C@_02FJEHGPIO@?1?$DN?$AA@ 0000000140013f2c     libvcruntime:undname.obj
 0002:00000f30       ??_C@_02FENAOKFI@?$CF?$DN?$AA@ 0000000140013f30     libvcruntime:undname.obj
 0002:00000f34       ??_C@_03IKFCCPFF@?$DO?$DO?$DN?$AA@ 0000000140013f34     libvcruntime:undname.obj
 0002:00000f38       ??_C@_03CDNPDDLA@?$DM?$DM?$DN?$AA@ 0000000140013f38     libvcruntime:undname.obj
 0002:00000f3c       ??_C@_02FGJGFEAB@?$CG?$DN?$AA@ 0000000140013f3c     libvcruntime:undname.obj
 0002:00000f40       ??_C@_02DHLNPPGH@?$HM?$DN?$AA@ 0000000140013f40     libvcruntime:undname.obj
 0002:00000f44       ??_C@_02MHEGNOJ@?$FO?$DN?$AA@ 0000000140013f44     libvcruntime:undname.obj
 0002:00000f48       ??_C@_09IFPLHPGF@?$GAvftable?8?$AA@ 0000000140013f48     libvcruntime:undname.obj
 0002:00000f58       ??_C@_09BLBHBJP@?$GAvbtable?8?$AA@ 0000000140013f58     libvcruntime:undname.obj
 0002:00000f68       ??_C@_07FEEIOKP@?$GAvcall?8?$AA@ 0000000140013f68     libvcruntime:undname.obj
 0002:00000f70       ??_C@_08LLFFHHDJ@?$GAtypeof?8?$AA@ 0000000140013f70     libvcruntime:undname.obj
 0002:00000f80       ??_C@_0BF@KDPPACIK@?$GAlocal?5static?5guard?8?$AA@ 0000000140013f80     libvcruntime:undname.obj
 0002:00000f98       ??_C@_08OBABFOLI@?$GAstring?8?$AA@ 0000000140013f98     libvcruntime:undname.obj
 0002:00000fa8       ??_C@_0BD@JDLKDPAB@?$GAvbase?5destructor?8?$AA@ 0000000140013fa8     libvcruntime:undname.obj
 0002:00000fc0       ??_C@_0BN@DEGPLNFK@?$GAvector?5deleting?5destructor?8?$AA@ 0000000140013fc0     libvcruntime:undname.obj
 0002:00000fe0       ??_C@_0BO@OBMKPJIG@?$GAdefault?5constructor?5closure?8?$AA@ 0000000140013fe0     libvcruntime:undname.obj
 0002:00001000       ??_C@_0BN@IMDCHIKM@?$GAscalar?5deleting?5destructor?8?$AA@ 0000000140014000     libvcruntime:undname.obj
 0002:00001020       ??_C@_0BO@PFGOCPJJ@?$GAvector?5constructor?5iterator?8?$AA@ 0000000140014020     libvcruntime:undname.obj
 0002:00001040       ??_C@_0BN@LFPFMEDL@?$GAvector?5destructor?5iterator?8?$AA@ 0000000140014040     libvcruntime:undname.obj
 0002:00001060       ??_C@_0CE@IKBNEHA@?$GAvector?5vbase?5constructor?5iterat@ 0000000140014060     libvcruntime:undname.obj
 0002:00001088       ??_C@_0BL@NILFHHPC@?$GAvirtual?5displacement?5map?8?$AA@ 0000000140014088     libvcruntime:undname.obj
 0002:000010a8       ??_C@_0CB@JONCMFFK@?$GAeh?5vector?5constructor?5iterator?8@ 00000001400140a8     libvcruntime:undname.obj
 0002:000010d0       standard_lookup_table      00000001400140d0     libucrt:output.obj
 0002:0000112c       ??_C@_06OJHGLDPL@?$CInull?$CJ?$AA@ 000000014001412c     libucrt:output.obj
 0002:00001138       ??_C@_1O@CEDCILHN@?$AA?$CI?$AAn?$AAu?$AAl?$AAl?$AA?$CJ?$AA?$AA@ 0000000140014138     libucrt:output.obj
 0002:00001280       __acrt_exception_action_table 0000000140014280     libucrt:exception_filter.obj
 0002:00001340       __acrt_signal_action_table_count 0000000140014340     libucrt:exception_filter.obj
 0002:00001348       __acrt_signal_action_first_fpe_index 0000000140014348     libucrt:exception_filter.obj
 0002:00001350       __acrt_signal_action_fpe_count 0000000140014350     libucrt:exception_filter.obj
 0002:00001358       ??_C@_1BI@BGOHAHKC@?$AAm?$AAs?$AAc?$AAo?$AAr?$AAe?$AAe?$AA?4?$AAd?$AAl?$AAl?$AA?$AA@ 0000000140014358     libucrt:exit.obj
 0002:00001370       ??_C@_0P@MIGLKIOC@CorExitProcess?$AA@ 0000000140014370     libucrt:exit.obj
 0002:00001470       ??_C@_03OEIAHPBN@INF?$AA@  0000000140014470     libucrt:cvt.obj
 0002:00001474       ??_C@_03OJHLLCGB@inf?$AA@  0000000140014474     libucrt:cvt.obj
 0002:00001478       ??_C@_03LKNCIKJB@NAN?$AA@  0000000140014478     libucrt:cvt.obj
 0002:0000147c       ??_C@_03LHCJEHON@nan?$AA@  000000014001447c     libucrt:cvt.obj
 0002:00001480       ??_C@_09OFJJIMPC@NAN?$CISNAN?$CJ?$AA@ 0000000140014480     libucrt:cvt.obj
 0002:00001490       ??_C@_09IPFBKMDL@nan?$CIsnan?$CJ?$AA@ 0000000140014490     libucrt:cvt.obj
 0002:000014a0       ??_C@_08IKHNHAJ@NAN?$CIIND?$CJ?$AA@ 00000001400144a0     libucrt:cvt.obj
 0002:000014b0       ??_C@_08OFCDMILK@nan?$CIind?$CJ?$AA@ 00000001400144b0     libucrt:cvt.obj
 0002:000014bc       ??_C@_05KLBDPFGC@e?$CL000?$AA@ 00000001400144bc     libucrt:cvt.obj
 0002:000014c4       ??_C@_03KOEHGMDN@Sun?$AA@  00000001400144c4     libucrt:nlsdata.obj
 0002:000014c8       ??_C@_03PDAGKDH@Mon?$AA@   00000001400144c8     libucrt:nlsdata.obj
 0002:000014cc       ??_C@_03NAGEINEP@Tue?$AA@  00000001400144cc     libucrt:nlsdata.obj
 0002:000014d0       ??_C@_03MHOMLAJA@Wed?$AA@  00000001400144d0     libucrt:nlsdata.obj
 0002:000014d4       ??_C@_03IOFIKPDN@Thu?$AA@  00000001400144d4     libucrt:nlsdata.obj
 0002:000014d8       ??_C@_03IDIOELNC@Fri?$AA@  00000001400144d8     libucrt:nlsdata.obj
 0002:000014dc       ??_C@_03FEFJNEK@Sat?$AA@   00000001400144dc     libucrt:nlsdata.obj
 0002:000014e0       ??_C@_06OOPIFAJ@Sunday?$AA@ 00000001400144e0     libucrt:nlsdata.obj
 0002:000014e8       ??_C@_06JLEDEDGH@Monday?$AA@ 00000001400144e8     libucrt:nlsdata.obj
 0002:000014f0       ??_C@_07BAAGCFCM@Tuesday?$AA@ 00000001400144f0     libucrt:nlsdata.obj
 0002:000014f8       ??_C@_09DLIGFAKA@Wednesday?$AA@ 00000001400144f8     libucrt:nlsdata.obj
 0002:00001508       ??_C@_08HACCIKIA@Thursday?$AA@ 0000000140014508     libucrt:nlsdata.obj
 0002:00001514       ??_C@_06JECMNKMI@Friday?$AA@ 0000000140014514     libucrt:nlsdata.obj
 0002:00001520       ??_C@_08INBOOONO@Saturday?$AA@ 0000000140014520     libucrt:nlsdata.obj
 0002:0000152c       ??_C@_03JIHJHPIE@Jan?$AA@  000000014001452c     libucrt:nlsdata.obj
 0002:00001530       ??_C@_03HJBDCHOM@Feb?$AA@  0000000140014530     libucrt:nlsdata.obj
 0002:00001534       ??_C@_03ODNJBKGA@Mar?$AA@  0000000140014534     libucrt:nlsdata.obj
 0002:00001538       ??_C@_03LEOLGMJP@Apr?$AA@  0000000140014538     libucrt:nlsdata.obj
 0002:0000153c       ??_C@_03CNMDKL@May?$AA@    000000014001453c     libucrt:nlsdata.obj
 0002:00001540       ??_C@_03IDFGHECI@Jun?$AA@  0000000140014540     libucrt:nlsdata.obj
 0002:00001544       ??_C@_03LBGABGKK@Jul?$AA@  0000000140014544     libucrt:nlsdata.obj
 0002:00001548       ??_C@_03IFJFEIGA@Aug?$AA@  0000000140014548     libucrt:nlsdata.obj
 0002:0000154c       ??_C@_03GGCAPAJC@Sep?$AA@  000000014001454c     libucrt:nlsdata.obj
 0002:00001550       ??_C@_03BMAOKBAD@Oct?$AA@  0000000140014550     libucrt:nlsdata.obj
 0002:00001554       ??_C@_03JPJOFNIA@Nov?$AA@  0000000140014554     libucrt:nlsdata.obj
 0002:00001558       ??_C@_03MKABNOCG@Dec?$AA@  0000000140014558     libucrt:nlsdata.obj
 0002:00001560       ??_C@_07CGJPFGJA@January?$AA@ 0000000140014560     libucrt:nlsdata.obj
 0002:00001568       ??_C@_08GNJGEPFN@February?$AA@ 0000000140014568     libucrt:nlsdata.obj
 0002:00001574       ??_C@_05HPCKOFNC@March?$AA@ 0000000140014574     libucrt:nlsdata.obj
 0002:0000157c       ??_C@_05DMJDNLEJ@April?$AA@ 000000014001457c     libucrt:nlsdata.obj
 0002:00001584       ??_C@_04CNLMGBGM@June?$AA@ 0000000140014584     libucrt:nlsdata.obj
 0002:0000158c       ??_C@_04MIEPOIFP@July?$AA@ 000000014001458c     libucrt:nlsdata.obj
 0002:00001594       ??_C@_06LBBHFDDG@August?$AA@ 0000000140014594     libucrt:nlsdata.obj
 0002:000015a0       ??_C@_09BHHEALKD@September?$AA@ 00000001400145a0     libucrt:nlsdata.obj
 0002:000015b0       ??_C@_07JJNFCEND@October?$AA@ 00000001400145b0     libucrt:nlsdata.obj
 0002:000015b8       ??_C@_08HCHEGEOA@November?$AA@ 00000001400145b8     libucrt:nlsdata.obj
 0002:000015c8       ??_C@_08EDHMEBNP@December?$AA@ 00000001400145c8     libucrt:nlsdata.obj
 0002:000015d4       ??_C@_02DEDBPAFC@AM?$AA@   00000001400145d4     libucrt:nlsdata.obj
 0002:000015d8       ??_C@_02CJNFDJBF@PM?$AA@   00000001400145d8     libucrt:nlsdata.obj
 0002:000015e0       ??_C@_08BPBNCDIB@MM?1dd?1yy?$AA@ 00000001400145e0     libucrt:nlsdata.obj
 0002:000015f0       ??_C@_0BE@CKGJFCPC@dddd?0?5MMMM?5dd?0?5yyyy?$AA@ 00000001400145f0     libucrt:nlsdata.obj
 0002:00001608       ??_C@_08JCCMCCIL@HH?3mm?3ss?$AA@ 0000000140014608     libucrt:nlsdata.obj
 0002:00001618       ??_C@_17MBGCMIPB@?$AAS?$AAu?$AAn?$AA?$AA@ 0000000140014618     libucrt:nlsdata.obj
 0002:00001620       ??_C@_17KBOMKBF@?$AAM?$AAo?$AAn?$AA?$AA@ 0000000140014620     libucrt:nlsdata.obj
 0002:00001628       ??_C@_17BMKGEGOJ@?$AAT?$AAu?$AAe?$AA?$AA@ 0000000140014628     libucrt:nlsdata.obj
 0002:00001630       ??_C@_17CJEDCEPE@?$AAW?$AAe?$AAd?$AA?$AA@ 0000000140014630     libucrt:nlsdata.obj
 0002:00001638       ??_C@_17PDPHAADD@?$AAT?$AAh?$AAu?$AA?$AA@ 0000000140014638     libucrt:nlsdata.obj
 0002:00001640       ??_C@_17HFOLPPLP@?$AAF?$AAr?$AAi?$AA?$AA@ 0000000140014640     libucrt:nlsdata.obj
 0002:00001648       ??_C@_17GGIBDPIH@?$AAS?$AAa?$AAt?$AA?$AA@ 0000000140014648     libucrt:nlsdata.obj
 0002:00001650       ??_C@_1O@IHNHDHPB@?$AAS?$AAu?$AAn?$AAd?$AAa?$AAy?$AA?$AA@ 0000000140014650     libucrt:nlsdata.obj
 0002:00001660       ??_C@_1O@MMNBFLIA@?$AAM?$AAo?$AAn?$AAd?$AAa?$AAy?$AA?$AA@ 0000000140014660     libucrt:nlsdata.obj
 0002:00001670       ??_C@_1BA@ENFBFFEK@?$AAT?$AAu?$AAe?$AAs?$AAd?$AAa?$AAy?$AA?$AA@ 0000000140014670     libucrt:nlsdata.obj
 0002:00001680       ??_C@_1BE@EBOGMDOH@?$AAW?$AAe?$AAd?$AAn?$AAe?$AAs?$AAd?$AAa?$AAy?$AA?$AA@ 0000000140014680     libucrt:nlsdata.obj
 0002:00001698       ??_C@_1BC@HHMNLIHE@?$AAT?$AAh?$AAu?$AAr?$AAs?$AAd?$AAa?$AAy?$AA?$AA@ 0000000140014698     libucrt:nlsdata.obj
 0002:000016b0       ??_C@_1O@PDICJHAG@?$AAF?$AAr?$AAi?$AAd?$AAa?$AAy?$AA?$AA@ 00000001400146b0     libucrt:nlsdata.obj
 0002:000016c0       ??_C@_1BC@ENMNNPAJ@?$AAS?$AAa?$AAt?$AAu?$AAr?$AAd?$AAa?$AAy?$AA?$AA@ 00000001400146c0     libucrt:nlsdata.obj
 0002:000016d8       ??_C@_17DKNBKCHM@?$AAJ?$AAa?$AAn?$AA?$AA@ 00000001400146d8     libucrt:nlsdata.obj
 0002:000016e0       ??_C@_17LMDJEKJN@?$AAF?$AAe?$AAb?$AA?$AA@ 00000001400146e0     libucrt:nlsdata.obj
 0002:000016e8       ??_C@_17CKNLEDEC@?$AAM?$AAa?$AAr?$AA?$AA@ 00000001400146e8     libucrt:nlsdata.obj
 0002:000016f0       ??_C@_17LFPOIHDD@?$AAA?$AAp?$AAr?$AA?$AA@ 00000001400146f0     libucrt:nlsdata.obj
 0002:000016f8       ??_C@_17PNNKMEED@?$AAM?$AAa?$AAy?$AA?$AA@ 00000001400146f8     libucrt:nlsdata.obj
 0002:00001700       ??_C@_17KCJGOCPB@?$AAJ?$AAu?$AAn?$AA?$AA@ 0000000140014700     libucrt:nlsdata.obj
 0002:00001708       ??_C@_17IJPCKHK@?$AAJ?$AAu?$AAl?$AA?$AA@ 0000000140014708     libucrt:nlsdata.obj
 0002:00001710       ??_C@_17ICPELBCN@?$AAA?$AAu?$AAg?$AA?$AA@ 0000000140014710     libucrt:nlsdata.obj
 0002:00001718       ??_C@_17HCHCOKMG@?$AAS?$AAe?$AAp?$AA?$AA@ 0000000140014718     libucrt:nlsdata.obj
 0002:00001720       ??_C@_17FNLKOI@?$AAO?$AAc?$AAt?$AA?$AA@ 0000000140014720     libucrt:nlsdata.obj
 0002:00001728       ??_C@_17BBDMLCIG@?$AAN?$AAo?$AAv?$AA?$AA@ 0000000140014728     libucrt:nlsdata.obj
 0002:00001730       ??_C@_17EGKACKIF@?$AAD?$AAe?$AAc?$AA?$AA@ 0000000140014730     libucrt:nlsdata.obj
 0002:00001738       ??_C@_1BA@EFMEIEBA@?$AAJ?$AAa?$AAn?$AAu?$AAa?$AAr?$AAy?$AA?$AA@ 0000000140014738     libucrt:nlsdata.obj
 0002:00001748       ??_C@_1BC@JGDDFFAM@?$AAF?$AAe?$AAb?$AAr?$AAu?$AAa?$AAr?$AAy?$AA?$AA@ 0000000140014748     libucrt:nlsdata.obj
 0002:00001760       ??_C@_1M@IKEENEDF@?$AAM?$AAa?$AAr?$AAc?$AAh?$AA?$AA@ 0000000140014760     libucrt:nlsdata.obj
 0002:00001770       ??_C@_1M@GJNLMHFD@?$AAA?$AAp?$AAr?$AAi?$AAl?$AA?$AA@ 0000000140014770     libucrt:nlsdata.obj
 0002:00001780       ??_C@_19EPFLPGAP@?$AAJ?$AAu?$AAn?$AAe?$AA?$AA@ 0000000140014780     libucrt:nlsdata.obj
 0002:00001790       ??_C@_19BIFMLPCD@?$AAJ?$AAu?$AAl?$AAy?$AA?$AA@ 0000000140014790     libucrt:nlsdata.obj
 0002:000017a0       ??_C@_1O@PAHLKOAC@?$AAA?$AAu?$AAg?$AAu?$AAs?$AAt?$AA?$AA@ 00000001400147a0     libucrt:nlsdata.obj
 0002:000017b0       ??_C@_1BE@DKAAMBJL@?$AAS?$AAe?$AAp?$AAt?$AAe?$AAm?$AAb?$AAe?$AAr?$AA?$AA@ 00000001400147b0     libucrt:nlsdata.obj
 0002:000017c8       ??_C@_1BA@EPANDLNG@?$AAO?$AAc?$AAt?$AAo?$AAb?$AAe?$AAr?$AA?$AA@ 00000001400147c8     libucrt:nlsdata.obj
 0002:000017d8       ??_C@_1BC@BGLIFPF@?$AAN?$AAo?$AAv?$AAe?$AAm?$AAb?$AAe?$AAr?$AA?$AA@ 00000001400147d8     libucrt:nlsdata.obj
 0002:000017f0       ??_C@_1BC@FEMKIFH@?$AAD?$AAe?$AAc?$AAe?$AAm?$AAb?$AAe?$AAr?$AA?$AA@ 00000001400147f0     libucrt:nlsdata.obj
 0002:00001804       ??_C@_15ODEHAHHF@?$AAA?$AAM?$AA?$AA@ 0000000140014804     libucrt:nlsdata.obj
 0002:0000180c       ??_C@_15CLMNNGEL@?$AAP?$AAM?$AA?$AA@ 000000014001480c     libucrt:nlsdata.obj
 0002:00001818       ??_C@_1BC@IEBCMHCM@?$AAM?$AAM?$AA?1?$AAd?$AAd?$AA?1?$AAy?$AAy?$AA?$AA@ 0000000140014818     libucrt:nlsdata.obj
 0002:00001830       ??_C@_1CI@KNAKOEBC@?$AAd?$AAd?$AAd?$AAd?$AA?0?$AA?5?$AAM?$AAM?$AAM?$AAM?$AA?5?$AAd?$AAd?$AA?0?$AA?5?$AAy?$AAy?$AAy?$AAy?$AA?$AA@ 0000000140014830     libucrt:nlsdata.obj
 0002:00001858       ??_C@_1BC@GDGBMEMK@?$AAH?$AAH?$AA?3?$AAm?$AAm?$AA?3?$AAs?$AAs?$AA?$AA@ 0000000140014858     libucrt:nlsdata.obj
 0002:00001870       ??_C@_1M@BMHNFIME@?$AAe?$AAn?$AA?9?$AAU?$AAS?$AA?$AA@ 0000000140014870     libucrt:nlsdata.obj
 0002:00001880       __Lcosfarray               0000000140014880     libucrt:lsincosf_array.obj
 0002:000018b0       __Lsinfarray               00000001400148b0     libucrt:lsincosf_array.obj
 0002:000018d0       __L_2_by_pi_bits           00000001400148d0     libucrt:l2_by_pi_bits.obj
 0002:00001a20       ??_C@_04LAGPAAHP@sinf?$AA@ 0000000140014a20     libucrt:sincos_special.obj
 0002:00001a48       ??_C@_1M@HPNHIDJI@?$AAj?$AAa?$AA?9?$AAJ?$AAP?$AA?$AA@ 0000000140014a48     libucrt:mbctype.obj
 0002:00001a58       ??_C@_1M@BIBDDEMK@?$AAz?$AAh?$AA?9?$AAC?$AAN?$AA?$AA@ 0000000140014a58     libucrt:mbctype.obj
 0002:00001a68       ??_C@_1M@JLOOOEGK@?$AAk?$AAo?$AA?9?$AAK?$AAR?$AA?$AA@ 0000000140014a68     libucrt:mbctype.obj
 0002:00001a78       ??_C@_1M@CLNBBOPM@?$AAz?$AAh?$AA?9?$AAT?$AAW?$AA?$AA@ 0000000140014a78     libucrt:mbctype.obj
 0002:00001a90       __newctype                 0000000140014a90     libucrt:ctype.obj
 0002:00001d90       __newclmap                 0000000140014d90     libucrt:ctype.obj
 0002:00001f10       __newcumap                 0000000140014f10     libucrt:ctype.obj
 0002:00002090       ??_C@_15PJPFLCCM@?$AAu?$AAk?$AA?$AA@ 0000000140015090     libucrt:get_qualified_locale.obj
 0002:00002140       ??_C@_1EG@CNNIPFIM@?$AAa?$AAp?$AAi?$AA?9?$AAm?$AAs?$AA?9?$AAw?$AAi?$AAn?$AA?9?$AAa?$AAp?$AAp?$AAm?$AAo?$AAd?$AAe?$AAl?$AA?9?$AAr?$AAu?$AAn?$AAt?$AAi?$AAm?$AAe?$AA?9?$AAl?$AA1?$AA?9?$AA1@ 0000000140015140     libucrt:winapi_thunks.obj
 0002:00002190       ??_C@_1EA@JGEFHKEI@?$AAa?$AAp?$AAi?$AA?9?$AAm?$AAs?$AA?9?$AAw?$AAi?$AAn?$AA?9?$AAc?$AAo?$AAr?$AAe?$AA?9?$AAd?$AAa?$AAt?$AAe?$AAt?$AAi?$AAm?$AAe?$AA?9?$AAl?$AA1?$AA?9?$AA1?$AA?9?$AA1?$AA?$AA@ 0000000140015190     libucrt:winapi_thunks.obj
 0002:000021d0       ??_C@_1DI@GCIAAENM@?$AAa?$AAp?$AAi?$AA?9?$AAm?$AAs?$AA?9?$AAw?$AAi?$AAn?$AA?9?$AAc?$AAo?$AAr?$AAe?$AA?9?$AAf?$AAi?$AAl?$AAe?$AA?9?$AAl?$AA2?$AA?9?$AA1?$AA?9?$AA1?$AA?$AA@ 00000001400151d0     libucrt:winapi_thunks.obj
 0002:00002210       ??_C@_1EI@MPIAOHOC@?$AAa?$AAp?$AAi?$AA?9?$AAm?$AAs?$AA?9?$AAw?$AAi?$AAn?$AA?9?$AAc?$AAo?$AAr?$AAe?$AA?9?$AAl?$AAo?$AAc?$AAa?$AAl?$AAi?$AAz?$AAa?$AAt?$AAi?$AAo?$AAn?$AA?9?$AAl?$AA1?$AA?9@ 0000000140015210     libucrt:winapi_thunks.obj
 0002:00002260       ??_C@_1FK@FPHCKFIE@?$AAa?$AAp?$AAi?$AA?9?$AAm?$AAs?$AA?9?$AAw?$AAi?$AAn?$AA?9?$AAc?$AAo?$AAr?$AAe?$AA?9?$AAl?$AAo?$AAc?$AAa?$AAl?$AAi?$AAz?$AAa?$AAt?$AAi?$AAo?$AAn?$AA?9?$AAo?$AAb?$AAs@ 0000000140015260     libucrt:winapi_thunks.obj
 0002:000022c0       ??_C@_1EM@DILCGIIO@?$AAa?$AAp?$AAi?$AA?9?$AAm?$AAs?$AA?9?$AAw?$AAi?$AAn?$AA?9?$AAc?$AAo?$AAr?$AAe?$AA?9?$AAp?$AAr?$AAo?$AAc?$AAe?$AAs?$AAs?$AAt?$AAh?$AAr?$AAe?$AAa?$AAd?$AAs?$AA?9?$AAl@ 00000001400152c0     libucrt:winapi_thunks.obj
 0002:00002310       ??_C@_1DM@LNCGDDPN@?$AAa?$AAp?$AAi?$AA?9?$AAm?$AAs?$AA?9?$AAw?$AAi?$AAn?$AA?9?$AAc?$AAo?$AAr?$AAe?$AA?9?$AAs?$AAt?$AAr?$AAi?$AAn?$AAg?$AA?9?$AAl?$AA1?$AA?9?$AA1?$AA?9?$AA0?$AA?$AA@ 0000000140015310     libucrt:winapi_thunks.obj
 0002:00002350       ??_C@_1DO@FPAPJEMD@?$AAa?$AAp?$AAi?$AA?9?$AAm?$AAs?$AA?9?$AAw?$AAi?$AAn?$AA?9?$AAc?$AAo?$AAr?$AAe?$AA?9?$AAs?$AAy?$AAs?$AAi?$AAn?$AAf?$AAo?$AA?9?$AAl?$AA1?$AA?9?$AA2?$AA?9?$AA1?$AA?$AA@ 0000000140015350     libucrt:winapi_thunks.obj
 0002:00002390       ??_C@_1DK@NDHNAHIO@?$AAa?$AAp?$AAi?$AA?9?$AAm?$AAs?$AA?9?$AAw?$AAi?$AAn?$AA?9?$AAc?$AAo?$AAr?$AAe?$AA?9?$AAw?$AAi?$AAn?$AAr?$AAt?$AA?9?$AAl?$AA1?$AA?9?$AA1?$AA?9?$AA0?$AA?$AA@ 0000000140015390     libucrt:winapi_thunks.obj
 0002:000023d0       ??_C@_1DM@KGHDGBCM@?$AAa?$AAp?$AAi?$AA?9?$AAm?$AAs?$AA?9?$AAw?$AAi?$AAn?$AA?9?$AAc?$AAo?$AAr?$AAe?$AA?9?$AAx?$AAs?$AAt?$AAa?$AAt?$AAe?$AA?9?$AAl?$AA2?$AA?9?$AA1?$AA?9?$AA0?$AA?$AA@ 00000001400153d0     libucrt:winapi_thunks.obj
 0002:00002410       ??_C@_1EO@IJIOEFOH@?$AAa?$AAp?$AAi?$AA?9?$AAm?$AAs?$AA?9?$AAw?$AAi?$AAn?$AA?9?$AAr?$AAt?$AAc?$AAo?$AAr?$AAe?$AA?9?$AAn?$AAt?$AAu?$AAs?$AAe?$AAr?$AA?9?$AAw?$AAi?$AAn?$AAd?$AAo?$AAw?$AA?9@ 0000000140015410     libucrt:winapi_thunks.obj
 0002:00002460       ??_C@_1FG@HHGEKANL@?$AAa?$AAp?$AAi?$AA?9?$AAm?$AAs?$AA?9?$AAw?$AAi?$AAn?$AA?9?$AAs?$AAe?$AAc?$AAu?$AAr?$AAi?$AAt?$AAy?$AA?9?$AAs?$AAy?$AAs?$AAt?$AAe?$AAm?$AAf?$AAu?$AAn?$AAc?$AAt?$AAi@ 0000000140015460     libucrt:winapi_thunks.obj
 0002:000024c0       ??_C@_1FG@NCKKOLKO@?$AAe?$AAx?$AAt?$AA?9?$AAm?$AAs?$AA?9?$AAw?$AAi?$AAn?$AA?9?$AAk?$AAe?$AAr?$AAn?$AAe?$AAl?$AA3?$AA2?$AA?9?$AAp?$AAa?$AAc?$AAk?$AAa?$AAg?$AAe?$AA?9?$AAc?$AAu?$AAr?$AAr@ 00000001400154c0     libucrt:winapi_thunks.obj
 0002:00002520       ??_C@_1EG@DBIOJECG@?$AAe?$AAx?$AAt?$AA?9?$AAm?$AAs?$AA?9?$AAw?$AAi?$AAn?$AA?9?$AAn?$AAt?$AAu?$AAs?$AAe?$AAr?$AA?9?$AAd?$AAi?$AAa?$AAl?$AAo?$AAg?$AAb?$AAo?$AAx?$AA?9?$AAl?$AA1?$AA?9?$AA1@ 0000000140015520     libucrt:winapi_thunks.obj
 0002:00002570       ??_C@_1EO@FIHMJCLF@?$AAe?$AAx?$AAt?$AA?9?$AAm?$AAs?$AA?9?$AAw?$AAi?$AAn?$AA?9?$AAn?$AAt?$AAu?$AAs?$AAe?$AAr?$AA?9?$AAw?$AAi?$AAn?$AAd?$AAo?$AAw?$AAs?$AAt?$AAa?$AAt?$AAi?$AAo?$AAn?$AA?9@ 0000000140015570     libucrt:winapi_thunks.obj
 0002:000025c0       ??_C@_1O@BCCLBEOE@?$AAu?$AAs?$AAe?$AAr?$AA3?$AA2?$AA?$AA@ 00000001400155c0     libucrt:winapi_thunks.obj
 0002:00002600       ??_C@_0O@KKBNKAPF@LCMapStringEx?$AA@ 0000000140015600     libucrt:winapi_thunks.obj
 0002:00002618       ??_C@_0BB@HBDEELFH@LocaleNameToLCID?$AA@ 0000000140015618     libucrt:winapi_thunks.obj
 0002:00002630       ?large_power_data@?1??multiply_by_power_of_ten@__crt_strtox@@YA_NAEAUbig_integer@2@I@Z@4QBIB 0000000140015630     libucrt:cfout.obj
 0002:00002f40       ?large_power_indices@?1??multiply_by_power_of_ten@__crt_strtox@@YA_NAEAUbig_integer@2@I@Z@4QBUunpack_index@?1??12@YA_N0I@Z@B 0000000140015f40     libucrt:cfout.obj
 0002:00002fd8       ?small_powers_of_ten@?6??multiply_by_power_of_ten@__crt_strtox@@YA_NAEAUbig_integer@2@I@Z@4QBIB 0000000140015fd8     libucrt:cfout.obj
 0002:00002ffc       ??_C@_01GBGANLPD@0?$AA@    0000000140015ffc     libucrt:cfout.obj
 0002:00003000       ??_C@_05DNEBIAHO@1?$CDINF?$AA@ 0000000140016000     libucrt:cfout.obj
 0002:00003008       ??_C@_06IMKFLFPG@1?$CDQNAN?$AA@ 0000000140016008     libucrt:cfout.obj
 0002:00003010       ??_C@_06PGGFOGJG@1?$CDSNAN?$AA@ 0000000140016010     libucrt:cfout.obj
 0002:00003018       ??_C@_05PHHOCPM@1?$CDIND?$AA@ 0000000140016018     libucrt:cfout.obj
 0002:00003e60       ??_C@_15EMKDOKLE@?$AAa?$AAr?$AA?$AA@ 0000000140016e60     libucrt:lcidtoname_downlevel.obj
[...]
 0004:00000894       $pdata$?initialize_inherited_file_handles_nolock@@YAXXZ 0000000140021894     libucrt:ioinit.obj
 0004:000008a0       $pdata$?initialize_stdio_handles_nolock@@YAXXZ 00000001400218a0     libucrt:ioinit.obj
 0004:000008ac       $pdata$__acrt_initialize_lowio 00000001400218ac     libucrt:ioinit.obj
 0004:000008b8       $pdata$__acrt_uninitialize_lowio 00000001400218b8     libucrt:ioinit.obj
 0004:000008c4       $pdata$__acrt_initialize_fma3 00000001400218c4     libucrt:fma3_available.obj
 0004:000008dc       $pdata$_sincosf_special    00000001400218dc     libucrt:sincos_special.obj
 0004:000008e8       $pdata$??$common_expand_argv_wildcards@D@@YAHQEAPEADQEAPEAPEAD@Z 00000001400218e8     libucrt:argv_wildcards.obj
 0004:000008f4       $pdata$??$copy_and_add_argument_to_buffer@D@@YAHQEBD0_KAEAV?$argument_list@D@?A0x1958b273@@@Z 00000001400218f4     libucrt:argv_wildcards.obj
 0004:00000900       $pdata$??$expand_argument_wildcards@D@@YAHQEAD0AEAV?$argument_list@D@?A0x1958b273@@@Z 0000000140021900     libucrt:argv_wildcards.obj
 0004:0000090c       $pdata$?expand_if_necessary@?$argument_list@D@?A0x1958b273@@AEAAHXZ 000000014002190c     libucrt:argv_wildcards.obj
 0004:00000918       $pdata$??$?RV<lambda_99476a1ad63dd22509b5d3e65b0ffc95>@@AEAV<lambda_ad1ced32f4ac17aa236e5ef05d6b3b7c>@@V<lambda_f7424dd8d45958661754dc4f2697e9c3>@@@?$__crt_seh_guarded_call@X@@QEAAX$$QEAV<lambda_99476a1ad63dd22509b5d3e65b0ffc95>@@AEAV<lambda_ad1ced32f4ac17aa236e5ef05d6b3b7c>@@$$QEAV<lambda_f7424dd8d45958661754dc4f2697e9c3>@@@Z 0000000140021918     libucrt:mbctype.obj
 0004:00000924       $pdata$??R<lambda_ad1ced32f4ac17aa236e5ef05d6b3b7c>@@QEBAXXZ 0000000140021924     libucrt:mbctype.obj
 0004:00000930       $pdata$?getSystemCP@@YAHH@Z 0000000140021930     libucrt:mbctype.obj
 0004:0000093c       $pdata$?setSBCS@@YAXPEAU__crt_multibyte_data@@@Z 000000014002193c     libucrt:mbctype.obj
 0004:00000948       $pdata$?setSBUpLow@@YAXPEAU__crt_multibyte_data@@@Z 0000000140021948     libucrt:mbctype.obj
 0004:00000954       $pdata$?setmbcp_internal@@YAHH_N@Z 0000000140021954     libucrt:mbctype.obj
 0004:00000960       $pdata$__acrt_initialize_multibyte 0000000140021960     libucrt:mbctype.obj
 0004:0000096c       $pdata$__acrt_update_thread_multibyte_data 000000014002196c     libucrt:mbctype.obj
 0004:00000978       $pdata$_setmbcp_nolock     0000000140021978     libucrt:mbctype.obj
 0004:00000984       $pdata$?x_ismbbtype_l@@YAHPEAU__crt_locale_pointers@@IHH@Z 0000000140021984     libucrt:ismbbyte.obj
 0004:00000990       $pdata$__acrt_initialize_command_line 0000000140021990     libucrt:argv_data.obj
 0004:0000099c       $pdata$__dcrt_get_narrow_environment_from_os 000000014002199c     libucrt:get_environment_from_os.obj
 0004:000009a8       $pdata$__acrt_initialize_locks 00000001400219a8     libucrt:locks.obj
 0004:000009b4       $pdata$__acrt_uninitialize_locks 00000001400219b4     libucrt:locks.obj
 0004:000009c0       $pdata$__acrt_lowio_create_handle_array 00000001400219c0     libucrt:osfinfo.obj
 0004:000009cc       $pdata$__acrt_lowio_destroy_handle_array 00000001400219cc     libucrt:osfinfo.obj
 0004:000009d8       $pdata$__acrt_lowio_ensure_fh_exists 00000001400219d8     libucrt:osfinfo.obj
 0004:000009e4       $pdata$_free_osfhnd        00000001400219e4     libucrt:osfinfo.obj
 0004:000009f0       $pdata$_get_osfhandle      00000001400219f0     libucrt:osfinfo.obj
 0004:000009fc       $pdata$__pctype_func       00000001400219fc     libucrt:ctype.obj
 0004:00000a08       $pdata$__acrt_locale_free_monetary 0000000140021a08     libucrt:initmon.obj
 0004:00000a14       $pdata$__acrt_locale_free_numeric 0000000140021a14     libucrt:initnum.obj
 0004:00000a20       $pdata$??$free_crt_array@_W$06@@YAXAEAY06PEA_W@Z 0000000140021a20     libucrt:inittime.obj
 0004:00000a20       $pdata$??$free_crt_array@D$06@@YAXAEAY06PEAD@Z 0000000140021a20     libucrt:inittime.obj
 0004:00000a2c       $pdata$??$free_crt_array@_W$0M@@@YAXAEAY0M@PEA_W@Z 0000000140021a2c     libucrt:inittime.obj
 0004:00000a2c       $pdata$??$free_crt_array@D$0M@@@YAXAEAY0M@PEAD@Z 0000000140021a2c     libucrt:inittime.obj
 0004:00000a38       $pdata$__acrt_locale_free_time 0000000140021a38     libucrt:inittime.obj
 0004:00000a44       $pdata$__acrt_GetStringTypeA 0000000140021a44     libucrt:getstringtypea.obj
 0004:00000a50       $pdata$__acrt_free_locale  0000000140021a50     libucrt:locale_refcounting.obj
 0004:00000a5c       $pdata$__acrt_update_thread_locale_data 0000000140021a5c     libucrt:locale_refcounting.obj
 0004:00000a68       $pdata$_updatetlocinfoEx_nolock 0000000140021a68     libucrt:locale_refcounting.obj
 0004:00000a74       $pdata$?try_get_function@@YAPEAXW4function_id@?A0x7f18c2ae@@QEBDQEBW4module_id@2@2@Z 0000000140021a74     libucrt:winapi_thunks.obj
 0004:00000a80       $pdata$__acrt_FlsAlloc     0000000140021a80     libucrt:winapi_thunks.obj
 0004:00000a8c       $pdata$__acrt_FlsFree      0000000140021a8c     libucrt:winapi_thunks.obj
 0004:00000a98       $pdata$__acrt_FlsGetValue  0000000140021a98     libucrt:winapi_thunks.obj
 0004:00000aa4       $pdata$__acrt_FlsSetValue  0000000140021aa4     libucrt:winapi_thunks.obj
 0004:00000ab0       $pdata$__acrt_InitializeCriticalSectionEx 0000000140021ab0     libucrt:winapi_thunks.obj
 0004:00000abc       $pdata$__acrt_LCMapStringEx 0000000140021abc     libucrt:winapi_thunks.obj
 0004:00000ac8       $pdata$__acrt_LocaleNameToLCID 0000000140021ac8     libucrt:winapi_thunks.obj
 0004:00000ad4       $pdata$__acrt_initialize_winapi_thunks 0000000140021ad4     libucrt:winapi_thunks.obj
 0004:00000ae0       $pdata$__acrt_uninitialize_winapi_thunks 0000000140021ae0     libucrt:winapi_thunks.obj
 0004:00000aec       $pdata$_recalloc_base      0000000140021aec     libucrt:recalloc.obj
 0004:00000af8       $pdata$__acrt_initialize_heap 0000000140021af8     libucrt:heap_handle.obj
 0004:00000b04       $pdata$__acrt_execute_initializers 0000000140021b04     libucrt:shared_initialization.obj
 0004:00000b10       $pdata$__acrt_execute_uninitializers 0000000140021b10     libucrt:shared_initialization.obj
 0004:00000b1c       $pdata$_callnewh           0000000140021b1c     libucrt:new_handler.obj
 0004:00000b28       $pdata$_query_new_handler  0000000140021b28     libucrt:new_handler.obj
 0004:00000b34       $pdata$??$?RV<lambda_c36588078e9f5dfd39652860aa6b3aaf>@@AEAV<lambda_ec61778202f4f5fc7e7711acc23c3bca>@@V<lambda_dc9d2797ccde5d239b4a0efae8ebd7db>@@@?$__crt_seh_guarded_call@P6AXH@Z@@QEAAP6AXH@Z$$QEAV<lambda_c36588078e9f5dfd39652860aa6b3aaf>@@AEAV<lambda_ec61778202f4f5fc7e7711acc23c3bca>@@$$QEAV<lambda_dc9d2797ccde5d239b4a0efae8ebd7db>@@@Z 0000000140021b34     libucrt:signal.obj
 0004:00000b40       $pdata$__acrt_get_sigabrt_handler 0000000140021b40     libucrt:signal.obj
 0004:00000b4c       $pdata$raise               0000000140021b4c     libucrt:signal.obj
 0004:00000b58       $pdata$_isctype_l          0000000140021b58     libucrt:isctype.obj
 0004:00000b64       $pdata$_isleadbyte_l       0000000140021b64     libucrt:_wctype.obj
 0004:00000b70       $pdata$?__acrt_LCMapStringA_stat@@YAHPEAU__crt_locale_pointers@@PEB_WKPEBDHPEADHHH@Z 0000000140021b70     libucrt:lcmapstringa.obj
 0004:00000b7c       $pdata$__acrt_LCMapStringA 0000000140021b7c     libucrt:lcmapstringa.obj
 0004:00000b88       $pdata$__acrt_fp_strflt_to_string 0000000140021b88     libucrt:_fptostr.obj
 0004:00000b94       $pdata$?divide@__crt_strtox@@YA_KAEAUbig_integer@1@AEBU21@@Z 0000000140021b94     libucrt:cfout.obj
 0004:00000ba0       $pdata$5$?divide@__crt_strtox@@YA_KAEAUbig_integer@1@AEBU21@@Z 0000000140021ba0     libucrt:cfout.obj
 0004:00000bac       $pdata$6$?divide@__crt_strtox@@YA_KAEAUbig_integer@1@AEBU21@@Z 0000000140021bac     libucrt:cfout.obj
 0004:00000bb8       $pdata$__acrt_fltout       0000000140021bb8     libucrt:cfout.obj
 0004:00000bc4       $pdata$2$__acrt_fltout     0000000140021bc4     libucrt:cfout.obj
 0004:00000bd0       $pdata$3$__acrt_fltout     0000000140021bd0     libucrt:cfout.obj
 0004:00000bdc       $pdata$memcpy_s            0000000140021bdc     libucrt:cfout.obj
 0004:00000be8       $pdata$_fcloseall          0000000140021be8     libucrt:closeall.obj
 0004:00000bf4       $pdata$__acrt_stdio_flush_nolock 0000000140021bf4     libucrt:fflush.obj
 0004:00000c00       $pdata$_fflush_nolock      0000000140021c00     libucrt:fflush.obj
 0004:00000c0c       $pdata$common_flush_all    0000000140021c0c     libucrt:fflush.obj
 0004:00000c18       $pdata$__acrt_stdio_free_buffer_nolock 0000000140021c18     libucrt:_freebuf.obj
 0004:00000c24       $pdata$_isatty             0000000140021c24     libucrt:isatty.obj
 0004:00000c30       $pdata$_call_matherr       0000000140021c30     libucrt:libm_error.obj
 0004:00000c3c       $pdata$_exception_enabled  0000000140021c3c     libucrt:libm_error.obj
 0004:00000c48       $pdata$_handle_error       0000000140021c48     libucrt:libm_error.obj
 0004:00000c54       $pdata$_handle_errorf      0000000140021c54     libucrt:libm_error.obj
 0004:00000c60       $pdata$?shortsort@@YAXPEAD0_KP6AHPEBX2@Z@Z 0000000140021c60     libucrt:qsort.obj
 0004:00000c6c       $pdata$2$?shortsort@@YAXPEAD0_KP6AHPEBX2@Z@Z 0000000140021c6c     libucrt:qsort.obj
 0004:00000c78       $pdata$3$?shortsort@@YAXPEAD0_KP6AHPEBX2@Z@Z 0000000140021c78     libucrt:qsort.obj
 0004:00000c84       $pdata$qsort               0000000140021c84     libucrt:qsort.obj
 0004:00000c90       $pdata$4$qsort             0000000140021c90     libucrt:qsort.obj
 0004:00000c9c       $pdata$5$qsort             0000000140021c9c     libucrt:qsort.obj
 0004:00000ca8       $pdata$strncpy_s           0000000140021ca8     libucrt:strncpy_s.obj
 0004:00000cb4       $pdata$strpbrk             0000000140021cb4     libucrt:strpbrk.obj
 0004:00000cc0       $pdata$_mbsdec_l           0000000140021cc0     libucrt:mbsdec.obj
 0004:00000ccc       $pdata$?initialize_multibyte@@YAHXZ 0000000140021ccc     libucrt:multibyte_initializer.obj
 0004:00000cd8       $pdata$?GetTableIndexFromLocaleName@@YAHPEB_W@Z 0000000140021cd8     libucrt:lcidtoname_downlevel.obj
 0004:00000ce4       $pdata$__acrt_DownlevelLocaleNameToLCID 0000000140021ce4     libucrt:lcidtoname_downlevel.obj
 0004:00000cf0       $pdata$_msize              0000000140021cf0     libucrt:msize.obj
 0004:00000cfc       $pdata$_realloc_base       0000000140021cfc     libucrt:realloc_base.obj
 0004:00000d08       $pdata$fegetenv            0000000140021d08     libucrt:fegetenv.obj
 0004:00000d14       $pdata$fesetenv            0000000140021d14     libucrt:fesetenv.obj
 0004:00000d20       $pdata$feholdexcept        0000000140021d20     libucrt:feholdexcept.obj
 0004:00000d38       $pdata$?write_double_translated_ansi_nolock@@YA?AUwrite_result@?A0xab17fd16@@HQEBDI@Z 0000000140021d38     libucrt:write.obj
 0004:00000d44       $pdata$?write_text_ansi_nolock@@YA?AUwrite_result@?A0xab17fd16@@HQEBDI@Z 0000000140021d44     libucrt:write.obj
 0004:00000d50       $pdata$?write_text_utf16le_nolock@@YA?AUwrite_result@?A0xab17fd16@@HQEBDI@Z 0000000140021d50     libucrt:write.obj
 0004:00000d5c       $pdata$?write_text_utf8_nolock@@YA?AUwrite_result@?A0xab17fd16@@HQEBDI@Z 0000000140021d5c     libucrt:write.obj
 0004:00000d68       $pdata$_write              0000000140021d68     libucrt:write.obj
 0004:00000d74       $pdata$_write_nolock       0000000140021d74     libucrt:write.obj
 0004:00000d80       $pdata$??$common_lseek_nolock@_J@@YA_JH_JH@Z 0000000140021d80     libucrt:lseek.obj
 0004:00000d8c       $pdata$_fclose_nolock      0000000140021d8c     libucrt:fclose.obj
 0004:00000d98       $pdata$fclose              0000000140021d98     libucrt:fclose.obj
 0004:00000da4       $pdata$??$?RV<lambda_b521505b218e5242e90febf6bfebc422>@@AEAV<lambda_6978c1fb23f02e42e1d9e99668cc68aa>@@V<lambda_314360699dd331753a4119843814e9a7>@@@?$__crt_seh_guarded_call@H@@QEAAH$$QEAV<lambda_b521505b218e5242e90febf6bfebc422>@@AEAV<lambda_6978c1fb23f02e42e1d9e99668cc68aa>@@$$QEAV<lambda_314360699dd331753a4119843814e9a7>@@@Z 0000000140021da4     libucrt:commit.obj
 0004:00000db0       $pdata$_commit             0000000140021db0     libucrt:commit.obj
 0004:00000dbc       $pdata$_raise_exc          0000000140021dbc     libucrt:fpexcept.obj
 0004:00000dc8       $pdata$_raise_exc_ex       0000000140021dc8     libucrt:fpexcept.obj
 0004:00000dd4       $pdata$_raise_excf         0000000140021dd4     libucrt:fpexcept.obj
 0004:00000de0       $pdata$_set_errno_from_matherr 0000000140021de0     libucrt:fpexcept.obj
 0004:00000dec       $pdata$_clrfp              0000000140021dec     libucrt:fpctrl.obj
 0004:00000df8       $pdata$_ctrlfp             0000000140021df8     libucrt:fpctrl.obj
 0004:00000e04       $pdata$_set_statfp         0000000140021e04     libucrt:fpctrl.obj
 0004:00000e10       $pdata$_statfp             0000000140021e10     libucrt:fpctrl.obj
 0004:00000e1c       $pdata$_getfpcontrolword   0000000140021e1c     libucrt:_fenvutils.obj
 0004:00000e28       $pdata$_getfpstatusword    0000000140021e28     libucrt:_fenvutils.obj
 0004:00000e34       $pdata$_setfpstatusword    0000000140021e34     libucrt:_fenvutils.obj
 0004:00000e40       $pdata$_clearfp            0000000140021e40     libucrt:ieee.obj
 0004:00000e4c       $pdata$common_control87    0000000140021e4c     libucrt:ieee.obj
 0004:00000e58       $pdata$_log10_special      0000000140021e58     libucrt:log_special.obj
 0004:00000e64       $pdata$_log_special_common 0000000140021e64     libucrt:log_special.obj
 0004:00000e70       $pdata$_putwch_nolock      0000000140021e70     libucrt:putwch.obj
 0004:00000e7c       $pdata$??$?RV<lambda_bfedae4ebbf01fab1bb6dcc6a9e276e0>@@AEAV<lambda_2fe9b910cf3cbf4a0ab98a02ba45b3ec>@@V<lambda_237c231691f317818eb88cc1d5d642d6>@@@?$__crt_seh_guarded_call@H@@QEAAH$$QEAV<lambda_bfedae4ebbf01fab1bb6dcc6a9e276e0>@@AEAV<lambda_2fe9b910cf3cbf4a0ab98a02ba45b3ec>@@$$QEAV<lambda_237c231691f317818eb88cc1d5d642d6>@@@Z 0000000140021e7c     libucrt:close.obj
 0004:00000e88       $pdata$_close              0000000140021e88     libucrt:close.obj
 0004:00000e94       $pdata$_close_nolock       0000000140021e94     libucrt:close.obj
 0004:00000eac       $pdata$__dcrt_lowio_initialize_console_output 0000000140021eac     libucrt:initcon.obj
 0004:00000eb8       $pdata$__dcrt_terminate_console_output 0000000140021eb8     libucrt:initcon.obj
 0004:00000ec4       $pdata$_IsNonwritableInCurrentImage 0000000140021ec4     LIBCMT:pesect.obj
 0004:00000ef4       $pdata$strrchr             0000000140021ef4     libvcruntime:strrchr.obj
 0004:00000f0c       $pdata$?filt$0@?0??__scrt_common_main_seh@@YAHXZ@4HA 0000000140021f0c     LIBCMT:exe_winmain.obj
 0004:00000f18       $pdata$__scrt_is_nonwritable_in_current_image$filt$0 0000000140021f18     LIBCMT:utility.obj
 0004:00000f24       $pdata$?filt$0@?0??common_exit@@YAXHW4_crt_exit_cleanup_mode@@W4_crt_exit_return_mode@@@Z@4HA 0000000140021f24     libucrt:exit.obj
 0004:00000f30       $pdata$?fin$1@?0??common_exit@@YAXHW4_crt_exit_cleanup_mode@@W4_crt_exit_return_mode@@@Z@4HA 0000000140021f30     libucrt:exit.obj
 0004:00000f3c       $pdata$?fin$0@?0??common_onexit@@YAP6AHXZQEAU_onexit_table_t@@Q6AHXZ@Z@4HA 0000000140021f3c     libucrt:onexit.obj
 0004:00000f48       $pdata$__acrt_lowio_ensure_fh_exists$fin$0 0000000140021f48     libucrt:ioinit.obj
 0004:00000f48       $pdata$__acrt_initialize_lowio$fin$0 0000000140021f48     libucrt:ioinit.obj
 0004:00000f54       $pdata$__acrt_update_thread_multibyte_data$fin$0 0000000140021f54     libucrt:mbctype.obj
 0004:00000f60       $pdata$__acrt_uninitialize_locale$fin$0 0000000140021f60     libucrt:locale_refcounting.obj
 0004:00000f60       $pdata$__acrt_update_thread_locale_data$fin$0 0000000140021f60     libucrt:locale_refcounting.obj
 0004:00000f6c       $pdata$_query_new_handler$fin$0 0000000140021f6c     libucrt:new_handler.obj
 0004:00000f78       $pdata$?fin$0@?0???$?RV<lambda_72d1df2b273a38828b1ce30cbf4cdab5>@@AEAV<lambda_876a65b173b8412d3a47c70a915b0cf4>@@V<lambda_41932305e351933ebe8f8be3ed8bb5dc>@@@?$__crt_seh_guarded_call@X@@QEAAX$$QEAV<lambda_72d1df2b273a38828b1ce30cbf4cdab5>@@AEAV<lambda_876a65b173b8412d3a47c70a915b0cf4>@@$$QEAV<lambda_41932305e351933ebe8f8be3ed8bb5dc>@@@Z@4HA 0000000140021f78     libucrt:signal.obj
 0004:00000f78       $pdata$?fin$0@?0???$?RV<lambda_99476a1ad63dd22509b5d3e65b0ffc95>@@AEAV<lambda_ad1ced32f4ac17aa236e5ef05d6b3b7c>@@V<lambda_f7424dd8d45958661754dc4f2697e9c3>@@@?$__crt_seh_guarded_call@X@@QEAAX$$QEAV<lambda_99476a1ad63dd22509b5d3e65b0ffc95>@@AEAV<lambda_ad1ced32f4ac17aa236e5ef05d6b3b7c>@@$$QEAV<lambda_f7424dd8d45958661754dc4f2697e9c3>@@@Z@4HA 0000000140021f78     libucrt:signal.obj
 0004:00000f78       $pdata$?fin$0@?0???$?RV<lambda_c36588078e9f5dfd39652860aa6b3aaf>@@AEAV<lambda_ec61778202f4f5fc7e7711acc23c3bca>@@V<lambda_dc9d2797ccde5d239b4a0efae8ebd7db>@@@?$__crt_seh_guarded_call@P6AXH@Z@@QEAAP6AXH@Z$$QEAV<lambda_c36588078e9f5dfd39652860aa6b3aaf>@@AEAV<lambda_ec61778202f4f5fc7e7711acc23c3bca>@@$$QEAV<lambda_dc9d2797ccde5d239b4a0efae8ebd7db>@@@Z@4HA 0000000140021f78     libucrt:signal.obj
 0004:00000f78       $pdata$?fin$0@?0???$?RV<lambda_5e887d1dcbef67a5eb4283622ba103bf>@@AEAV<lambda_4466841279450cc726390878d4a41900>@@V<lambda_341c25c0346d94847f1f3c463c57e077>@@@?$__crt_seh_guarded_call@X@@QEAAX$$QEAV<lambda_5e887d1dcbef67a5eb4283622ba103bf>@@AEAV<lambda_4466841279450cc726390878d4a41900>@@$$QEAV<lambda_341c25c0346d94847f1f3c463c57e077>@@@Z@4HA 0000000140021f78     libucrt:signal.obj
 0004:00000f78       $pdata$?fin$0@?0???$?RV<lambda_46352004c1216016012b18bd6f87e700>@@AEAV<lambda_3bd07e1a1191394380780325891bf33f>@@V<lambda_334532d3f185bcaa59b5be82d7d22bff>@@@?$__crt_seh_guarded_call@X@@QEAAX$$QEAV<lambda_46352004c1216016012b18bd6f87e700>@@AEAV<lambda_3bd07e1a1191394380780325891bf33f>@@$$QEAV<lambda_334532d3f185bcaa59b5be82d7d22bff>@@@Z@4HA 0000000140021f78     libucrt:signal.obj
 0004:00000f78       $pdata$?fin$0@?0???$?RV<lambda_fb3a7dec4e47f37f22dae91bb15c9095>@@AEAV<lambda_698284760c8add0bfb0756c19673e34b>@@V<lambda_dfb8eca1e75fef3034a8fb18dd509707>@@@?$__crt_seh_guarded_call@X@@QEAAX$$QEAV<lambda_fb3a7dec4e47f37f22dae91bb15c9095>@@AEAV<lambda_698284760c8add0bfb0756c19673e34b>@@$$QEAV<lambda_dfb8eca1e75fef3034a8fb18dd509707>@@@Z@4HA 0000000140021f78     libucrt:signal.obj
 0004:00000f84       $pdata$raise$fin$0         0000000140021f84     libucrt:signal.obj
 0004:00000f90       $pdata$_fcloseall$fin$0    0000000140021f90     libucrt:closeall.obj
 0004:00000f9c       $pdata$common_flush_all$fin$0 0000000140021f9c     libucrt:fflush.obj
 0004:00000fa8       $pdata$common_flush_all$fin$1 0000000140021fa8     libucrt:fflush.obj
 0004:00000fb4       $pdata$_write$fin$0        0000000140021fb4     libucrt:write.obj
 0004:00000fc0       $pdata$fclose$fin$0        0000000140021fc0     libucrt:fclose.obj
 0004:00000fcc       $pdata$?fin$0@?0???$?RV<lambda_bfedae4ebbf01fab1bb6dcc6a9e276e0>@@AEAV<lambda_2fe9b910cf3cbf4a0ab98a02ba45b3ec>@@V<lambda_237c231691f317818eb88cc1d5d642d6>@@@?$__crt_seh_guarded_call@H@@QEAAH$$QEAV<lambda_bfedae4ebbf01fab1bb6dcc6a9e276e0>@@AEAV<lambda_2fe9b910cf3cbf4a0ab98a02ba45b3ec>@@$$QEAV<lambda_237c231691f317818eb88cc1d5d642d6>@@@Z@4HA 0000000140021fcc     libucrt:commit.obj
 0004:00000fcc       $pdata$?fin$0@?0???$?RV<lambda_b521505b218e5242e90febf6bfebc422>@@AEAV<lambda_6978c1fb23f02e42e1d9e99668cc68aa>@@V<lambda_314360699dd331753a4119843814e9a7>@@@?$__crt_seh_guarded_call@H@@QEAAH$$QEAV<lambda_b521505b218e5242e90febf6bfebc422>@@AEAV<lambda_6978c1fb23f02e42e1d9e99668cc68aa>@@$$QEAV<lambda_314360699dd331753a4119843814e9a7>@@@Z@4HA 0000000140021fcc     libucrt:commit.obj
 0004:00000fd8       $pdata$common_control87$filt$0 0000000140021fd8     libucrt:fpctrl.obj
 0004:00000fd8       $pdata$_ctrlfp$filt$0      0000000140021fd8     libucrt:fpctrl.obj
 0004:00000fe4       $pdata$_IsNonwritableInCurrentImage$filt$0 0000000140021fe4     LIBCMT:pesect.obj
