 win32_handmade

 Timestamp is 558a0665 (Tue Jun 23 18:22:45 2015)

 Preferred load address is 0000000140000000

 Start         Length     Name                   Class
 0001:00000000 000001dbH .text                   CODE
 0001:000001e0 0001261cH .text$mn                CODE
 0001:00012800 00000012H .text$mn$00             CODE
 0001:00012820 00000210H .text$x                 CODE
 0002:00000000 000002e8H .idata$5                DATA
 0002:000002e8 00000010H .00cfg                  DATA
 0002:000002f8 00000008H .CRT$XCA                DATA
 0002:00000300 00000008H .CRT$XCAA               DATA
 0002:00000308 00000008H .CRT$XCZ                DATA
 0002:00000310 00000008H .CRT$XIA                DATA
 0002:00000318 00000008H .CRT$XIAA               DATA
 0002:00000320 00000008H .CRT$XIAC               DATA
 0002:00000328 00000018H .CRT$XIC                DATA
 0002:00000340 00000008H .CRT$XIZ                DATA
 0002:00000348 00000008H .CRT$XPA                DATA
 0002:00000350 00000010H .CRT$XPX                DATA
 0002:00000360 00000008H .CRT$XPXA               DATA
 0002:00000368 00000008H .CRT$XPZ                DATA
 0002:00000370 00000008H .CRT$XTA                DATA
 0002:00000378 00000008H .CRT$XTZ                DATA
 0002:00000380 00000000H .gfids$x                DATA
 0002:00000380 00007bb4H .rdata                  DATA
 0002:00007f34 00000054H .rdata$debug            DATA
 0002:00007f88 00000000H .rdata$r                DATA
 0002:00007f88 00000010H .rdata$zETW0            DATA
 0002:00007f98 00000077H .rdata$zETW1            DATA
 0002:0000800f 0000002cH .rdata$zETW2            DATA
 0002:0000803b 00000001H .rdata$zETW9            DATA
 0002:00008040 00000008H .rtc$IAA                DATA
 0002:00008048 00000008H .rtc$IZZ                DATA
 0002:00008050 00000008H .rtc$TAA                DATA
 0002:00008058 00000008H .rtc$TZZ                DATA
 0002:00008060 00000d4cH .xdata                  DATA
 0002:00008dac 00000000H .edata                  DATA
 0002:00008dac 00000064H .idata$2                DATA
 0002:00008e10 00000014H .idata$3                DATA
 0002:00008e28 000002e8H .idata$4                DATA
 0002:00009110 00000676H .idata$6                DATA
 0003:00000000 00000d80H .data                   DATA
 0003:00000d80 00000000H .data$r                 DATA
 0003:00000d80 000023f0H .bss                    DATA
 0004:00000000 0000105cH .pdata                  DATA

  Address         Publics by Value              Rva+Base               Lib:Object

 0000:00000000       __guard_fids_count         0000000000000000     <absolute>
 0000:00000000       ___safe_se_handler_count   0000000000000000     <absolute>
 0000:00000000       ___safe_se_handler_table   0000000000000000     <absolute>
 0000:00000000       __guard_fids_table         0000000000000000     <absolute>
 0000:00000100       __guard_flags              0000000000000100     <absolute>
 0000:00000000       __ImageBase                0000000140000000     <linker-defined>
 0001:00000000       TraceLoggingRegister       0000000140001000 f i libvcruntime:telemetry.obj
 0001:0000007c       _TlgEnableCallback         000000014000107c f i libvcruntime:telemetry.obj
 0001:00000140       _TlgWrite                  0000000140001140 f i libvcruntime:telemetry.obj
 0001:00000920       WinMain                    0000000140001920 f   win32_handmade.obj
 0001:00001ab0       ?XInputGetStateStub@@YAKKPEAU_XINPUT_STATE@@@Z 0000000140002ab0 f   win32_handmade.obj
 0001:00001ad0       ?XInputSetStateStub@@YAKKPEAU_XINPUT_VIBRATION@@@Z 0000000140002ad0 f   win32_handmade.obj
 0001:00002b60       ??$__vcrt_va_start_verify_argument_type@PEBD@@YAXXZ 0000000140003b60 f i win32_handmade.obj
 0001:00002b60       ??$__vcrt_va_start_verify_argument_type@QEBD@@YAXXZ 0000000140003b60 f i win32_handmade.obj
 0001:00002b70       ??$_snprintf_s@$0BAA@@@YAHAEAY0BAA@D_KPEBDZZ 0000000140003b70 f i win32_handmade.obj
 0001:00002bc0       ?GetController@@YAPEAUgame_controller_input@@PEAUgame_input@@H@Z 0000000140003bc0 f i win32_handmade.obj
 0001:00002c00       ?SafeTruncateUInt64@@YAI_K@Z 0000000140003c00 f i win32_handmade.obj
 0001:00002c30       ?Win32DrawSoundBufferMarker@@YAXPEAUwin32_offscreen_buffer@@PEAUwin32_sound_output@@MHHHKI@Z 0000000140003c30 f i win32_handmade.obj
 0001:00002cc0       ?Win32GetSecondsElapsed@@YAMT_LARGE_INTEGER@@0@Z 0000000140003cc0 f i win32_handmade.obj
 0001:00002cf0       ?Win32GetWallClock@@YA?AT_LARGE_INTEGER@@XZ 0000000140003cf0 f i win32_handmade.obj
 0001:00002d10       __local_stdio_printf_options 0000000140003d10 f i win32_handmade.obj
 0001:00002d20       _vsnprintf_s               0000000140003d20 f i win32_handmade.obj
 0001:00002d70       _vsnprintf_s_l             0000000140003d70 f i win32_handmade.obj
 0001:00002df0       snprintf                   0000000140003df0 f i win32_handmade.obj
 0001:00002e50       vsnprintf                  0000000140003e50 f i win32_handmade.obj
 0001:00002ec4       __GSHandlerCheck           0000000140003ec4 f   LIBCMT:_gshandler_.obj
 0001:00002ee4       __GSHandlerCheckCommon     0000000140003ee4 f   LIBCMT:_gshandler_.obj
 0001:00002f60       __security_check_cookie    0000000140003f60 f   LIBCMT:_amdsecgs_.obj
 0001:000031e0       WinMainCRTStartup          00000001400041e0 f   LIBCMT:exe_winmain.obj
 0001:000031f4       __raise_securityfailure    00000001400041f4 f   LIBCMT:gs_report.obj
 0001:00003228       __report_gsfailure         0000000140004228 f   LIBCMT:gs_report.obj
 0001:000032fc       __report_rangecheckfailure 00000001400042fc f   LIBCMT:gs_report.obj
 0001:00003310       __report_securityfailure   0000000140004310 f   LIBCMT:gs_report.obj
 0001:00003490       __scrt_acquire_startup_lock 0000000140004490 f   LIBCMT:utility.obj
 0001:000034b8       __scrt_initialize_crt      00000001400044b8 f   LIBCMT:utility.obj
 0001:00003504       __scrt_initialize_onexit_tables 0000000140004504 f   LIBCMT:utility.obj
 0001:000035d0       __scrt_is_nonwritable_in_current_image 00000001400045d0 f   LIBCMT:utility.obj
 0001:0000366c       __scrt_release_startup_lock 000000014000466c f   LIBCMT:utility.obj
 0001:0000367c       __scrt_uninitialize_crt    000000014000467c f   LIBCMT:utility.obj
 0001:000036a8       _onexit                    00000001400046a8 f   LIBCMT:utility.obj
 0001:000036f8       atexit                     00000001400046f8 f   LIBCMT:utility.obj
 0001:00003710       __security_init_cookie     0000000140004710 f   LIBCMT:gs_support.obj
 0001:000037bc       _get_startup_argv_mode     00000001400047bc f   LIBCMT:argv_mode.obj
 0001:000037c4       __scrt_initialize_winrt    00000001400047c4 f   LIBCMT:utility_desktop.obj
 0001:000037c4       _get_startup_thread_locale_mode 00000001400047c4 f   LIBCMT:thread_locale.obj
 0001:000037c4       _matherr                   00000001400047c4 f   LIBCMT:matherr.obj
 0001:000037c4       _get_startup_new_mode      00000001400047c4 f   LIBCMT:new_mode.obj
 0001:000037c4       _get_startup_commit_mode   00000001400047c4 f   LIBCMT:commit_mode.obj
 0001:000037c8       _get_startup_file_mode     00000001400047c8 f   LIBCMT:file_mode.obj
 0001:000037d0       ?__scrt_initialize_type_info@@YAXXZ 00000001400047d0 f   LIBCMT:tncleanup.obj
 0001:000037e0       _initialize_invalid_parameter_handler 00000001400047e0 f   LIBCMT:invalid_parameter_handler.obj
 0001:000037e0       _initialize_denormal_control 00000001400047e0 f   LIBCMT:denormal_control.obj
 0001:000037e0       _guard_check_icall_nop     00000001400047e0 f   LIBCMT:guard_support.obj
 0001:000037e0       __except_validate_context_record 00000001400047e0 f   libvcruntime:jbcxrval.obj
 0001:000037e4       __local_stdio_scanf_options 00000001400047e4 f i LIBCMT:default_local_stdio_options.obj
 0001:000037ec       __scrt_initialize_default_local_stdio_options 00000001400047ec f   LIBCMT:default_local_stdio_options.obj
 0001:00003808       __scrt_is_user_matherr_present 0000000140004808 f   LIBCMT:matherr_detection.obj
 0001:00003814       __scrt_get_dyn_tls_init_callback 0000000140004814 f   LIBCMT:dyn_tls_init.obj
 0001:0000381c       __scrt_get_dyn_tls_dtor_callback 000000014000481c f   LIBCMT:dyn_tls_dtor.obj
 0001:00003824       __crt_debugger_hook        0000000140004824 f   LIBCMT:utility_desktop.obj
 0001:0000382c       __scrt_fastfail            000000014000482c f   LIBCMT:utility_desktop.obj
 0001:00003974       __scrt_get_show_window_mode 0000000140004974 f   LIBCMT:utility_desktop.obj
 0001:000039b4       __scrt_is_managed_app      00000001400049b4 f   LIBCMT:utility_desktop.obj
 0001:00003a08       __scrt_set_unhandled_exception_filter 0000000140004a08 f   LIBCMT:utility_desktop.obj
 0001:00003a18       __scrt_unhandled_exception_filter 0000000140004a18 f   LIBCMT:utility_desktop.obj
 0001:00003a50       _RTC_Initialize            0000000140004a50 f   LIBCMT:_initsect_.obj
 0001:00003a9c       _RTC_Terminate             0000000140004a9c f   LIBCMT:_initsect_.obj
 0001:00003ae8       _guard_check_icall         0000000140004ae8 f i LIBCMT:checkcfg.obj
 0001:00003af0       __isa_available_init       0000000140004af0 f   LIBCMT:_cpu_disp_.obj
 0001:00003c84       __scrt_is_ucrt_dll_in_use  0000000140004c84 f   LIBCMT:ucrt_detection.obj
 0001:00003c90       IsProcessorFeaturePresent  0000000140004c90 f   kernel32:KERNEL32.dll
 0001:00003c9c       __telemetry_main_invoke_trigger 0000000140004c9c f   libvcruntime:telemetry.obj
 0001:00003db4       __telemetry_main_return_trigger 0000000140004db4 f   libvcruntime:telemetry.obj
 0001:00003ecc       __vcrt_initialize_telemetry_provider 0000000140004ecc f   libvcruntime:telemetry.obj
 0001:00003ee0       __vcrt_uninitialize_telemetry_provider 0000000140004ee0 f   libvcruntime:telemetry.obj
 0001:00003f00       __C_specific_handler       0000000140004f00 f   libvcruntime:_chandler_.obj
 0001:000040f0       __vcrt_initialize          00000001400050f0 f   libvcruntime:initialization.obj
 0001:00004128       __vcrt_uninitialize        0000000140005128 f   libvcruntime:initialization.obj
 0001:00004170       memset                     0000000140005170 f   libvcruntime:memset.obj
 0001:000044d8       __vcrt_EventRegister       00000001400054d8 f   libvcruntime:winapi_downlevel.obj
 0001:0000455c       __vcrt_EventSetInformation 000000014000555c f   libvcruntime:winapi_downlevel.obj
 0001:000045e0       __vcrt_EventUnregister     00000001400055e0 f   libvcruntime:winapi_downlevel.obj
 0001:00004634       __vcrt_EventWriteTransfer  0000000140005634 f   libvcruntime:winapi_downlevel.obj
 0001:000046cc       __vcrt_FlsAlloc            00000001400056cc f   libvcruntime:winapi_downlevel.obj
 0001:00004720       __vcrt_FlsFree             0000000140005720 f   libvcruntime:winapi_downlevel.obj
 0001:00004774       __vcrt_FlsSetValue         0000000140005774 f   libvcruntime:winapi_downlevel.obj
 0001:000047dc       __vcrt_InitializeCriticalSectionEx 00000001400057dc f   libvcruntime:winapi_downlevel.obj
 0001:00004854       __vcrt_initialize_winapi_thunks 0000000140005854 f   libvcruntime:winapi_downlevel.obj
 0001:0000488c       __vcrt_uninitialize_winapi_thunks 000000014000588c f   libvcruntime:winapi_downlevel.obj
 0001:000048e0       _local_unwind              00000001400058e0 f   libvcruntime:_jmpuwind_.obj
 0001:00004910       _NLG_Notify                0000000140005910 f   libvcruntime:_jmpuwind_.obj
 0001:00004930       __NLG_Dispatch2            0000000140005930 f   libvcruntime:_jmpuwind_.obj
 0001:00004940       __NLG_Return2              0000000140005940 f   libvcruntime:_jmpuwind_.obj
 0001:00004944       __vcrt_freefls             0000000140005944 f   libvcruntime:per_thread_data.obj
 0001:00004964       __vcrt_initialize_ptd      0000000140005964 f   libvcruntime:per_thread_data.obj
 0001:000049a4       __vcrt_uninitialize_ptd    00000001400059a4 f   libvcruntime:per_thread_data.obj
 0001:000049c8       __vcrt_initialize_locks    00000001400059c8 f   libvcruntime:locks.obj
 0001:00004a10       __vcrt_uninitialize_locks  0000000140005a10 f   libvcruntime:locks.obj
 0001:00004a48       __vcrt_initialize_pure_virtual_call_handler 0000000140005a48 f   libvcruntime:purevirt_data.obj
 0001:00004c14       ??$ensure_buffer_is_big_enough@D@formatting_buffer@__crt_stdio_output@@QEAA_N_K@Z 0000000140005c14 f i libucrt:output.obj
 0001:00004cc0       ??$is_wide_character_specifier@D@__crt_stdio_output@@YA_N_KDW4length_modifier@0@@Z 0000000140005cc0 f i libucrt:output.obj
 0001:00004cf0       ??$type_case_integer_parse_into_buffer@I@?$output_processor@DV?$string_output_adapter@D@__crt_stdio_output@@V?$format_validation_base@DV?$string_output_adapter@D@__crt_stdio_output@@@2@@__crt_stdio_output@@AEAAXII_N@Z 0000000140005cf0 f i libucrt:output.obj
 0001:00004cf0       ??$type_case_integer_parse_into_buffer@I@?$output_processor@DV?$string_output_adapter@D@__crt_stdio_output@@V?$standard_base@DV?$string_output_adapter@D@__crt_stdio_output@@@2@@__crt_stdio_output@@AEAAXII_N@Z 0000000140005cf0 f i libucrt:output.obj
 0001:00004d8c       ??$type_case_integer_parse_into_buffer@_K@?$output_processor@DV?$string_output_adapter@D@__crt_stdio_output@@V?$format_validation_base@DV?$string_output_adapter@D@__crt_stdio_output@@@2@@__crt_stdio_output@@AEAAX_KI_N@Z 0000000140005d8c f i libucrt:output.obj
 0001:00004d8c       ??$type_case_integer_parse_into_buffer@_K@?$output_processor@DV?$string_output_adapter@D@__crt_stdio_output@@V?$standard_base@DV?$string_output_adapter@D@__crt_stdio_output@@@2@@__crt_stdio_output@@AEAAX_KI_N@Z 0000000140005d8c f i libucrt:output.obj
 0001:00004e28       ??$write_multiple_characters@V?$string_output_adapter@D@__crt_stdio_output@@D@__crt_stdio_output@@YAXAEBV?$string_output_adapter@D@0@DHQEAH@Z 0000000140005e28 f i libucrt:output.obj
 0001:00004e84       ??0?$output_processor@DV?$string_output_adapter@D@__crt_stdio_output@@V?$standard_base@DV?$string_output_adapter@D@__crt_stdio_output@@@2@@__crt_stdio_output@@QEAA@AEBV?$string_output_adapter@D@1@_KQEBDQEAU__crt_locale_pointers@@QEAD@Z 0000000140005e84 f i libucrt:output.obj
 0001:00004e84       ??0?$output_processor@DV?$string_output_adapter@D@__crt_stdio_output@@V?$format_validation_base@DV?$string_output_adapter@D@__crt_stdio_output@@@2@@__crt_stdio_output@@QEAA@AEBV?$string_output_adapter@D@1@_KQEBDQEAU__crt_locale_pointers@@QEAD@Z 0000000140005e84 f i libucrt:output.obj
 0001:00004f00       ??0_LocaleUpdate@@QEAA@QEAU__crt_locale_pointers@@@Z 0000000140005f00 f i libucrt:output.obj
 0001:00004f90       ?force_decimal_point@__crt_stdio_output@@YAXPEADQEAU__crt_locale_pointers@@@Z 0000000140005f90 f i libucrt:output.obj
 0001:00005000       ?parse_int_from_format_string@?$output_processor@DV?$string_output_adapter@D@__crt_stdio_output@@V?$standard_base@DV?$string_output_adapter@D@__crt_stdio_output@@@2@@__crt_stdio_output@@AEAA_NQEAH@Z 0000000140006000 f i libucrt:output.obj
 0001:00005000       ?parse_int_from_format_string@?$output_processor@DV?$string_output_adapter@D@__crt_stdio_output@@V?$format_validation_base@DV?$string_output_adapter@D@__crt_stdio_output@@@2@@__crt_stdio_output@@AEAA_NQEAH@Z 0000000140006000 f i libucrt:output.obj
 0001:00005084       ?process@?$output_processor@DV?$string_output_adapter@D@__crt_stdio_output@@V?$format_validation_base@DV?$string_output_adapter@D@__crt_stdio_output@@@2@@__crt_stdio_output@@QEAAHXZ 0000000140006084 f i libucrt:output.obj
 0001:00005298       ?process@?$output_processor@DV?$string_output_adapter@D@__crt_stdio_output@@V?$standard_base@DV?$string_output_adapter@D@__crt_stdio_output@@@2@@__crt_stdio_output@@QEAAHXZ 0000000140006298 f i libucrt:output.obj
 0001:0000549c       ?state_case_normal@?$output_processor@DV?$string_output_adapter@D@__crt_stdio_output@@V?$standard_base@DV?$string_output_adapter@D@__crt_stdio_output@@@2@@__crt_stdio_output@@AEAA_NXZ 000000014000649c f i libucrt:output.obj
 0001:0000549c       ?state_case_normal@?$output_processor@DV?$string_output_adapter@D@__crt_stdio_output@@V?$format_validation_base@DV?$string_output_adapter@D@__crt_stdio_output@@@2@@__crt_stdio_output@@AEAA_NXZ 000000014000649c f i libucrt:output.obj
 0001:00005510       ?state_case_normal_tchar@?$output_processor@DV?$string_output_adapter@D@__crt_stdio_output@@V?$format_validation_base@DV?$string_output_adapter@D@__crt_stdio_output@@@2@@__crt_stdio_output@@AEAA_ND@Z 0000000140006510 f i libucrt:output.obj
 0001:00005510       ?state_case_normal_tchar@?$output_processor@DV?$string_output_adapter@D@__crt_stdio_output@@V?$standard_base@DV?$string_output_adapter@D@__crt_stdio_output@@@2@@__crt_stdio_output@@AEAA_ND@Z 0000000140006510 f i libucrt:output.obj
 0001:000055a8       ?state_case_size@?$output_processor@DV?$string_output_adapter@D@__crt_stdio_output@@V?$standard_base@DV?$string_output_adapter@D@__crt_stdio_output@@@2@@__crt_stdio_output@@AEAA_NXZ 00000001400065a8 f i libucrt:output.obj
 0001:000055a8       ?state_case_size@?$output_processor@DV?$string_output_adapter@D@__crt_stdio_output@@V?$format_validation_base@DV?$string_output_adapter@D@__crt_stdio_output@@@2@@__crt_stdio_output@@AEAA_NXZ 00000001400065a8 f i libucrt:output.obj
 0001:00005724       ?state_case_type@?$output_processor@DV?$string_output_adapter@D@__crt_stdio_output@@V?$format_validation_base@DV?$string_output_adapter@D@__crt_stdio_output@@@2@@__crt_stdio_output@@AEAA_NXZ 0000000140006724 f i libucrt:output.obj
 0001:00005724       ?state_case_type@?$output_processor@DV?$string_output_adapter@D@__crt_stdio_output@@V?$standard_base@DV?$string_output_adapter@D@__crt_stdio_output@@@2@@__crt_stdio_output@@AEAA_NXZ 0000000140006724 f i libucrt:output.obj
 0001:000059a0       ?type_case_Z@?$output_processor@DV?$string_output_adapter@D@__crt_stdio_output@@V?$standard_base@DV?$string_output_adapter@D@__crt_stdio_output@@@2@@__crt_stdio_output@@AEAA_NXZ 00000001400069a0 f i libucrt:output.obj
 0001:000059a0       ?type_case_Z@?$output_processor@DV?$string_output_adapter@D@__crt_stdio_output@@V?$format_validation_base@DV?$string_output_adapter@D@__crt_stdio_output@@@2@@__crt_stdio_output@@AEAA_NXZ 00000001400069a0 f i libucrt:output.obj
 0001:00005a20       ?type_case_a@?$output_processor@DV?$string_output_adapter@D@__crt_stdio_output@@V?$standard_base@DV?$string_output_adapter@D@__crt_stdio_output@@@2@@__crt_stdio_output@@AEAA_NXZ 0000000140006a20 f i libucrt:output.obj
 0001:00005a20       ?type_case_a@?$output_processor@DV?$string_output_adapter@D@__crt_stdio_output@@V?$format_validation_base@DV?$string_output_adapter@D@__crt_stdio_output@@@2@@__crt_stdio_output@@AEAA_NXZ 0000000140006a20 f i libucrt:output.obj
 0001:00005c3c       ?type_case_c_tchar@?$output_processor@DV?$string_output_adapter@D@__crt_stdio_output@@V?$format_validation_base@DV?$string_output_adapter@D@__crt_stdio_output@@@2@@__crt_stdio_output@@AEAA_ND@Z 0000000140006c3c f i libucrt:output.obj
 0001:00005c3c       ?type_case_c_tchar@?$output_processor@DV?$string_output_adapter@D@__crt_stdio_output@@V?$standard_base@DV?$string_output_adapter@D@__crt_stdio_output@@@2@@__crt_stdio_output@@AEAA_ND@Z 0000000140006c3c f i libucrt:output.obj
 0001:00005cf0       ?type_case_integer@?$output_processor@DV?$string_output_adapter@D@__crt_stdio_output@@V?$standard_base@DV?$string_output_adapter@D@__crt_stdio_output@@@2@@__crt_stdio_output@@AEAA_NI_N@Z 0000000140006cf0 f i libucrt:output.obj
 0001:00005cf0       ?type_case_integer@?$output_processor@DV?$string_output_adapter@D@__crt_stdio_output@@V?$format_validation_base@DV?$string_output_adapter@D@__crt_stdio_output@@@2@@__crt_stdio_output@@AEAA_NI_N@Z 0000000140006cf0 f i libucrt:output.obj
 0001:00005e80       ?type_case_n@?$output_processor@DV?$string_output_adapter@D@__crt_stdio_output@@V?$standard_base@DV?$string_output_adapter@D@__crt_stdio_output@@@2@@__crt_stdio_output@@AEAA_NXZ 0000000140006e80 f i libucrt:output.obj
 0001:00005e80       ?type_case_n@?$output_processor@DV?$string_output_adapter@D@__crt_stdio_output@@V?$format_validation_base@DV?$string_output_adapter@D@__crt_stdio_output@@@2@@__crt_stdio_output@@AEAA_NXZ 0000000140006e80 f i libucrt:output.obj
 0001:00005f5c       ?type_case_s@?$output_processor@DV?$string_output_adapter@D@__crt_stdio_output@@V?$format_validation_base@DV?$string_output_adapter@D@__crt_stdio_output@@@2@@__crt_stdio_output@@AEAA_NXZ 0000000140006f5c f i libucrt:output.obj
 0001:00005f5c       ?type_case_s@?$output_processor@DV?$string_output_adapter@D@__crt_stdio_output@@V?$standard_base@DV?$string_output_adapter@D@__crt_stdio_output@@@2@@__crt_stdio_output@@AEAA_NXZ 0000000140006f5c f i libucrt:output.obj
 0001:00005fec       ?write_stored_string_tchar@?$output_processor@DV?$string_output_adapter@D@__crt_stdio_output@@V?$format_validation_base@DV?$string_output_adapter@D@__crt_stdio_output@@@2@@__crt_stdio_output@@AEAA_ND@Z 0000000140006fec f i libucrt:output.obj
 0001:00005fec       ?write_stored_string_tchar@?$output_processor@DV?$string_output_adapter@D@__crt_stdio_output@@V?$standard_base@DV?$string_output_adapter@D@__crt_stdio_output@@@2@@__crt_stdio_output@@AEAA_ND@Z 0000000140006fec f i libucrt:output.obj
 0001:000060c4       ?write_string@?$string_output_adapter@D@__crt_stdio_output@@QEBAXQEBDHQEAH1@Z 00000001400070c4 f i libucrt:output.obj
 0001:00006180       __stdio_common_vsnprintf_s 0000000140007180 f   libucrt:output.obj
 0001:000062dc       __stdio_common_vsprintf    00000001400072dc f   libucrt:output.obj
 0001:00006510       sinf                       0000000140007510 f   libucrt:sinf.obj
 0001:00006c08       _seh_filter_exe            0000000140007c08 f   libucrt:exception_filter.obj
 0001:00006d98       _query_app_type            0000000140007d98 f   libucrt:report_runtime_error.obj
 0001:00006da0       _set_app_type              0000000140007da0 f   libucrt:report_runtime_error.obj
 0001:00006da8       __acrt_has_user_matherr    0000000140007da8 f   libucrt:matherr.obj
 0001:00006dc8       __acrt_initialize_user_matherr 0000000140007dc8 f   libucrt:matherr.obj
 0001:00006dd0       __acrt_invoke_user_matherr 0000000140007dd0 f   libucrt:matherr.obj
 0001:00006e18       __setusermatherr           0000000140007e18 f   libucrt:matherr.obj
 0001:00006ffc       __acrt_allocate_buffer_for_argv 0000000140007ffc f   libucrt:argv_parsing.obj
 0001:00007060       _configure_narrow_argv     0000000140008060 f   libucrt:argv_parsing.obj
 0001:000073bc       __dcrt_uninitialize_environments_nolock 00000001400083bc f   libucrt:environment_initialization.obj
 0001:000073f4       _initialize_narrow_environment 00000001400083f4 f   libucrt:environment_initialization.obj
 0001:000073fc       _get_narrow_winmain_command_line 00000001400083fc f   libucrt:argv_winmain.obj
 0001:0000746c       _initterm                  000000014000846c f   libucrt:initterm.obj
 0001:000074e4       _initterm_e                00000001400084e4 f   libucrt:initterm.obj
 0001:0000772c       __acrt_initialize_thread_local_exit_callback 000000014000872c f   libucrt:exit.obj
 0001:00007734       _c_exit                    0000000140008734 f   libucrt:exit.obj
 0001:00007744       _cexit                     0000000140008744 f   libucrt:exit.obj
 0001:00007754       _exit                      0000000140008754 f   libucrt:exit.obj
 0001:00007760       _register_thread_local_exe_atexit_callback 0000000140008760 f   libucrt:exit.obj
 0001:000077a4       exit                       00000001400087a4 f   libucrt:exit.obj
 0001:000077b0       _set_fmode                 00000001400087b0 f   libucrt:setmode.obj
 0001:000077f0       __acrt_set_locale_changed  00000001400087f0 f   libucrt:wsetlocale.obj
 0001:000077fc       __acrt_uninitialize_locale 00000001400087fc f   libucrt:wsetlocale.obj
 0001:00007844       _configthreadlocale        0000000140008844 f   libucrt:wsetlocale.obj
 0001:000078b0       _query_new_mode            00000001400088b0 f   libucrt:new_mode.obj
 0001:000078b8       _set_new_mode              00000001400088b8 f   libucrt:new_mode.obj
 0001:000078e4       __p__commode               00000001400088e4 f   libucrt:ncommode.obj
 0001:00007934       _crt_atexit                0000000140008934 f   libucrt:onexit.obj
 0001:00007958       _execute_onexit_table      0000000140008958 f   libucrt:onexit.obj
 0001:00007a88       _initialize_onexit_table   0000000140008a88 f   libucrt:onexit.obj
 0001:00007ac8       _register_onexit_function  0000000140008ac8 f   libucrt:onexit.obj
 0001:00007cc8       __acrt_uninitialize_command_line 0000000140008cc8 f   libucrt:argv_data.obj
 0001:00007db8       __acrt_initialize          0000000140008db8 f   libucrt:initialization.obj
 0001:00007dcc       __acrt_uninitialize        0000000140008dcc f   libucrt:initialization.obj
 0001:00007de0       terminate                  0000000140008de0 f   libucrt:terminate.obj
 0001:00007e08       _free_base                 0000000140008e08 f   libucrt:free_base.obj
 0001:00007e48       _malloc_base               0000000140008e48 f   libucrt:malloc_base.obj
 0001:00007ea8       strcpy_s                   0000000140008ea8 f   libucrt:strcpy_s.obj
 0001:00007f08       abort                      0000000140008f08 f   libucrt:abort.obj
 0001:00007f60       _calloc_base               0000000140008f60 f   libucrt:calloc_base.obj
 0001:00007fe0       ??$parse_integer@KV?$c_string_character_source@D@__crt_strtox@@@__crt_strtox@@YAKQEAU__crt_locale_pointers@@V?$c_string_character_source@D@0@H_N@Z 0000000140008fe0 f i libucrt:atox.obj
 0001:00008398       __acrt_call_reportfault    0000000140009398 f   libucrt:invalid_parameter.obj
 0001:000084f4       __acrt_initialize_invalid_parameter_handler 00000001400094f4 f   libucrt:invalid_parameter.obj
 0001:000084fc       _invalid_parameter         00000001400094fc f   libucrt:invalid_parameter.obj
 0001:000085a4       _invalid_parameter_noinfo  00000001400095a4 f   libucrt:invalid_parameter.obj
 0001:000085c4       _invoke_watson             00000001400095c4 f   libucrt:invalid_parameter.obj
 0001:0000860c       isdigit                    000000014000960c f i libucrt:_ctype.obj
 0001:000086d0       _tolower_l                 00000001400096d0 f   libucrt:tolower_toupper.obj
 0001:00008810       tolower                    0000000140009810 f   libucrt:tolower_toupper.obj
 0001:0000883c       __acrt_errno_from_os_error 000000014000983c f   libucrt:errno.obj
 0001:00008884       __acrt_errno_map_os_error  0000000140009884 f   libucrt:errno.obj
 0001:000088d4       __doserrno                 00000001400098d4 f   libucrt:errno.obj
 0001:000088f4       _errno                     00000001400098f4 f   libucrt:errno.obj
 0001:00008920       ??$make_c_string_character_source@DPEAPEAD@__crt_strtox@@YA?AV?$c_string_character_source@D@0@QEBDQEAPEAD@Z 0000000140009920 f i libucrt:strtox.obj
 0001:00008940       strtol                     0000000140009940 f   libucrt:strtox.obj
 0001:00008970       _mbtowc_l                  0000000140009970 f   libucrt:mbtowc.obj
 0001:00008ab8       mbtowc                     0000000140009ab8 f   libucrt:mbtowc.obj
 0001:00008ac0       _wctomb_s_l                0000000140009ac0 f   libucrt:wctomb.obj
 0001:00008c44       wctomb_s                   0000000140009c44 f   libucrt:wctomb.obj
 0001:00008c58       strnlen                    0000000140009c58 f   libucrt:strnlen.obj
 0001:00008db4       wcsnlen                    0000000140009db4 f   libucrt:strnlen.obj
 0001:00008fa4       ??$?RV<lambda_46352004c1216016012b18bd6f87e700>@@AEAV<lambda_3bd07e1a1191394380780325891bf33f>@@V<lambda_334532d3f185bcaa59b5be82d7d22bff>@@@?$__crt_seh_guarded_call@X@@QEAAX$$QEAV<lambda_46352004c1216016012b18bd6f87e700>@@AEAV<lambda_3bd07e1a1191394380780325891bf33f>@@$$QEAV<lambda_334532d3f185bcaa59b5be82d7d22bff>@@@Z 0000000140009fa4 f i libucrt:per_thread_data.obj
 0001:00009004       ??$?RV<lambda_5e887d1dcbef67a5eb4283622ba103bf>@@AEAV<lambda_4466841279450cc726390878d4a41900>@@V<lambda_341c25c0346d94847f1f3c463c57e077>@@@?$__crt_seh_guarded_call@X@@QEAAX$$QEAV<lambda_5e887d1dcbef67a5eb4283622ba103bf>@@AEAV<lambda_4466841279450cc726390878d4a41900>@@$$QEAV<lambda_341c25c0346d94847f1f3c463c57e077>@@@Z 000000014000a004 f i libucrt:per_thread_data.obj
 0001:0000904c       ??$?RV<lambda_72d1df2b273a38828b1ce30cbf4cdab5>@@AEAV<lambda_876a65b173b8412d3a47c70a915b0cf4>@@V<lambda_41932305e351933ebe8f8be3ed8bb5dc>@@@?$__crt_seh_guarded_call@X@@QEAAX$$QEAV<lambda_72d1df2b273a38828b1ce30cbf4cdab5>@@AEAV<lambda_876a65b173b8412d3a47c70a915b0cf4>@@$$QEAV<lambda_41932305e351933ebe8f8be3ed8bb5dc>@@@Z 000000014000a04c f i libucrt:per_thread_data.obj
 0001:0000908c       ??$?RV<lambda_fb3a7dec4e47f37f22dae91bb15c9095>@@AEAV<lambda_698284760c8add0bfb0756c19673e34b>@@V<lambda_dfb8eca1e75fef3034a8fb18dd509707>@@@?$__crt_seh_guarded_call@X@@QEAAX$$QEAV<lambda_fb3a7dec4e47f37f22dae91bb15c9095>@@AEAV<lambda_698284760c8add0bfb0756c19673e34b>@@$$QEAV<lambda_dfb8eca1e75fef3034a8fb18dd509707>@@@Z 000000014000a08c f i libucrt:per_thread_data.obj
 0001:0000930c       __acrt_getptd              000000014000a30c f   libucrt:per_thread_data.obj
 0001:000093a0       __acrt_getptd_noexit       000000014000a3a0 f   libucrt:per_thread_data.obj
 0001:00009440       __acrt_initialize_ptd      000000014000a440 f   libucrt:per_thread_data.obj
 0001:0000947c       __acrt_uninitialize_ptd    000000014000a47c f   libucrt:per_thread_data.obj
 0001:000094a0       __acrt_update_locale_info  000000014000a4a0 f   libucrt:locale_update.obj
 0001:000094d4       __acrt_update_multibyte_info 000000014000a4d4 f   libucrt:locale_update.obj
 0001:00009508       ?__acrt_fp_classify@@YA?AW4__acrt_fp_class@@AEBN@Z 000000014000a508 f i libucrt:cvt.obj
 0001:00009f40       __acrt_fp_format           000000014000af40 f   libucrt:cvt.obj
 0001:0000a184       _fileno                    000000014000b184 f   libucrt:fileno.obj
 0001:0000a1ac       __acrt_initialize_stdio    000000014000b1ac f   libucrt:_file.obj
 0001:0000a2cc       __acrt_uninitialize_stdio  000000014000b2cc f   libucrt:_file.obj
 0001:0000a328       _lock_file                 000000014000b328 f   libucrt:_file.obj
 0001:0000a334       _unlock_file               000000014000b334 f   libucrt:_file.obj
 0001:0000a340       _get_printf_count_output   000000014000b340 f   libucrt:printf_count_output.obj
 0001:0000a540       __acrt_initialize_lowio    000000014000b540 f   libucrt:ioinit.obj
 0001:0000a57c       __acrt_uninitialize_lowio  000000014000b57c f   libucrt:ioinit.obj
 0001:0000a5c0       __acrt_initialize_fma3     000000014000b5c0 f   libucrt:fma3_available.obj
 0001:0000a600       __remainder_piby2d2f_forC  000000014000b600 f   libucrt:remainder_piby2f_forc.obj
 0001:0000a818       _sinf_special              000000014000b818 f   libucrt:sincos_special.obj
 0001:0000ad08       ?expand_if_necessary@?$argument_list@D@?A0x1958b273@@AEAAHXZ 000000014000bd08 f i libucrt:argv_wildcards.obj
 0001:0000add0       __acrt_expand_narrow_argv_wildcards 000000014000bdd0 f   libucrt:argv_wildcards.obj
 0001:0000add8       ??$?RV<lambda_99476a1ad63dd22509b5d3e65b0ffc95>@@AEAV<lambda_ad1ced32f4ac17aa236e5ef05d6b3b7c>@@V<lambda_f7424dd8d45958661754dc4f2697e9c3>@@@?$__crt_seh_guarded_call@X@@QEAAX$$QEAV<lambda_99476a1ad63dd22509b5d3e65b0ffc95>@@AEAV<lambda_ad1ced32f4ac17aa236e5ef05d6b3b7c>@@$$QEAV<lambda_f7424dd8d45958661754dc4f2697e9c3>@@@Z 000000014000bdd8 f i libucrt:mbctype.obj
 0001:0000b4d4       __acrt_initialize_multibyte 000000014000c4d4 f   libucrt:mbctype.obj
 0001:0000b4fc       __acrt_update_thread_multibyte_data 000000014000c4fc f   libucrt:mbctype.obj
 0001:0000b5bc       _setmbcp_nolock            000000014000c5bc f   libucrt:mbctype.obj
 0001:0000b8dc       _ismbblead                 000000014000c8dc f   libucrt:ismbbyte.obj
 0001:0000b8f0       __acrt_initialize_command_line 000000014000c8f0 f   libucrt:argv_data.obj
 0001:0000b918       __dcrt_get_narrow_environment_from_os 000000014000c918 f   libucrt:get_environment_from_os.obj
 0001:0000ba1c       __acrt_initialize_locks    000000014000ca1c f   libucrt:locks.obj
 0001:0000ba64       __acrt_lock                000000014000ca64 f   libucrt:locks.obj
 0001:0000ba80       __acrt_uninitialize_locks  000000014000ca80 f   libucrt:locks.obj
 0001:0000bab8       __acrt_unlock              000000014000cab8 f   libucrt:locks.obj
 0001:0000bad4       __acrt_lowio_create_handle_array 000000014000cad4 f   libucrt:osfinfo.obj
 0001:0000bb6c       __acrt_lowio_destroy_handle_array 000000014000cb6c f   libucrt:osfinfo.obj
 0001:0000bbbc       __acrt_lowio_ensure_fh_exists 000000014000cbbc f   libucrt:osfinfo.obj
 0001:0000bc74       __acrt_lowio_lock_fh       000000014000cc74 f   libucrt:osfinfo.obj
 0001:0000bc98       __acrt_lowio_unlock_fh     000000014000cc98 f   libucrt:osfinfo.obj
 0001:0000bcbc       _free_osfhnd               000000014000ccbc f   libucrt:osfinfo.obj
 0001:0000bd78       _get_osfhandle             000000014000cd78 f   libucrt:osfinfo.obj
 0001:0000bdf0       __pctype_func              000000014000cdf0 f   libucrt:ctype.obj
 0001:0000be20       __acrt_locale_free_monetary 000000014000ce20 f   libucrt:initmon.obj
 0001:0000bf2c       __acrt_locale_free_numeric 000000014000cf2c f   libucrt:initnum.obj
 0001:0000c048       __acrt_locale_free_time    000000014000d048 f   libucrt:inittime.obj
 0001:0000c1a8       __acrt_GetStringTypeA      000000014000d1a8 f   libucrt:getstringtypea.obj
 0001:0000c35c       __acrt_add_locale_ref      000000014000d35c f   libucrt:locale_refcounting.obj
 0001:0000c3ec       __acrt_free_locale         000000014000d3ec f   libucrt:locale_refcounting.obj
 0001:0000c584       __acrt_release_locale_ref  000000014000d584 f   libucrt:locale_refcounting.obj
 0001:0000c628       __acrt_update_thread_locale_data 000000014000d628 f   libucrt:locale_refcounting.obj
 0001:0000c698       _updatetlocinfoEx_nolock   000000014000d698 f   libucrt:locale_refcounting.obj
 0001:0000c8a0       __acrt_FlsAlloc            000000014000d8a0 f   libucrt:winapi_thunks.obj
 0001:0000c8f8       __acrt_FlsFree             000000014000d8f8 f   libucrt:winapi_thunks.obj
 0001:0000c950       __acrt_FlsGetValue         000000014000d950 f   libucrt:winapi_thunks.obj
 0001:0000c9a8       __acrt_FlsSetValue         000000014000d9a8 f   libucrt:winapi_thunks.obj
 0001:0000ca10       __acrt_InitializeCriticalSectionEx 000000014000da10 f   libucrt:winapi_thunks.obj
 0001:0000ca88       __acrt_LCMapStringEx       000000014000da88 f   libucrt:winapi_thunks.obj
 0001:0000cb78       __acrt_LocaleNameToLCID    000000014000db78 f   libucrt:winapi_thunks.obj
 0001:0000cbe0       __acrt_initialize_winapi_thunks 000000014000dbe0 f   libucrt:winapi_thunks.obj
 0001:0000cc18       __acrt_uninitialize_winapi_thunks 000000014000dc18 f   libucrt:winapi_thunks.obj
 0001:0000cc5c       _recalloc                  000000014000dc5c f   libucrt:recalloc.obj
 0001:0000cc64       _recalloc_base             000000014000dc64 f   libucrt:recalloc.obj
 0001:0000ccfc       __acrt_initialize_heap     000000014000dcfc f   libucrt:heap_handle.obj
 0001:0000cd18       __acrt_uninitialize_heap   000000014000dd18 f   libucrt:heap_handle.obj
 0001:0000cd24       __acrt_execute_initializers 000000014000dd24 f   libucrt:shared_initialization.obj
 0001:0000cdb8       __acrt_execute_uninitializers 000000014000ddb8 f   libucrt:shared_initialization.obj
 0001:0000ce08       __acrt_initialize_new_handler 000000014000de08 f   libucrt:new_handler.obj
 0001:0000ce10       _callnewh                  000000014000de10 f   libucrt:new_handler.obj
 0001:0000ce50       _query_new_handler         000000014000de50 f   libucrt:new_handler.obj
 0001:0000ce84       ??$?RV<lambda_c36588078e9f5dfd39652860aa6b3aaf>@@AEAV<lambda_ec61778202f4f5fc7e7711acc23c3bca>@@V<lambda_dc9d2797ccde5d239b4a0efae8ebd7db>@@@?$__crt_seh_guarded_call@P6AXH@Z@@QEAAP6AXH@Z$$QEAV<lambda_c36588078e9f5dfd39652860aa6b3aaf>@@AEAV<lambda_ec61778202f4f5fc7e7711acc23c3bca>@@$$QEAV<lambda_dc9d2797ccde5d239b4a0efae8ebd7db>@@@Z 000000014000de84 f i libucrt:signal.obj
 0001:0000cecc       __acrt_get_sigabrt_handler 000000014000decc f   libucrt:signal.obj
 0001:0000cefc       __acrt_initialize_signal_handlers 000000014000defc f   libucrt:signal.obj
 0001:0000cf1c       raise                      000000014000df1c f   libucrt:signal.obj
 0001:0000d1b8       _isctype_l                 000000014000e1b8 f   libucrt:isctype.obj
 0001:0000d2c8       _isleadbyte_l              000000014000e2c8 f i libucrt:_wctype.obj
 0001:0000d664       __acrt_LCMapStringA        000000014000e664 f   libucrt:lcmapstringa.obj
 0001:0000d6fc       __acrt_fp_strflt_to_string 000000014000e6fc f   libucrt:_fptostr.obj
 0001:0000d7c0       ?divide@__crt_strtox@@YA_KAEAUbig_integer@1@AEBU21@@Z 000000014000e7c0 f i libucrt:cfout.obj
 0001:0000dc90       __acrt_fltout              000000014000ec90 f   libucrt:cfout.obj
 0001:0000f20c       _fcloseall                 000000014001020c f   libucrt:closeall.obj
 0001:0000f2c0       __acrt_stdio_flush_nolock  00000001400102c0 f   libucrt:fflush.obj
 0001:0000f330       _fflush_nolock             0000000140010330 f   libucrt:fflush.obj
 0001:0000f37c       _flushall                  000000014001037c f   libucrt:fflush.obj
 0001:0000f46c       __acrt_stdio_free_buffer_nolock 000000014001046c f   libucrt:_freebuf.obj
 0001:0000f4ac       _isatty                    00000001400104ac f   libucrt:isatty.obj
 0001:0000f630       _handle_error              0000000140010630 f   libucrt:libm_error.obj
 0001:0000f758       _handle_errorf             0000000140010758 f   libucrt:libm_error.obj
 0001:0000f88c       _handle_nan                000000014001088c f   libucrt:libm_error.obj
 0001:0000f980       qsort                      0000000140010980 f   libucrt:qsort.obj
 0001:0000fcb4       strncpy_s                  0000000140010cb4 f   libucrt:strncpy_s.obj
 0001:0000fd88       strpbrk                    0000000140010d88 f   libucrt:strpbrk.obj
 0001:0000fe28       _mbsdec                    0000000140010e28 f   libucrt:mbsdec.obj
 0001:0000fe30       _mbsdec_l                  0000000140010e30 f   libucrt:mbsdec.obj
 0001:0000ffa8       __acrt_DownlevelLocaleNameToLCID 0000000140010fa8 f   libucrt:lcidtoname_downlevel.obj
 0001:0000ffdc       _msize                     0000000140010fdc f   libucrt:msize.obj
 0001:00010018       _realloc_base              0000000140011018 f   libucrt:realloc_base.obj
 0001:0001009c       __strncnt                  000000014001109c f   libucrt:strncnt.obj
 0001:000100b4       fegetenv                   00000001400110b4 f   libucrt:fegetenv.obj
 0001:000100d4       fesetenv                   00000001400110d4 f   libucrt:fesetenv.obj
 0001:00010120       feholdexcept               0000000140011120 f   libucrt:feholdexcept.obj
 0001:00010170       ceil                       0000000140011170 f   libucrt:ceil.obj
 0001:00010240       log10                      0000000140011240 f   libucrt:log10.obj
 0001:00010d8c       _write                     0000000140011d8c f   libucrt:write.obj
 0001:00010e78       _write_nolock              0000000140011e78 f   libucrt:write.obj
 0001:000111f8       _lseeki64_nolock           00000001400121f8 f   libucrt:lseek.obj
 0001:00011200       _fclose_nolock             0000000140012200 f   libucrt:fclose.obj
 0001:00011284       fclose                     0000000140012284 f   libucrt:fclose.obj
 0001:000112f0       ??$?RV<lambda_b521505b218e5242e90febf6bfebc422>@@AEAV<lambda_6978c1fb23f02e42e1d9e99668cc68aa>@@V<lambda_314360699dd331753a4119843814e9a7>@@@?$__crt_seh_guarded_call@H@@QEAAH$$QEAV<lambda_b521505b218e5242e90febf6bfebc422>@@AEAV<lambda_6978c1fb23f02e42e1d9e99668cc68aa>@@$$QEAV<lambda_314360699dd331753a4119843814e9a7>@@@Z 00000001400122f0 f i libucrt:commit.obj
 0001:0001137c       _commit                    000000014001237c f   libucrt:commit.obj
 0001:00011410       _raise_exc                 0000000140012410 f   libucrt:fpexcept.obj
 0001:00011438       _raise_exc_ex              0000000140012438 f   libucrt:fpexcept.obj
 0001:00011740       _raise_excf                0000000140012740 f   libucrt:fpexcept.obj
 0001:0001176c       _set_errno_from_matherr    000000014001276c f   libucrt:fpexcept.obj
 0001:0001179c       _clrfp                     000000014001279c f   libucrt:fpctrl.obj
 0001:000117bc       _ctrlfp                    00000001400127bc f   libucrt:fpctrl.obj
 0001:00011838       _set_statfp                0000000140012838 f   libucrt:fpctrl.obj
 0001:00011858       _statfp                    0000000140012858 f   libucrt:fpctrl.obj
 0001:0001186c       __get_machine_status       000000014001286c f   libucrt:_fenvutils.obj
 0001:000118a4       _getfpcontrolword          00000001400128a4 f   libucrt:_fenvutils.obj
 0001:000118bc       _getfpstatusword           00000001400128bc f   libucrt:_fenvutils.obj
 0001:000118d0       _setfpcontrolword          00000001400128d0 f   libucrt:_fenvutils.obj
 0001:000118dc       _setfpstatusword           00000001400128dc f   libucrt:_fenvutils.obj
 0001:00011918       _clearfp                   0000000140012918 f   libucrt:ieee.obj
 0001:0001196c       _controlfp                 000000014001296c f   libucrt:ieee.obj
 0001:00011978       _statusfp                  0000000140012978 f   libucrt:ieee.obj
 0001:00011c60       _log10_special             0000000140012c60 f   libucrt:log_special.obj
 0001:00011d18       _putwch_nolock             0000000140012d18 f   libucrt:putwch.obj
 0001:00011d74       ??$?RV<lambda_bfedae4ebbf01fab1bb6dcc6a9e276e0>@@AEAV<lambda_2fe9b910cf3cbf4a0ab98a02ba45b3ec>@@V<lambda_237c231691f317818eb88cc1d5d642d6>@@@?$__crt_seh_guarded_call@H@@QEAAH$$QEAV<lambda_bfedae4ebbf01fab1bb6dcc6a9e276e0>@@AEAV<lambda_2fe9b910cf3cbf4a0ab98a02ba45b3ec>@@$$QEAV<lambda_237c231691f317818eb88cc1d5d642d6>@@@Z 0000000140012d74 f i libucrt:close.obj
 0001:00011de8       _close                     0000000140012de8 f   libucrt:close.obj
 0001:00011e8c       _close_nolock              0000000140012e8c f   libucrt:close.obj
 0001:00011f48       ?__acrt_stdio_free_stream@@YAXV__crt_stdio_stream@@@Z 0000000140012f48 f   libucrt:stream.obj
 0001:00011fa0       _get_fpsr                  0000000140012fa0 f   libucrt:fpsr.obj
 0001:00011fb0       _set_fpsr                  0000000140012fb0 f   libucrt:fpsr.obj
 0001:00011fba       _fclrf                     0000000140012fba f   libucrt:fpsr.obj
 0001:00011fce       _frnd                      0000000140012fce f   libucrt:fpsr.obj
 0001:00011ff0       __dcrt_lowio_initialize_console_output 0000000140012ff0 f   libucrt:initcon.obj
 0001:0001202c       __dcrt_terminate_console_output 000000014001302c f   libucrt:initcon.obj
 0001:00012050       _FindPESection             0000000140013050 f   LIBCMT:pesect.obj
 0001:000120a0       _IsNonwritableInCurrentImage 00000001400130a0 f   LIBCMT:pesect.obj
 0001:000120f0       _ValidateImageBase         00000001400130f0 f   LIBCMT:pesect.obj
 0001:00012130       __chkstk                   0000000140013130 f   LIBCMT:_chkstk_.obj
 0001:00012130       _alloca_probe              0000000140013130 f   LIBCMT:_chkstk_.obj
 0001:00012182       RtlUnwindEx                0000000140013182 f   kernel32:KERNEL32.dll
 0001:00012188       SystemFunction036          0000000140013188 f   advapi32:ADVAPI32.dll
 0001:000121a0       memmove                    00000001400131a0 f   libvcruntime:memcpy.obj
 0001:000121a0       memcpy                     00000001400131a0 f   libvcruntime:memcpy.obj
 0001:000125f0       memcmp                     00000001400135f0 f   libvcruntime:memcmp.obj
 0001:000126b8       strrchr                    00000001400136b8 f   libvcruntime:strrchr.obj
 0001:00012810       _guard_dispatch_icall_nop  0000000140013810 f   LIBCMT:_guard_dispatch_.obj
 0002:00000000       __imp_SystemFunction036    0000000140014000     advapi32:ADVAPI32.dll
 0002:00000008       \177ADVAPI32_NULL_THUNK_DATA 0000000140014008     advapi32:ADVAPI32.dll
 0002:00000010       __imp_StretchDIBits        0000000140014010     gdi32:GDI32.dll
 0002:00000018       \177GDI32_NULL_THUNK_DATA  0000000140014018     gdi32:GDI32.dll
 0002:00000020       __imp_RaiseException       0000000140014020     kernel32:KERNEL32.dll
 0002:00000028       __imp_FlushFileBuffers     0000000140014028     kernel32:KERNEL32.dll
 0002:00000030       __imp_WriteConsoleW        0000000140014030     kernel32:KERNEL32.dll
 0002:00000038       __imp_GetConsoleMode       0000000140014038     kernel32:KERNEL32.dll
 0002:00000040       __imp_GetConsoleCP         0000000140014040     kernel32:KERNEL32.dll
 0002:00000048       __imp_HeapReAlloc          0000000140014048     kernel32:KERNEL32.dll
 0002:00000050       __imp_HeapSize             0000000140014050     kernel32:KERNEL32.dll
 0002:00000058       __imp_CreateFileW          0000000140014058     kernel32:KERNEL32.dll
 0002:00000060       __imp_SetFilePointerEx     0000000140014060     kernel32:KERNEL32.dll
 0002:00000068       __imp_GetProcessHeap       0000000140014068     kernel32:KERNEL32.dll
 0002:00000070       __imp_CreateFileA          0000000140014070     kernel32:KERNEL32.dll
 0002:00000078       __imp_GetFileSizeEx        0000000140014078     kernel32:KERNEL32.dll
 0002:00000080       __imp_ReadFile             0000000140014080     kernel32:KERNEL32.dll
 0002:00000088       __imp_WriteFile            0000000140014088     kernel32:KERNEL32.dll
 0002:00000090       __imp_OutputDebugStringA   0000000140014090     kernel32:KERNEL32.dll
 0002:00000098       __imp_CloseHandle          0000000140014098     kernel32:KERNEL32.dll
 0002:000000a0       __imp_QueryPerformanceCounter 00000001400140a0     kernel32:KERNEL32.dll
 0002:000000a8       __imp_QueryPerformanceFrequency 00000001400140a8     kernel32:KERNEL32.dll
 0002:000000b0       __imp_Sleep                00000001400140b0     kernel32:KERNEL32.dll
 0002:000000b8       __imp_VirtualAlloc         00000001400140b8     kernel32:KERNEL32.dll
 0002:000000c0       __imp_VirtualFree          00000001400140c0     kernel32:KERNEL32.dll
 0002:000000c8       __imp_GetProcAddress       00000001400140c8     kernel32:KERNEL32.dll
 0002:000000d0       __imp_LoadLibraryA         00000001400140d0     kernel32:KERNEL32.dll
 0002:000000d8       __imp_RtlCaptureContext    00000001400140d8     kernel32:KERNEL32.dll
 0002:000000e0       __imp_RtlLookupFunctionEntry 00000001400140e0     kernel32:KERNEL32.dll
 0002:000000e8       __imp_RtlVirtualUnwind     00000001400140e8     kernel32:KERNEL32.dll
 0002:000000f0       __imp_UnhandledExceptionFilter 00000001400140f0     kernel32:KERNEL32.dll
 0002:000000f8       __imp_SetUnhandledExceptionFilter 00000001400140f8     kernel32:KERNEL32.dll
 0002:00000100       __imp_GetCurrentProcess    0000000140014100     kernel32:KERNEL32.dll
 0002:00000108       __imp_TerminateProcess     0000000140014108     kernel32:KERNEL32.dll
 0002:00000110       __imp_IsProcessorFeaturePresent 0000000140014110     kernel32:KERNEL32.dll
 0002:00000118       __imp_GetCurrentProcessId  0000000140014118     kernel32:KERNEL32.dll
 0002:00000120       __imp_GetCurrentThreadId   0000000140014120     kernel32:KERNEL32.dll
 0002:00000128       __imp_GetSystemTimeAsFileTime 0000000140014128     kernel32:KERNEL32.dll
 0002:00000130       __imp_InitializeSListHead  0000000140014130     kernel32:KERNEL32.dll
 0002:00000138       __imp_IsDebuggerPresent    0000000140014138     kernel32:KERNEL32.dll
 0002:00000140       __imp_GetStartupInfoW      0000000140014140     kernel32:KERNEL32.dll
 0002:00000148       __imp_GetModuleHandleW     0000000140014148     kernel32:KERNEL32.dll
 0002:00000150       __imp_GetLastError         0000000140014150     kernel32:KERNEL32.dll
 0002:00000158       __imp_GetModuleFileNameW   0000000140014158     kernel32:KERNEL32.dll
 0002:00000160       __imp_RtlUnwindEx          0000000140014160     kernel32:KERNEL32.dll
 0002:00000168       __imp_InitializeCriticalSectionAndSpinCount 0000000140014168     kernel32:KERNEL32.dll
 0002:00000170       __imp_TlsAlloc             0000000140014170     kernel32:KERNEL32.dll
 0002:00000178       __imp_TlsGetValue          0000000140014178     kernel32:KERNEL32.dll
 0002:00000180       __imp_TlsSetValue          0000000140014180     kernel32:KERNEL32.dll
 0002:00000188       __imp_TlsFree              0000000140014188     kernel32:KERNEL32.dll
 0002:00000190       __imp_FreeLibrary          0000000140014190     kernel32:KERNEL32.dll
 0002:00000198       __imp_LoadLibraryExW       0000000140014198     kernel32:KERNEL32.dll
 0002:000001a0       __imp_SetLastError         00000001400141a0     kernel32:KERNEL32.dll
 0002:000001a8       __imp_EnterCriticalSection 00000001400141a8     kernel32:KERNEL32.dll
 0002:000001b0       __imp_LeaveCriticalSection 00000001400141b0     kernel32:KERNEL32.dll
 0002:000001b8       __imp_DeleteCriticalSection 00000001400141b8     kernel32:KERNEL32.dll
 0002:000001c0       __imp_GetStdHandle         00000001400141c0     kernel32:KERNEL32.dll
 0002:000001c8       __imp_GetModuleFileNameA   00000001400141c8     kernel32:KERNEL32.dll
 0002:000001d0       __imp_MultiByteToWideChar  00000001400141d0     kernel32:KERNEL32.dll
 0002:000001d8       __imp_WideCharToMultiByte  00000001400141d8     kernel32:KERNEL32.dll
 0002:000001e0       __imp_ExitProcess          00000001400141e0     kernel32:KERNEL32.dll
 0002:000001e8       __imp_GetModuleHandleExW   00000001400141e8     kernel32:KERNEL32.dll
 0002:000001f0       __imp_GetACP               00000001400141f0     kernel32:KERNEL32.dll
 0002:000001f8       __imp_HeapFree             00000001400141f8     kernel32:KERNEL32.dll
 0002:00000200       __imp_HeapAlloc            0000000140014200     kernel32:KERNEL32.dll
 0002:00000208       __imp_GetFileType          0000000140014208     kernel32:KERNEL32.dll
 0002:00000210       __imp_FindClose            0000000140014210     kernel32:KERNEL32.dll
 0002:00000218       __imp_FindFirstFileExA     0000000140014218     kernel32:KERNEL32.dll
 0002:00000220       __imp_FindNextFileA        0000000140014220     kernel32:KERNEL32.dll
 0002:00000228       __imp_IsValidCodePage      0000000140014228     kernel32:KERNEL32.dll
 0002:00000230       __imp_GetOEMCP             0000000140014230     kernel32:KERNEL32.dll
 0002:00000238       __imp_GetCPInfo            0000000140014238     kernel32:KERNEL32.dll
 0002:00000240       __imp_GetCommandLineA      0000000140014240     kernel32:KERNEL32.dll
 0002:00000248       __imp_GetCommandLineW      0000000140014248     kernel32:KERNEL32.dll
 0002:00000250       __imp_GetEnvironmentStringsW 0000000140014250     kernel32:KERNEL32.dll
 0002:00000258       __imp_FreeEnvironmentStringsW 0000000140014258     kernel32:KERNEL32.dll
 0002:00000260       __imp_SetStdHandle         0000000140014260     kernel32:KERNEL32.dll
 0002:00000268       __imp_GetStringTypeW       0000000140014268     kernel32:KERNEL32.dll
 0002:00000270       __imp_LCMapStringW         0000000140014270     kernel32:KERNEL32.dll
 0002:00000278       \177KERNEL32_NULL_THUNK_DATA 0000000140014278     kernel32:KERNEL32.dll
 0002:00000280       __imp_GetDC                0000000140014280     user32:USER32.dll
 0002:00000288       __imp_DispatchMessageA     0000000140014288     user32:USER32.dll
 0002:00000290       __imp_GetClientRect        0000000140014290     user32:USER32.dll
 0002:00000298       __imp_EndPaint             0000000140014298     user32:USER32.dll
 0002:000002a0       __imp_BeginPaint           00000001400142a0     user32:USER32.dll
 0002:000002a8       __imp_TranslateMessage     00000001400142a8     user32:USER32.dll
 0002:000002b0       __imp_CreateWindowExA      00000001400142b0     user32:USER32.dll
 0002:000002b8       __imp_RegisterClassA       00000001400142b8     user32:USER32.dll
 0002:000002c0       __imp_DefWindowProcA       00000001400142c0     user32:USER32.dll
 0002:000002c8       __imp_PeekMessageA         00000001400142c8     user32:USER32.dll
 0002:000002d0       \177USER32_NULL_THUNK_DATA 00000001400142d0     user32:USER32.dll
 0002:000002d8       __imp_timeBeginPeriod      00000001400142d8     winmm:WINMM.dll
 0002:000002e0       \177WINMM_NULL_THUNK_DATA  00000001400142e0     winmm:WINMM.dll
 0002:000002e8       __guard_check_icall_fptr   00000001400142e8     LIBCMT:guard_support.obj
 0002:000002f0       __guard_dispatch_icall_fptr 00000001400142f0     LIBCMT:guard_support.obj
 0002:000002f8       __xc_a                     00000001400142f8     LIBCMT:initializers.obj
 0002:00000308       __xc_z                     0000000140014308     LIBCMT:initializers.obj
 0002:00000310       __xi_a                     0000000140014310     LIBCMT:initializers.obj
 0002:00000328       __acrt_stdio_initializer   0000000140014328     libucrt:stdio_initializer.obj
 0002:00000330       __acrt_tran_fma3_initializer 0000000140014330     libucrt:fma3_initializer.obj
 0002:00000338       __acrt_multibyte_initializer 0000000140014338     libucrt:multibyte_initializer.obj
 0002:00000340       __xi_z                     0000000140014340     LIBCMT:initializers.obj
 0002:00000348       __xp_a                     0000000140014348     LIBCMT:initializers.obj
 0002:00000350       __acrt_locale_terminator   0000000140014350     libucrt:locale_initializer.obj
 0002:00000358       __dcrt_console_output_terminator 0000000140014358     libucrt:console_output_initializer.obj
 0002:00000360       __acrt_stdio_terminator    0000000140014360     libucrt:stdio_initializer.obj
 0002:00000368       __xp_z                     0000000140014368     LIBCMT:initializers.obj
 0002:00000370       __xt_a                     0000000140014370     LIBCMT:initializers.obj
 0002:00000378       __xt_z                     0000000140014378     LIBCMT:initializers.obj
 0002:0000054c       __real@00000000            000000014001454c     win32_handmade.obj
 0002:00000550       __real@3d088889            0000000140014550     win32_handmade.obj
 0002:00000554       __real@3f000000            0000000140014554     win32_handmade.obj
 0002:00000558       __real@3f800000            0000000140014558     win32_handmade.obj
 0002:0000055c       __real@3fc00000            000000014001455c     win32_handmade.obj
 0002:00000560       __real@40000000            0000000140014560     win32_handmade.obj
 0002:00000564       __real@40800000            0000000140014564     win32_handmade.obj
 0002:00000568       __real@40c90fdb            0000000140014568     win32_handmade.obj
 0002:00000570       __real@412e848000000000    0000000140014570     win32_handmade.obj
 0002:00000578       __real@43f0000000000000    0000000140014578     win32_handmade.obj
 0002:00000580       __real@447a0000            0000000140014580     win32_handmade.obj
 0002:00000584       __real@46fffe00            0000000140014584     win32_handmade.obj
 0002:00000588       __real@47000000            0000000140014588     win32_handmade.obj
 0002:0000058c       __real@bf800000            000000014001458c     win32_handmade.obj
 0002:00000590       __xmm@80000000800000008000000080000000 0000000140014590     win32_handmade.obj
 0002:000005b0       _Microsoft_CRTProvider     00000001400145b0     libvcruntime:telemetry.obj
 0002:000005b8       ??_C@_00CNPNBAHC@?$AA@     00000001400145b8     libvcruntime:telemetry.obj
 0002:000005bc       ??_C@_11LOCGONAA@?$AA?$AA@ 00000001400145bc     libvcruntime:telemetry.obj
 0002:000005c0       ??_C@_0O@JEOPJOMI@Main?5Invoked?4?$AA@ 00000001400145c0     libvcruntime:telemetry.obj
 0002:000005d0       ??_C@_0P@NEAEIBDO@Main?5Returned?4?$AA@ 00000001400145d0     libvcruntime:telemetry.obj
 0002:00000600       ??_C@_1BC@DNHGCMLG@?$AAa?$AAd?$AAv?$AAa?$AAp?$AAi?$AA3?$AA2?$AA?$AA@ 0000000140014600     libvcruntime:winapi_downlevel.obj
 0002:00000618       ??_C@_1DM@KHCHBNEB@?$AAa?$AAp?$AAi?$AA?9?$AAm?$AAs?$AA?9?$AAw?$AAi?$AAn?$AA?9?$AAc?$AAo?$AAr?$AAe?$AA?9?$AAf?$AAi?$AAb?$AAe?$AAr?$AAs?$AA?9?$AAl?$AA1?$AA?9?$AA1?$AA?9?$AA1?$AA?$AA@ 0000000140014618     libvcruntime:winapi_downlevel.obj
 0002:00000658       ??_C@_1DK@LPPGFMPP@?$AAa?$AAp?$AAi?$AA?9?$AAm?$AAs?$AA?9?$AAw?$AAi?$AAn?$AA?9?$AAc?$AAo?$AAr?$AAe?$AA?9?$AAs?$AAy?$AAn?$AAc?$AAh?$AA?9?$AAl?$AA1?$AA?9?$AA2?$AA?9?$AA0?$AA?$AA@ 0000000140014658     libvcruntime:winapi_downlevel.obj
 0002:00000698       ??_C@_1BC@GDMECMAK@?$AAk?$AAe?$AAr?$AAn?$AAe?$AAl?$AA3?$AA2?$AA?$AA@ 0000000140014698     libvcruntime:winapi_downlevel.obj
 0002:000006b0       ??_C@_0O@BAMBGLIE@EventRegister?$AA@ 00000001400146b0     libvcruntime:winapi_downlevel.obj
 0002:000006c8       ??_C@_0BE@BJEEGHGK@EventSetInformation?$AA@ 00000001400146c8     libvcruntime:winapi_downlevel.obj
 0002:000006e0       ??_C@_0BA@FAKLIPIC@EventUnregister?$AA@ 00000001400146e0     libvcruntime:winapi_downlevel.obj
 0002:000006f8       ??_C@_0BD@PKLHJPHD@EventWriteTransfer?$AA@ 00000001400146f8     libvcruntime:winapi_downlevel.obj
 0002:00000718       ??_C@_08KNHFBNJ@FlsAlloc?$AA@ 0000000140014718     libvcruntime:winapi_downlevel.obj
 0002:00000730       ??_C@_07PEJMOBNF@FlsFree?$AA@ 0000000140014730     libvcruntime:winapi_downlevel.obj
 0002:00000738       ??_C@_0M@GDNOONDI@FlsGetValue?$AA@ 0000000140014738     libvcruntime:winapi_downlevel.obj
 0002:00000750       ??_C@_0M@JCPCPOEF@FlsSetValue?$AA@ 0000000140014750     libvcruntime:winapi_downlevel.obj
 0002:00000768       ??_C@_0BM@HCFOFFN@InitializeCriticalSectionEx?$AA@ 0000000140014768     libvcruntime:winapi_downlevel.obj
 0002:00000788       ??_C@_0CA@GCEOPDGL@?$GAeh?5vector?5destructor?5iterator?8?$AA@ 0000000140014788     libvcruntime:undname.obj
 0002:000007a8       ??_C@_0CH@OOJPLCPH@?$GAeh?5vector?5vbase?5constructor?5ite@ 00000001400147a8     libvcruntime:undname.obj
 0002:000007d0       ??_C@_0BL@LLKPOHJI@?$GAcopy?5constructor?5closure?8?$AA@ 00000001400147d0     libvcruntime:undname.obj
 0002:000007f0       ??_C@_0BA@KBCDOMBN@?$GAudt?5returning?8?$AA@ 00000001400147f0     libvcruntime:undname.obj
 0002:00000800       ??_C@_03KLGMFNMG@?$GAEH?$AA@ 0000000140014800     libvcruntime:undname.obj
 0002:00000804       ??_C@_05KHLCHHI@?$GARTTI?$AA@ 0000000140014804     libvcruntime:undname.obj
 0002:00000810       ??_C@_0BA@KKLDJDLB@?$GAlocal?5vftable?8?$AA@ 0000000140014810     libvcruntime:undname.obj
 0002:00000820       ??_C@_0CE@IIHCMGGL@?$GAlocal?5vftable?5constructor?5closu@ 0000000140014820     libvcruntime:undname.obj
 0002:00000844       ??_C@_06FHBGPFGH@?5new?$FL?$FN?$AA@ 0000000140014844     libvcruntime:undname.obj
 0002:00000850       ??_C@_09LBNFPBCA@?5delete?$FL?$FN?$AA@ 0000000140014850     libvcruntime:undname.obj
 0002:00000860       ??_C@_0P@HJKNJFNN@?$GAomni?5callsig?8?$AA@ 0000000140014860     libvcruntime:undname.obj
 0002:00000870       ??_C@_0BL@CNOONJFP@?$GAplacement?5delete?5closure?8?$AA@ 0000000140014870     libvcruntime:undname.obj
 0002:00000890       ??_C@_0BN@CKNJLHMB@?$GAplacement?5delete?$FL?$FN?5closure?8?$AA@ 0000000140014890     libvcruntime:undname.obj
 0002:000008b0       ??_C@_0CG@CFDHKGGD@?$GAmanaged?5vector?5constructor?5iter@ 00000001400148b0     libvcruntime:undname.obj
 0002:000008d8       ??_C@_0CF@IMGKMJNO@?$GAmanaged?5vector?5destructor?5itera@ 00000001400148d8     libvcruntime:undname.obj
 0002:00000900       ??_C@_0CG@HLDDJMAG@?$GAeh?5vector?5copy?5constructor?5iter@ 0000000140014900     libvcruntime:undname.obj
 0002:00000928       ??_C@_0CM@FCBBDIGB@?$GAeh?5vector?5vbase?5copy?5constructo@ 0000000140014928     libvcruntime:undname.obj
 0002:00000958       ??_C@_0BL@CLIPGLGB@?$GAdynamic?5initializer?5for?5?8?$AA@ 0000000140014958     libvcruntime:undname.obj
 0002:00000978       ??_C@_0CB@PDBIFEP@?$GAdynamic?5atexit?5destructor?5for?5?8@ 0000000140014978     libvcruntime:undname.obj
 0002:000009a0       ??_C@_0CD@CGAJBKEJ@?$GAvector?5copy?5constructor?5iterato@ 00000001400149a0     libvcruntime:undname.obj
 0002:000009c8       ??_C@_0CJ@GJELGAMM@?$GAvector?5vbase?5copy?5constructor?5i@ 00000001400149c8     libvcruntime:undname.obj
 0002:000009f8       ??_C@_0CL@FGIJHLCE@?$GAmanaged?5vector?5copy?5constructor@ 00000001400149f8     libvcruntime:undname.obj
 0002:00000a28       ??_C@_0BM@PMGGMLDN@?$GAlocal?5static?5thread?5guard?8?$AA@ 0000000140014a28     libvcruntime:undname.obj
 0002:00000a48       ??_C@_0N@BDNMDMOL@operator?5?$CC?$CC?5?$AA@ 0000000140014a48     libvcruntime:undname.obj
 0002:00000d88       ??_C@_0BC@DAFEJGAK@?5Type?5Descriptor?8?$AA@ 0000000140014d88     libvcruntime:undname.obj
 0002:00000da0       ??_C@_0BM@LDKODKLH@?5Base?5Class?5Descriptor?5at?5?$CI?$AA@ 0000000140014da0     libvcruntime:undname.obj
 0002:00000dc0       ??_C@_0BD@LGICGFMM@?5Base?5Class?5Array?8?$AA@ 0000000140014dc0     libvcruntime:undname.obj
 0002:00000dd8       ??_C@_0BN@MECKDCOJ@?5Class?5Hierarchy?5Descriptor?8?$AA@ 0000000140014dd8     libvcruntime:undname.obj
 0002:00000df8       ??_C@_0BK@CFCOFLF@?5Complete?5Object?5Locator?8?$AA@ 0000000140014df8     libvcruntime:undname.obj
 0002:00000e18       ??_C@_08EHJDFFNH@__based?$CI?$AA@ 0000000140014e18     libvcruntime:undname.obj
 0002:00000e28       ??_C@_07KOLFKCDI@__cdecl?$AA@ 0000000140014e28     libvcruntime:undname.obj
 0002:00000e30       ??_C@_08GHMPAG@__pascal?$AA@ 0000000140014e30     libvcruntime:undname.obj
 0002:00000e40       ??_C@_09IFJBGAPI@__stdcall?$AA@ 0000000140014e40     libvcruntime:undname.obj
 0002:00000e50       ??_C@_0L@NPHFGOKO@__thiscall?$AA@ 0000000140014e50     libvcruntime:undname.obj
 0002:00000e60       ??_C@_0L@JMKHOMEK@__fastcall?$AA@ 0000000140014e60     libvcruntime:undname.obj
 0002:00000e70       ??_C@_0N@BCKKPABJ@__vectorcall?$AA@ 0000000140014e70     libvcruntime:undname.obj
 0002:00000e80       ??_C@_09HIJEGCPM@__clrcall?$AA@ 0000000140014e80     libvcruntime:undname.obj
 0002:00000e8c       ??_C@_06GHPCKEAG@__eabi?$AA@ 0000000140014e8c     libvcruntime:undname.obj
 0002:00000e98       ??_C@_07JOMMBBKO@__ptr64?$AA@ 0000000140014e98     libvcruntime:undname.obj
 0002:00000ea0       ??_C@_0L@PILCLIHE@__restrict?$AA@ 0000000140014ea0     libvcruntime:undname.obj
 0002:00000eb0       ??_C@_0M@GFIIJFMG@__unaligned?$AA@ 0000000140014eb0     libvcruntime:undname.obj
 0002:00000ec0       ??_C@_09DHDLOLLB@restrict?$CI?$AA@ 0000000140014ec0     libvcruntime:undname.obj
 0002:00000ecc       ??_C@_04NIHEBCM@?5new?$AA@ 0000000140014ecc     libvcruntime:undname.obj
 0002:00000ed8       ??_C@_07FPCDHGMM@?5delete?$AA@ 0000000140014ed8     libvcruntime:undname.obj
 0002:00000ee0       ??_C@_01NEMOKFLO@?$DN?$AA@ 0000000140014ee0     libvcruntime:undname.obj
 0002:00000ee4       ??_C@_02GPIOPFAK@?$DO?$DO?$AA@ 0000000140014ee4     libvcruntime:undname.obj
 0002:00000ee8       ??_C@_02FODMEDOG@?$DM?$DM?$AA@ 0000000140014ee8     libvcruntime:undname.obj
 0002:00000eec       ??_C@_01DCLJPIOD@?$CB?$AA@ 0000000140014eec     libvcruntime:undname.obj
 0002:00000ef0       ??_C@_02EGOFBIJA@?$DN?$DN?$AA@ 0000000140014ef0     libvcruntime:undname.obj
 0002:00000ef4       ??_C@_02FDNJECIE@?$CB?$DN?$AA@ 0000000140014ef4     libvcruntime:undname.obj
 0002:00000ef8       ??_C@_02GPECMEKF@?$FL?$FN?$AA@ 0000000140014ef8     libvcruntime:undname.obj
 0002:00000f00       ??_C@_08LHJFAFGD@operator?$AA@ 0000000140014f00     libvcruntime:undname.obj
 0002:00000f0c       ??_C@_02HBOOOICD@?9?$DO?$AA@ 0000000140014f0c     libvcruntime:undname.obj
 0002:00000f10       ??_C@_01NBENCBCI@?$CK?$AA@ 0000000140014f10     libvcruntime:undname.obj
 0002:00000f14       ??_C@_02ECNGHCIF@?$CL?$CL?$AA@ 0000000140014f14     libvcruntime:undname.obj
 0002:00000f18       ??_C@_02BAABKJLB@?9?9?$AA@ 0000000140014f18     libvcruntime:undname.obj
 0002:00000f1c       ??_C@_01JOAMLHOP@?9?$AA@   0000000140014f1c     libvcruntime:undname.obj
 0002:00000f20       ??_C@_01MIFGBAGJ@?$CL?$AA@ 0000000140014f20     libvcruntime:undname.obj
 0002:00000f24       ??_C@_01HNPIGOCE@?$CG?$AA@ 0000000140014f24     libvcruntime:undname.obj
 0002:00000f28       ??_C@_03MNHNFDLC@?9?$DO?$CK?$AA@ 0000000140014f28     libvcruntime:undname.obj
 0002:00000f2c       ??_C@_01KMDKNFGN@?1?$AA@   0000000140014f2c     libvcruntime:undname.obj
 0002:00000f30       ??_C@_01FGNFDNOH@?$CF?$AA@ 0000000140014f30     libvcruntime:undname.obj
 0002:00000f34       ??_C@_01MNNFJEPP@?$DM?$AA@ 0000000140014f34     libvcruntime:undname.obj
 0002:00000f38       ??_C@_02EHCHHCKH@?$DM?$DN?$AA@ 0000000140014f38     libvcruntime:undname.obj
 0002:00000f3c       ??_C@_01PPODPGHN@?$DO?$AA@ 0000000140014f3c     libvcruntime:undname.obj
 0002:00000f40       ??_C@_02EEKDKGMJ@?$DO?$DN?$AA@ 0000000140014f40     libvcruntime:undname.obj
 0002:00000f44       ??_C@_01IHBHIGKO@?0?$AA@   0000000140014f44     libvcruntime:undname.obj
 0002:00000f48       ??_C@_02HCKGKOFO@?$CI?$CJ?$AA@ 0000000140014f48     libvcruntime:undname.obj
 0002:00000f4c       ??_C@_01PJKLJHI@?$HO?$AA@  0000000140014f4c     libvcruntime:undname.obj
 0002:00000f50       ??_C@_01JKBOJNNK@?$FO?$AA@ 0000000140014f50     libvcruntime:undname.obj
 0002:00000f54       ??_C@_01DNKMNLPK@?$HM?$AA@ 0000000140014f54     libvcruntime:undname.obj
 0002:00000f58       ??_C@_02PPKAJPJL@?$CG?$CG?$AA@ 0000000140014f58     libvcruntime:undname.obj
 0002:00000f5c       ??_C@_02NONPIBCD@?$HM?$HM?$AA@ 0000000140014f5c     libvcruntime:undname.obj
 0002:00000f60       ??_C@_02FPIMKNGF@?$CK?$DN?$AA@ 0000000140014f60     libvcruntime:undname.obj
 0002:00000f64       ??_C@_02FOEOMHFC@?$CL?$DN?$AA@ 0000000140014f64     libvcruntime:undname.obj
 0002:00000f68       ??_C@_02FKMDLLOA@?9?$DN?$AA@ 0000000140014f68     libvcruntime:undname.obj
 0002:00000f6c       ??_C@_02FJEHGPIO@?1?$DN?$AA@ 0000000140014f6c     libvcruntime:undname.obj
 0002:00000f70       ??_C@_02FENAOKFI@?$CF?$DN?$AA@ 0000000140014f70     libvcruntime:undname.obj
 0002:00000f74       ??_C@_03IKFCCPFF@?$DO?$DO?$DN?$AA@ 0000000140014f74     libvcruntime:undname.obj
 0002:00000f78       ??_C@_03CDNPDDLA@?$DM?$DM?$DN?$AA@ 0000000140014f78     libvcruntime:undname.obj
 0002:00000f7c       ??_C@_02FGJGFEAB@?$CG?$DN?$AA@ 0000000140014f7c     libvcruntime:undname.obj
 0002:00000f80       ??_C@_02DHLNPPGH@?$HM?$DN?$AA@ 0000000140014f80     libvcruntime:undname.obj
 0002:00000f84       ??_C@_02MHEGNOJ@?$FO?$DN?$AA@ 0000000140014f84     libvcruntime:undname.obj
 0002:00000f88       ??_C@_09IFPLHPGF@?$GAvftable?8?$AA@ 0000000140014f88     libvcruntime:undname.obj
 0002:00000f98       ??_C@_09BLBHBJP@?$GAvbtable?8?$AA@ 0000000140014f98     libvcruntime:undname.obj
 0002:00000fa8       ??_C@_07FEEIOKP@?$GAvcall?8?$AA@ 0000000140014fa8     libvcruntime:undname.obj
 0002:00000fb0       ??_C@_08LLFFHHDJ@?$GAtypeof?8?$AA@ 0000000140014fb0     libvcruntime:undname.obj
 0002:00000fc0       ??_C@_0BF@KDPPACIK@?$GAlocal?5static?5guard?8?$AA@ 0000000140014fc0     libvcruntime:undname.obj
 0002:00000fd8       ??_C@_08OBABFOLI@?$GAstring?8?$AA@ 0000000140014fd8     libvcruntime:undname.obj
 0002:00000fe8       ??_C@_0BD@JDLKDPAB@?$GAvbase?5destructor?8?$AA@ 0000000140014fe8     libvcruntime:undname.obj
 0002:00001000       ??_C@_0BN@DEGPLNFK@?$GAvector?5deleting?5destructor?8?$AA@ 0000000140015000     libvcruntime:undname.obj
 0002:00001020       ??_C@_0BO@OBMKPJIG@?$GAdefault?5constructor?5closure?8?$AA@ 0000000140015020     libvcruntime:undname.obj
 0002:00001040       ??_C@_0BN@IMDCHIKM@?$GAscalar?5deleting?5destructor?8?$AA@ 0000000140015040     libvcruntime:undname.obj
 0002:00001060       ??_C@_0BO@PFGOCPJJ@?$GAvector?5constructor?5iterator?8?$AA@ 0000000140015060     libvcruntime:undname.obj
 0002:00001080       ??_C@_0BN@LFPFMEDL@?$GAvector?5destructor?5iterator?8?$AA@ 0000000140015080     libvcruntime:undname.obj
 0002:000010a0       ??_C@_0CE@IKBNEHA@?$GAvector?5vbase?5constructor?5iterat@ 00000001400150a0     libvcruntime:undname.obj
 0002:000010c8       ??_C@_0BL@NILFHHPC@?$GAvirtual?5displacement?5map?8?$AA@ 00000001400150c8     libvcruntime:undname.obj
 0002:000010e8       ??_C@_0CB@JONCMFFK@?$GAeh?5vector?5constructor?5iterator?8@ 00000001400150e8     libvcruntime:undname.obj
 0002:00001110       standard_lookup_table      0000000140015110     libucrt:output.obj
 0002:00001170       format_validation_lookup_table 0000000140015170     libucrt:output.obj
 0002:000011cc       ??_C@_06OJHGLDPL@?$CInull?$CJ?$AA@ 00000001400151cc     libucrt:output.obj
 0002:000011d8       ??_C@_1O@CEDCILHN@?$AA?$CI?$AAn?$AAu?$AAl?$AAl?$AA?$CJ?$AA?$AA@ 00000001400151d8     libucrt:output.obj
 0002:00001320       __acrt_exception_action_table 0000000140015320     libucrt:exception_filter.obj
 0002:000013e0       __acrt_signal_action_table_count 00000001400153e0     libucrt:exception_filter.obj
 0002:000013e8       __acrt_signal_action_first_fpe_index 00000001400153e8     libucrt:exception_filter.obj
 0002:000013f0       __acrt_signal_action_fpe_count 00000001400153f0     libucrt:exception_filter.obj
 0002:000013f8       ??_C@_1BI@BGOHAHKC@?$AAm?$AAs?$AAc?$AAo?$AAr?$AAe?$AAe?$AA?4?$AAd?$AAl?$AAl?$AA?$AA@ 00000001400153f8     libucrt:exit.obj
 0002:00001410       ??_C@_0P@MIGLKIOC@CorExitProcess?$AA@ 0000000140015410     libucrt:exit.obj
 0002:00001510       ??_C@_03OEIAHPBN@INF?$AA@  0000000140015510     libucrt:cvt.obj
 0002:00001514       ??_C@_03OJHLLCGB@inf?$AA@  0000000140015514     libucrt:cvt.obj
 0002:00001518       ??_C@_03LKNCIKJB@NAN?$AA@  0000000140015518     libucrt:cvt.obj
 0002:0000151c       ??_C@_03LHCJEHON@nan?$AA@  000000014001551c     libucrt:cvt.obj
 0002:00001520       ??_C@_09OFJJIMPC@NAN?$CISNAN?$CJ?$AA@ 0000000140015520     libucrt:cvt.obj
 0002:00001530       ??_C@_09IPFBKMDL@nan?$CIsnan?$CJ?$AA@ 0000000140015530     libucrt:cvt.obj
 0002:00001540       ??_C@_08IKHNHAJ@NAN?$CIIND?$CJ?$AA@ 0000000140015540     libucrt:cvt.obj
 0002:00001550       ??_C@_08OFCDMILK@nan?$CIind?$CJ?$AA@ 0000000140015550     libucrt:cvt.obj
 0002:0000155c       ??_C@_05KLBDPFGC@e?$CL000?$AA@ 000000014001555c     libucrt:cvt.obj
 0002:00001564       ??_C@_03KOEHGMDN@Sun?$AA@  0000000140015564     libucrt:nlsdata.obj
 0002:00001568       ??_C@_03PDAGKDH@Mon?$AA@   0000000140015568     libucrt:nlsdata.obj
 0002:0000156c       ??_C@_03NAGEINEP@Tue?$AA@  000000014001556c     libucrt:nlsdata.obj
 0002:00001570       ??_C@_03MHOMLAJA@Wed?$AA@  0000000140015570     libucrt:nlsdata.obj
 0002:00001574       ??_C@_03IOFIKPDN@Thu?$AA@  0000000140015574     libucrt:nlsdata.obj
 0002:00001578       ??_C@_03IDIOELNC@Fri?$AA@  0000000140015578     libucrt:nlsdata.obj
 0002:0000157c       ??_C@_03FEFJNEK@Sat?$AA@   000000014001557c     libucrt:nlsdata.obj
 0002:00001580       ??_C@_06OOPIFAJ@Sunday?$AA@ 0000000140015580     libucrt:nlsdata.obj
 0002:00001588       ??_C@_06JLEDEDGH@Monday?$AA@ 0000000140015588     libucrt:nlsdata.obj
 0002:00001590       ??_C@_07BAAGCFCM@Tuesday?$AA@ 0000000140015590     libucrt:nlsdata.obj
 0002:00001598       ??_C@_09DLIGFAKA@Wednesday?$AA@ 0000000140015598     libucrt:nlsdata.obj
 0002:000015a8       ??_C@_08HACCIKIA@Thursday?$AA@ 00000001400155a8     libucrt:nlsdata.obj
 0002:000015b4       ??_C@_06JECMNKMI@Friday?$AA@ 00000001400155b4     libucrt:nlsdata.obj
 0002:000015c0       ??_C@_08INBOOONO@Saturday?$AA@ 00000001400155c0     libucrt:nlsdata.obj
 0002:000015cc       ??_C@_03JIHJHPIE@Jan?$AA@  00000001400155cc     libucrt:nlsdata.obj
 0002:000015d0       ??_C@_03HJBDCHOM@Feb?$AA@  00000001400155d0     libucrt:nlsdata.obj
 0002:000015d4       ??_C@_03ODNJBKGA@Mar?$AA@  00000001400155d4     libucrt:nlsdata.obj
 0002:000015d8       ??_C@_03LEOLGMJP@Apr?$AA@  00000001400155d8     libucrt:nlsdata.obj
 0002:000015dc       ??_C@_03CNMDKL@May?$AA@    00000001400155dc     libucrt:nlsdata.obj
 0002:000015e0       ??_C@_03IDFGHECI@Jun?$AA@  00000001400155e0     libucrt:nlsdata.obj
 0002:000015e4       ??_C@_03LBGABGKK@Jul?$AA@  00000001400155e4     libucrt:nlsdata.obj
 0002:000015e8       ??_C@_03IFJFEIGA@Aug?$AA@  00000001400155e8     libucrt:nlsdata.obj
 0002:000015ec       ??_C@_03GGCAPAJC@Sep?$AA@  00000001400155ec     libucrt:nlsdata.obj
 0002:000015f0       ??_C@_03BMAOKBAD@Oct?$AA@  00000001400155f0     libucrt:nlsdata.obj
 0002:000015f4       ??_C@_03JPJOFNIA@Nov?$AA@  00000001400155f4     libucrt:nlsdata.obj
 0002:000015f8       ??_C@_03MKABNOCG@Dec?$AA@  00000001400155f8     libucrt:nlsdata.obj
 0002:00001600       ??_C@_07CGJPFGJA@January?$AA@ 0000000140015600     libucrt:nlsdata.obj
 0002:00001608       ??_C@_08GNJGEPFN@February?$AA@ 0000000140015608     libucrt:nlsdata.obj
 0002:00001614       ??_C@_05HPCKOFNC@March?$AA@ 0000000140015614     libucrt:nlsdata.obj
 0002:0000161c       ??_C@_05DMJDNLEJ@April?$AA@ 000000014001561c     libucrt:nlsdata.obj
 0002:00001624       ??_C@_04CNLMGBGM@June?$AA@ 0000000140015624     libucrt:nlsdata.obj
 0002:0000162c       ??_C@_04MIEPOIFP@July?$AA@ 000000014001562c     libucrt:nlsdata.obj
 0002:00001634       ??_C@_06LBBHFDDG@August?$AA@ 0000000140015634     libucrt:nlsdata.obj
 0002:00001640       ??_C@_09BHHEALKD@September?$AA@ 0000000140015640     libucrt:nlsdata.obj
 0002:00001650       ??_C@_07JJNFCEND@October?$AA@ 0000000140015650     libucrt:nlsdata.obj
 0002:00001658       ??_C@_08HCHEGEOA@November?$AA@ 0000000140015658     libucrt:nlsdata.obj
 0002:00001668       ??_C@_08EDHMEBNP@December?$AA@ 0000000140015668     libucrt:nlsdata.obj
 0002:00001674       ??_C@_02DEDBPAFC@AM?$AA@   0000000140015674     libucrt:nlsdata.obj
 0002:00001678       ??_C@_02CJNFDJBF@PM?$AA@   0000000140015678     libucrt:nlsdata.obj
 0002:00001680       ??_C@_08BPBNCDIB@MM?1dd?1yy?$AA@ 0000000140015680     libucrt:nlsdata.obj
 0002:00001690       ??_C@_0BE@CKGJFCPC@dddd?0?5MMMM?5dd?0?5yyyy?$AA@ 0000000140015690     libucrt:nlsdata.obj
 0002:000016a8       ??_C@_08JCCMCCIL@HH?3mm?3ss?$AA@ 00000001400156a8     libucrt:nlsdata.obj
 0002:000016b8       ??_C@_17MBGCMIPB@?$AAS?$AAu?$AAn?$AA?$AA@ 00000001400156b8     libucrt:nlsdata.obj
 0002:000016c0       ??_C@_17KBOMKBF@?$AAM?$AAo?$AAn?$AA?$AA@ 00000001400156c0     libucrt:nlsdata.obj
 0002:000016c8       ??_C@_17BMKGEGOJ@?$AAT?$AAu?$AAe?$AA?$AA@ 00000001400156c8     libucrt:nlsdata.obj
 0002:000016d0       ??_C@_17CJEDCEPE@?$AAW?$AAe?$AAd?$AA?$AA@ 00000001400156d0     libucrt:nlsdata.obj
 0002:000016d8       ??_C@_17PDPHAADD@?$AAT?$AAh?$AAu?$AA?$AA@ 00000001400156d8     libucrt:nlsdata.obj
 0002:000016e0       ??_C@_17HFOLPPLP@?$AAF?$AAr?$AAi?$AA?$AA@ 00000001400156e0     libucrt:nlsdata.obj
 0002:000016e8       ??_C@_17GGIBDPIH@?$AAS?$AAa?$AAt?$AA?$AA@ 00000001400156e8     libucrt:nlsdata.obj
 0002:000016f0       ??_C@_1O@IHNHDHPB@?$AAS?$AAu?$AAn?$AAd?$AAa?$AAy?$AA?$AA@ 00000001400156f0     libucrt:nlsdata.obj
 0002:00001700       ??_C@_1O@MMNBFLIA@?$AAM?$AAo?$AAn?$AAd?$AAa?$AAy?$AA?$AA@ 0000000140015700     libucrt:nlsdata.obj
 0002:00001710       ??_C@_1BA@ENFBFFEK@?$AAT?$AAu?$AAe?$AAs?$AAd?$AAa?$AAy?$AA?$AA@ 0000000140015710     libucrt:nlsdata.obj
 0002:00001720       ??_C@_1BE@EBOGMDOH@?$AAW?$AAe?$AAd?$AAn?$AAe?$AAs?$AAd?$AAa?$AAy?$AA?$AA@ 0000000140015720     libucrt:nlsdata.obj
 0002:00001738       ??_C@_1BC@HHMNLIHE@?$AAT?$AAh?$AAu?$AAr?$AAs?$AAd?$AAa?$AAy?$AA?$AA@ 0000000140015738     libucrt:nlsdata.obj
 0002:00001750       ??_C@_1O@PDICJHAG@?$AAF?$AAr?$AAi?$AAd?$AAa?$AAy?$AA?$AA@ 0000000140015750     libucrt:nlsdata.obj
 0002:00001760       ??_C@_1BC@ENMNNPAJ@?$AAS?$AAa?$AAt?$AAu?$AAr?$AAd?$AAa?$AAy?$AA?$AA@ 0000000140015760     libucrt:nlsdata.obj
 0002:00001778       ??_C@_17DKNBKCHM@?$AAJ?$AAa?$AAn?$AA?$AA@ 0000000140015778     libucrt:nlsdata.obj
 0002:00001780       ??_C@_17LMDJEKJN@?$AAF?$AAe?$AAb?$AA?$AA@ 0000000140015780     libucrt:nlsdata.obj
 0002:00001788       ??_C@_17CKNLEDEC@?$AAM?$AAa?$AAr?$AA?$AA@ 0000000140015788     libucrt:nlsdata.obj
 0002:00001790       ??_C@_17LFPOIHDD@?$AAA?$AAp?$AAr?$AA?$AA@ 0000000140015790     libucrt:nlsdata.obj
 0002:00001798       ??_C@_17PNNKMEED@?$AAM?$AAa?$AAy?$AA?$AA@ 0000000140015798     libucrt:nlsdata.obj
 0002:000017a0       ??_C@_17KCJGOCPB@?$AAJ?$AAu?$AAn?$AA?$AA@ 00000001400157a0     libucrt:nlsdata.obj
 0002:000017a8       ??_C@_17IJPCKHK@?$AAJ?$AAu?$AAl?$AA?$AA@ 00000001400157a8     libucrt:nlsdata.obj
 0002:000017b0       ??_C@_17ICPELBCN@?$AAA?$AAu?$AAg?$AA?$AA@ 00000001400157b0     libucrt:nlsdata.obj
 0002:000017b8       ??_C@_17HCHCOKMG@?$AAS?$AAe?$AAp?$AA?$AA@ 00000001400157b8     libucrt:nlsdata.obj
 0002:000017c0       ??_C@_17FNLKOI@?$AAO?$AAc?$AAt?$AA?$AA@ 00000001400157c0     libucrt:nlsdata.obj
 0002:000017c8       ??_C@_17BBDMLCIG@?$AAN?$AAo?$AAv?$AA?$AA@ 00000001400157c8     libucrt:nlsdata.obj
 0002:000017d0       ??_C@_17EGKACKIF@?$AAD?$AAe?$AAc?$AA?$AA@ 00000001400157d0     libucrt:nlsdata.obj
 0002:000017d8       ??_C@_1BA@EFMEIEBA@?$AAJ?$AAa?$AAn?$AAu?$AAa?$AAr?$AAy?$AA?$AA@ 00000001400157d8     libucrt:nlsdata.obj
 0002:000017e8       ??_C@_1BC@JGDDFFAM@?$AAF?$AAe?$AAb?$AAr?$AAu?$AAa?$AAr?$AAy?$AA?$AA@ 00000001400157e8     libucrt:nlsdata.obj
 0002:00001800       ??_C@_1M@IKEENEDF@?$AAM?$AAa?$AAr?$AAc?$AAh?$AA?$AA@ 0000000140015800     libucrt:nlsdata.obj
 0002:00001810       ??_C@_1M@GJNLMHFD@?$AAA?$AAp?$AAr?$AAi?$AAl?$AA?$AA@ 0000000140015810     libucrt:nlsdata.obj
 0002:00001820       ??_C@_19EPFLPGAP@?$AAJ?$AAu?$AAn?$AAe?$AA?$AA@ 0000000140015820     libucrt:nlsdata.obj
 0002:00001830       ??_C@_19BIFMLPCD@?$AAJ?$AAu?$AAl?$AAy?$AA?$AA@ 0000000140015830     libucrt:nlsdata.obj
 0002:00001840       ??_C@_1O@PAHLKOAC@?$AAA?$AAu?$AAg?$AAu?$AAs?$AAt?$AA?$AA@ 0000000140015840     libucrt:nlsdata.obj
 0002:00001850       ??_C@_1BE@DKAAMBJL@?$AAS?$AAe?$AAp?$AAt?$AAe?$AAm?$AAb?$AAe?$AAr?$AA?$AA@ 0000000140015850     libucrt:nlsdata.obj
 0002:00001868       ??_C@_1BA@EPANDLNG@?$AAO?$AAc?$AAt?$AAo?$AAb?$AAe?$AAr?$AA?$AA@ 0000000140015868     libucrt:nlsdata.obj
 0002:00001878       ??_C@_1BC@BGLIFPF@?$AAN?$AAo?$AAv?$AAe?$AAm?$AAb?$AAe?$AAr?$AA?$AA@ 0000000140015878     libucrt:nlsdata.obj
 0002:00001890       ??_C@_1BC@FEMKIFH@?$AAD?$AAe?$AAc?$AAe?$AAm?$AAb?$AAe?$AAr?$AA?$AA@ 0000000140015890     libucrt:nlsdata.obj
 0002:000018a4       ??_C@_15ODEHAHHF@?$AAA?$AAM?$AA?$AA@ 00000001400158a4     libucrt:nlsdata.obj
 0002:000018ac       ??_C@_15CLMNNGEL@?$AAP?$AAM?$AA?$AA@ 00000001400158ac     libucrt:nlsdata.obj
 0002:000018b8       ??_C@_1BC@IEBCMHCM@?$AAM?$AAM?$AA?1?$AAd?$AAd?$AA?1?$AAy?$AAy?$AA?$AA@ 00000001400158b8     libucrt:nlsdata.obj
 0002:000018d0       ??_C@_1CI@KNAKOEBC@?$AAd?$AAd?$AAd?$AAd?$AA?0?$AA?5?$AAM?$AAM?$AAM?$AAM?$AA?5?$AAd?$AAd?$AA?0?$AA?5?$AAy?$AAy?$AAy?$AAy?$AA?$AA@ 00000001400158d0     libucrt:nlsdata.obj
 0002:000018f8       ??_C@_1BC@GDGBMEMK@?$AAH?$AAH?$AA?3?$AAm?$AAm?$AA?3?$AAs?$AAs?$AA?$AA@ 00000001400158f8     libucrt:nlsdata.obj
 0002:00001910       ??_C@_1M@BMHNFIME@?$AAe?$AAn?$AA?9?$AAU?$AAS?$AA?$AA@ 0000000140015910     libucrt:nlsdata.obj
 0002:00001920       __Lcosfarray               0000000140015920     libucrt:lsincosf_array.obj
 0002:00001950       __Lsinfarray               0000000140015950     libucrt:lsincosf_array.obj
 0002:00001970       __L_2_by_pi_bits           0000000140015970     libucrt:l2_by_pi_bits.obj
 0002:00001ac0       ??_C@_04LAGPAAHP@sinf?$AA@ 0000000140015ac0     libucrt:sincos_special.obj
 0002:00001ae8       ??_C@_1M@HPNHIDJI@?$AAj?$AAa?$AA?9?$AAJ?$AAP?$AA?$AA@ 0000000140015ae8     libucrt:mbctype.obj
 0002:00001af8       ??_C@_1M@BIBDDEMK@?$AAz?$AAh?$AA?9?$AAC?$AAN?$AA?$AA@ 0000000140015af8     libucrt:mbctype.obj
 0002:00001b08       ??_C@_1M@JLOOOEGK@?$AAk?$AAo?$AA?9?$AAK?$AAR?$AA?$AA@ 0000000140015b08     libucrt:mbctype.obj
 0002:00001b18       ??_C@_1M@CLNBBOPM@?$AAz?$AAh?$AA?9?$AAT?$AAW?$AA?$AA@ 0000000140015b18     libucrt:mbctype.obj
 0002:00001b30       __newctype                 0000000140015b30     libucrt:ctype.obj
 0002:00001e30       __newclmap                 0000000140015e30     libucrt:ctype.obj
 0002:00001fb0       __newcumap                 0000000140015fb0     libucrt:ctype.obj
 0002:00002130       ??_C@_15PJPFLCCM@?$AAu?$AAk?$AA?$AA@ 0000000140016130     libucrt:get_qualified_locale.obj
[...]
 0004:00000900       $pdata$?initialize_inherited_file_handles_nolock@@YAXXZ 0000000140022900     libucrt:ioinit.obj
 0004:0000090c       $pdata$?initialize_stdio_handles_nolock@@YAXXZ 000000014002290c     libucrt:ioinit.obj
 0004:00000918       $pdata$__acrt_initialize_lowio 0000000140022918     libucrt:ioinit.obj
 0004:00000924       $pdata$__acrt_uninitialize_lowio 0000000140022924     libucrt:ioinit.obj
 0004:00000930       $pdata$__acrt_initialize_fma3 0000000140022930     libucrt:fma3_available.obj
 0004:00000948       $pdata$_sincosf_special    0000000140022948     libucrt:sincos_special.obj
 0004:00000954       $pdata$??$common_expand_argv_wildcards@D@@YAHQEAPEADQEAPEAPEAD@Z 0000000140022954     libucrt:argv_wildcards.obj
 0004:00000960       $pdata$??$copy_and_add_argument_to_buffer@D@@YAHQEBD0_KAEAV?$argument_list@D@?A0x1958b273@@@Z 0000000140022960     libucrt:argv_wildcards.obj
 0004:0000096c       $pdata$??$expand_argument_wildcards@D@@YAHQEAD0AEAV?$argument_list@D@?A0x1958b273@@@Z 000000014002296c     libucrt:argv_wildcards.obj
 0004:00000978       $pdata$?expand_if_necessary@?$argument_list@D@?A0x1958b273@@AEAAHXZ 0000000140022978     libucrt:argv_wildcards.obj
 0004:00000984       $pdata$??$?RV<lambda_99476a1ad63dd22509b5d3e65b0ffc95>@@AEAV<lambda_ad1ced32f4ac17aa236e5ef05d6b3b7c>@@V<lambda_f7424dd8d45958661754dc4f2697e9c3>@@@?$__crt_seh_guarded_call@X@@QEAAX$$QEAV<lambda_99476a1ad63dd22509b5d3e65b0ffc95>@@AEAV<lambda_ad1ced32f4ac17aa236e5ef05d6b3b7c>@@$$QEAV<lambda_f7424dd8d45958661754dc4f2697e9c3>@@@Z 0000000140022984     libucrt:mbctype.obj
 0004:00000990       $pdata$??R<lambda_ad1ced32f4ac17aa236e5ef05d6b3b7c>@@QEBAXXZ 0000000140022990     libucrt:mbctype.obj
 0004:0000099c       $pdata$?getSystemCP@@YAHH@Z 000000014002299c     libucrt:mbctype.obj
 0004:000009a8       $pdata$?setSBCS@@YAXPEAU__crt_multibyte_data@@@Z 00000001400229a8     libucrt:mbctype.obj
 0004:000009b4       $pdata$?setSBUpLow@@YAXPEAU__crt_multibyte_data@@@Z 00000001400229b4     libucrt:mbctype.obj
 0004:000009c0       $pdata$?setmbcp_internal@@YAHH_N@Z 00000001400229c0     libucrt:mbctype.obj
 0004:000009cc       $pdata$__acrt_initialize_multibyte 00000001400229cc     libucrt:mbctype.obj
 0004:000009d8       $pdata$__acrt_update_thread_multibyte_data 00000001400229d8     libucrt:mbctype.obj
 0004:000009e4       $pdata$_setmbcp_nolock     00000001400229e4     libucrt:mbctype.obj
 0004:000009f0       $pdata$?x_ismbbtype_l@@YAHPEAU__crt_locale_pointers@@IHH@Z 00000001400229f0     libucrt:ismbbyte.obj
 0004:000009fc       $pdata$__acrt_initialize_command_line 00000001400229fc     libucrt:argv_data.obj
 0004:00000a08       $pdata$__dcrt_get_narrow_environment_from_os 0000000140022a08     libucrt:get_environment_from_os.obj
 0004:00000a14       $pdata$__acrt_initialize_locks 0000000140022a14     libucrt:locks.obj
 0004:00000a20       $pdata$__acrt_uninitialize_locks 0000000140022a20     libucrt:locks.obj
 0004:00000a2c       $pdata$__acrt_lowio_create_handle_array 0000000140022a2c     libucrt:osfinfo.obj
 0004:00000a38       $pdata$__acrt_lowio_destroy_handle_array 0000000140022a38     libucrt:osfinfo.obj
 0004:00000a44       $pdata$__acrt_lowio_ensure_fh_exists 0000000140022a44     libucrt:osfinfo.obj
 0004:00000a50       $pdata$_free_osfhnd        0000000140022a50     libucrt:osfinfo.obj
 0004:00000a5c       $pdata$_get_osfhandle      0000000140022a5c     libucrt:osfinfo.obj
 0004:00000a68       $pdata$__pctype_func       0000000140022a68     libucrt:ctype.obj
 0004:00000a74       $pdata$__acrt_locale_free_monetary 0000000140022a74     libucrt:initmon.obj
 0004:00000a80       $pdata$__acrt_locale_free_numeric 0000000140022a80     libucrt:initnum.obj
 0004:00000a8c       $pdata$??$free_crt_array@_W$0M@@@YAXAEAY0M@PEA_W@Z 0000000140022a8c     libucrt:inittime.obj
 0004:00000a8c       $pdata$??$free_crt_array@D$0M@@@YAXAEAY0M@PEAD@Z 0000000140022a8c     libucrt:inittime.obj
 0004:00000a98       $pdata$??$free_crt_array@D$06@@YAXAEAY06PEAD@Z 0000000140022a98     libucrt:inittime.obj
 0004:00000a98       $pdata$??$free_crt_array@_W$06@@YAXAEAY06PEA_W@Z 0000000140022a98     libucrt:inittime.obj
 0004:00000aa4       $pdata$__acrt_locale_free_time 0000000140022aa4     libucrt:inittime.obj
 0004:00000ab0       $pdata$__acrt_GetStringTypeA 0000000140022ab0     libucrt:getstringtypea.obj
 0004:00000abc       $pdata$__acrt_free_locale  0000000140022abc     libucrt:locale_refcounting.obj
 0004:00000ac8       $pdata$__acrt_update_thread_locale_data 0000000140022ac8     libucrt:locale_refcounting.obj
 0004:00000ad4       $pdata$_updatetlocinfoEx_nolock 0000000140022ad4     libucrt:locale_refcounting.obj
 0004:00000ae0       $pdata$?try_get_function@@YAPEAXW4function_id@?A0x7f18c2ae@@QEBDQEBW4module_id@2@2@Z 0000000140022ae0     libucrt:winapi_thunks.obj
 0004:00000aec       $pdata$__acrt_FlsAlloc     0000000140022aec     libucrt:winapi_thunks.obj
 0004:00000af8       $pdata$__acrt_FlsFree      0000000140022af8     libucrt:winapi_thunks.obj
 0004:00000b04       $pdata$__acrt_FlsGetValue  0000000140022b04     libucrt:winapi_thunks.obj
 0004:00000b10       $pdata$__acrt_FlsSetValue  0000000140022b10     libucrt:winapi_thunks.obj
 0004:00000b1c       $pdata$__acrt_InitializeCriticalSectionEx 0000000140022b1c     libucrt:winapi_thunks.obj
 0004:00000b28       $pdata$__acrt_LCMapStringEx 0000000140022b28     libucrt:winapi_thunks.obj
 0004:00000b34       $pdata$__acrt_LocaleNameToLCID 0000000140022b34     libucrt:winapi_thunks.obj
 0004:00000b40       $pdata$__acrt_initialize_winapi_thunks 0000000140022b40     libucrt:winapi_thunks.obj
 0004:00000b4c       $pdata$__acrt_uninitialize_winapi_thunks 0000000140022b4c     libucrt:winapi_thunks.obj
 0004:00000b58       $pdata$_recalloc_base      0000000140022b58     libucrt:recalloc.obj
 0004:00000b64       $pdata$__acrt_initialize_heap 0000000140022b64     libucrt:heap_handle.obj
 0004:00000b70       $pdata$__acrt_execute_initializers 0000000140022b70     libucrt:shared_initialization.obj
 0004:00000b7c       $pdata$__acrt_execute_uninitializers 0000000140022b7c     libucrt:shared_initialization.obj
 0004:00000b88       $pdata$_callnewh           0000000140022b88     libucrt:new_handler.obj
 0004:00000b94       $pdata$_query_new_handler  0000000140022b94     libucrt:new_handler.obj
 0004:00000ba0       $pdata$??$?RV<lambda_c36588078e9f5dfd39652860aa6b3aaf>@@AEAV<lambda_ec61778202f4f5fc7e7711acc23c3bca>@@V<lambda_dc9d2797ccde5d239b4a0efae8ebd7db>@@@?$__crt_seh_guarded_call@P6AXH@Z@@QEAAP6AXH@Z$$QEAV<lambda_c36588078e9f5dfd39652860aa6b3aaf>@@AEAV<lambda_ec61778202f4f5fc7e7711acc23c3bca>@@$$QEAV<lambda_dc9d2797ccde5d239b4a0efae8ebd7db>@@@Z 0000000140022ba0     libucrt:signal.obj
 0004:00000bac       $pdata$__acrt_get_sigabrt_handler 0000000140022bac     libucrt:signal.obj
 0004:00000bb8       $pdata$raise               0000000140022bb8     libucrt:signal.obj
 0004:00000bc4       $pdata$_isctype_l          0000000140022bc4     libucrt:isctype.obj
 0004:00000bd0       $pdata$_isleadbyte_l       0000000140022bd0     libucrt:_wctype.obj
 0004:00000bdc       $pdata$?__acrt_LCMapStringA_stat@@YAHPEAU__crt_locale_pointers@@PEB_WKPEBDHPEADHHH@Z 0000000140022bdc     libucrt:lcmapstringa.obj
 0004:00000be8       $pdata$__acrt_LCMapStringA 0000000140022be8     libucrt:lcmapstringa.obj
 0004:00000bf4       $pdata$__acrt_fp_strflt_to_string 0000000140022bf4     libucrt:_fptostr.obj
 0004:00000c00       $pdata$?divide@__crt_strtox@@YA_KAEAUbig_integer@1@AEBU21@@Z 0000000140022c00     libucrt:cfout.obj
 0004:00000c0c       $pdata$5$?divide@__crt_strtox@@YA_KAEAUbig_integer@1@AEBU21@@Z 0000000140022c0c     libucrt:cfout.obj
 0004:00000c18       $pdata$6$?divide@__crt_strtox@@YA_KAEAUbig_integer@1@AEBU21@@Z 0000000140022c18     libucrt:cfout.obj
 0004:00000c24       $pdata$__acrt_fltout       0000000140022c24     libucrt:cfout.obj
 0004:00000c30       $pdata$2$__acrt_fltout     0000000140022c30     libucrt:cfout.obj
 0004:00000c3c       $pdata$3$__acrt_fltout     0000000140022c3c     libucrt:cfout.obj
 0004:00000c48       $pdata$memcpy_s            0000000140022c48     libucrt:cfout.obj
 0004:00000c54       $pdata$_fcloseall          0000000140022c54     libucrt:closeall.obj
 0004:00000c60       $pdata$__acrt_stdio_flush_nolock 0000000140022c60     libucrt:fflush.obj
 0004:00000c6c       $pdata$_fflush_nolock      0000000140022c6c     libucrt:fflush.obj
 0004:00000c78       $pdata$common_flush_all    0000000140022c78     libucrt:fflush.obj
 0004:00000c84       $pdata$__acrt_stdio_free_buffer_nolock 0000000140022c84     libucrt:_freebuf.obj
 0004:00000c90       $pdata$_isatty             0000000140022c90     libucrt:isatty.obj
 0004:00000c9c       $pdata$_call_matherr       0000000140022c9c     libucrt:libm_error.obj
 0004:00000ca8       $pdata$_exception_enabled  0000000140022ca8     libucrt:libm_error.obj
 0004:00000cb4       $pdata$_handle_error       0000000140022cb4     libucrt:libm_error.obj
 0004:00000cc0       $pdata$_handle_errorf      0000000140022cc0     libucrt:libm_error.obj
 0004:00000ccc       $pdata$?shortsort@@YAXPEAD0_KP6AHPEBX2@Z@Z 0000000140022ccc     libucrt:qsort.obj
 0004:00000cd8       $pdata$2$?shortsort@@YAXPEAD0_KP6AHPEBX2@Z@Z 0000000140022cd8     libucrt:qsort.obj
 0004:00000ce4       $pdata$3$?shortsort@@YAXPEAD0_KP6AHPEBX2@Z@Z 0000000140022ce4     libucrt:qsort.obj
 0004:00000cf0       $pdata$qsort               0000000140022cf0     libucrt:qsort.obj
 0004:00000cfc       $pdata$4$qsort             0000000140022cfc     libucrt:qsort.obj
 0004:00000d08       $pdata$5$qsort             0000000140022d08     libucrt:qsort.obj
 0004:00000d14       $pdata$strncpy_s           0000000140022d14     libucrt:strncpy_s.obj
 0004:00000d20       $pdata$strpbrk             0000000140022d20     libucrt:strpbrk.obj
 0004:00000d2c       $pdata$_mbsdec_l           0000000140022d2c     libucrt:mbsdec.obj
 0004:00000d38       $pdata$?initialize_multibyte@@YAHXZ 0000000140022d38     libucrt:multibyte_initializer.obj
 0004:00000d44       $pdata$?GetTableIndexFromLocaleName@@YAHPEB_W@Z 0000000140022d44     libucrt:lcidtoname_downlevel.obj
 0004:00000d50       $pdata$__acrt_DownlevelLocaleNameToLCID 0000000140022d50     libucrt:lcidtoname_downlevel.obj
 0004:00000d5c       $pdata$_msize              0000000140022d5c     libucrt:msize.obj
 0004:00000d68       $pdata$_realloc_base       0000000140022d68     libucrt:realloc_base.obj
 0004:00000d74       $pdata$fegetenv            0000000140022d74     libucrt:fegetenv.obj
 0004:00000d80       $pdata$fesetenv            0000000140022d80     libucrt:fesetenv.obj
 0004:00000d8c       $pdata$feholdexcept        0000000140022d8c     libucrt:feholdexcept.obj
 0004:00000da4       $pdata$?write_double_translated_ansi_nolock@@YA?AUwrite_result@?A0xab17fd16@@HQEBDI@Z 0000000140022da4     libucrt:write.obj
 0004:00000db0       $pdata$?write_text_ansi_nolock@@YA?AUwrite_result@?A0xab17fd16@@HQEBDI@Z 0000000140022db0     libucrt:write.obj
 0004:00000dbc       $pdata$?write_text_utf16le_nolock@@YA?AUwrite_result@?A0xab17fd16@@HQEBDI@Z 0000000140022dbc     libucrt:write.obj
 0004:00000dc8       $pdata$?write_text_utf8_nolock@@YA?AUwrite_result@?A0xab17fd16@@HQEBDI@Z 0000000140022dc8     libucrt:write.obj
 0004:00000dd4       $pdata$_write              0000000140022dd4     libucrt:write.obj
 0004:00000de0       $pdata$_write_nolock       0000000140022de0     libucrt:write.obj
 0004:00000dec       $pdata$??$common_lseek_nolock@_J@@YA_JH_JH@Z 0000000140022dec     libucrt:lseek.obj
 0004:00000df8       $pdata$_fclose_nolock      0000000140022df8     libucrt:fclose.obj
 0004:00000e04       $pdata$fclose              0000000140022e04     libucrt:fclose.obj
 0004:00000e10       $pdata$??$?RV<lambda_b521505b218e5242e90febf6bfebc422>@@AEAV<lambda_6978c1fb23f02e42e1d9e99668cc68aa>@@V<lambda_314360699dd331753a4119843814e9a7>@@@?$__crt_seh_guarded_call@H@@QEAAH$$QEAV<lambda_b521505b218e5242e90febf6bfebc422>@@AEAV<lambda_6978c1fb23f02e42e1d9e99668cc68aa>@@$$QEAV<lambda_314360699dd331753a4119843814e9a7>@@@Z 0000000140022e10     libucrt:commit.obj
 0004:00000e1c       $pdata$_commit             0000000140022e1c     libucrt:commit.obj
 0004:00000e28       $pdata$_raise_exc          0000000140022e28     libucrt:fpexcept.obj
 0004:00000e34       $pdata$_raise_exc_ex       0000000140022e34     libucrt:fpexcept.obj
 0004:00000e40       $pdata$_raise_excf         0000000140022e40     libucrt:fpexcept.obj
 0004:00000e4c       $pdata$_set_errno_from_matherr 0000000140022e4c     libucrt:fpexcept.obj
 0004:00000e58       $pdata$_clrfp              0000000140022e58     libucrt:fpctrl.obj
 0004:00000e64       $pdata$_ctrlfp             0000000140022e64     libucrt:fpctrl.obj
 0004:00000e70       $pdata$_set_statfp         0000000140022e70     libucrt:fpctrl.obj
 0004:00000e7c       $pdata$_statfp             0000000140022e7c     libucrt:fpctrl.obj
 0004:00000e88       $pdata$_getfpcontrolword   0000000140022e88     libucrt:_fenvutils.obj
 0004:00000e94       $pdata$_getfpstatusword    0000000140022e94     libucrt:_fenvutils.obj
 0004:00000ea0       $pdata$_setfpstatusword    0000000140022ea0     libucrt:_fenvutils.obj
 0004:00000eac       $pdata$_clearfp            0000000140022eac     libucrt:ieee.obj
 0004:00000eb8       $pdata$common_control87    0000000140022eb8     libucrt:ieee.obj
 0004:00000ec4       $pdata$_log10_special      0000000140022ec4     libucrt:log_special.obj
 0004:00000ed0       $pdata$_log_special_common 0000000140022ed0     libucrt:log_special.obj
 0004:00000edc       $pdata$_putwch_nolock      0000000140022edc     libucrt:putwch.obj
 0004:00000ee8       $pdata$??$?RV<lambda_bfedae4ebbf01fab1bb6dcc6a9e276e0>@@AEAV<lambda_2fe9b910cf3cbf4a0ab98a02ba45b3ec>@@V<lambda_237c231691f317818eb88cc1d5d642d6>@@@?$__crt_seh_guarded_call@H@@QEAAH$$QEAV<lambda_bfedae4ebbf01fab1bb6dcc6a9e276e0>@@AEAV<lambda_2fe9b910cf3cbf4a0ab98a02ba45b3ec>@@$$QEAV<lambda_237c231691f317818eb88cc1d5d642d6>@@@Z 0000000140022ee8     libucrt:close.obj
 0004:00000ef4       $pdata$_close              0000000140022ef4     libucrt:close.obj
 0004:00000f00       $pdata$_close_nolock       0000000140022f00     libucrt:close.obj
 0004:00000f18       $pdata$__dcrt_lowio_initialize_console_output 0000000140022f18     libucrt:initcon.obj
 0004:00000f24       $pdata$__dcrt_terminate_console_output 0000000140022f24     libucrt:initcon.obj
 0004:00000f30       $pdata$_IsNonwritableInCurrentImage 0000000140022f30     LIBCMT:pesect.obj
 0004:00000f60       $pdata$strrchr             0000000140022f60     libvcruntime:strrchr.obj
 0004:00000f78       $pdata$?filt$0@?0??__scrt_common_main_seh@@YAHXZ@4HA 0000000140022f78     LIBCMT:exe_winmain.obj
 0004:00000f84       $pdata$__scrt_is_nonwritable_in_current_image$filt$0 0000000140022f84     LIBCMT:utility.obj
 0004:00000f90       $pdata$?filt$0@?0??common_exit@@YAXHW4_crt_exit_cleanup_mode@@W4_crt_exit_return_mode@@@Z@4HA 0000000140022f90     libucrt:exit.obj
 0004:00000f9c       $pdata$?fin$1@?0??common_exit@@YAXHW4_crt_exit_cleanup_mode@@W4_crt_exit_return_mode@@@Z@4HA 0000000140022f9c     libucrt:exit.obj
 0004:00000fa8       $pdata$?fin$0@?0??common_onexit@@YAP6AHXZQEAU_onexit_table_t@@Q6AHXZ@Z@4HA 0000000140022fa8     libucrt:onexit.obj
 0004:00000fb4       $pdata$__acrt_update_thread_multibyte_data$fin$0 0000000140022fb4     libucrt:mbctype.obj
 0004:00000fc0       $pdata$__acrt_lowio_ensure_fh_exists$fin$0 0000000140022fc0     libucrt:osfinfo.obj
 0004:00000fc0       $pdata$__acrt_initialize_lowio$fin$0 0000000140022fc0     libucrt:osfinfo.obj
 0004:00000fcc       $pdata$__acrt_update_thread_locale_data$fin$0 0000000140022fcc     libucrt:locale_refcounting.obj
 0004:00000fcc       $pdata$__acrt_uninitialize_locale$fin$0 0000000140022fcc     libucrt:locale_refcounting.obj
 0004:00000fd8       $pdata$_query_new_handler$fin$0 0000000140022fd8     libucrt:new_handler.obj
 0004:00000fe4       $pdata$?fin$0@?0???$?RV<lambda_99476a1ad63dd22509b5d3e65b0ffc95>@@AEAV<lambda_ad1ced32f4ac17aa236e5ef05d6b3b7c>@@V<lambda_f7424dd8d45958661754dc4f2697e9c3>@@@?$__crt_seh_guarded_call@X@@QEAAX$$QEAV<lambda_99476a1ad63dd22509b5d3e65b0ffc95>@@AEAV<lambda_ad1ced32f4ac17aa236e5ef05d6b3b7c>@@$$QEAV<lambda_f7424dd8d45958661754dc4f2697e9c3>@@@Z@4HA 0000000140022fe4     libucrt:signal.obj
 0004:00000fe4       $pdata$?fin$0@?0???$?RV<lambda_5e887d1dcbef67a5eb4283622ba103bf>@@AEAV<lambda_4466841279450cc726390878d4a41900>@@V<lambda_341c25c0346d94847f1f3c463c57e077>@@@?$__crt_seh_guarded_call@X@@QEAAX$$QEAV<lambda_5e887d1dcbef67a5eb4283622ba103bf>@@AEAV<lambda_4466841279450cc726390878d4a41900>@@$$QEAV<lambda_341c25c0346d94847f1f3c463c57e077>@@@Z@4HA 0000000140022fe4     libucrt:signal.obj
 0004:00000fe4       $pdata$?fin$0@?0???$?RV<lambda_46352004c1216016012b18bd6f87e700>@@AEAV<lambda_3bd07e1a1191394380780325891bf33f>@@V<lambda_334532d3f185bcaa59b5be82d7d22bff>@@@?$__crt_seh_guarded_call@X@@QEAAX$$QEAV<lambda_46352004c1216016012b18bd6f87e700>@@AEAV<lambda_3bd07e1a1191394380780325891bf33f>@@$$QEAV<lambda_334532d3f185bcaa59b5be82d7d22bff>@@@Z@4HA 0000000140022fe4     libucrt:signal.obj
 0004:00000fe4       $pdata$?fin$0@?0???$?RV<lambda_fb3a7dec4e47f37f22dae91bb15c9095>@@AEAV<lambda_698284760c8add0bfb0756c19673e34b>@@V<lambda_dfb8eca1e75fef3034a8fb18dd509707>@@@?$__crt_seh_guarded_call@X@@QEAAX$$QEAV<lambda_fb3a7dec4e47f37f22dae91bb15c9095>@@AEAV<lambda_698284760c8add0bfb0756c19673e34b>@@$$QEAV<lambda_dfb8eca1e75fef3034a8fb18dd509707>@@@Z@4HA 0000000140022fe4     libucrt:signal.obj
 0004:00000fe4       $pdata$?fin$0@?0???$?RV<lambda_72d1df2b273a38828b1ce30cbf4cdab5>@@AEAV<lambda_876a65b173b8412d3a47c70a915b0cf4>@@V<lambda_41932305e351933ebe8f8be3ed8bb5dc>@@@?$__crt_seh_guarded_call@X@@QEAAX$$QEAV<lambda_72d1df2b273a38828b1ce30cbf4cdab5>@@AEAV<lambda_876a65b173b8412d3a47c70a915b0cf4>@@$$QEAV<lambda_41932305e351933ebe8f8be3ed8bb5dc>@@@Z@4HA 0000000140022fe4     libucrt:signal.obj
 0004:00000fe4       $pdata$?fin$0@?0???$?RV<lambda_c36588078e9f5dfd39652860aa6b3aaf>@@AEAV<lambda_ec61778202f4f5fc7e7711acc23c3bca>@@V<lambda_dc9d2797ccde5d239b4a0efae8ebd7db>@@@?$__crt_seh_guarded_call@P6AXH@Z@@QEAAP6AXH@Z$$QEAV<lambda_c36588078e9f5dfd39652860aa6b3aaf>@@AEAV<lambda_ec61778202f4f5fc7e7711acc23c3bca>@@$$QEAV<lambda_dc9d2797ccde5d239b4a0efae8ebd7db>@@@Z@4HA 0000000140022fe4     libucrt:signal.obj
 0004:00000ff0       $pdata$raise$fin$0         0000000140022ff0     libucrt:signal.obj
 0004:00000ffc       $pdata$_fcloseall$fin$0    0000000140022ffc     libucrt:closeall.obj
 0004:00001008       $pdata$common_flush_all$fin$0 0000000140023008     libucrt:fflush.obj
 0004:00001014       $pdata$common_flush_all$fin$1 0000000140023014     libucrt:fflush.obj
 0004:00001020       $pdata$_write$fin$0        0000000140023020     libucrt:write.obj
 0004:0000102c       $pdata$fclose$fin$0        000000014002302c     libucrt:fclose.obj
 0004:00001038       $pdata$?fin$0@?0???$?RV<lambda_b521505b218e5242e90febf6bfebc422>@@AEAV<lambda_6978c1fb23f02e42e1d9e99668cc68aa>@@V<lambda_314360699dd331753a4119843814e9a7>@@@?$__crt_seh_guarded_call@H@@QEAAH$$QEAV<lambda_b521505b218e5242e90febf6bfebc422>@@AEAV<lambda_6978c1fb23f02e42e1d9e99668cc68aa>@@$$QEAV<lambda_314360699dd331753a4119843814e9a7>@@@Z@4HA 0000000140023038     libucrt:commit.obj
 0004:00001038       $pdata$?fin$0@?0???$?RV<lambda_bfedae4ebbf01fab1bb6dcc6a9e276e0>@@AEAV<lambda_2fe9b910cf3cbf4a0ab98a02ba45b3ec>@@V<lambda_237c231691f317818eb88cc1d5d642d6>@@@?$__crt_seh_guarded_call@H@@QEAAH$$QEAV<lambda_bfedae4ebbf01fab1bb6dcc6a9e276e0>@@AEAV<lambda_2fe9b910cf3cbf4a0ab98a02ba45b3ec>@@$$QEAV<lambda_237c231691f317818eb88cc1d5d642d6>@@@Z@4HA 0000000140023038     libucrt:commit.obj
 0004:00001044       $pdata$common_control87$filt$0 0000000140023044     libucrt:fpctrl.obj
 0004:00001044       $pdata$_ctrlfp$filt$0      0000000140023044     libucrt:fpctrl.obj
 0004:00001050       $pdata$_IsNonwritableInCurrentImage$filt$0 0000000140023050     LIBCMT:pesect.obj
