 win32_handmade

 Timestamp is 557e10be (Sun Jun 14 16:39:42 2015)

 Preferred load address is 0000000140000000

 Start         Length     Name                   Class
 0001:00000000 000001dbH .text                   CODE
 0001:000001e0 0000c855H .text$mn                CODE
 0001:0000ca40 00000012H .text$mn$00             CODE
 0001:0000ca60 00000210H .text$x                 CODE
 0002:00000000 000002d0H .idata$5                DATA
 0002:000002d0 00000010H .00cfg                  DATA
 0002:000002e0 00000008H .CRT$XCA                DATA
 0002:000002e8 00000008H .CRT$XCAA               DATA
 0002:000002f0 00000008H .CRT$XCZ                DATA
 0002:000002f8 00000008H .CRT$XIA                DATA
 0002:00000300 00000008H .CRT$XIAA               DATA
 0002:00000308 00000008H .CRT$XIAC               DATA
 0002:00000310 00000018H .CRT$XIC                DATA
 0002:00000328 00000008H .CRT$XIZ                DATA
 0002:00000330 00000008H .CRT$XPA                DATA
 0002:00000338 00000010H .CRT$XPX                DATA
 0002:00000348 00000008H .CRT$XPXA               DATA
 0002:00000350 00000008H .CRT$XPZ                DATA
 0002:00000358 00000008H .CRT$XTA                DATA
 0002:00000360 00000008H .CRT$XTZ                DATA
 0002:00000368 00000000H .gfids$x                DATA
 0002:00000370 00007034H .rdata                  DATA
 0002:000073a4 00000054H .rdata$debug            DATA
 0002:000073f8 00000000H .rdata$r                DATA
 0002:000073f8 00000010H .rdata$zETW0            DATA
 0002:00007408 00000077H .rdata$zETW1            DATA
 0002:0000747f 0000002cH .rdata$zETW2            DATA
 0002:000074ab 00000001H .rdata$zETW9            DATA
 0002:000074b0 00000008H .rtc$IAA                DATA
 0002:000074b8 00000008H .rtc$IZZ                DATA
 0002:000074c0 00000008H .rtc$TAA                DATA
 0002:000074c8 00000008H .rtc$TZZ                DATA
 0002:000074d0 00000a64H .xdata                  DATA
 0002:00007f34 00000000H .edata                  DATA
 0002:00007f34 00000050H .idata$2                DATA
 0002:00007f84 00000014H .idata$3                DATA
 0002:00007f98 000002d0H .idata$4                DATA
 0002:00008268 00000652H .idata$6                DATA
 0003:00000000 00000d70H .data                   DATA
 0003:00000d70 00000000H .data$r                 DATA
 0003:00000d70 00002220H .bss                    DATA
 0004:00000000 00000d14H .pdata                  DATA

  Address         Publics by Value              Rva+Base               Lib:Object

 0000:00000000       __guard_fids_count         0000000000000000     <absolute>
 0000:00000000       ___safe_se_handler_count   0000000000000000     <absolute>
 0000:00000000       ___safe_se_handler_table   0000000000000000     <absolute>
 0000:00000000       __guard_fids_table         0000000000000000     <absolute>
 0000:00000100       __guard_flags              0000000000000100     <absolute>
 0000:00000000       __ImageBase                0000000140000000     <linker-defined>
 0001:00000000       TraceLoggingRegister       0000000140001000 f i libvcruntime:telemetry.obj
 0001:0000007c       _TlgEnableCallback         000000014000107c f i libvcruntime:telemetry.obj
 0001:00000140       _TlgWrite                  0000000140001140 f i libvcruntime:telemetry.obj
 0001:00000920       WinMain                    0000000140001920 f   win32_handmade.obj
 0001:00001670       ?XInputGetStateStub@@YAKKPEAU_XINPUT_STATE@@@Z 0000000140002670 f   win32_handmade.obj
 0001:00001690       ?XInputSetStateStub@@YAKKPEAU_XINPUT_VIBRATION@@@Z 0000000140002690 f   win32_handmade.obj
 0001:00002540       ?GetController@@YAPEAUgame_controller_input@@PEAUgame_input@@H@Z 0000000140003540 f i win32_handmade.obj
 0001:00002580       ?SafeTruncateUInt64@@YAI_K@Z 0000000140003580 f i win32_handmade.obj
 0001:000025b0       __GSHandlerCheck           00000001400035b0 f   LIBCMT:_gshandler_.obj
 0001:000025d0       __GSHandlerCheckCommon     00000001400035d0 f   LIBCMT:_gshandler_.obj
 0001:00002650       __security_check_cookie    0000000140003650 f   LIBCMT:_amdsecgs_.obj
 0001:000028d0       WinMainCRTStartup          00000001400038d0 f   LIBCMT:exe_winmain.obj
 0001:000028e4       __raise_securityfailure    00000001400038e4 f   LIBCMT:gs_report.obj
 0001:00002918       __report_gsfailure         0000000140003918 f   LIBCMT:gs_report.obj
 0001:000029ec       __report_rangecheckfailure 00000001400039ec f   LIBCMT:gs_report.obj
 0001:00002a00       __report_securityfailure   0000000140003a00 f   LIBCMT:gs_report.obj
 0001:00002b80       __scrt_acquire_startup_lock 0000000140003b80 f   LIBCMT:utility.obj
 0001:00002ba8       __scrt_initialize_crt      0000000140003ba8 f   LIBCMT:utility.obj
 0001:00002bf4       __scrt_initialize_onexit_tables 0000000140003bf4 f   LIBCMT:utility.obj
 0001:00002cc0       __scrt_is_nonwritable_in_current_image 0000000140003cc0 f   LIBCMT:utility.obj
 0001:00002d5c       __scrt_release_startup_lock 0000000140003d5c f   LIBCMT:utility.obj
 0001:00002d6c       __scrt_uninitialize_crt    0000000140003d6c f   LIBCMT:utility.obj
 0001:00002d98       _onexit                    0000000140003d98 f   LIBCMT:utility.obj
 0001:00002de8       atexit                     0000000140003de8 f   LIBCMT:utility.obj
 0001:00002e00       __security_init_cookie     0000000140003e00 f   LIBCMT:gs_support.obj
 0001:00002eac       _get_startup_argv_mode     0000000140003eac f   LIBCMT:argv_mode.obj
 0001:00002eb4       _get_startup_file_mode     0000000140003eb4 f   LIBCMT:file_mode.obj
 0001:00002ebc       __scrt_initialize_winrt    0000000140003ebc f   LIBCMT:utility_desktop.obj
 0001:00002ebc       _get_startup_thread_locale_mode 0000000140003ebc f   LIBCMT:thread_locale.obj
 0001:00002ebc       _get_startup_commit_mode   0000000140003ebc f   LIBCMT:commit_mode.obj
 0001:00002ebc       _get_startup_new_mode      0000000140003ebc f   LIBCMT:new_mode.obj
 0001:00002ebc       _matherr                   0000000140003ebc f   LIBCMT:matherr.obj
 0001:00002ec0       ?__scrt_initialize_type_info@@YAXXZ 0000000140003ec0 f   LIBCMT:tncleanup.obj
 0001:00002ed0       __local_stdio_printf_options 0000000140003ed0 f i LIBCMT:default_local_stdio_options.obj
 0001:00002ed8       __local_stdio_scanf_options 0000000140003ed8 f i LIBCMT:default_local_stdio_options.obj
 0001:00002ee0       __scrt_initialize_default_local_stdio_options 0000000140003ee0 f   LIBCMT:default_local_stdio_options.obj
 0001:00002efc       __scrt_is_user_matherr_present 0000000140003efc f   LIBCMT:matherr_detection.obj
 0001:00002f08       __scrt_get_dyn_tls_init_callback 0000000140003f08 f   LIBCMT:dyn_tls_init.obj
 0001:00002f10       __scrt_get_dyn_tls_dtor_callback 0000000140003f10 f   LIBCMT:dyn_tls_dtor.obj
 0001:00002f18       __crt_debugger_hook        0000000140003f18 f   LIBCMT:utility_desktop.obj
 0001:00002f20       __scrt_fastfail            0000000140003f20 f   LIBCMT:utility_desktop.obj
 0001:00003068       __scrt_get_show_window_mode 0000000140004068 f   LIBCMT:utility_desktop.obj
 0001:000030a8       __scrt_is_managed_app      00000001400040a8 f   LIBCMT:utility_desktop.obj
 0001:000030fc       __scrt_set_unhandled_exception_filter 00000001400040fc f   LIBCMT:utility_desktop.obj
 0001:0000310c       __scrt_unhandled_exception_filter 000000014000410c f   LIBCMT:utility_desktop.obj
 0001:00003144       _RTC_Initialize            0000000140004144 f   LIBCMT:_initsect_.obj
 0001:00003190       _RTC_Terminate             0000000140004190 f   LIBCMT:_initsect_.obj
 0001:000031dc       _guard_check_icall         00000001400041dc f i LIBCMT:checkcfg.obj
 0001:000031e4       __isa_available_init       00000001400041e4 f   LIBCMT:_cpu_disp_.obj
 0001:00003378       __scrt_is_ucrt_dll_in_use  0000000140004378 f   LIBCMT:ucrt_detection.obj
 0001:00003390       IsProcessorFeaturePresent  0000000140004390 f   kernel32:KERNEL32.dll
 0001:0000339c       __telemetry_main_invoke_trigger 000000014000439c f   libvcruntime:telemetry.obj
 0001:000034b4       __telemetry_main_return_trigger 00000001400044b4 f   libvcruntime:telemetry.obj
 0001:000035cc       __vcrt_initialize_telemetry_provider 00000001400045cc f   libvcruntime:telemetry.obj
 0001:000035e0       __vcrt_uninitialize_telemetry_provider 00000001400045e0 f   libvcruntime:telemetry.obj
 0001:00003600       __C_specific_handler       0000000140004600 f   libvcruntime:_chandler_.obj
 0001:000037f0       __vcrt_initialize          00000001400047f0 f   libvcruntime:initialization.obj
 0001:00003828       __vcrt_uninitialize        0000000140004828 f   libvcruntime:initialization.obj
 0001:00003870       memset                     0000000140004870 f   libvcruntime:memset.obj
 0001:00003bd8       __vcrt_EventRegister       0000000140004bd8 f   libvcruntime:winapi_downlevel.obj
 0001:00003c5c       __vcrt_EventSetInformation 0000000140004c5c f   libvcruntime:winapi_downlevel.obj
 0001:00003ce0       __vcrt_EventUnregister     0000000140004ce0 f   libvcruntime:winapi_downlevel.obj
 0001:00003d34       __vcrt_EventWriteTransfer  0000000140004d34 f   libvcruntime:winapi_downlevel.obj
 0001:00003dcc       __vcrt_FlsAlloc            0000000140004dcc f   libvcruntime:winapi_downlevel.obj
 0001:00003e20       __vcrt_FlsFree             0000000140004e20 f   libvcruntime:winapi_downlevel.obj
 0001:00003e74       __vcrt_FlsSetValue         0000000140004e74 f   libvcruntime:winapi_downlevel.obj
 0001:00003edc       __vcrt_InitializeCriticalSectionEx 0000000140004edc f   libvcruntime:winapi_downlevel.obj
 0001:00003f54       __vcrt_initialize_winapi_thunks 0000000140004f54 f   libvcruntime:winapi_downlevel.obj
 0001:00003f8c       __vcrt_uninitialize_winapi_thunks 0000000140004f8c f   libvcruntime:winapi_downlevel.obj
 0001:00003fe0       _local_unwind              0000000140004fe0 f   libvcruntime:_jmpuwind_.obj
 0001:00004010       _NLG_Notify                0000000140005010 f   libvcruntime:_jmpuwind_.obj
 0001:00004030       __NLG_Dispatch2            0000000140005030 f   libvcruntime:_jmpuwind_.obj
 0001:00004040       __NLG_Return2              0000000140005040 f   libvcruntime:_jmpuwind_.obj
 0001:00004044       _initialize_invalid_parameter_handler 0000000140005044 f   LIBCMT:invalid_parameter_handler.obj
 0001:00004044       _guard_check_icall_nop     0000000140005044 f   LIBCMT:guard_support.obj
 0001:00004044       __except_validate_context_record 0000000140005044 f   libvcruntime:jbcxrval.obj
 0001:00004044       _initialize_denormal_control 0000000140005044 f   LIBCMT:denormal_control.obj
 0001:00004048       __vcrt_freefls             0000000140005048 f   libvcruntime:per_thread_data.obj
 0001:00004068       __vcrt_initialize_ptd      0000000140005068 f   libvcruntime:per_thread_data.obj
 0001:000040a8       __vcrt_uninitialize_ptd    00000001400050a8 f   libvcruntime:per_thread_data.obj
 0001:000040cc       __vcrt_initialize_locks    00000001400050cc f   libvcruntime:locks.obj
 0001:00004114       __vcrt_uninitialize_locks  0000000140005114 f   libvcruntime:locks.obj
 0001:0000414c       __vcrt_initialize_pure_virtual_call_handler 000000014000514c f   libvcruntime:purevirt_data.obj
 0001:00004170       sinf                       0000000140005170 f   libucrt:sinf.obj
 0001:00004868       _seh_filter_exe            0000000140005868 f   libucrt:exception_filter.obj
 0001:000049f8       _query_app_type            00000001400059f8 f   libucrt:report_runtime_error.obj
 0001:00004a00       _set_app_type              0000000140005a00 f   libucrt:report_runtime_error.obj
 0001:00004a08       __acrt_has_user_matherr    0000000140005a08 f   libucrt:matherr.obj
 0001:00004a28       __acrt_initialize_user_matherr 0000000140005a28 f   libucrt:matherr.obj
 0001:00004a30       __acrt_invoke_user_matherr 0000000140005a30 f   libucrt:matherr.obj
 0001:00004a78       __setusermatherr           0000000140005a78 f   libucrt:matherr.obj
 0001:00004c5c       __acrt_allocate_buffer_for_argv 0000000140005c5c f   libucrt:argv_parsing.obj
 0001:00004cc0       _configure_narrow_argv     0000000140005cc0 f   libucrt:argv_parsing.obj
 0001:0000501c       __dcrt_uninitialize_environments_nolock 000000014000601c f   libucrt:environment_initialization.obj
 0001:00005054       _initialize_narrow_environment 0000000140006054 f   libucrt:environment_initialization.obj
 0001:0000505c       _get_narrow_winmain_command_line 000000014000605c f   libucrt:argv_winmain.obj
 0001:000050cc       _initterm                  00000001400060cc f   libucrt:initterm.obj
 0001:00005144       _initterm_e                0000000140006144 f   libucrt:initterm.obj
 0001:0000538c       __acrt_initialize_thread_local_exit_callback 000000014000638c f   libucrt:exit.obj
 0001:00005394       _c_exit                    0000000140006394 f   libucrt:exit.obj
 0001:000053a4       _cexit                     00000001400063a4 f   libucrt:exit.obj
 0001:000053b4       _exit                      00000001400063b4 f   libucrt:exit.obj
 0001:000053c0       _register_thread_local_exe_atexit_callback 00000001400063c0 f   libucrt:exit.obj
 0001:00005404       exit                       0000000140006404 f   libucrt:exit.obj
 0001:00005410       _set_fmode                 0000000140006410 f   libucrt:setmode.obj
 0001:00005450       __acrt_set_locale_changed  0000000140006450 f   libucrt:wsetlocale.obj
 0001:0000545c       __acrt_uninitialize_locale 000000014000645c f   libucrt:wsetlocale.obj
 0001:000054a4       _configthreadlocale        00000001400064a4 f   libucrt:wsetlocale.obj
 0001:00005510       _query_new_mode            0000000140006510 f   libucrt:new_mode.obj
 0001:00005518       _set_new_mode              0000000140006518 f   libucrt:new_mode.obj
 0001:00005544       __p__commode               0000000140006544 f   libucrt:ncommode.obj
 0001:00005594       _crt_atexit                0000000140006594 f   libucrt:onexit.obj
 0001:000055b8       _execute_onexit_table      00000001400065b8 f   libucrt:onexit.obj
 0001:000056e8       _initialize_onexit_table   00000001400066e8 f   libucrt:onexit.obj
 0001:00005728       _register_onexit_function  0000000140006728 f   libucrt:onexit.obj
 0001:00005928       __acrt_uninitialize_command_line 0000000140006928 f   libucrt:argv_data.obj
 0001:00005a18       __acrt_initialize          0000000140006a18 f   libucrt:initialization.obj
 0001:00005a2c       __acrt_uninitialize        0000000140006a2c f   libucrt:initialization.obj
 0001:00005a40       terminate                  0000000140006a40 f   libucrt:terminate.obj
 0001:00005a68       _free_base                 0000000140006a68 f   libucrt:free_base.obj
 0001:00005aa8       _malloc_base               0000000140006aa8 f   libucrt:malloc_base.obj
 0001:00005b08       strcpy_s                   0000000140006b08 f   libucrt:strcpy_s.obj
 0001:00005b68       abort                      0000000140006b68 f   libucrt:abort.obj
 0001:00005bc0       _calloc_base               0000000140006bc0 f   libucrt:calloc_base.obj
 0001:00005c38       ??0_LocaleUpdate@@QEAA@QEAU__crt_locale_pointers@@@Z 0000000140006c38 f i libucrt:output.obj
 0001:00005cd0       __acrt_initialize_fma3     0000000140006cd0 f   libucrt:fma3_available.obj
 0001:00005d10       __remainder_piby2d2f_forC  0000000140006d10 f   libucrt:remainder_piby2f_forc.obj
 0001:00005f28       _sinf_special              0000000140006f28 f   libucrt:sincos_special.obj
 0001:00005f3c       ??$?RV<lambda_46352004c1216016012b18bd6f87e700>@@AEAV<lambda_3bd07e1a1191394380780325891bf33f>@@V<lambda_334532d3f185bcaa59b5be82d7d22bff>@@@?$__crt_seh_guarded_call@X@@QEAAX$$QEAV<lambda_46352004c1216016012b18bd6f87e700>@@AEAV<lambda_3bd07e1a1191394380780325891bf33f>@@$$QEAV<lambda_334532d3f185bcaa59b5be82d7d22bff>@@@Z 0000000140006f3c f i libucrt:per_thread_data.obj
 0001:00005f9c       ??$?RV<lambda_5e887d1dcbef67a5eb4283622ba103bf>@@AEAV<lambda_4466841279450cc726390878d4a41900>@@V<lambda_341c25c0346d94847f1f3c463c57e077>@@@?$__crt_seh_guarded_call@X@@QEAAX$$QEAV<lambda_5e887d1dcbef67a5eb4283622ba103bf>@@AEAV<lambda_4466841279450cc726390878d4a41900>@@$$QEAV<lambda_341c25c0346d94847f1f3c463c57e077>@@@Z 0000000140006f9c f i libucrt:per_thread_data.obj
 0001:00005fe4       ??$?RV<lambda_72d1df2b273a38828b1ce30cbf4cdab5>@@AEAV<lambda_876a65b173b8412d3a47c70a915b0cf4>@@V<lambda_41932305e351933ebe8f8be3ed8bb5dc>@@@?$__crt_seh_guarded_call@X@@QEAAX$$QEAV<lambda_72d1df2b273a38828b1ce30cbf4cdab5>@@AEAV<lambda_876a65b173b8412d3a47c70a915b0cf4>@@$$QEAV<lambda_41932305e351933ebe8f8be3ed8bb5dc>@@@Z 0000000140006fe4 f i libucrt:per_thread_data.obj
 0001:00006024       ??$?RV<lambda_fb3a7dec4e47f37f22dae91bb15c9095>@@AEAV<lambda_698284760c8add0bfb0756c19673e34b>@@V<lambda_dfb8eca1e75fef3034a8fb18dd509707>@@@?$__crt_seh_guarded_call@X@@QEAAX$$QEAV<lambda_fb3a7dec4e47f37f22dae91bb15c9095>@@AEAV<lambda_698284760c8add0bfb0756c19673e34b>@@$$QEAV<lambda_dfb8eca1e75fef3034a8fb18dd509707>@@@Z 0000000140007024 f i libucrt:per_thread_data.obj
 0001:000062a4       __acrt_getptd              00000001400072a4 f   libucrt:per_thread_data.obj
 0001:00006338       __acrt_getptd_noexit       0000000140007338 f   libucrt:per_thread_data.obj
 0001:000063d8       __acrt_initialize_ptd      00000001400073d8 f   libucrt:per_thread_data.obj
 0001:00006414       __acrt_uninitialize_ptd    0000000140007414 f   libucrt:per_thread_data.obj
 0001:00006438       __acrt_call_reportfault    0000000140007438 f   libucrt:invalid_parameter.obj
 0001:00006594       __acrt_initialize_invalid_parameter_handler 0000000140007594 f   libucrt:invalid_parameter.obj
 0001:0000659c       _invalid_parameter         000000014000759c f   libucrt:invalid_parameter.obj
 0001:00006644       _invalid_parameter_noinfo  0000000140007644 f   libucrt:invalid_parameter.obj
 0001:00006664       _invoke_watson             0000000140007664 f   libucrt:invalid_parameter.obj
 0001:000066ac       __acrt_errno_from_os_error 00000001400076ac f   libucrt:errno.obj
 0001:000066f4       __acrt_errno_map_os_error  00000001400076f4 f   libucrt:errno.obj
 0001:00006744       __doserrno                 0000000140007744 f   libucrt:errno.obj
 0001:00006764       _errno                     0000000140007764 f   libucrt:errno.obj
 0001:00006c60       ?expand_if_necessary@?$argument_list@D@?A0x1958b273@@AEAAHXZ 0000000140007c60 f i libucrt:argv_wildcards.obj
 0001:00006d28       __acrt_expand_narrow_argv_wildcards 0000000140007d28 f   libucrt:argv_wildcards.obj
 0001:00006d30       ??$?RV<lambda_99476a1ad63dd22509b5d3e65b0ffc95>@@AEAV<lambda_ad1ced32f4ac17aa236e5ef05d6b3b7c>@@V<lambda_f7424dd8d45958661754dc4f2697e9c3>@@@?$__crt_seh_guarded_call@X@@QEAAX$$QEAV<lambda_99476a1ad63dd22509b5d3e65b0ffc95>@@AEAV<lambda_ad1ced32f4ac17aa236e5ef05d6b3b7c>@@$$QEAV<lambda_f7424dd8d45958661754dc4f2697e9c3>@@@Z 0000000140007d30 f i libucrt:mbctype.obj
 0001:0000742c       __acrt_initialize_multibyte 000000014000842c f   libucrt:mbctype.obj
 0001:00007454       __acrt_update_thread_multibyte_data 0000000140008454 f   libucrt:mbctype.obj
 0001:00007514       _setmbcp_nolock            0000000140008514 f   libucrt:mbctype.obj
 0001:00007834       _ismbblead                 0000000140008834 f   libucrt:ismbbyte.obj
 0001:00007848       __acrt_initialize_command_line 0000000140008848 f   libucrt:argv_data.obj
 0001:00007870       __dcrt_get_narrow_environment_from_os 0000000140008870 f   libucrt:get_environment_from_os.obj
 0001:00007974       __acrt_initialize_locks    0000000140008974 f   libucrt:locks.obj
 0001:000079bc       __acrt_lock                00000001400089bc f   libucrt:locks.obj
 0001:000079d8       __acrt_uninitialize_locks  00000001400089d8 f   libucrt:locks.obj
 0001:00007a10       __acrt_unlock              0000000140008a10 f   libucrt:locks.obj
 0001:00007a2c       __acrt_lowio_create_handle_array 0000000140008a2c f   libucrt:osfinfo.obj
 0001:00007ac4       __acrt_lowio_destroy_handle_array 0000000140008ac4 f   libucrt:osfinfo.obj
 0001:00007b14       __acrt_lowio_ensure_fh_exists 0000000140008b14 f   libucrt:osfinfo.obj
 0001:00007bcc       __acrt_lowio_lock_fh       0000000140008bcc f   libucrt:osfinfo.obj
 0001:00007bf0       __acrt_lowio_unlock_fh     0000000140008bf0 f   libucrt:osfinfo.obj
 0001:00007c14       _free_osfhnd               0000000140008c14 f   libucrt:osfinfo.obj
 0001:00007cd0       _get_osfhandle             0000000140008cd0 f   libucrt:osfinfo.obj
 0001:00007f30       __acrt_initialize_lowio    0000000140008f30 f   libucrt:ioinit.obj
 0001:00007f6c       __acrt_uninitialize_lowio  0000000140008f6c f   libucrt:ioinit.obj
 0001:00007fac       __pctype_func              0000000140008fac f   libucrt:ctype.obj
 0001:00007fdc       __acrt_locale_free_monetary 0000000140008fdc f   libucrt:initmon.obj
 0001:000080e8       __acrt_locale_free_numeric 00000001400090e8 f   libucrt:initnum.obj
 0001:00008204       __acrt_locale_free_time    0000000140009204 f   libucrt:inittime.obj
 0001:00008364       __acrt_GetStringTypeA      0000000140009364 f   libucrt:getstringtypea.obj
 0001:00008518       __acrt_add_locale_ref      0000000140009518 f   libucrt:locale_refcounting.obj
 0001:000085a8       __acrt_free_locale         00000001400095a8 f   libucrt:locale_refcounting.obj
 0001:00008740       __acrt_release_locale_ref  0000000140009740 f   libucrt:locale_refcounting.obj
 0001:000087e4       __acrt_update_thread_locale_data 00000001400097e4 f   libucrt:locale_refcounting.obj
 0001:00008854       _updatetlocinfoEx_nolock   0000000140009854 f   libucrt:locale_refcounting.obj
 0001:00008a5c       __acrt_FlsAlloc            0000000140009a5c f   libucrt:winapi_thunks.obj
 0001:00008ab4       __acrt_FlsFree             0000000140009ab4 f   libucrt:winapi_thunks.obj
 0001:00008b0c       __acrt_FlsGetValue         0000000140009b0c f   libucrt:winapi_thunks.obj
 0001:00008b64       __acrt_FlsSetValue         0000000140009b64 f   libucrt:winapi_thunks.obj
 0001:00008bcc       __acrt_InitializeCriticalSectionEx 0000000140009bcc f   libucrt:winapi_thunks.obj
 0001:00008c44       __acrt_LCMapStringEx       0000000140009c44 f   libucrt:winapi_thunks.obj
 0001:00008d34       __acrt_LocaleNameToLCID    0000000140009d34 f   libucrt:winapi_thunks.obj
 0001:00008d9c       __acrt_initialize_winapi_thunks 0000000140009d9c f   libucrt:winapi_thunks.obj
 0001:00008dd4       __acrt_uninitialize_winapi_thunks 0000000140009dd4 f   libucrt:winapi_thunks.obj
 0001:00008e18       _recalloc                  0000000140009e18 f   libucrt:recalloc.obj
 0001:00008e20       _recalloc_base             0000000140009e20 f   libucrt:recalloc.obj
 0001:00008eb8       __acrt_initialize_heap     0000000140009eb8 f   libucrt:heap_handle.obj
 0001:00008ed4       __acrt_uninitialize_heap   0000000140009ed4 f   libucrt:heap_handle.obj
 0001:00008ee0       __acrt_execute_initializers 0000000140009ee0 f   libucrt:shared_initialization.obj
 0001:00008f74       __acrt_execute_uninitializers 0000000140009f74 f   libucrt:shared_initialization.obj
 0001:00008fc4       __acrt_initialize_new_handler 0000000140009fc4 f   libucrt:new_handler.obj
 0001:00008fcc       _callnewh                  0000000140009fcc f   libucrt:new_handler.obj
 0001:0000900c       _query_new_handler         000000014000a00c f   libucrt:new_handler.obj
 0001:00009040       ??$?RV<lambda_c36588078e9f5dfd39652860aa6b3aaf>@@AEAV<lambda_ec61778202f4f5fc7e7711acc23c3bca>@@V<lambda_dc9d2797ccde5d239b4a0efae8ebd7db>@@@?$__crt_seh_guarded_call@P6AXH@Z@@QEAAP6AXH@Z$$QEAV<lambda_c36588078e9f5dfd39652860aa6b3aaf>@@AEAV<lambda_ec61778202f4f5fc7e7711acc23c3bca>@@$$QEAV<lambda_dc9d2797ccde5d239b4a0efae8ebd7db>@@@Z 000000014000a040 f i libucrt:signal.obj
 0001:00009088       __acrt_get_sigabrt_handler 000000014000a088 f   libucrt:signal.obj
 0001:000090b8       __acrt_initialize_signal_handlers 000000014000a0b8 f   libucrt:signal.obj
 0001:000090d8       raise                      000000014000a0d8 f   libucrt:signal.obj
 0001:00009374       _mbtowc_l                  000000014000a374 f   libucrt:mbtowc.obj
 0001:000094bc       mbtowc                     000000014000a4bc f   libucrt:mbtowc.obj
 0001:000094c4       __acrt_update_locale_info  000000014000a4c4 f   libucrt:locale_update.obj
 0001:000094f8       __acrt_update_multibyte_info 000000014000a4f8 f   libucrt:locale_update.obj
 0001:0000952c       _fileno                    000000014000a52c f   libucrt:fileno.obj
 0001:00009554       __acrt_initialize_stdio    000000014000a554 f   libucrt:_file.obj
 0001:00009674       __acrt_uninitialize_stdio  000000014000a674 f   libucrt:_file.obj
 0001:000096d0       _lock_file                 000000014000a6d0 f   libucrt:_file.obj
 0001:000096dc       _unlock_file               000000014000a6dc f   libucrt:_file.obj
 0001:0000980c       _handle_error              000000014000a80c f   libucrt:libm_error.obj
 0001:00009934       _handle_errorf             000000014000a934 f   libucrt:libm_error.obj
 0001:00009b40       qsort                      000000014000ab40 f   libucrt:qsort.obj
 0001:00009e74       strncpy_s                  000000014000ae74 f   libucrt:strncpy_s.obj
 0001:00009f48       strpbrk                    000000014000af48 f   libucrt:strpbrk.obj
 0001:00009fe8       _mbsdec                    000000014000afe8 f   libucrt:mbsdec.obj
 0001:00009ff0       _mbsdec_l                  000000014000aff0 f   libucrt:mbsdec.obj
 0001:0000a3fc       __acrt_LCMapStringA        000000014000b3fc f   libucrt:lcmapstringa.obj
 0001:0000a55c       __acrt_DownlevelLocaleNameToLCID 000000014000b55c f   libucrt:lcidtoname_downlevel.obj
 0001:0000a590       _msize                     000000014000b590 f   libucrt:msize.obj
 0001:0000a5cc       _realloc_base              000000014000b5cc f   libucrt:realloc_base.obj
 0001:0000a650       _isatty                    000000014000b650 f   libucrt:isatty.obj
 0001:0000a6b0       __acrt_stdio_flush_nolock  000000014000b6b0 f   libucrt:fflush.obj
 0001:0000a720       _fflush_nolock             000000014000b720 f   libucrt:fflush.obj
 0001:0000a76c       _flushall                  000000014000b76c f   libucrt:fflush.obj
 0001:0000a85c       _isleadbyte_l              000000014000b85c f i libucrt:_wctype.obj
 0001:0000a89c       _fcloseall                 000000014000b89c f   libucrt:closeall.obj
 0001:0000a950       __acrt_stdio_free_buffer_nolock 000000014000b950 f   libucrt:_freebuf.obj
 0001:0000a990       _raise_exc                 000000014000b990 f   libucrt:fpexcept.obj
 0001:0000a9b8       _raise_exc_ex              000000014000b9b8 f   libucrt:fpexcept.obj
 0001:0000acc0       _raise_excf                000000014000bcc0 f   libucrt:fpexcept.obj
 0001:0000acec       _set_errno_from_matherr    000000014000bcec f   libucrt:fpexcept.obj
 0001:0000ad1c       _clrfp                     000000014000bd1c f   libucrt:fpctrl.obj
 0001:0000ad3c       _ctrlfp                    000000014000bd3c f   libucrt:fpctrl.obj
 0001:0000adb8       _set_statfp                000000014000bdb8 f   libucrt:fpctrl.obj
 0001:0000add8       _statfp                    000000014000bdd8 f   libucrt:fpctrl.obj
 0001:0000adec       __strncnt                  000000014000bdec f   libucrt:strncnt.obj
 0001:0000ae04       ??$?RV<lambda_b521505b218e5242e90febf6bfebc422>@@AEAV<lambda_6978c1fb23f02e42e1d9e99668cc68aa>@@V<lambda_314360699dd331753a4119843814e9a7>@@@?$__crt_seh_guarded_call@H@@QEAAH$$QEAV<lambda_b521505b218e5242e90febf6bfebc422>@@AEAV<lambda_6978c1fb23f02e42e1d9e99668cc68aa>@@$$QEAV<lambda_314360699dd331753a4119843814e9a7>@@@Z 000000014000be04 f i libucrt:commit.obj
 0001:0000ae90       _commit                    000000014000be90 f   libucrt:commit.obj
 0001:0000b4c4       _write                     000000014000c4c4 f   libucrt:write.obj
 0001:0000b5b0       _write_nolock              000000014000c5b0 f   libucrt:write.obj
 0001:0000b8a0       log10                      000000014000c8a0 f   libucrt:log10.obj
 0001:0000bee8       _lseeki64_nolock           000000014000cee8 f   libucrt:lseek.obj
 0001:0000bef0       _fclose_nolock             000000014000cef0 f   libucrt:fclose.obj
 0001:0000bf74       fclose                     000000014000cf74 f   libucrt:fclose.obj
 0001:0000bff0       _get_fpsr                  000000014000cff0 f   libucrt:fpsr.obj
 0001:0000c000       _set_fpsr                  000000014000d000 f   libucrt:fpsr.obj
 0001:0000c00a       _fclrf                     000000014000d00a f   libucrt:fpsr.obj
 0001:0000c01e       _frnd                      000000014000d01e f   libucrt:fpsr.obj
 0001:0000c040       _putwch_nolock             000000014000d040 f   libucrt:putwch.obj
 0001:0000c0a0       _log10_special             000000014000d0a0 f   libucrt:log_special.obj
 0001:0000c158       ??$?RV<lambda_bfedae4ebbf01fab1bb6dcc6a9e276e0>@@AEAV<lambda_2fe9b910cf3cbf4a0ab98a02ba45b3ec>@@V<lambda_237c231691f317818eb88cc1d5d642d6>@@@?$__crt_seh_guarded_call@H@@QEAAH$$QEAV<lambda_bfedae4ebbf01fab1bb6dcc6a9e276e0>@@AEAV<lambda_2fe9b910cf3cbf4a0ab98a02ba45b3ec>@@$$QEAV<lambda_237c231691f317818eb88cc1d5d642d6>@@@Z 000000014000d158 f i libucrt:close.obj
 0001:0000c1cc       _close                     000000014000d1cc f   libucrt:close.obj
 0001:0000c270       _close_nolock              000000014000d270 f   libucrt:close.obj
 0001:0000c32c       ?__acrt_stdio_free_stream@@YAXV__crt_stdio_stream@@@Z 000000014000d32c f   libucrt:stream.obj
 0001:0000c370       __dcrt_lowio_initialize_console_output 000000014000d370 f   libucrt:initcon.obj
 0001:0000c3ac       __dcrt_terminate_console_output 000000014000d3ac f   libucrt:initcon.obj
 0001:0000c3d0       _FindPESection             000000014000d3d0 f   LIBCMT:pesect.obj
 0001:0000c420       _IsNonwritableInCurrentImage 000000014000d420 f   LIBCMT:pesect.obj
 0001:0000c470       _ValidateImageBase         000000014000d470 f   LIBCMT:pesect.obj
 0001:0000c4b0       __chkstk                   000000014000d4b0 f   LIBCMT:_chkstk_.obj
 0001:0000c4b0       _alloca_probe              000000014000d4b0 f   LIBCMT:_chkstk_.obj
 0001:0000c502       RtlUnwindEx                000000014000d502 f   kernel32:KERNEL32.dll
 0001:0000c508       SystemFunction036          000000014000d508 f   advapi32:ADVAPI32.dll
 0001:0000c520       memcmp                     000000014000d520 f   libvcruntime:memcmp.obj
 0001:0000c600       memcpy                     000000014000d600 f   libvcruntime:memcpy.obj
 0001:0000c600       memmove                    000000014000d600 f   libvcruntime:memcpy.obj
 0001:0000ca50       _guard_dispatch_icall_nop  000000014000da50 f   LIBCMT:_guard_dispatch_.obj
 0002:00000000       __imp_SystemFunction036    000000014000e000     advapi32:ADVAPI32.dll
 0002:00000008       \177ADVAPI32_NULL_THUNK_DATA 000000014000e008     advapi32:ADVAPI32.dll
 0002:00000010       __imp_StretchDIBits        000000014000e010     gdi32:GDI32.dll
 0002:00000018       \177GDI32_NULL_THUNK_DATA  000000014000e018     gdi32:GDI32.dll
 0002:00000020       __imp_SetFilePointerEx     000000014000e020     kernel32:KERNEL32.dll
 0002:00000028       __imp_GetConsoleMode       000000014000e028     kernel32:KERNEL32.dll
 0002:00000030       __imp_WriteConsoleW        000000014000e030     kernel32:KERNEL32.dll
 0002:00000038       __imp_FlushFileBuffers     000000014000e038     kernel32:KERNEL32.dll
 0002:00000040       __imp_RaiseException       000000014000e040     kernel32:KERNEL32.dll
 0002:00000048       __imp_HeapReAlloc          000000014000e048     kernel32:KERNEL32.dll
 0002:00000050       __imp_HeapSize             000000014000e050     kernel32:KERNEL32.dll
 0002:00000058       __imp_CreateFileW          000000014000e058     kernel32:KERNEL32.dll
 0002:00000060       __imp_GetConsoleCP         000000014000e060     kernel32:KERNEL32.dll
 0002:00000068       __imp_CreateFileA          000000014000e068     kernel32:KERNEL32.dll
 0002:00000070       __imp_GetFileSizeEx        000000014000e070     kernel32:KERNEL32.dll
 0002:00000078       __imp_ReadFile             000000014000e078     kernel32:KERNEL32.dll
 0002:00000080       __imp_WriteFile            000000014000e080     kernel32:KERNEL32.dll
 0002:00000088       __imp_OutputDebugStringA   000000014000e088     kernel32:KERNEL32.dll
 0002:00000090       __imp_CloseHandle          000000014000e090     kernel32:KERNEL32.dll
 0002:00000098       __imp_QueryPerformanceCounter 000000014000e098     kernel32:KERNEL32.dll
 0002:000000a0       __imp_QueryPerformanceFrequency 000000014000e0a0     kernel32:KERNEL32.dll
 0002:000000a8       __imp_VirtualAlloc         000000014000e0a8     kernel32:KERNEL32.dll
 0002:000000b0       __imp_VirtualFree          000000014000e0b0     kernel32:KERNEL32.dll
 0002:000000b8       __imp_GetProcAddress       000000014000e0b8     kernel32:KERNEL32.dll
 0002:000000c0       __imp_LoadLibraryA         000000014000e0c0     kernel32:KERNEL32.dll
 0002:000000c8       __imp_RtlCaptureContext    000000014000e0c8     kernel32:KERNEL32.dll
 0002:000000d0       __imp_RtlLookupFunctionEntry 000000014000e0d0     kernel32:KERNEL32.dll
 0002:000000d8       __imp_RtlVirtualUnwind     000000014000e0d8     kernel32:KERNEL32.dll
 0002:000000e0       __imp_UnhandledExceptionFilter 000000014000e0e0     kernel32:KERNEL32.dll
 0002:000000e8       __imp_SetUnhandledExceptionFilter 000000014000e0e8     kernel32:KERNEL32.dll
 0002:000000f0       __imp_GetCurrentProcess    000000014000e0f0     kernel32:KERNEL32.dll
 0002:000000f8       __imp_TerminateProcess     000000014000e0f8     kernel32:KERNEL32.dll
 0002:00000100       __imp_IsProcessorFeaturePresent 000000014000e100     kernel32:KERNEL32.dll
 0002:00000108       __imp_GetCurrentProcessId  000000014000e108     kernel32:KERNEL32.dll
 0002:00000110       __imp_GetCurrentThreadId   000000014000e110     kernel32:KERNEL32.dll
 0002:00000118       __imp_GetSystemTimeAsFileTime 000000014000e118     kernel32:KERNEL32.dll
 0002:00000120       __imp_InitializeSListHead  000000014000e120     kernel32:KERNEL32.dll
 0002:00000128       __imp_IsDebuggerPresent    000000014000e128     kernel32:KERNEL32.dll
 0002:00000130       __imp_GetStartupInfoW      000000014000e130     kernel32:KERNEL32.dll
 0002:00000138       __imp_GetModuleHandleW     000000014000e138     kernel32:KERNEL32.dll
 0002:00000140       __imp_GetLastError         000000014000e140     kernel32:KERNEL32.dll
 0002:00000148       __imp_GetModuleFileNameW   000000014000e148     kernel32:KERNEL32.dll
 0002:00000150       __imp_RtlUnwindEx          000000014000e150     kernel32:KERNEL32.dll
 0002:00000158       __imp_InitializeCriticalSectionAndSpinCount 000000014000e158     kernel32:KERNEL32.dll
 0002:00000160       __imp_TlsAlloc             000000014000e160     kernel32:KERNEL32.dll
 0002:00000168       __imp_TlsGetValue          000000014000e168     kernel32:KERNEL32.dll
 0002:00000170       __imp_TlsSetValue          000000014000e170     kernel32:KERNEL32.dll
 0002:00000178       __imp_TlsFree              000000014000e178     kernel32:KERNEL32.dll
 0002:00000180       __imp_FreeLibrary          000000014000e180     kernel32:KERNEL32.dll
 0002:00000188       __imp_LoadLibraryExW       000000014000e188     kernel32:KERNEL32.dll
 0002:00000190       __imp_SetLastError         000000014000e190     kernel32:KERNEL32.dll
 0002:00000198       __imp_EnterCriticalSection 000000014000e198     kernel32:KERNEL32.dll
 0002:000001a0       __imp_LeaveCriticalSection 000000014000e1a0     kernel32:KERNEL32.dll
 0002:000001a8       __imp_DeleteCriticalSection 000000014000e1a8     kernel32:KERNEL32.dll
 0002:000001b0       __imp_GetStdHandle         000000014000e1b0     kernel32:KERNEL32.dll
 0002:000001b8       __imp_GetModuleFileNameA   000000014000e1b8     kernel32:KERNEL32.dll
 0002:000001c0       __imp_MultiByteToWideChar  000000014000e1c0     kernel32:KERNEL32.dll
 0002:000001c8       __imp_WideCharToMultiByte  000000014000e1c8     kernel32:KERNEL32.dll
 0002:000001d0       __imp_ExitProcess          000000014000e1d0     kernel32:KERNEL32.dll
 0002:000001d8       __imp_GetModuleHandleExW   000000014000e1d8     kernel32:KERNEL32.dll
 0002:000001e0       __imp_GetACP               000000014000e1e0     kernel32:KERNEL32.dll
 0002:000001e8       __imp_HeapFree             000000014000e1e8     kernel32:KERNEL32.dll
 0002:000001f0       __imp_HeapAlloc            000000014000e1f0     kernel32:KERNEL32.dll
 0002:000001f8       __imp_FindClose            000000014000e1f8     kernel32:KERNEL32.dll
 0002:00000200       __imp_FindFirstFileExA     000000014000e200     kernel32:KERNEL32.dll
 0002:00000208       __imp_FindNextFileA        000000014000e208     kernel32:KERNEL32.dll
 0002:00000210       __imp_IsValidCodePage      000000014000e210     kernel32:KERNEL32.dll
 0002:00000218       __imp_GetOEMCP             000000014000e218     kernel32:KERNEL32.dll
 0002:00000220       __imp_GetCPInfo            000000014000e220     kernel32:KERNEL32.dll
 0002:00000228       __imp_GetCommandLineA      000000014000e228     kernel32:KERNEL32.dll
 0002:00000230       __imp_GetCommandLineW      000000014000e230     kernel32:KERNEL32.dll
 0002:00000238       __imp_GetEnvironmentStringsW 000000014000e238     kernel32:KERNEL32.dll
 0002:00000240       __imp_FreeEnvironmentStringsW 000000014000e240     kernel32:KERNEL32.dll
 0002:00000248       __imp_SetStdHandle         000000014000e248     kernel32:KERNEL32.dll
 0002:00000250       __imp_GetFileType          000000014000e250     kernel32:KERNEL32.dll
 0002:00000258       __imp_GetStringTypeW       000000014000e258     kernel32:KERNEL32.dll
 0002:00000260       __imp_LCMapStringW         000000014000e260     kernel32:KERNEL32.dll
 0002:00000268       __imp_GetProcessHeap       000000014000e268     kernel32:KERNEL32.dll
 0002:00000270       \177KERNEL32_NULL_THUNK_DATA 000000014000e270     kernel32:KERNEL32.dll
 0002:00000278       __imp_GetClientRect        000000014000e278     user32:USER32.dll
 0002:00000280       __imp_EndPaint             000000014000e280     user32:USER32.dll
 0002:00000288       __imp_BeginPaint           000000014000e288     user32:USER32.dll
 0002:00000290       __imp_GetDC                000000014000e290     user32:USER32.dll
 0002:00000298       __imp_CreateWindowExA      000000014000e298     user32:USER32.dll
 0002:000002a0       __imp_RegisterClassA       000000014000e2a0     user32:USER32.dll
 0002:000002a8       __imp_DefWindowProcA       000000014000e2a8     user32:USER32.dll
 0002:000002b0       __imp_PeekMessageA         000000014000e2b0     user32:USER32.dll
 0002:000002b8       __imp_DispatchMessageA     000000014000e2b8     user32:USER32.dll
 0002:000002c0       __imp_TranslateMessage     000000014000e2c0     user32:USER32.dll
 0002:000002c8       \177USER32_NULL_THUNK_DATA 000000014000e2c8     user32:USER32.dll
 0002:000002d0       __guard_check_icall_fptr   000000014000e2d0     LIBCMT:guard_support.obj
 0002:000002d8       __guard_dispatch_icall_fptr 000000014000e2d8     LIBCMT:guard_support.obj
 0002:000002e0       __xc_a                     000000014000e2e0     LIBCMT:initializers.obj
 0002:000002f0       __xc_z                     000000014000e2f0     LIBCMT:initializers.obj
 0002:000002f8       __xi_a                     000000014000e2f8     LIBCMT:initializers.obj
 0002:00000310       __acrt_tran_fma3_initializer 000000014000e310     libucrt:fma3_initializer.obj
 0002:00000318       __acrt_multibyte_initializer 000000014000e318     libucrt:multibyte_initializer.obj
 0002:00000320       __acrt_stdio_initializer   000000014000e320     libucrt:stdio_initializer.obj
 0002:00000328       __xi_z                     000000014000e328     LIBCMT:initializers.obj
 0002:00000330       __xp_a                     000000014000e330     LIBCMT:initializers.obj
 0002:00000338       __acrt_locale_terminator   000000014000e338     libucrt:locale_initializer.obj
 0002:00000340       __dcrt_console_output_terminator 000000014000e340     libucrt:console_output_initializer.obj
 0002:00000348       __acrt_stdio_terminator    000000014000e348     libucrt:stdio_initializer.obj
 0002:00000350       __xp_z                     000000014000e350     LIBCMT:initializers.obj
 0002:00000358       __xt_a                     000000014000e358     LIBCMT:initializers.obj
 0002:00000360       __xt_z                     000000014000e360     LIBCMT:initializers.obj
 0002:000004e0       __real@00000000            000000014000e4e0     win32_handmade.obj
 0002:000004e4       __real@3f000000            000000014000e4e4     win32_handmade.obj
 0002:000004e8       __real@3f800000            000000014000e4e8     win32_handmade.obj
 0002:000004ec       __real@3fc00000            000000014000e4ec     win32_handmade.obj
 0002:000004f0       __real@40000000            000000014000e4f0     win32_handmade.obj
 0002:000004f4       __real@40800000            000000014000e4f4     win32_handmade.obj
 0002:000004f8       __real@408f400000000000    000000014000e4f8     win32_handmade.obj
 0002:00000500       __real@40c90fdb            000000014000e500     win32_handmade.obj
 0002:00000508       __real@412e848000000000    000000014000e508     win32_handmade.obj
 0002:00000510       __real@43f0000000000000    000000014000e510     win32_handmade.obj
 0002:00000518       __real@46fffe00            000000014000e518     win32_handmade.obj
 0002:0000051c       __real@47000000            000000014000e51c     win32_handmade.obj
 0002:00000520       __real@bf800000            000000014000e520     win32_handmade.obj
 0002:00000530       __xmm@80000000800000008000000080000000 000000014000e530     win32_handmade.obj
 0002:00000550       _Microsoft_CRTProvider     000000014000e550     libvcruntime:telemetry.obj
 0002:00000558       ??_C@_00CNPNBAHC@?$AA@     000000014000e558     libvcruntime:telemetry.obj
 0002:0000055c       ??_C@_11LOCGONAA@?$AA?$AA@ 000000014000e55c     libvcruntime:telemetry.obj
 0002:00000560       ??_C@_0O@JEOPJOMI@Main?5Invoked?4?$AA@ 000000014000e560     libvcruntime:telemetry.obj
 0002:00000570       ??_C@_0P@NEAEIBDO@Main?5Returned?4?$AA@ 000000014000e570     libvcruntime:telemetry.obj
 0002:000005a0       ??_C@_1BC@DNHGCMLG@?$AAa?$AAd?$AAv?$AAa?$AAp?$AAi?$AA3?$AA2?$AA?$AA@ 000000014000e5a0     libvcruntime:winapi_downlevel.obj
 0002:000005b8       ??_C@_1DM@KHCHBNEB@?$AAa?$AAp?$AAi?$AA?9?$AAm?$AAs?$AA?9?$AAw?$AAi?$AAn?$AA?9?$AAc?$AAo?$AAr?$AAe?$AA?9?$AAf?$AAi?$AAb?$AAe?$AAr?$AAs?$AA?9?$AAl?$AA1?$AA?9?$AA1?$AA?9?$AA1?$AA?$AA@ 000000014000e5b8     libvcruntime:winapi_downlevel.obj
 0002:000005f8       ??_C@_1DK@LPPGFMPP@?$AAa?$AAp?$AAi?$AA?9?$AAm?$AAs?$AA?9?$AAw?$AAi?$AAn?$AA?9?$AAc?$AAo?$AAr?$AAe?$AA?9?$AAs?$AAy?$AAn?$AAc?$AAh?$AA?9?$AAl?$AA1?$AA?9?$AA2?$AA?9?$AA0?$AA?$AA@ 000000014000e5f8     libvcruntime:winapi_downlevel.obj
 0002:00000638       ??_C@_1BC@GDMECMAK@?$AAk?$AAe?$AAr?$AAn?$AAe?$AAl?$AA3?$AA2?$AA?$AA@ 000000014000e638     libvcruntime:winapi_downlevel.obj
 0002:00000650       ??_C@_0O@BAMBGLIE@EventRegister?$AA@ 000000014000e650     libvcruntime:winapi_downlevel.obj
 0002:00000668       ??_C@_0BE@BJEEGHGK@EventSetInformation?$AA@ 000000014000e668     libvcruntime:winapi_downlevel.obj
 0002:00000680       ??_C@_0BA@FAKLIPIC@EventUnregister?$AA@ 000000014000e680     libvcruntime:winapi_downlevel.obj
 0002:00000698       ??_C@_0BD@PKLHJPHD@EventWriteTransfer?$AA@ 000000014000e698     libvcruntime:winapi_downlevel.obj
 0002:000006b8       ??_C@_08KNHFBNJ@FlsAlloc?$AA@ 000000014000e6b8     libvcruntime:winapi_downlevel.obj
 0002:000006d0       ??_C@_07PEJMOBNF@FlsFree?$AA@ 000000014000e6d0     libvcruntime:winapi_downlevel.obj
 0002:000006d8       ??_C@_0M@GDNOONDI@FlsGetValue?$AA@ 000000014000e6d8     libvcruntime:winapi_downlevel.obj
 0002:000006f0       ??_C@_0M@JCPCPOEF@FlsSetValue?$AA@ 000000014000e6f0     libvcruntime:winapi_downlevel.obj
 0002:00000708       ??_C@_0BM@HCFOFFN@InitializeCriticalSectionEx?$AA@ 000000014000e708     libvcruntime:winapi_downlevel.obj
 0002:00000728       ??_C@_0CA@GCEOPDGL@?$GAeh?5vector?5destructor?5iterator?8?$AA@ 000000014000e728     libvcruntime:undname.obj
 0002:00000748       ??_C@_0CH@OOJPLCPH@?$GAeh?5vector?5vbase?5constructor?5ite@ 000000014000e748     libvcruntime:undname.obj
 0002:00000770       ??_C@_0BL@LLKPOHJI@?$GAcopy?5constructor?5closure?8?$AA@ 000000014000e770     libvcruntime:undname.obj
 0002:00000790       ??_C@_0BA@KBCDOMBN@?$GAudt?5returning?8?$AA@ 000000014000e790     libvcruntime:undname.obj
 0002:000007a0       ??_C@_03KLGMFNMG@?$GAEH?$AA@ 000000014000e7a0     libvcruntime:undname.obj
 0002:000007a4       ??_C@_05KHLCHHI@?$GARTTI?$AA@ 000000014000e7a4     libvcruntime:undname.obj
 0002:000007b0       ??_C@_0BA@KKLDJDLB@?$GAlocal?5vftable?8?$AA@ 000000014000e7b0     libvcruntime:undname.obj
 0002:000007c0       ??_C@_0CE@IIHCMGGL@?$GAlocal?5vftable?5constructor?5closu@ 000000014000e7c0     libvcruntime:undname.obj
 0002:000007e4       ??_C@_06FHBGPFGH@?5new?$FL?$FN?$AA@ 000000014000e7e4     libvcruntime:undname.obj
 0002:000007f0       ??_C@_09LBNFPBCA@?5delete?$FL?$FN?$AA@ 000000014000e7f0     libvcruntime:undname.obj
 0002:00000800       ??_C@_0P@HJKNJFNN@?$GAomni?5callsig?8?$AA@ 000000014000e800     libvcruntime:undname.obj
 0002:00000810       ??_C@_0BL@CNOONJFP@?$GAplacement?5delete?5closure?8?$AA@ 000000014000e810     libvcruntime:undname.obj
 0002:00000830       ??_C@_0BN@CKNJLHMB@?$GAplacement?5delete?$FL?$FN?5closure?8?$AA@ 000000014000e830     libvcruntime:undname.obj
 0002:00000850       ??_C@_0CG@CFDHKGGD@?$GAmanaged?5vector?5constructor?5iter@ 000000014000e850     libvcruntime:undname.obj
 0002:00000878       ??_C@_0CF@IMGKMJNO@?$GAmanaged?5vector?5destructor?5itera@ 000000014000e878     libvcruntime:undname.obj
 0002:000008a0       ??_C@_0CG@HLDDJMAG@?$GAeh?5vector?5copy?5constructor?5iter@ 000000014000e8a0     libvcruntime:undname.obj
 0002:000008c8       ??_C@_0CM@FCBBDIGB@?$GAeh?5vector?5vbase?5copy?5constructo@ 000000014000e8c8     libvcruntime:undname.obj
 0002:000008f8       ??_C@_0BL@CLIPGLGB@?$GAdynamic?5initializer?5for?5?8?$AA@ 000000014000e8f8     libvcruntime:undname.obj
 0002:00000918       ??_C@_0CB@PDBIFEP@?$GAdynamic?5atexit?5destructor?5for?5?8@ 000000014000e918     libvcruntime:undname.obj
 0002:00000940       ??_C@_0CD@CGAJBKEJ@?$GAvector?5copy?5constructor?5iterato@ 000000014000e940     libvcruntime:undname.obj
 0002:00000968       ??_C@_0CJ@GJELGAMM@?$GAvector?5vbase?5copy?5constructor?5i@ 000000014000e968     libvcruntime:undname.obj
 0002:00000998       ??_C@_0CL@FGIJHLCE@?$GAmanaged?5vector?5copy?5constructor@ 000000014000e998     libvcruntime:undname.obj
 0002:000009c8       ??_C@_0BM@PMGGMLDN@?$GAlocal?5static?5thread?5guard?8?$AA@ 000000014000e9c8     libvcruntime:undname.obj
 0002:000009e8       ??_C@_0N@BDNMDMOL@operator?5?$CC?$CC?5?$AA@ 000000014000e9e8     libvcruntime:undname.obj
 0002:00000d28       ??_C@_0BC@DAFEJGAK@?5Type?5Descriptor?8?$AA@ 000000014000ed28     libvcruntime:undname.obj
 0002:00000d40       ??_C@_0BM@LDKODKLH@?5Base?5Class?5Descriptor?5at?5?$CI?$AA@ 000000014000ed40     libvcruntime:undname.obj
 0002:00000d60       ??_C@_0BD@LGICGFMM@?5Base?5Class?5Array?8?$AA@ 000000014000ed60     libvcruntime:undname.obj
 0002:00000d78       ??_C@_0BN@MECKDCOJ@?5Class?5Hierarchy?5Descriptor?8?$AA@ 000000014000ed78     libvcruntime:undname.obj
 0002:00000d98       ??_C@_0BK@CFCOFLF@?5Complete?5Object?5Locator?8?$AA@ 000000014000ed98     libvcruntime:undname.obj
 0002:00000db8       ??_C@_08EHJDFFNH@__based?$CI?$AA@ 000000014000edb8     libvcruntime:undname.obj
 0002:00000dc8       ??_C@_07KOLFKCDI@__cdecl?$AA@ 000000014000edc8     libvcruntime:undname.obj
 0002:00000dd0       ??_C@_08GHMPAG@__pascal?$AA@ 000000014000edd0     libvcruntime:undname.obj
 0002:00000de0       ??_C@_09IFJBGAPI@__stdcall?$AA@ 000000014000ede0     libvcruntime:undname.obj
 0002:00000df0       ??_C@_0L@NPHFGOKO@__thiscall?$AA@ 000000014000edf0     libvcruntime:undname.obj
 0002:00000e00       ??_C@_0L@JMKHOMEK@__fastcall?$AA@ 000000014000ee00     libvcruntime:undname.obj
 0002:00000e10       ??_C@_0N@BCKKPABJ@__vectorcall?$AA@ 000000014000ee10     libvcruntime:undname.obj
 0002:00000e20       ??_C@_09HIJEGCPM@__clrcall?$AA@ 000000014000ee20     libvcruntime:undname.obj
 0002:00000e2c       ??_C@_06GHPCKEAG@__eabi?$AA@ 000000014000ee2c     libvcruntime:undname.obj
 0002:00000e38       ??_C@_07JOMMBBKO@__ptr64?$AA@ 000000014000ee38     libvcruntime:undname.obj
 0002:00000e40       ??_C@_0L@PILCLIHE@__restrict?$AA@ 000000014000ee40     libvcruntime:undname.obj
 0002:00000e50       ??_C@_0M@GFIIJFMG@__unaligned?$AA@ 000000014000ee50     libvcruntime:undname.obj
 0002:00000e60       ??_C@_09DHDLOLLB@restrict?$CI?$AA@ 000000014000ee60     libvcruntime:undname.obj
 0002:00000e6c       ??_C@_04NIHEBCM@?5new?$AA@ 000000014000ee6c     libvcruntime:undname.obj
 0002:00000e78       ??_C@_07FPCDHGMM@?5delete?$AA@ 000000014000ee78     libvcruntime:undname.obj
 0002:00000e80       ??_C@_01NEMOKFLO@?$DN?$AA@ 000000014000ee80     libvcruntime:undname.obj
 0002:00000e84       ??_C@_02GPIOPFAK@?$DO?$DO?$AA@ 000000014000ee84     libvcruntime:undname.obj
 0002:00000e88       ??_C@_02FODMEDOG@?$DM?$DM?$AA@ 000000014000ee88     libvcruntime:undname.obj
 0002:00000e8c       ??_C@_01DCLJPIOD@?$CB?$AA@ 000000014000ee8c     libvcruntime:undname.obj
 0002:00000e90       ??_C@_02EGOFBIJA@?$DN?$DN?$AA@ 000000014000ee90     libvcruntime:undname.obj
 0002:00000e94       ??_C@_02FDNJECIE@?$CB?$DN?$AA@ 000000014000ee94     libvcruntime:undname.obj
 0002:00000e98       ??_C@_02GPECMEKF@?$FL?$FN?$AA@ 000000014000ee98     libvcruntime:undname.obj
 0002:00000ea0       ??_C@_08LHJFAFGD@operator?$AA@ 000000014000eea0     libvcruntime:undname.obj
 0002:00000eac       ??_C@_02HBOOOICD@?9?$DO?$AA@ 000000014000eeac     libvcruntime:undname.obj
 0002:00000eb0       ??_C@_01NBENCBCI@?$CK?$AA@ 000000014000eeb0     libvcruntime:undname.obj
 0002:00000eb4       ??_C@_02ECNGHCIF@?$CL?$CL?$AA@ 000000014000eeb4     libvcruntime:undname.obj
 0002:00000eb8       ??_C@_02BAABKJLB@?9?9?$AA@ 000000014000eeb8     libvcruntime:undname.obj
 0002:00000ebc       ??_C@_01JOAMLHOP@?9?$AA@   000000014000eebc     libvcruntime:undname.obj
 0002:00000ec0       ??_C@_01MIFGBAGJ@?$CL?$AA@ 000000014000eec0     libvcruntime:undname.obj
 0002:00000ec4       ??_C@_01HNPIGOCE@?$CG?$AA@ 000000014000eec4     libvcruntime:undname.obj
 0002:00000ec8       ??_C@_03MNHNFDLC@?9?$DO?$CK?$AA@ 000000014000eec8     libvcruntime:undname.obj
 0002:00000ecc       ??_C@_01KMDKNFGN@?1?$AA@   000000014000eecc     libvcruntime:undname.obj
 0002:00000ed0       ??_C@_01FGNFDNOH@?$CF?$AA@ 000000014000eed0     libvcruntime:undname.obj
 0002:00000ed4       ??_C@_01MNNFJEPP@?$DM?$AA@ 000000014000eed4     libvcruntime:undname.obj
 0002:00000ed8       ??_C@_02EHCHHCKH@?$DM?$DN?$AA@ 000000014000eed8     libvcruntime:undname.obj
 0002:00000edc       ??_C@_01PPODPGHN@?$DO?$AA@ 000000014000eedc     libvcruntime:undname.obj
 0002:00000ee0       ??_C@_02EEKDKGMJ@?$DO?$DN?$AA@ 000000014000eee0     libvcruntime:undname.obj
 0002:00000ee4       ??_C@_01IHBHIGKO@?0?$AA@   000000014000eee4     libvcruntime:undname.obj
 0002:00000ee8       ??_C@_02HCKGKOFO@?$CI?$CJ?$AA@ 000000014000eee8     libvcruntime:undname.obj
 0002:00000eec       ??_C@_01PJKLJHI@?$HO?$AA@  000000014000eeec     libvcruntime:undname.obj
 0002:00000ef0       ??_C@_01JKBOJNNK@?$FO?$AA@ 000000014000eef0     libvcruntime:undname.obj
 0002:00000ef4       ??_C@_01DNKMNLPK@?$HM?$AA@ 000000014000eef4     libvcruntime:undname.obj
 0002:00000ef8       ??_C@_02PPKAJPJL@?$CG?$CG?$AA@ 000000014000eef8     libvcruntime:undname.obj
 0002:00000efc       ??_C@_02NONPIBCD@?$HM?$HM?$AA@ 000000014000eefc     libvcruntime:undname.obj
 0002:00000f00       ??_C@_02FPIMKNGF@?$CK?$DN?$AA@ 000000014000ef00     libvcruntime:undname.obj
 0002:00000f04       ??_C@_02FOEOMHFC@?$CL?$DN?$AA@ 000000014000ef04     libvcruntime:undname.obj
 0002:00000f08       ??_C@_02FKMDLLOA@?9?$DN?$AA@ 000000014000ef08     libvcruntime:undname.obj
 0002:00000f0c       ??_C@_02FJEHGPIO@?1?$DN?$AA@ 000000014000ef0c     libvcruntime:undname.obj
 0002:00000f10       ??_C@_02FENAOKFI@?$CF?$DN?$AA@ 000000014000ef10     libvcruntime:undname.obj
 0002:00000f14       ??_C@_03IKFCCPFF@?$DO?$DO?$DN?$AA@ 000000014000ef14     libvcruntime:undname.obj
 0002:00000f18       ??_C@_03CDNPDDLA@?$DM?$DM?$DN?$AA@ 000000014000ef18     libvcruntime:undname.obj
 0002:00000f1c       ??_C@_02FGJGFEAB@?$CG?$DN?$AA@ 000000014000ef1c     libvcruntime:undname.obj
 0002:00000f20       ??_C@_02DHLNPPGH@?$HM?$DN?$AA@ 000000014000ef20     libvcruntime:undname.obj
 0002:00000f24       ??_C@_02MHEGNOJ@?$FO?$DN?$AA@ 000000014000ef24     libvcruntime:undname.obj
 0002:00000f28       ??_C@_09IFPLHPGF@?$GAvftable?8?$AA@ 000000014000ef28     libvcruntime:undname.obj
 0002:00000f38       ??_C@_09BLBHBJP@?$GAvbtable?8?$AA@ 000000014000ef38     libvcruntime:undname.obj
 0002:00000f48       ??_C@_07FEEIOKP@?$GAvcall?8?$AA@ 000000014000ef48     libvcruntime:undname.obj
 0002:00000f50       ??_C@_08LLFFHHDJ@?$GAtypeof?8?$AA@ 000000014000ef50     libvcruntime:undname.obj
 0002:00000f60       ??_C@_0BF@KDPPACIK@?$GAlocal?5static?5guard?8?$AA@ 000000014000ef60     libvcruntime:undname.obj
 0002:00000f78       ??_C@_08OBABFOLI@?$GAstring?8?$AA@ 000000014000ef78     libvcruntime:undname.obj
 0002:00000f88       ??_C@_0BD@JDLKDPAB@?$GAvbase?5destructor?8?$AA@ 000000014000ef88     libvcruntime:undname.obj
 0002:00000fa0       ??_C@_0BN@DEGPLNFK@?$GAvector?5deleting?5destructor?8?$AA@ 000000014000efa0     libvcruntime:undname.obj
 0002:00000fc0       ??_C@_0BO@OBMKPJIG@?$GAdefault?5constructor?5closure?8?$AA@ 000000014000efc0     libvcruntime:undname.obj
 0002:00000fe0       ??_C@_0BN@IMDCHIKM@?$GAscalar?5deleting?5destructor?8?$AA@ 000000014000efe0     libvcruntime:undname.obj
 0002:00001000       ??_C@_0BO@PFGOCPJJ@?$GAvector?5constructor?5iterator?8?$AA@ 000000014000f000     libvcruntime:undname.obj
 0002:00001020       ??_C@_0BN@LFPFMEDL@?$GAvector?5destructor?5iterator?8?$AA@ 000000014000f020     libvcruntime:undname.obj
 0002:00001040       ??_C@_0CE@IKBNEHA@?$GAvector?5vbase?5constructor?5iterat@ 000000014000f040     libvcruntime:undname.obj
 0002:00001068       ??_C@_0BL@NILFHHPC@?$GAvirtual?5displacement?5map?8?$AA@ 000000014000f068     libvcruntime:undname.obj
 0002:00001088       ??_C@_0CB@JONCMFFK@?$GAeh?5vector?5constructor?5iterator?8@ 000000014000f088     libvcruntime:undname.obj
 0002:000011e0       __acrt_exception_action_table 000000014000f1e0     libucrt:exception_filter.obj
 0002:000012a0       __acrt_signal_action_table_count 000000014000f2a0     libucrt:exception_filter.obj
 0002:000012a8       __acrt_signal_action_first_fpe_index 000000014000f2a8     libucrt:exception_filter.obj
 0002:000012b0       __acrt_signal_action_fpe_count 000000014000f2b0     libucrt:exception_filter.obj
 0002:000012b8       ??_C@_1BI@BGOHAHKC@?$AAm?$AAs?$AAc?$AAo?$AAr?$AAe?$AAe?$AA?4?$AAd?$AAl?$AAl?$AA?$AA@ 000000014000f2b8     libucrt:exit.obj
 0002:000012d0       ??_C@_0P@MIGLKIOC@CorExitProcess?$AA@ 000000014000f2d0     libucrt:exit.obj
 0002:000013d0       __Lcosfarray               000000014000f3d0     libucrt:lsincosf_array.obj
 0002:00001400       __Lsinfarray               000000014000f400     libucrt:lsincosf_array.obj
 0002:00001420       __L_2_by_pi_bits           000000014000f420     libucrt:l2_by_pi_bits.obj
 0002:00001570       ??_C@_04LAGPAAHP@sinf?$AA@ 000000014000f570     libucrt:sincos_special.obj
 0002:00001598       ??_C@_1M@HPNHIDJI@?$AAj?$AAa?$AA?9?$AAJ?$AAP?$AA?$AA@ 000000014000f598     libucrt:mbctype.obj
 0002:000015a8       ??_C@_1M@BIBDDEMK@?$AAz?$AAh?$AA?9?$AAC?$AAN?$AA?$AA@ 000000014000f5a8     libucrt:mbctype.obj
 0002:000015b8       ??_C@_1M@JLOOOEGK@?$AAk?$AAo?$AA?9?$AAK?$AAR?$AA?$AA@ 000000014000f5b8     libucrt:mbctype.obj
 0002:000015c8       ??_C@_1M@CLNBBOPM@?$AAz?$AAh?$AA?9?$AAT?$AAW?$AA?$AA@ 000000014000f5c8     libucrt:mbctype.obj
 0002:000015e0       __newctype                 000000014000f5e0     libucrt:ctype.obj
 0002:000018e0       __newclmap                 000000014000f8e0     libucrt:ctype.obj
 0002:00001a60       __newcumap                 000000014000fa60     libucrt:ctype.obj
 0002:00001be0       ??_C@_03KOEHGMDN@Sun?$AA@  000000014000fbe0     libucrt:nlsdata.obj
 0002:00001be4       ??_C@_03PDAGKDH@Mon?$AA@   000000014000fbe4     libucrt:nlsdata.obj
 0002:00001be8       ??_C@_03NAGEINEP@Tue?$AA@  000000014000fbe8     libucrt:nlsdata.obj
 0002:00001bec       ??_C@_03MHOMLAJA@Wed?$AA@  000000014000fbec     libucrt:nlsdata.obj
 0002:00001bf0       ??_C@_03IOFIKPDN@Thu?$AA@  000000014000fbf0     libucrt:nlsdata.obj
 0002:00001bf4       ??_C@_03IDIOELNC@Fri?$AA@  000000014000fbf4     libucrt:nlsdata.obj
 0002:00001bf8       ??_C@_03FEFJNEK@Sat?$AA@   000000014000fbf8     libucrt:nlsdata.obj
 0002:00001bfc       ??_C@_06OOPIFAJ@Sunday?$AA@ 000000014000fbfc     libucrt:nlsdata.obj
 0002:00001c04       ??_C@_06JLEDEDGH@Monday?$AA@ 000000014000fc04     libucrt:nlsdata.obj
 0002:00001c10       ??_C@_07BAAGCFCM@Tuesday?$AA@ 000000014000fc10     libucrt:nlsdata.obj
 0002:00001c18       ??_C@_09DLIGFAKA@Wednesday?$AA@ 000000014000fc18     libucrt:nlsdata.obj
 0002:00001c28       ??_C@_08HACCIKIA@Thursday?$AA@ 000000014000fc28     libucrt:nlsdata.obj
 0002:00001c34       ??_C@_06JECMNKMI@Friday?$AA@ 000000014000fc34     libucrt:nlsdata.obj
 0002:00001c40       ??_C@_08INBOOONO@Saturday?$AA@ 000000014000fc40     libucrt:nlsdata.obj
 0002:00001c4c       ??_C@_03JIHJHPIE@Jan?$AA@  000000014000fc4c     libucrt:nlsdata.obj
 0002:00001c50       ??_C@_03HJBDCHOM@Feb?$AA@  000000014000fc50     libucrt:nlsdata.obj
 0002:00001c54       ??_C@_03ODNJBKGA@Mar?$AA@  000000014000fc54     libucrt:nlsdata.obj
 0002:00001c58       ??_C@_03LEOLGMJP@Apr?$AA@  000000014000fc58     libucrt:nlsdata.obj
 0002:00001c5c       ??_C@_03CNMDKL@May?$AA@    000000014000fc5c     libucrt:nlsdata.obj
 0002:00001c60       ??_C@_03IDFGHECI@Jun?$AA@  000000014000fc60     libucrt:nlsdata.obj
 0002:00001c64       ??_C@_03LBGABGKK@Jul?$AA@  000000014000fc64     libucrt:nlsdata.obj
 0002:00001c68       ??_C@_03IFJFEIGA@Aug?$AA@  000000014000fc68     libucrt:nlsdata.obj
 0002:00001c6c       ??_C@_03GGCAPAJC@Sep?$AA@  000000014000fc6c     libucrt:nlsdata.obj
 0002:00001c70       ??_C@_03BMAOKBAD@Oct?$AA@  000000014000fc70     libucrt:nlsdata.obj
 0002:00001c74       ??_C@_03JPJOFNIA@Nov?$AA@  000000014000fc74     libucrt:nlsdata.obj
 0002:00001c78       ??_C@_03MKABNOCG@Dec?$AA@  000000014000fc78     libucrt:nlsdata.obj
 0002:00001c80       ??_C@_07CGJPFGJA@January?$AA@ 000000014000fc80     libucrt:nlsdata.obj
 0002:00001c88       ??_C@_08GNJGEPFN@February?$AA@ 000000014000fc88     libucrt:nlsdata.obj
 0002:00001c94       ??_C@_05HPCKOFNC@March?$AA@ 000000014000fc94     libucrt:nlsdata.obj
 0002:00001c9c       ??_C@_05DMJDNLEJ@April?$AA@ 000000014000fc9c     libucrt:nlsdata.obj
 0002:00001ca4       ??_C@_04CNLMGBGM@June?$AA@ 000000014000fca4     libucrt:nlsdata.obj
 0002:00001cac       ??_C@_04MIEPOIFP@July?$AA@ 000000014000fcac     libucrt:nlsdata.obj
 0002:00001cb4       ??_C@_06LBBHFDDG@August?$AA@ 000000014000fcb4     libucrt:nlsdata.obj
 0002:00001cc0       ??_C@_09BHHEALKD@September?$AA@ 000000014000fcc0     libucrt:nlsdata.obj
 0002:00001cd0       ??_C@_07JJNFCEND@October?$AA@ 000000014000fcd0     libucrt:nlsdata.obj
 0002:00001cd8       ??_C@_08HCHEGEOA@November?$AA@ 000000014000fcd8     libucrt:nlsdata.obj
 0002:00001ce8       ??_C@_08EDHMEBNP@December?$AA@ 000000014000fce8     libucrt:nlsdata.obj
 0002:00001cf4       ??_C@_02DEDBPAFC@AM?$AA@   000000014000fcf4     libucrt:nlsdata.obj
 0002:00001cf8       ??_C@_02CJNFDJBF@PM?$AA@   000000014000fcf8     libucrt:nlsdata.obj
 0002:00001d00       ??_C@_08BPBNCDIB@MM?1dd?1yy?$AA@ 000000014000fd00     libucrt:nlsdata.obj
 0002:00001d10       ??_C@_0BE@CKGJFCPC@dddd?0?5MMMM?5dd?0?5yyyy?$AA@ 000000014000fd10     libucrt:nlsdata.obj
 0002:00001d28       ??_C@_08JCCMCCIL@HH?3mm?3ss?$AA@ 000000014000fd28     libucrt:nlsdata.obj
 0002:00001d38       ??_C@_17MBGCMIPB@?$AAS?$AAu?$AAn?$AA?$AA@ 000000014000fd38     libucrt:nlsdata.obj
 0002:00001d40       ??_C@_17KBOMKBF@?$AAM?$AAo?$AAn?$AA?$AA@ 000000014000fd40     libucrt:nlsdata.obj
 0002:00001d48       ??_C@_17BMKGEGOJ@?$AAT?$AAu?$AAe?$AA?$AA@ 000000014000fd48     libucrt:nlsdata.obj
 0002:00001d50       ??_C@_17CJEDCEPE@?$AAW?$AAe?$AAd?$AA?$AA@ 000000014000fd50     libucrt:nlsdata.obj
 0002:00001d58       ??_C@_17PDPHAADD@?$AAT?$AAh?$AAu?$AA?$AA@ 000000014000fd58     libucrt:nlsdata.obj
 0002:00001d60       ??_C@_17HFOLPPLP@?$AAF?$AAr?$AAi?$AA?$AA@ 000000014000fd60     libucrt:nlsdata.obj
 0002:00001d68       ??_C@_17GGIBDPIH@?$AAS?$AAa?$AAt?$AA?$AA@ 000000014000fd68     libucrt:nlsdata.obj
 0002:00001d70       ??_C@_1O@IHNHDHPB@?$AAS?$AAu?$AAn?$AAd?$AAa?$AAy?$AA?$AA@ 000000014000fd70     libucrt:nlsdata.obj
 0002:00001d80       ??_C@_1O@MMNBFLIA@?$AAM?$AAo?$AAn?$AAd?$AAa?$AAy?$AA?$AA@ 000000014000fd80     libucrt:nlsdata.obj
 0002:00001d90       ??_C@_1BA@ENFBFFEK@?$AAT?$AAu?$AAe?$AAs?$AAd?$AAa?$AAy?$AA?$AA@ 000000014000fd90     libucrt:nlsdata.obj
 0002:00001da0       ??_C@_1BE@EBOGMDOH@?$AAW?$AAe?$AAd?$AAn?$AAe?$AAs?$AAd?$AAa?$AAy?$AA?$AA@ 000000014000fda0     libucrt:nlsdata.obj
 0002:00001db8       ??_C@_1BC@HHMNLIHE@?$AAT?$AAh?$AAu?$AAr?$AAs?$AAd?$AAa?$AAy?$AA?$AA@ 000000014000fdb8     libucrt:nlsdata.obj
 0002:00001dd0       ??_C@_1O@PDICJHAG@?$AAF?$AAr?$AAi?$AAd?$AAa?$AAy?$AA?$AA@ 000000014000fdd0     libucrt:nlsdata.obj
 0002:00001de0       ??_C@_1BC@ENMNNPAJ@?$AAS?$AAa?$AAt?$AAu?$AAr?$AAd?$AAa?$AAy?$AA?$AA@ 000000014000fde0     libucrt:nlsdata.obj
 0002:00001df8       ??_C@_17DKNBKCHM@?$AAJ?$AAa?$AAn?$AA?$AA@ 000000014000fdf8     libucrt:nlsdata.obj
 0002:00001e00       ??_C@_17LMDJEKJN@?$AAF?$AAe?$AAb?$AA?$AA@ 000000014000fe00     libucrt:nlsdata.obj
 0002:00001e08       ??_C@_17CKNLEDEC@?$AAM?$AAa?$AAr?$AA?$AA@ 000000014000fe08     libucrt:nlsdata.obj
 0002:00001e10       ??_C@_17LFPOIHDD@?$AAA?$AAp?$AAr?$AA?$AA@ 000000014000fe10     libucrt:nlsdata.obj
 0002:00001e18       ??_C@_17PNNKMEED@?$AAM?$AAa?$AAy?$AA?$AA@ 000000014000fe18     libucrt:nlsdata.obj
 0002:00001e20       ??_C@_17KCJGOCPB@?$AAJ?$AAu?$AAn?$AA?$AA@ 000000014000fe20     libucrt:nlsdata.obj
 0002:00001e28       ??_C@_17IJPCKHK@?$AAJ?$AAu?$AAl?$AA?$AA@ 000000014000fe28     libucrt:nlsdata.obj
 0002:00001e30       ??_C@_17ICPELBCN@?$AAA?$AAu?$AAg?$AA?$AA@ 000000014000fe30     libucrt:nlsdata.obj
 0002:00001e38       ??_C@_17HCHCOKMG@?$AAS?$AAe?$AAp?$AA?$AA@ 000000014000fe38     libucrt:nlsdata.obj
 0002:00001e40       ??_C@_17FNLKOI@?$AAO?$AAc?$AAt?$AA?$AA@ 000000014000fe40     libucrt:nlsdata.obj
 0002:00001e48       ??_C@_17BBDMLCIG@?$AAN?$AAo?$AAv?$AA?$AA@ 000000014000fe48     libucrt:nlsdata.obj
 0002:00001e50       ??_C@_17EGKACKIF@?$AAD?$AAe?$AAc?$AA?$AA@ 000000014000fe50     libucrt:nlsdata.obj
 0002:00001e58       ??_C@_1BA@EFMEIEBA@?$AAJ?$AAa?$AAn?$AAu?$AAa?$AAr?$AAy?$AA?$AA@ 000000014000fe58     libucrt:nlsdata.obj
 0002:00001e68       ??_C@_1BC@JGDDFFAM@?$AAF?$AAe?$AAb?$AAr?$AAu?$AAa?$AAr?$AAy?$AA?$AA@ 000000014000fe68     libucrt:nlsdata.obj
 0002:00001e80       ??_C@_1M@IKEENEDF@?$AAM?$AAa?$AAr?$AAc?$AAh?$AA?$AA@ 000000014000fe80     libucrt:nlsdata.obj
 0002:00001e90       ??_C@_1M@GJNLMHFD@?$AAA?$AAp?$AAr?$AAi?$AAl?$AA?$AA@ 000000014000fe90     libucrt:nlsdata.obj
 0002:00001ea0       ??_C@_19EPFLPGAP@?$AAJ?$AAu?$AAn?$AAe?$AA?$AA@ 000000014000fea0     libucrt:nlsdata.obj
 0002:00001eb0       ??_C@_19BIFMLPCD@?$AAJ?$AAu?$AAl?$AAy?$AA?$AA@ 000000014000feb0     libucrt:nlsdata.obj
 0002:00001ec0       ??_C@_1O@PAHLKOAC@?$AAA?$AAu?$AAg?$AAu?$AAs?$AAt?$AA?$AA@ 000000014000fec0     libucrt:nlsdata.obj
 0002:00001ed0       ??_C@_1BE@DKAAMBJL@?$AAS?$AAe?$AAp?$AAt?$AAe?$AAm?$AAb?$AAe?$AAr?$AA?$AA@ 000000014000fed0     libucrt:nlsdata.obj
 0002:00001ee8       ??_C@_1BA@EPANDLNG@?$AAO?$AAc?$AAt?$AAo?$AAb?$AAe?$AAr?$AA?$AA@ 000000014000fee8     libucrt:nlsdata.obj
 0002:00001ef8       ??_C@_1BC@BGLIFPF@?$AAN?$AAo?$AAv?$AAe?$AAm?$AAb?$AAe?$AAr?$AA?$AA@ 000000014000fef8     libucrt:nlsdata.obj
 0002:00001f10       ??_C@_1BC@FEMKIFH@?$AAD?$AAe?$AAc?$AAe?$AAm?$AAb?$AAe?$AAr?$AA?$AA@ 000000014000ff10     libucrt:nlsdata.obj
 0002:00001f24       ??_C@_15ODEHAHHF@?$AAA?$AAM?$AA?$AA@ 000000014000ff24     libucrt:nlsdata.obj
 0002:00001f2c       ??_C@_15CLMNNGEL@?$AAP?$AAM?$AA?$AA@ 000000014000ff2c     libucrt:nlsdata.obj
 0002:00001f38       ??_C@_1BC@IEBCMHCM@?$AAM?$AAM?$AA?1?$AAd?$AAd?$AA?1?$AAy?$AAy?$AA?$AA@ 000000014000ff38     libucrt:nlsdata.obj
 0002:00001f50       ??_C@_1CI@KNAKOEBC@?$AAd?$AAd?$AAd?$AAd?$AA?0?$AA?5?$AAM?$AAM?$AAM?$AAM?$AA?5?$AAd?$AAd?$AA?0?$AA?5?$AAy?$AAy?$AAy?$AAy?$AA?$AA@ 000000014000ff50     libucrt:nlsdata.obj
 0002:00001f78       ??_C@_1BC@GDGBMEMK@?$AAH?$AAH?$AA?3?$AAm?$AAm?$AA?3?$AAs?$AAs?$AA?$AA@ 000000014000ff78     libucrt:nlsdata.obj
 0002:00001f90       ??_C@_1M@BMHNFIME@?$AAe?$AAn?$AA?9?$AAU?$AAS?$AA?$AA@ 000000014000ff90     libucrt:nlsdata.obj
 0002:00001f9c       ??_C@_15PJPFLCCM@?$AAu?$AAk?$AA?$AA@ 000000014000ff9c     libucrt:get_qualified_locale.obj
 0002:00002050       ??_C@_1EG@CNNIPFIM@?$AAa?$AAp?$AAi?$AA?9?$AAm?$AAs?$AA?9?$AAw?$AAi?$AAn?$AA?9?$AAa?$AAp?$AAp?$AAm?$AAo?$AAd?$AAe?$AAl?$AA?9?$AAr?$AAu?$AAn?$AAt?$AAi?$AAm?$AAe?$AA?9?$AAl?$AA1?$AA?9?$AA1@ 0000000140010050     libucrt:winapi_thunks.obj
 0002:000020a0       ??_C@_1EA@JGEFHKEI@?$AAa?$AAp?$AAi?$AA?9?$AAm?$AAs?$AA?9?$AAw?$AAi?$AAn?$AA?9?$AAc?$AAo?$AAr?$AAe?$AA?9?$AAd?$AAa?$AAt?$AAe?$AAt?$AAi?$AAm?$AAe?$AA?9?$AAl?$AA1?$AA?9?$AA1?$AA?9?$AA1?$AA?$AA@ 00000001400100a0     libucrt:winapi_thunks.obj
 0002:000020e0       ??_C@_1DI@GCIAAENM@?$AAa?$AAp?$AAi?$AA?9?$AAm?$AAs?$AA?9?$AAw?$AAi?$AAn?$AA?9?$AAc?$AAo?$AAr?$AAe?$AA?9?$AAf?$AAi?$AAl?$AAe?$AA?9?$AAl?$AA2?$AA?9?$AA1?$AA?9?$AA1?$AA?$AA@ 00000001400100e0     libucrt:winapi_thunks.obj
 0002:00002120       ??_C@_1EI@MPIAOHOC@?$AAa?$AAp?$AAi?$AA?9?$AAm?$AAs?$AA?9?$AAw?$AAi?$AAn?$AA?9?$AAc?$AAo?$AAr?$AAe?$AA?9?$AAl?$AAo?$AAc?$AAa?$AAl?$AAi?$AAz?$AAa?$AAt?$AAi?$AAo?$AAn?$AA?9?$AAl?$AA1?$AA?9@ 0000000140010120     libucrt:winapi_thunks.obj
 0002:00002170       ??_C@_1FK@FPHCKFIE@?$AAa?$AAp?$AAi?$AA?9?$AAm?$AAs?$AA?9?$AAw?$AAi?$AAn?$AA?9?$AAc?$AAo?$AAr?$AAe?$AA?9?$AAl?$AAo?$AAc?$AAa?$AAl?$AAi?$AAz?$AAa?$AAt?$AAi?$AAo?$AAn?$AA?9?$AAo?$AAb?$AAs@ 0000000140010170     libucrt:winapi_thunks.obj
 0002:000021d0       ??_C@_1EM@DILCGIIO@?$AAa?$AAp?$AAi?$AA?9?$AAm?$AAs?$AA?9?$AAw?$AAi?$AAn?$AA?9?$AAc?$AAo?$AAr?$AAe?$AA?9?$AAp?$AAr?$AAo?$AAc?$AAe?$AAs?$AAs?$AAt?$AAh?$AAr?$AAe?$AAa?$AAd?$AAs?$AA?9?$AAl@ 00000001400101d0     libucrt:winapi_thunks.obj
 0002:00002220       ??_C@_1DM@LNCGDDPN@?$AAa?$AAp?$AAi?$AA?9?$AAm?$AAs?$AA?9?$AAw?$AAi?$AAn?$AA?9?$AAc?$AAo?$AAr?$AAe?$AA?9?$AAs?$AAt?$AAr?$AAi?$AAn?$AAg?$AA?9?$AAl?$AA1?$AA?9?$AA1?$AA?9?$AA0?$AA?$AA@ 0000000140010220     libucrt:winapi_thunks.obj
 0002:00002260       ??_C@_1DO@FPAPJEMD@?$AAa?$AAp?$AAi?$AA?9?$AAm?$AAs?$AA?9?$AAw?$AAi?$AAn?$AA?9?$AAc?$AAo?$AAr?$AAe?$AA?9?$AAs?$AAy?$AAs?$AAi?$AAn?$AAf?$AAo?$AA?9?$AAl?$AA1?$AA?9?$AA2?$AA?9?$AA1?$AA?$AA@ 0000000140010260     libucrt:winapi_thunks.obj
 0002:000022a0       ??_C@_1DK@NDHNAHIO@?$AAa?$AAp?$AAi?$AA?9?$AAm?$AAs?$AA?9?$AAw?$AAi?$AAn?$AA?9?$AAc?$AAo?$AAr?$AAe?$AA?9?$AAw?$AAi?$AAn?$AAr?$AAt?$AA?9?$AAl?$AA1?$AA?9?$AA1?$AA?9?$AA0?$AA?$AA@ 00000001400102a0     libucrt:winapi_thunks.obj
 0002:000022e0       ??_C@_1DM@KGHDGBCM@?$AAa?$AAp?$AAi?$AA?9?$AAm?$AAs?$AA?9?$AAw?$AAi?$AAn?$AA?9?$AAc?$AAo?$AAr?$AAe?$AA?9?$AAx?$AAs?$AAt?$AAa?$AAt?$AAe?$AA?9?$AAl?$AA2?$AA?9?$AA1?$AA?9?$AA0?$AA?$AA@ 00000001400102e0     libucrt:winapi_thunks.obj
 0002:00002320       ??_C@_1EO@IJIOEFOH@?$AAa?$AAp?$AAi?$AA?9?$AAm?$AAs?$AA?9?$AAw?$AAi?$AAn?$AA?9?$AAr?$AAt?$AAc?$AAo?$AAr?$AAe?$AA?9?$AAn?$AAt?$AAu?$AAs?$AAe?$AAr?$AA?9?$AAw?$AAi?$AAn?$AAd?$AAo?$AAw?$AA?9@ 0000000140010320     libucrt:winapi_thunks.obj
 0002:00002370       ??_C@_1FG@HHGEKANL@?$AAa?$AAp?$AAi?$AA?9?$AAm?$AAs?$AA?9?$AAw?$AAi?$AAn?$AA?9?$AAs?$AAe?$AAc?$AAu?$AAr?$AAi?$AAt?$AAy?$AA?9?$AAs?$AAy?$AAs?$AAt?$AAe?$AAm?$AAf?$AAu?$AAn?$AAc?$AAt?$AAi@ 0000000140010370     libucrt:winapi_thunks.obj
 0002:000023d0       ??_C@_1FG@NCKKOLKO@?$AAe?$AAx?$AAt?$AA?9?$AAm?$AAs?$AA?9?$AAw?$AAi?$AAn?$AA?9?$AAk?$AAe?$AAr?$AAn?$AAe?$AAl?$AA3?$AA2?$AA?9?$AAp?$AAa?$AAc?$AAk?$AAa?$AAg?$AAe?$AA?9?$AAc?$AAu?$AAr?$AAr@ 00000001400103d0     libucrt:winapi_thunks.obj
 0002:00002430       ??_C@_1EG@DBIOJECG@?$AAe?$AAx?$AAt?$AA?9?$AAm?$AAs?$AA?9?$AAw?$AAi?$AAn?$AA?9?$AAn?$AAt?$AAu?$AAs?$AAe?$AAr?$AA?9?$AAd?$AAi?$AAa?$AAl?$AAo?$AAg?$AAb?$AAo?$AAx?$AA?9?$AAl?$AA1?$AA?9?$AA1@ 0000000140010430     libucrt:winapi_thunks.obj
 0002:00002480       ??_C@_1EO@FIHMJCLF@?$AAe?$AAx?$AAt?$AA?9?$AAm?$AAs?$AA?9?$AAw?$AAi?$AAn?$AA?9?$AAn?$AAt?$AAu?$AAs?$AAe?$AAr?$AA?9?$AAw?$AAi?$AAn?$AAd?$AAo?$AAw?$AAs?$AAt?$AAa?$AAt?$AAi?$AAo?$AAn?$AA?9@ 0000000140010480     libucrt:winapi_thunks.obj
 0002:000024d0       ??_C@_1O@BCCLBEOE@?$AAu?$AAs?$AAe?$AAr?$AA3?$AA2?$AA?$AA@ 00000001400104d0     libucrt:winapi_thunks.obj
 0002:00002510       ??_C@_0O@KKBNKAPF@LCMapStringEx?$AA@ 0000000140010510     libucrt:winapi_thunks.obj
 0002:00002528       ??_C@_0BB@HBDEELFH@LocaleNameToLCID?$AA@ 0000000140010528     libucrt:winapi_thunks.obj
 0002:00003380       ??_C@_15EMKDOKLE@?$AAa?$AAr?$AA?$AA@ 0000000140011380     libucrt:lcidtoname_downlevel.obj
 0002:00003388       ??_C@_15KNPADPLH@?$AAb?$AAg?$AA?$AA@ 0000000140011388     libucrt:lcidtoname_downlevel.obj
 0002:00003390       ??_C@_15EDMHLDMO@?$AAc?$AAa?$AA?$AA@ 0000000140011390     libucrt:lcidtoname_downlevel.obj
 0002:00003398       ??_C@_1O@BPEAJADD@?$AAz?$AAh?$AA?9?$AAC?$AAH?$AAS?$AA?$AA@ 0000000140011398     libucrt:lcidtoname_downlevel.obj
 0002:000033a8       ??_C@_15LJNHCMNK@?$AAc?$AAs?$AA?$AA@ 00000001400113a8     libucrt:lcidtoname_downlevel.obj
 0002:000033b0       ??_C@_15FOMCIDHG@?$AAd?$AAa?$AA?$AA@ 00000001400113b0     libucrt:lcidtoname_downlevel.obj
 0002:000033b8       ??_C@_15NBKABECB@?$AAd?$AAe?$AA?$AA@ 00000001400113b8     libucrt:lcidtoname_downlevel.obj
 0002:000033c0       ??_C@_15GHPEIIAO@?$AAe?$AAl?$AA?$AA@ 00000001400113c0     libucrt:lcidtoname_downlevel.obj
 0002:000033c8       ??_C@_15MNPNEAIF@?$AAe?$AAn?$AA?$AA@ 00000001400113c8     libucrt:lcidtoname_downlevel.obj
 0002:000033d0       ??_C@_15GPIOMPMH@?$AAe?$AAs?$AA?$AA@ 00000001400113d0     libucrt:lcidtoname_downlevel.obj
 0002:000033d8       ??_C@_15NGLOAKJC@?$AAf?$AAi?$AA?$AA@ 00000001400113d8     libucrt:lcidtoname_downlevel.obj
 0002:000033e0       ??_C@_15FBKGNKAM@?$AAf?$AAr?$AA?$AA@ 00000001400113e0     libucrt:lcidtoname_downlevel.obj
 0002:000033e8       ??_C@_15KGGCNEFK@?$AAh?$AAe?$AA?$AA@ 00000001400113e8     libucrt:lcidtoname_downlevel.obj
 0002:000033f0       ??_C@_15PGHLIDMF@?$AAh?$AAu?$AA?$AA@ 00000001400113f0     libucrt:lcidtoname_downlevel.obj
 0002:000033f8       ??_C@_15BIEMAPLM@?$AAi?$AAs?$AA?$AA@ 00000001400113f8     libucrt:lcidtoname_downlevel.obj
 0002:00003400       ??_C@_15IFJLDHAF@?$AAi?$AAt?$AA?$AA@ 0000000140011400     libucrt:lcidtoname_downlevel.obj
 0002:00003408       ??_C@_15GEMIOCAG@?$AAj?$AAa?$AA?$AA@ 0000000140011408     libucrt:lcidtoname_downlevel.obj
 0002:00003410       ??_C@_15EPELEGJA@?$AAk?$AAo?$AA?$AA@ 0000000140011410     libucrt:lcidtoname_downlevel.obj
 0002:00003418       ??_C@_15NDDHIMN@?$AAn?$AAl?$AA?$AA@ 0000000140011418     libucrt:lcidtoname_downlevel.obj
 0002:00003420       ??_C@_15BPIGNHCD@?$AAn?$AAo?$AA?$AA@ 0000000140011420     libucrt:lcidtoname_downlevel.obj
 0002:00003428       ??_C@_15DEOPBLCG@?$AAp?$AAl?$AA?$AA@ 0000000140011428     libucrt:lcidtoname_downlevel.obj
 0002:00003430       ??_C@_15KBECGEFG@?$AAp?$AAt?$AA?$AA@ 0000000140011430     libucrt:lcidtoname_downlevel.obj
 0002:00003438       ??_C@_15GLJCBFMD@?$AAr?$AAo?$AA?$AA@ 0000000140011438     libucrt:lcidtoname_downlevel.obj
 0002:00003440       ??_C@_15FEDGKCDI@?$AAr?$AAu?$AA?$AA@ 0000000140011440     libucrt:lcidtoname_downlevel.obj
 0002:00003448       ??_C@_15GLKMLLHM@?$AAh?$AAr?$AA?$AA@ 0000000140011448     libucrt:lcidtoname_downlevel.obj
 0002:00003450       ??_C@_15CPKMFBDB@?$AAs?$AAk?$AA?$AA@ 0000000140011450     libucrt:lcidtoname_downlevel.obj
 0002:00003458       ??_C@_15BAAIOGMK@?$AAs?$AAq?$AA?$AA@ 0000000140011458     libucrt:lcidtoname_downlevel.obj
 0002:00003460       ??_C@_15INNPNOHD@?$AAs?$AAv?$AA?$AA@ 0000000140011460     libucrt:lcidtoname_downlevel.obj
 0002:00003468       ??_C@_15CABMMOGH@?$AAt?$AAh?$AA?$AA@ 0000000140011468     libucrt:lcidtoname_downlevel.obj
 0002:00003470       ??_C@_15BPLIHJJM@?$AAt?$AAr?$AA?$AA@ 0000000140011470     libucrt:lcidtoname_downlevel.obj
 0002:00003478       ??_C@_15NEOEKKDJ@?$AAu?$AAr?$AA?$AA@ 0000000140011478     libucrt:lcidtoname_downlevel.obj
 0002:00003480       ??_C@_15NFICGAJK@?$AAi?$AAd?$AA?$AA@ 0000000140011480     libucrt:lcidtoname_downlevel.obj
 0002:00003488       ??_C@_15HPJPHDM@?$AAb?$AAe?$AA?$AA@ 0000000140011488     libucrt:lcidtoname_downlevel.obj
 0002:00003490       ??_C@_15LCHLGJII@?$AAs?$AAl?$AA?$AA@ 0000000140011490     libucrt:lcidtoname_downlevel.obj
 0002:00003498       ??_C@_15PCFJPHHO@?$AAe?$AAt?$AA?$AA@ 0000000140011498     libucrt:lcidtoname_downlevel.obj
 0002:000034a0       ??_C@_15HPFPGODN@?$AAl?$AAv?$AA?$AA@ 00000001400114a0     libucrt:lcidtoname_downlevel.obj
 0002:000034a8       ??_C@_15NFFGKGLG@?$AAl?$AAt?$AA?$AA@ 00000001400114a8     libucrt:lcidtoname_downlevel.obj
 0002:000034b0       ??_C@_15BDAKCCHN@?$AAf?$AAa?$AA?$AA@ 00000001400114b0     libucrt:lcidtoname_downlevel.obj
 0002:000034b8       ??_C@_15NFGIAIAJ@?$AAv?$AAi?$AA?$AA@ 00000001400114b8     libucrt:lcidtoname_downlevel.obj
 0002:000034c0       ??_C@_15LMKNDMHN@?$AAh?$AAy?$AA?$AA@ 00000001400114c0     libucrt:lcidtoname_downlevel.obj
 0002:000034c8       ??_C@_15IJBHMCFL@?$AAa?$AAz?$AA?$AA@ 00000001400114c8     libucrt:lcidtoname_downlevel.obj
 0002:000034d0       ??_C@_15EKOFJABL@?$AAe?$AAu?$AA?$AA@ 00000001400114d0     libucrt:lcidtoname_downlevel.obj
 0002:000034d8       ??_C@_15BGHADCNK@?$AAm?$AAk?$AA?$AA@ 00000001400114d8     libucrt:lcidtoname_downlevel.obj
 0002:000034e0       ??_C@_15JDNICKHM@?$AAa?$AAf?$AA?$AA@ 00000001400114e0     libucrt:lcidtoname_downlevel.obj
 0002:000034e8       ??_C@_15KPJEDBKD@?$AAk?$AAa?$AA?$AA@ 00000001400114e8     libucrt:lcidtoname_downlevel.obj
 0002:000034f0       ??_C@_15PDNFFFEO@?$AAf?$AAo?$AA?$AA@ 00000001400114f0     libucrt:lcidtoname_downlevel.obj
 0002:000034f8       ??_C@_15OMLEGLOC@?$AAh?$AAi?$AA?$AA@ 00000001400114f8     libucrt:lcidtoname_downlevel.obj
 0002:00003500       ??_C@_15IDNNENKK@?$AAm?$AAs?$AA?$AA@ 0000000140011500     libucrt:lcidtoname_downlevel.obj
 0002:00003508       ??_C@_15MACJNBMH@?$AAk?$AAk?$AA?$AA@ 0000000140011508     libucrt:lcidtoname_downlevel.obj
 0002:00003510       ??_C@_15DKDJEOND@?$AAk?$AAy?$AA?$AA@ 0000000140011510     libucrt:lcidtoname_downlevel.obj
 0002:00003518       ??_C@_15DFGDLJBG@?$AAs?$AAw?$AA?$AA@ 0000000140011518     libucrt:lcidtoname_downlevel.obj
 0002:00003520       ??_C@_15BBFAICNG@?$AAu?$AAz?$AA?$AA@ 0000000140011520     libucrt:lcidtoname_downlevel.obj
 0002:00003528       ??_C@_15DKNDCGEA@?$AAt?$AAt?$AA?$AA@ 0000000140011528     libucrt:lcidtoname_downlevel.obj
 0002:00003530       ??_C@_15MGIFMDPL@?$AAp?$AAa?$AA?$AA@ 0000000140011530     libucrt:lcidtoname_downlevel.obj
 0002:00003538       ??_C@_15HCNDBBA@?$AAg?$AAu?$AA?$AA@ 0000000140011538     libucrt:lcidtoname_downlevel.obj
 0002:00003540       ??_C@_15FNBEIBON@?$AAt?$AAa?$AA?$AA@ 0000000140011540     libucrt:lcidtoname_downlevel.obj
 0002:00003548       ??_C@_15NCHGBGLK@?$AAt?$AAe?$AA?$AA@ 0000000140011548     libucrt:lcidtoname_downlevel.obj
 0002:00003550       ??_C@_15PHPHCBPF@?$AAk?$AAn?$AA?$AA@ 0000000140011550     libucrt:lcidtoname_downlevel.obj
 0002:00003558       ??_C@_15DLGBCKMP@?$AAm?$AAr?$AA?$AA@ 0000000140011558     libucrt:lcidtoname_downlevel.obj
 0002:00003560       ??_C@_15EABBLBFF@?$AAs?$AAa?$AA?$AA@ 0000000140011560     libucrt:lcidtoname_downlevel.obj
 0002:00003568       ??_C@_15CBKOMCOI@?$AAm?$AAn?$AA?$AA@ 0000000140011568     libucrt:lcidtoname_downlevel.obj
 0002:00003570       ??_C@_15CKDMCJAF@?$AAg?$AAl?$AA?$AA@ 0000000140011570     libucrt:lcidtoname_downlevel.obj
 0002:00003578       ??_C@_17CNJFBPG@?$AAk?$AAo?$AAk?$AA?$AA@ 0000000140011578     libucrt:lcidtoname_downlevel.obj
 0002:00003580       ??_C@_17FFBJICPL@?$AAs?$AAy?$AAr?$AA?$AA@ 0000000140011580     libucrt:lcidtoname_downlevel.obj
 0002:00003588       ??_C@_17KPNDCPAF@?$AAd?$AAi?$AAv?$AA?$AA@ 0000000140011588     libucrt:lcidtoname_downlevel.obj
 0002:00003590       ??_C@_1M@OKAHONE@?$AAa?$AAr?$AA?9?$AAS?$AAA?$AA?$AA@ 0000000140011590     libucrt:lcidtoname_downlevel.obj
 0002:000035a0       ??_C@_1M@FFFIGIGK@?$AAb?$AAg?$AA?9?$AAB?$AAG?$AA?$AA@ 00000001400115a0     libucrt:lcidtoname_downlevel.obj
 0002:000035b0       ??_C@_1M@BJNKEDC@?$AAc?$AAa?$AA?9?$AAE?$AAS?$AA?$AA@ 00000001400115b0     libucrt:lcidtoname_downlevel.obj
 0002:000035c0       ??_C@_1M@IJJHFJHA@?$AAc?$AAs?$AA?9?$AAC?$AAZ?$AA?$AA@ 00000001400115c0     libucrt:lcidtoname_downlevel.obj
 0002:000035d0       ??_C@_1M@CLPEOBGI@?$AAd?$AAa?$AA?9?$AAD?$AAK?$AA?$AA@ 00000001400115d0     libucrt:lcidtoname_downlevel.obj
 0002:000035e0       ??_C@_1M@MCMADGCB@?$AAd?$AAe?$AA?9?$AAD?$AAE?$AA?$AA@ 00000001400115e0     libucrt:lcidtoname_downlevel.obj
 0002:000035f0       ??_C@_1M@OOCKEMAM@?$AAe?$AAl?$AA?9?$AAG?$AAR?$AA?$AA@ 00000001400115f0     libucrt:lcidtoname_downlevel.obj
 0002:00003600       ??_C@_1M@DDNJFGID@?$AAf?$AAi?$AA?9?$AAF?$AAI?$AA?$AA@ 0000000140011600     libucrt:lcidtoname_downlevel.obj
 0002:00003610       ??_C@_1M@GLIPPMAC@?$AAf?$AAr?$AA?9?$AAF?$AAR?$AA?$AA@ 0000000140011610     libucrt:lcidtoname_downlevel.obj
 0002:00003620       ??_C@_1M@GFMCHPE@?$AAh?$AAe?$AA?9?$AAI?$AAL?$AA?$AA@ 0000000140011620     libucrt:lcidtoname_downlevel.obj
 0002:00003630       ??_C@_1M@MHLPGNKM@?$AAh?$AAu?$AA?9?$AAH?$AAU?$AA?$AA@ 0000000140011630     libucrt:lcidtoname_downlevel.obj
 0002:00003640       ??_C@_1M@LPDDNNPN@?$AAi?$AAs?$AA?9?$AAI?$AAS?$AA?$AA@ 0000000140011640     libucrt:lcidtoname_downlevel.obj
 0002:00003650       ??_C@_1M@MADIPODN@?$AAi?$AAt?$AA?9?$AAI?$AAT?$AA?$AA@ 0000000140011650     libucrt:lcidtoname_downlevel.obj
 0002:00003660       ??_C@_1M@IHBJJGG@?$AAn?$AAl?$AA?9?$AAN?$AAL?$AA?$AA@ 0000000140011660     libucrt:lcidtoname_downlevel.obj
 0002:00003670       ??_C@_1M@EANAGDL@?$AAn?$AAb?$AA?9?$AAN?$AAO?$AA?$AA@ 0000000140011670     libucrt:lcidtoname_downlevel.obj
 0002:00003680       ??_C@_1M@NEIEMEGP@?$AAp?$AAl?$AA?9?$AAP?$AAL?$AA?$AA@ 0000000140011680     libucrt:lcidtoname_downlevel.obj
 0002:00003690       ??_C@_1M@BOCFIGEP@?$AAp?$AAt?$AA?9?$AAB?$AAR?$AA?$AA@ 0000000140011690     libucrt:lcidtoname_downlevel.obj
 0002:000036a0       ??_C@_1M@IMPFOPBG@?$AAr?$AAo?$AA?9?$AAR?$AAO?$AA?$AA@ 00000001400116a0     libucrt:lcidtoname_downlevel.obj
 0002:000036b0       ??_C@_1M@IDNNEJMM@?$AAr?$AAu?$AA?9?$AAR?$AAU?$AA?$AA@ 00000001400116b0     libucrt:lcidtoname_downlevel.obj
 0002:000036c0       ??_C@_1M@LILEEOGM@?$AAh?$AAr?$AA?9?$AAH?$AAR?$AA?$AA@ 00000001400116c0     libucrt:lcidtoname_downlevel.obj
 0002:000036d0       ??_C@_1M@FKIFEHPB@?$AAs?$AAk?$AA?9?$AAS?$AAK?$AA?$AA@ 00000001400116d0     libucrt:lcidtoname_downlevel.obj
 0002:000036e0       ??_C@_1M@LJMAMNPJ@?$AAs?$AAq?$AA?9?$AAA?$AAL?$AA?$AA@ 00000001400116e0     libucrt:lcidtoname_downlevel.obj
 0002:000036f0       ??_C@_1M@GIAKDKJK@?$AAs?$AAv?$AA?9?$AAS?$AAE?$AA?$AA@ 00000001400116f0     libucrt:lcidtoname_downlevel.obj
 0002:00003700       ??_C@_1M@MKJKIKCL@?$AAt?$AAh?$AA?9?$AAT?$AAH?$AA?$AA@ 0000000140011700     libucrt:lcidtoname_downlevel.obj
 0002:00003710       ??_C@_1M@MFLCCMPB@?$AAt?$AAr?$AA?9?$AAT?$AAR?$AA?$AA@ 0000000140011710     libucrt:lcidtoname_downlevel.obj
 0002:00003720       ??_C@_1M@OIJHDKJN@?$AAu?$AAr?$AA?9?$AAP?$AAK?$AA?$AA@ 0000000140011720     libucrt:lcidtoname_downlevel.obj
 0002:00003730       ??_C@_1M@LHIPCIEK@?$AAi?$AAd?$AA?9?$AAI?$AAD?$AA?$AA@ 0000000140011730     libucrt:lcidtoname_downlevel.obj
[...]
 0004:000005d0       $pdata$?destroy_ptd_array@@YAXQEAU__acrt_ptd@@@Z 000000014001a5d0     libucrt:per_thread_data.obj
 0004:000005dc       $pdata$?replace_current_thread_locale_nolock@@YAXQEAU__acrt_ptd@@QEAU__crt_locale_data@@@Z 000000014001a5dc     libucrt:per_thread_data.obj
 0004:000005e8       $pdata$__acrt_getptd       000000014001a5e8     libucrt:per_thread_data.obj
 0004:000005f4       $pdata$__acrt_getptd_noexit 000000014001a5f4     libucrt:per_thread_data.obj
 0004:00000600       $pdata$__acrt_initialize_ptd 000000014001a600     libucrt:per_thread_data.obj
 0004:0000060c       $pdata$__acrt_uninitialize_ptd 000000014001a60c     libucrt:per_thread_data.obj
 0004:00000618       $pdata$__acrt_call_reportfault 000000014001a618     libucrt:invalid_parameter.obj
 0004:00000624       $pdata$_invalid_parameter  000000014001a624     libucrt:invalid_parameter.obj
 0004:00000630       $pdata$_invalid_parameter_noinfo 000000014001a630     libucrt:invalid_parameter.obj
 0004:0000063c       $pdata$_invoke_watson      000000014001a63c     libucrt:invalid_parameter.obj
 0004:00000648       $pdata$__acrt_errno_map_os_error 000000014001a648     libucrt:errno.obj
 0004:00000654       $pdata$__doserrno          000000014001a654     libucrt:errno.obj
 0004:00000660       $pdata$_errno              000000014001a660     libucrt:errno.obj
 0004:0000066c       $pdata$??$common_expand_argv_wildcards@D@@YAHQEAPEADQEAPEAPEAD@Z 000000014001a66c     libucrt:argv_wildcards.obj
 0004:00000678       $pdata$??$copy_and_add_argument_to_buffer@D@@YAHQEBD0_KAEAV?$argument_list@D@?A0x1958b273@@@Z 000000014001a678     libucrt:argv_wildcards.obj
 0004:00000684       $pdata$??$expand_argument_wildcards@D@@YAHQEAD0AEAV?$argument_list@D@?A0x1958b273@@@Z 000000014001a684     libucrt:argv_wildcards.obj
 0004:00000690       $pdata$?expand_if_necessary@?$argument_list@D@?A0x1958b273@@AEAAHXZ 000000014001a690     libucrt:argv_wildcards.obj
 0004:0000069c       $pdata$??$?RV<lambda_99476a1ad63dd22509b5d3e65b0ffc95>@@AEAV<lambda_ad1ced32f4ac17aa236e5ef05d6b3b7c>@@V<lambda_f7424dd8d45958661754dc4f2697e9c3>@@@?$__crt_seh_guarded_call@X@@QEAAX$$QEAV<lambda_99476a1ad63dd22509b5d3e65b0ffc95>@@AEAV<lambda_ad1ced32f4ac17aa236e5ef05d6b3b7c>@@$$QEAV<lambda_f7424dd8d45958661754dc4f2697e9c3>@@@Z 000000014001a69c     libucrt:mbctype.obj
 0004:000006a8       $pdata$??R<lambda_ad1ced32f4ac17aa236e5ef05d6b3b7c>@@QEBAXXZ 000000014001a6a8     libucrt:mbctype.obj
 0004:000006b4       $pdata$?getSystemCP@@YAHH@Z 000000014001a6b4     libucrt:mbctype.obj
 0004:000006c0       $pdata$?setSBCS@@YAXPEAU__crt_multibyte_data@@@Z 000000014001a6c0     libucrt:mbctype.obj
 0004:000006cc       $pdata$?setSBUpLow@@YAXPEAU__crt_multibyte_data@@@Z 000000014001a6cc     libucrt:mbctype.obj
 0004:000006d8       $pdata$?setmbcp_internal@@YAHH_N@Z 000000014001a6d8     libucrt:mbctype.obj
 0004:000006e4       $pdata$__acrt_initialize_multibyte 000000014001a6e4     libucrt:mbctype.obj
 0004:000006f0       $pdata$__acrt_update_thread_multibyte_data 000000014001a6f0     libucrt:mbctype.obj
 0004:000006fc       $pdata$_setmbcp_nolock     000000014001a6fc     libucrt:mbctype.obj
 0004:00000708       $pdata$?x_ismbbtype_l@@YAHPEAU__crt_locale_pointers@@IHH@Z 000000014001a708     libucrt:ismbbyte.obj
 0004:00000714       $pdata$__acrt_initialize_command_line 000000014001a714     libucrt:argv_data.obj
 0004:00000720       $pdata$__dcrt_get_narrow_environment_from_os 000000014001a720     libucrt:get_environment_from_os.obj
 0004:0000072c       $pdata$__acrt_initialize_locks 000000014001a72c     libucrt:locks.obj
 0004:00000738       $pdata$__acrt_uninitialize_locks 000000014001a738     libucrt:locks.obj
 0004:00000744       $pdata$__acrt_lowio_create_handle_array 000000014001a744     libucrt:osfinfo.obj
 0004:00000750       $pdata$__acrt_lowio_destroy_handle_array 000000014001a750     libucrt:osfinfo.obj
 0004:0000075c       $pdata$__acrt_lowio_ensure_fh_exists 000000014001a75c     libucrt:osfinfo.obj
 0004:00000768       $pdata$_free_osfhnd        000000014001a768     libucrt:osfinfo.obj
 0004:00000774       $pdata$_get_osfhandle      000000014001a774     libucrt:osfinfo.obj
 0004:00000780       $pdata$?initialize_inherited_file_handles_nolock@@YAXXZ 000000014001a780     libucrt:ioinit.obj
 0004:0000078c       $pdata$?initialize_stdio_handles_nolock@@YAXXZ 000000014001a78c     libucrt:ioinit.obj
 0004:00000798       $pdata$__acrt_initialize_lowio 000000014001a798     libucrt:ioinit.obj
 0004:000007a4       $pdata$__acrt_uninitialize_lowio 000000014001a7a4     libucrt:ioinit.obj
 0004:000007b0       $pdata$__pctype_func       000000014001a7b0     libucrt:ctype.obj
 0004:000007bc       $pdata$__acrt_locale_free_monetary 000000014001a7bc     libucrt:initmon.obj
 0004:000007c8       $pdata$__acrt_locale_free_numeric 000000014001a7c8     libucrt:initnum.obj
 0004:000007d4       $pdata$??$free_crt_array@D$06@@YAXAEAY06PEAD@Z 000000014001a7d4     libucrt:inittime.obj
 0004:000007d4       $pdata$??$free_crt_array@_W$06@@YAXAEAY06PEA_W@Z 000000014001a7d4     libucrt:inittime.obj
 0004:000007e0       $pdata$??$free_crt_array@D$0M@@@YAXAEAY0M@PEAD@Z 000000014001a7e0     libucrt:inittime.obj
 0004:000007e0       $pdata$??$free_crt_array@_W$0M@@@YAXAEAY0M@PEA_W@Z 000000014001a7e0     libucrt:inittime.obj
 0004:000007ec       $pdata$__acrt_locale_free_time 000000014001a7ec     libucrt:inittime.obj
 0004:000007f8       $pdata$__acrt_GetStringTypeA 000000014001a7f8     libucrt:getstringtypea.obj
 0004:00000804       $pdata$__acrt_free_locale  000000014001a804     libucrt:locale_refcounting.obj
 0004:00000810       $pdata$__acrt_update_thread_locale_data 000000014001a810     libucrt:locale_refcounting.obj
 0004:0000081c       $pdata$_updatetlocinfoEx_nolock 000000014001a81c     libucrt:locale_refcounting.obj
 0004:00000828       $pdata$?try_get_function@@YAPEAXW4function_id@?A0x7f18c2ae@@QEBDQEBW4module_id@2@2@Z 000000014001a828     libucrt:winapi_thunks.obj
 0004:00000834       $pdata$__acrt_FlsAlloc     000000014001a834     libucrt:winapi_thunks.obj
 0004:00000840       $pdata$__acrt_FlsFree      000000014001a840     libucrt:winapi_thunks.obj
 0004:0000084c       $pdata$__acrt_FlsGetValue  000000014001a84c     libucrt:winapi_thunks.obj
 0004:00000858       $pdata$__acrt_FlsSetValue  000000014001a858     libucrt:winapi_thunks.obj
 0004:00000864       $pdata$__acrt_InitializeCriticalSectionEx 000000014001a864     libucrt:winapi_thunks.obj
 0004:00000870       $pdata$__acrt_LCMapStringEx 000000014001a870     libucrt:winapi_thunks.obj
 0004:0000087c       $pdata$__acrt_LocaleNameToLCID 000000014001a87c     libucrt:winapi_thunks.obj
 0004:00000888       $pdata$__acrt_initialize_winapi_thunks 000000014001a888     libucrt:winapi_thunks.obj
 0004:00000894       $pdata$__acrt_uninitialize_winapi_thunks 000000014001a894     libucrt:winapi_thunks.obj
 0004:000008a0       $pdata$_recalloc_base      000000014001a8a0     libucrt:recalloc.obj
 0004:000008ac       $pdata$__acrt_initialize_heap 000000014001a8ac     libucrt:heap_handle.obj
 0004:000008b8       $pdata$__acrt_execute_initializers 000000014001a8b8     libucrt:shared_initialization.obj
 0004:000008c4       $pdata$__acrt_execute_uninitializers 000000014001a8c4     libucrt:shared_initialization.obj
 0004:000008d0       $pdata$_callnewh           000000014001a8d0     libucrt:new_handler.obj
 0004:000008dc       $pdata$_query_new_handler  000000014001a8dc     libucrt:new_handler.obj
 0004:000008e8       $pdata$??$?RV<lambda_c36588078e9f5dfd39652860aa6b3aaf>@@AEAV<lambda_ec61778202f4f5fc7e7711acc23c3bca>@@V<lambda_dc9d2797ccde5d239b4a0efae8ebd7db>@@@?$__crt_seh_guarded_call@P6AXH@Z@@QEAAP6AXH@Z$$QEAV<lambda_c36588078e9f5dfd39652860aa6b3aaf>@@AEAV<lambda_ec61778202f4f5fc7e7711acc23c3bca>@@$$QEAV<lambda_dc9d2797ccde5d239b4a0efae8ebd7db>@@@Z 000000014001a8e8     libucrt:signal.obj
 0004:000008f4       $pdata$__acrt_get_sigabrt_handler 000000014001a8f4     libucrt:signal.obj
 0004:00000900       $pdata$raise               000000014001a900     libucrt:signal.obj
 0004:0000090c       $pdata$_mbtowc_l           000000014001a90c     libucrt:mbtowc.obj
 0004:00000918       $pdata$__acrt_update_locale_info 000000014001a918     libucrt:locale_update.obj
 0004:00000924       $pdata$__acrt_update_multibyte_info 000000014001a924     libucrt:locale_update.obj
 0004:00000930       $pdata$_fileno             000000014001a930     libucrt:fileno.obj
 0004:0000093c       $pdata$__acrt_initialize_stdio 000000014001a93c     libucrt:_file.obj
 0004:00000948       $pdata$__acrt_uninitialize_stdio 000000014001a948     libucrt:_file.obj
 0004:00000954       $pdata$_call_matherr       000000014001a954     libucrt:libm_error.obj
 0004:00000960       $pdata$_exception_enabled  000000014001a960     libucrt:libm_error.obj
 0004:0000096c       $pdata$_handle_error       000000014001a96c     libucrt:libm_error.obj
 0004:00000978       $pdata$_handle_errorf      000000014001a978     libucrt:libm_error.obj
 0004:00000984       $pdata$?shortsort@@YAXPEAD0_KP6AHPEBX2@Z@Z 000000014001a984     libucrt:qsort.obj
 0004:00000990       $pdata$2$?shortsort@@YAXPEAD0_KP6AHPEBX2@Z@Z 000000014001a990     libucrt:qsort.obj
 0004:0000099c       $pdata$3$?shortsort@@YAXPEAD0_KP6AHPEBX2@Z@Z 000000014001a99c     libucrt:qsort.obj
 0004:000009a8       $pdata$qsort               000000014001a9a8     libucrt:qsort.obj
 0004:000009b4       $pdata$4$qsort             000000014001a9b4     libucrt:qsort.obj
 0004:000009c0       $pdata$5$qsort             000000014001a9c0     libucrt:qsort.obj
 0004:000009cc       $pdata$strncpy_s           000000014001a9cc     libucrt:strncpy_s.obj
 0004:000009d8       $pdata$strpbrk             000000014001a9d8     libucrt:strpbrk.obj
 0004:000009e4       $pdata$_mbsdec_l           000000014001a9e4     libucrt:mbsdec.obj
 0004:000009f0       $pdata$?initialize_multibyte@@YAHXZ 000000014001a9f0     libucrt:multibyte_initializer.obj
 0004:000009fc       $pdata$?__acrt_LCMapStringA_stat@@YAHPEAU__crt_locale_pointers@@PEB_WKPEBDHPEADHHH@Z 000000014001a9fc     libucrt:lcmapstringa.obj
 0004:00000a08       $pdata$__acrt_LCMapStringA 000000014001aa08     libucrt:lcmapstringa.obj
 0004:00000a14       $pdata$?GetTableIndexFromLocaleName@@YAHPEB_W@Z 000000014001aa14     libucrt:lcidtoname_downlevel.obj
 0004:00000a20       $pdata$__acrt_DownlevelLocaleNameToLCID 000000014001aa20     libucrt:lcidtoname_downlevel.obj
 0004:00000a2c       $pdata$_msize              000000014001aa2c     libucrt:msize.obj
 0004:00000a38       $pdata$_realloc_base       000000014001aa38     libucrt:realloc_base.obj
 0004:00000a44       $pdata$_isatty             000000014001aa44     libucrt:isatty.obj
 0004:00000a50       $pdata$__acrt_stdio_flush_nolock 000000014001aa50     libucrt:fflush.obj
 0004:00000a5c       $pdata$_fflush_nolock      000000014001aa5c     libucrt:fflush.obj
 0004:00000a68       $pdata$common_flush_all    000000014001aa68     libucrt:fflush.obj
 0004:00000a74       $pdata$_isleadbyte_l       000000014001aa74     libucrt:_wctype.obj
 0004:00000a80       $pdata$_fcloseall          000000014001aa80     libucrt:closeall.obj
 0004:00000a8c       $pdata$__acrt_stdio_free_buffer_nolock 000000014001aa8c     libucrt:_freebuf.obj
 0004:00000a98       $pdata$_raise_exc          000000014001aa98     libucrt:fpexcept.obj
 0004:00000aa4       $pdata$_raise_exc_ex       000000014001aaa4     libucrt:fpexcept.obj
 0004:00000ab0       $pdata$_raise_excf         000000014001aab0     libucrt:fpexcept.obj
 0004:00000abc       $pdata$_set_errno_from_matherr 000000014001aabc     libucrt:fpexcept.obj
 0004:00000ac8       $pdata$_clrfp              000000014001aac8     libucrt:fpctrl.obj
 0004:00000ad4       $pdata$_ctrlfp             000000014001aad4     libucrt:fpctrl.obj
 0004:00000ae0       $pdata$_set_statfp         000000014001aae0     libucrt:fpctrl.obj
 0004:00000aec       $pdata$_statfp             000000014001aaec     libucrt:fpctrl.obj
 0004:00000af8       $pdata$??$?RV<lambda_b521505b218e5242e90febf6bfebc422>@@AEAV<lambda_6978c1fb23f02e42e1d9e99668cc68aa>@@V<lambda_314360699dd331753a4119843814e9a7>@@@?$__crt_seh_guarded_call@H@@QEAAH$$QEAV<lambda_b521505b218e5242e90febf6bfebc422>@@AEAV<lambda_6978c1fb23f02e42e1d9e99668cc68aa>@@$$QEAV<lambda_314360699dd331753a4119843814e9a7>@@@Z 000000014001aaf8     libucrt:commit.obj
 0004:00000b04       $pdata$_commit             000000014001ab04     libucrt:commit.obj
 0004:00000b10       $pdata$?write_double_translated_ansi_nolock@@YA?AUwrite_result@?A0xab17fd16@@HQEBDI@Z 000000014001ab10     libucrt:write.obj
 0004:00000b1c       $pdata$?write_text_ansi_nolock@@YA?AUwrite_result@?A0xab17fd16@@HQEBDI@Z 000000014001ab1c     libucrt:write.obj
 0004:00000b28       $pdata$?write_text_utf16le_nolock@@YA?AUwrite_result@?A0xab17fd16@@HQEBDI@Z 000000014001ab28     libucrt:write.obj
 0004:00000b34       $pdata$?write_text_utf8_nolock@@YA?AUwrite_result@?A0xab17fd16@@HQEBDI@Z 000000014001ab34     libucrt:write.obj
 0004:00000b40       $pdata$_write              000000014001ab40     libucrt:write.obj
 0004:00000b4c       $pdata$_write_nolock       000000014001ab4c     libucrt:write.obj
 0004:00000b64       $pdata$??$common_lseek_nolock@_J@@YA_JH_JH@Z 000000014001ab64     libucrt:lseek.obj
 0004:00000b70       $pdata$_fclose_nolock      000000014001ab70     libucrt:fclose.obj
 0004:00000b7c       $pdata$fclose              000000014001ab7c     libucrt:fclose.obj
 0004:00000b94       $pdata$_putwch_nolock      000000014001ab94     libucrt:putwch.obj
 0004:00000ba0       $pdata$_log10_special      000000014001aba0     libucrt:log_special.obj
 0004:00000bac       $pdata$_log_special_common 000000014001abac     libucrt:log_special.obj
 0004:00000bb8       $pdata$??$?RV<lambda_bfedae4ebbf01fab1bb6dcc6a9e276e0>@@AEAV<lambda_2fe9b910cf3cbf4a0ab98a02ba45b3ec>@@V<lambda_237c231691f317818eb88cc1d5d642d6>@@@?$__crt_seh_guarded_call@H@@QEAAH$$QEAV<lambda_bfedae4ebbf01fab1bb6dcc6a9e276e0>@@AEAV<lambda_2fe9b910cf3cbf4a0ab98a02ba45b3ec>@@$$QEAV<lambda_237c231691f317818eb88cc1d5d642d6>@@@Z 000000014001abb8     libucrt:close.obj
 0004:00000bc4       $pdata$_close              000000014001abc4     libucrt:close.obj
 0004:00000bd0       $pdata$_close_nolock       000000014001abd0     libucrt:close.obj
 0004:00000bdc       $pdata$__dcrt_lowio_initialize_console_output 000000014001abdc     libucrt:initcon.obj
 0004:00000be8       $pdata$__dcrt_terminate_console_output 000000014001abe8     libucrt:initcon.obj
 0004:00000bf4       $pdata$_IsNonwritableInCurrentImage 000000014001abf4     LIBCMT:pesect.obj
 0004:00000c30       $pdata$?filt$0@?0??__scrt_common_main_seh@@YAHXZ@4HA 000000014001ac30     LIBCMT:exe_winmain.obj
 0004:00000c3c       $pdata$__scrt_is_nonwritable_in_current_image$filt$0 000000014001ac3c     LIBCMT:utility.obj
 0004:00000c48       $pdata$?filt$0@?0??common_exit@@YAXHW4_crt_exit_cleanup_mode@@W4_crt_exit_return_mode@@@Z@4HA 000000014001ac48     libucrt:exit.obj
 0004:00000c54       $pdata$?fin$1@?0??common_exit@@YAXHW4_crt_exit_cleanup_mode@@W4_crt_exit_return_mode@@@Z@4HA 000000014001ac54     libucrt:exit.obj
 0004:00000c60       $pdata$?fin$0@?0??common_onexit@@YAP6AHXZQEAU_onexit_table_t@@Q6AHXZ@Z@4HA 000000014001ac60     libucrt:onexit.obj
 0004:00000c6c       $pdata$?fin$0@?0???$?RV<lambda_46352004c1216016012b18bd6f87e700>@@AEAV<lambda_3bd07e1a1191394380780325891bf33f>@@V<lambda_334532d3f185bcaa59b5be82d7d22bff>@@@?$__crt_seh_guarded_call@X@@QEAAX$$QEAV<lambda_46352004c1216016012b18bd6f87e700>@@AEAV<lambda_3bd07e1a1191394380780325891bf33f>@@$$QEAV<lambda_334532d3f185bcaa59b5be82d7d22bff>@@@Z@4HA 000000014001ac6c     libucrt:per_thread_data.obj
 0004:00000c6c       $pdata$?fin$0@?0???$?RV<lambda_99476a1ad63dd22509b5d3e65b0ffc95>@@AEAV<lambda_ad1ced32f4ac17aa236e5ef05d6b3b7c>@@V<lambda_f7424dd8d45958661754dc4f2697e9c3>@@@?$__crt_seh_guarded_call@X@@QEAAX$$QEAV<lambda_99476a1ad63dd22509b5d3e65b0ffc95>@@AEAV<lambda_ad1ced32f4ac17aa236e5ef05d6b3b7c>@@$$QEAV<lambda_f7424dd8d45958661754dc4f2697e9c3>@@@Z@4HA 000000014001ac6c     libucrt:per_thread_data.obj
 0004:00000c6c       $pdata$?fin$0@?0???$?RV<lambda_c36588078e9f5dfd39652860aa6b3aaf>@@AEAV<lambda_ec61778202f4f5fc7e7711acc23c3bca>@@V<lambda_dc9d2797ccde5d239b4a0efae8ebd7db>@@@?$__crt_seh_guarded_call@P6AXH@Z@@QEAAP6AXH@Z$$QEAV<lambda_c36588078e9f5dfd39652860aa6b3aaf>@@AEAV<lambda_ec61778202f4f5fc7e7711acc23c3bca>@@$$QEAV<lambda_dc9d2797ccde5d239b4a0efae8ebd7db>@@@Z@4HA 000000014001ac6c     libucrt:per_thread_data.obj
 0004:00000c6c       $pdata$?fin$0@?0???$?RV<lambda_72d1df2b273a38828b1ce30cbf4cdab5>@@AEAV<lambda_876a65b173b8412d3a47c70a915b0cf4>@@V<lambda_41932305e351933ebe8f8be3ed8bb5dc>@@@?$__crt_seh_guarded_call@X@@QEAAX$$QEAV<lambda_72d1df2b273a38828b1ce30cbf4cdab5>@@AEAV<lambda_876a65b173b8412d3a47c70a915b0cf4>@@$$QEAV<lambda_41932305e351933ebe8f8be3ed8bb5dc>@@@Z@4HA 000000014001ac6c     libucrt:per_thread_data.obj
 0004:00000c6c       $pdata$?fin$0@?0???$?RV<lambda_fb3a7dec4e47f37f22dae91bb15c9095>@@AEAV<lambda_698284760c8add0bfb0756c19673e34b>@@V<lambda_dfb8eca1e75fef3034a8fb18dd509707>@@@?$__crt_seh_guarded_call@X@@QEAAX$$QEAV<lambda_fb3a7dec4e47f37f22dae91bb15c9095>@@AEAV<lambda_698284760c8add0bfb0756c19673e34b>@@$$QEAV<lambda_dfb8eca1e75fef3034a8fb18dd509707>@@@Z@4HA 000000014001ac6c     libucrt:per_thread_data.obj
 0004:00000c6c       $pdata$?fin$0@?0???$?RV<lambda_5e887d1dcbef67a5eb4283622ba103bf>@@AEAV<lambda_4466841279450cc726390878d4a41900>@@V<lambda_341c25c0346d94847f1f3c463c57e077>@@@?$__crt_seh_guarded_call@X@@QEAAX$$QEAV<lambda_5e887d1dcbef67a5eb4283622ba103bf>@@AEAV<lambda_4466841279450cc726390878d4a41900>@@$$QEAV<lambda_341c25c0346d94847f1f3c463c57e077>@@@Z@4HA 000000014001ac6c     libucrt:per_thread_data.obj
 0004:00000c78       $pdata$__acrt_update_thread_multibyte_data$fin$0 000000014001ac78     libucrt:mbctype.obj
 0004:00000c84       $pdata$__acrt_initialize_lowio$fin$0 000000014001ac84     libucrt:ioinit.obj
 0004:00000c84       $pdata$__acrt_lowio_ensure_fh_exists$fin$0 000000014001ac84     libucrt:ioinit.obj
 0004:00000c90       $pdata$__acrt_update_thread_locale_data$fin$0 000000014001ac90     libucrt:locale_refcounting.obj
 0004:00000c90       $pdata$__acrt_uninitialize_locale$fin$0 000000014001ac90     libucrt:locale_refcounting.obj
 0004:00000c9c       $pdata$_query_new_handler$fin$0 000000014001ac9c     libucrt:new_handler.obj
 0004:00000ca8       $pdata$raise$fin$0         000000014001aca8     libucrt:signal.obj
 0004:00000cb4       $pdata$common_flush_all$fin$0 000000014001acb4     libucrt:fflush.obj
 0004:00000cc0       $pdata$common_flush_all$fin$1 000000014001acc0     libucrt:fflush.obj
 0004:00000ccc       $pdata$_fcloseall$fin$0    000000014001accc     libucrt:closeall.obj
 0004:00000cd8       $pdata$_ctrlfp$filt$0      000000014001acd8     libucrt:fpctrl.obj
 0004:00000ce4       $pdata$_write$fin$0        000000014001ace4     libucrt:write.obj
 0004:00000cf0       $pdata$fclose$fin$0        000000014001acf0     libucrt:fclose.obj
 0004:00000cfc       $pdata$?fin$0@?0???$?RV<lambda_bfedae4ebbf01fab1bb6dcc6a9e276e0>@@AEAV<lambda_2fe9b910cf3cbf4a0ab98a02ba45b3ec>@@V<lambda_237c231691f317818eb88cc1d5d642d6>@@@?$__crt_seh_guarded_call@H@@QEAAH$$QEAV<lambda_bfedae4ebbf01fab1bb6dcc6a9e276e0>@@AEAV<lambda_2fe9b910cf3cbf4a0ab98a02ba45b3ec>@@$$QEAV<lambda_237c231691f317818eb88cc1d5d642d6>@@@Z@4HA 000000014001acfc     libucrt:close.obj
 0004:00000cfc       $pdata$?fin$0@?0???$?RV<lambda_b521505b218e5242e90febf6bfebc422>@@AEAV<lambda_6978c1fb23f02e42e1d9e99668cc68aa>@@V<lambda_314360699dd331753a4119843814e9a7>@@@?$__crt_seh_guarded_call@H@@QEAAH$$QEAV<lambda_b521505b218e5242e90febf6bfebc422>@@AEAV<lambda_6978c1fb23f02e42e1d9e99668cc68aa>@@$$QEAV<lambda_314360699dd331753a4119843814e9a7>@@@Z@4HA 000000014001acfc     libucrt:close.obj
 0004:00000d08       $pdata$_IsNonwritableInCurrentImage$filt$0 000000014001ad08     LIBCMT:pesect.obj
