 win32_handmade

 Timestamp is 56565c84 (Wed Nov 25 17:12:36 2015)

 Preferred load address is 0000000140000000

 Start         Length     Name                   Class
 0001:00000000 000001dbH .text                   CODE
 0001:000001e0 0001215cH .text$mn                CODE
 0001:00012340 00000012H .text$mn$00             CODE
 0001:00012360 00000210H .text$x                 CODE
 0002:00000000 00000300H .idata$5                DATA
 0002:00000300 00000010H .00cfg                  DATA
 0002:00000310 00000008H .CRT$XCA                DATA
 0002:00000318 00000008H .CRT$XCAA               DATA
 0002:00000320 00000008H .CRT$XCZ                DATA
 0002:00000328 00000008H .CRT$XIA                DATA
 0002:00000330 00000008H .CRT$XIAA               DATA
 0002:00000338 00000008H .CRT$XIAC               DATA
 0002:00000340 00000018H .CRT$XIC                DATA
 0002:00000358 00000008H .CRT$XIZ                DATA
 0002:00000360 00000008H .CRT$XPA                DATA
 0002:00000368 00000010H .CRT$XPX                DATA
 0002:00000378 00000008H .CRT$XPXA               DATA
 0002:00000380 00000008H .CRT$XPZ                DATA
 0002:00000388 00000008H .CRT$XTA                DATA
 0002:00000390 00000008H .CRT$XTZ                DATA
 0002:00000398 00000000H .gfids$x                DATA
 0002:000003a0 00007d54H .rdata                  DATA
 0002:000080f8 00000000H .rdata$r                DATA
 0002:000080f8 00000010H .rdata$zETW0            DATA
 0002:00008108 00000077H .rdata$zETW1            DATA
 0002:0000817f 0000002cH .rdata$zETW2            DATA
 0002:000081ab 00000001H .rdata$zETW9            DATA
 0002:000081ac 00000344H .rdata$zzzdbg           DATA
 0002:000084f0 00000008H .rtc$IAA                DATA
 0002:000084f8 00000008H .rtc$IZZ                DATA
 0002:00008500 00000008H .rtc$TAA                DATA
 0002:00008508 00000008H .rtc$TZZ                DATA
 0002:00008510 00000d1cH .xdata                  DATA
 0002:0000922c 00000000H .edata                  DATA
 0002:0000922c 00000064H .idata$2                DATA
 0002:00009290 00000014H .idata$3                DATA
 0002:000092a8 00000300H .idata$4                DATA
 0002:000095a8 000006a6H .idata$6                DATA
 0003:00000000 00000940H .data                   DATA
 0003:00000940 00000000H .data$r                 DATA
 0003:00000940 00001218H .bss                    DATA
 0004:00000000 00001038H .pdata                  DATA

  Address         Publics by Value              Rva+Base               Lib:Object

 0000:00000000       __guard_fids_count         0000000000000000     <absolute>
 0000:00000000       ___safe_se_handler_count   0000000000000000     <absolute>
 0000:00000000       ___safe_se_handler_table   0000000000000000     <absolute>
 0000:00000000       __guard_fids_table         0000000000000000     <absolute>
 0000:00000100       __guard_flags              0000000000000100     <absolute>
 0000:00000000       __ImageBase                0000000140000000     <linker-defined>
 0001:00000000       ?TraceLoggingRegister@__vcrt_trace_logging_provider@@YAJPEBU_TlgProvider_t@1@PEBU_GUID@@P6AX1KE_K2PEAU_EVENT_FILTER_DESCRIPTOR@@PEAX@Z4@Z 0000000140001000 f i libvcruntime:telemetry.obj
 0001:0000007c       ?_TlgEnableCallback@__vcrt_trace_logging_provider@@YAXPEBU_GUID@@KE_K1PEAU_EVENT_FILTER_DESCRIPTOR@@PEAX@Z 000000014000107c f i libvcruntime:telemetry.obj
 0001:00000140       ?_TlgWrite@__vcrt_trace_logging_provider@@YAJPEBU_TlgProvider_t@1@PEFBXPEBU_GUID@@2IPEAU_EVENT_DATA_DESCRIPTOR@@@Z 0000000140001140 f i libvcruntime:telemetry.obj
 0001:000001e0       ?GameUpdateAndRenderStub@@YAXPEAUgame_memory@@PEAUgame_input@@PEAUgame_offscreen_buffer@@@Z 00000001400011e0 f   win32_handmade.obj
 0001:00000200       ?GameGetSoundSamplesStub@@YAXPEAUgame_memory@@PEAUgame_sound_output_buffer@@@Z 0000000140001200 f   win32_handmade.obj
 0001:00000220       WinMain                    0000000140001220 f   win32_handmade.obj
 0001:000017d0       ?XInputGetStateStub@@YAKKPEAU_XINPUT_STATE@@@Z 00000001400027d0 f   win32_handmade.obj
 0001:000017f0       ?XInputSetStateStub@@YAKKPEAU_XINPUT_VIBRATION@@@Z 00000001400027f0 f   win32_handmade.obj
 0001:00001810       ?DEBUGPlatformFreeFileMemory@@YAXPEAX@Z 0000000140002810 f   win32_handmade.obj
 0001:00001840       ?DEBUGPlatformReadEntireFile@@YA?AUdebug_read_file_result@@PEAD@Z 0000000140002840 f   win32_handmade.obj
 0001:00001980       ?DEBUGPlatformWriteEntireFile@@YAHPEADIPEAX@Z 0000000140002980 f   win32_handmade.obj
 0001:000030d0       ??$__vcrt_va_start_verify_argument_type@QEBD@@YAXXZ 00000001400040d0 f i win32_handmade.obj
 0001:000030d0       ??$__vcrt_va_start_verify_argument_type@PEBD@@YAXXZ 00000001400040d0 f i win32_handmade.obj
 0001:000030e0       ??$_snprintf_s@$0BAA@@@YAHAEAY0BAA@D_KPEBDZZ 00000001400040e0 f i win32_handmade.obj
 0001:00003130       ?GetController@@YAPEAUgame_controller_input@@PEAUgame_input@@H@Z 0000000140004130 f i win32_handmade.obj
 0001:00003170       ?SafeTruncateUInt64@@YAI_K@Z 0000000140004170 f i win32_handmade.obj
 0001:000031a0       ?Win32DrawSoundBufferMarker@@YAXPEAUwin32_offscreen_buffer@@PEAUwin32_sound_output@@MHHHKI@Z 00000001400041a0 f i win32_handmade.obj
 0001:00003220       ?Win32GetLastWriteTime@@YA?AU_FILETIME@@PEAD@Z 0000000140004220 f i win32_handmade.obj
 0001:000032b0       ?Win32GetSecondsElapsed@@YAMT_LARGE_INTEGER@@0@Z 00000001400042b0 f i win32_handmade.obj
 0001:000032e0       ?Win32GetWallClock@@YA?AT_LARGE_INTEGER@@XZ 00000001400042e0 f i win32_handmade.obj
 0001:00003300       __local_stdio_printf_options 0000000140004300 f i win32_handmade.obj
 0001:00003310       _vsnprintf_s               0000000140004310 f i win32_handmade.obj
 0001:00003360       _vsnprintf_s_l             0000000140004360 f i win32_handmade.obj
 0001:000033e0       snprintf                   00000001400043e0 f i win32_handmade.obj
 0001:00003440       vsnprintf                  0000000140004440 f i win32_handmade.obj
 0001:000034b4       __GSHandlerCheck           00000001400044b4 f   LIBCMT:_gshandler_.obj
 0001:000034d4       __GSHandlerCheckCommon     00000001400044d4 f   LIBCMT:_gshandler_.obj
 0001:00003540       _alloca_probe              0000000140004540 f   LIBCMT:_chkstk_.obj
 0001:00003540       __chkstk                   0000000140004540 f   LIBCMT:_chkstk_.obj
 0001:000035b0       __security_check_cookie    00000001400045b0 f   LIBCMT:_amdsecgs_.obj
 0001:00003830       WinMainCRTStartup          0000000140004830 f   LIBCMT:exe_winmain.obj
 0001:00003844       __raise_securityfailure    0000000140004844 f   LIBCMT:gs_report.obj
 0001:00003878       __report_gsfailure         0000000140004878 f   LIBCMT:gs_report.obj
 0001:0000394c       __report_rangecheckfailure 000000014000494c f   LIBCMT:gs_report.obj
 0001:00003960       __report_securityfailure   0000000140004960 f   LIBCMT:gs_report.obj
 0001:00003ae0       __scrt_acquire_startup_lock 0000000140004ae0 f   LIBCMT:utility.obj
 0001:00003b1c       __scrt_initialize_crt      0000000140004b1c f   LIBCMT:utility.obj
 0001:00003b68       __scrt_initialize_onexit_tables 0000000140004b68 f   LIBCMT:utility.obj
 0001:00003c34       __scrt_is_nonwritable_in_current_image 0000000140004c34 f   LIBCMT:utility.obj
 0001:00003cd0       __scrt_release_startup_lock 0000000140004cd0 f   LIBCMT:utility.obj
 0001:00003cf4       __scrt_uninitialize_crt    0000000140004cf4 f   LIBCMT:utility.obj
 0001:00003d20       _onexit                    0000000140004d20 f   LIBCMT:utility.obj
 0001:00003d70       atexit                     0000000140004d70 f   LIBCMT:utility.obj
 0001:00003d88       __security_init_cookie     0000000140004d88 f   LIBCMT:gs_support.obj
 0001:00003e34       _get_startup_argv_mode     0000000140004e34 f   LIBCMT:argv_mode.obj
 0001:00003e3c       _get_startup_file_mode     0000000140004e3c f   LIBCMT:file_mode.obj
 0001:00003e44       ?__scrt_initialize_type_info@@YAXXZ 0000000140004e44 f   LIBCMT:tncleanup.obj
 0001:00003e54       __local_stdio_scanf_options 0000000140004e54 f i LIBCMT:default_local_stdio_options.obj
 0001:00003e5c       __scrt_initialize_default_local_stdio_options 0000000140004e5c f   LIBCMT:default_local_stdio_options.obj
 0001:00003e78       __scrt_is_user_matherr_present 0000000140004e78 f   LIBCMT:matherr_detection.obj
 0001:00003e84       __scrt_get_dyn_tls_init_callback 0000000140004e84 f   LIBCMT:dyn_tls_init.obj
 0001:00003e8c       __scrt_get_dyn_tls_dtor_callback 0000000140004e8c f   LIBCMT:dyn_tls_dtor.obj
 0001:00003e94       __crt_debugger_hook        0000000140004e94 f   LIBCMT:utility_desktop.obj
 0001:00003e9c       __scrt_fastfail            0000000140004e9c f   LIBCMT:utility_desktop.obj
 0001:00003fe4       __scrt_get_show_window_mode 0000000140004fe4 f   LIBCMT:utility_desktop.obj
 0001:00004024       _get_startup_new_mode      0000000140005024 f   LIBCMT:new_mode.obj
 0001:00004024       _get_startup_thread_locale_mode 0000000140005024 f   LIBCMT:thread_locale.obj
 0001:00004024       _matherr                   0000000140005024 f   LIBCMT:matherr.obj
 0001:00004024       _get_startup_commit_mode   0000000140005024 f   LIBCMT:commit_mode.obj
 0001:00004024       __scrt_initialize_winrt    0000000140005024 f   LIBCMT:utility_desktop.obj
 0001:00004028       __scrt_is_managed_app      0000000140005028 f   LIBCMT:utility_desktop.obj
 0001:0000407c       __scrt_set_unhandled_exception_filter 000000014000507c f   LIBCMT:utility_desktop.obj
 0001:0000408c       __scrt_unhandled_exception_filter 000000014000508c f   LIBCMT:utility_desktop.obj
 0001:000040c4       _RTC_Initialize            00000001400050c4 f   LIBCMT:_initsect_.obj
 0001:00004110       _RTC_Terminate             0000000140005110 f   LIBCMT:_initsect_.obj
 0001:0000415c       _guard_check_icall         000000014000515c f i LIBCMT:checkcfg.obj
 0001:00004164       __isa_available_init       0000000140005164 f   LIBCMT:_cpu_disp_.obj
 0001:00004328       __scrt_is_ucrt_dll_in_use  0000000140005328 f   LIBCMT:ucrt_detection.obj
 0001:00004334       __except_validate_context_record 0000000140005334 f i libvcruntime:jbcxrval.obj
 0001:00004334       _initialize_denormal_control 0000000140005334 f i LIBCMT:denormal_control.obj
 0001:00004334       _initialize_invalid_parameter_handler 0000000140005334 f i LIBCMT:invalid_parameter_handler.obj
 0001:00004334       _guard_check_icall_nop     0000000140005334 f i LIBCMT:guard_support.obj
 0001:00004340       IsProcessorFeaturePresent  0000000140005340 f   kernel32:KERNEL32.dll
 0001:0000434c       __telemetry_main_invoke_trigger 000000014000534c f   libvcruntime:telemetry.obj
 0001:00004464       __telemetry_main_return_trigger 0000000140005464 f   libvcruntime:telemetry.obj
 0001:0000457c       __vcrt_initialize_telemetry_provider 000000014000557c f   libvcruntime:telemetry.obj
 0001:00004590       __vcrt_uninitialize_telemetry_provider 0000000140005590 f   libvcruntime:telemetry.obj
 0001:000045b0       __C_specific_handler       00000001400055b0 f   libvcruntime:_chandler_.obj
 0001:000047a0       __vcrt_initialize          00000001400057a0 f   libvcruntime:initialization.obj
 0001:000047d8       __vcrt_uninitialize        00000001400057d8 f   libvcruntime:initialization.obj
 0001:00004820       memset                     0000000140005820 f   libvcruntime:memset.obj
 0001:00004b88       __vcrt_EventRegister       0000000140005b88 f   libvcruntime:winapi_downlevel.obj
 0001:00004c0c       __vcrt_EventSetInformation 0000000140005c0c f   libvcruntime:winapi_downlevel.obj
 0001:00004c90       __vcrt_EventUnregister     0000000140005c90 f   libvcruntime:winapi_downlevel.obj
 0001:00004ce4       __vcrt_EventWriteTransfer  0000000140005ce4 f   libvcruntime:winapi_downlevel.obj
 0001:00004d7c       __vcrt_FlsAlloc            0000000140005d7c f   libvcruntime:winapi_downlevel.obj
 0001:00004dd0       __vcrt_FlsFree             0000000140005dd0 f   libvcruntime:winapi_downlevel.obj
 0001:00004e24       __vcrt_FlsSetValue         0000000140005e24 f   libvcruntime:winapi_downlevel.obj
 0001:00004e8c       __vcrt_InitializeCriticalSectionEx 0000000140005e8c f   libvcruntime:winapi_downlevel.obj
 0001:00004f04       __vcrt_initialize_winapi_thunks 0000000140005f04 f   libvcruntime:winapi_downlevel.obj
 0001:00004f3c       __vcrt_uninitialize_winapi_thunks 0000000140005f3c f   libvcruntime:winapi_downlevel.obj
 0001:00004f90       _local_unwind              0000000140005f90 f   libvcruntime:_jmpuwind_.obj
 0001:00004fc0       _NLG_Notify                0000000140005fc0 f   libvcruntime:_jmpuwind_.obj
 0001:00004fe0       __NLG_Dispatch2            0000000140005fe0 f   libvcruntime:_jmpuwind_.obj
 0001:00004ff0       __NLG_Return2              0000000140005ff0 f   libvcruntime:_jmpuwind_.obj
 0001:00004ff4       __vcrt_freefls             0000000140005ff4 f   libvcruntime:per_thread_data.obj
 0001:00005014       __vcrt_initialize_ptd      0000000140006014 f   libvcruntime:per_thread_data.obj
 0001:00005054       __vcrt_uninitialize_ptd    0000000140006054 f   libvcruntime:per_thread_data.obj
 0001:00005078       __vcrt_initialize_locks    0000000140006078 f   libvcruntime:locks.obj
 0001:000050c0       __vcrt_uninitialize_locks  00000001400060c0 f   libvcruntime:locks.obj
 0001:000050f8       __vcrt_initialize_pure_virtual_call_handler 00000001400060f8 f   libvcruntime:purevirt_data.obj
 0001:000052c4       ??$ensure_buffer_is_big_enough@D@formatting_buffer@__crt_stdio_output@@QEAA_N_K@Z 00000001400062c4 f i libucrt:output.obj
 0001:00005370       ??$is_wide_character_specifier@D@__crt_stdio_output@@YA_N_KDW4length_modifier@0@@Z 0000000140006370 f i libucrt:output.obj
 0001:000053a0       ??$type_case_integer_parse_into_buffer@I@?$output_processor@DV?$string_output_adapter@D@__crt_stdio_output@@V?$format_validation_base@DV?$string_output_adapter@D@__crt_stdio_output@@@2@@__crt_stdio_output@@AEAAXII_N@Z 00000001400063a0 f i libucrt:output.obj
 0001:000053a0       ??$type_case_integer_parse_into_buffer@I@?$output_processor@DV?$string_output_adapter@D@__crt_stdio_output@@V?$standard_base@DV?$string_output_adapter@D@__crt_stdio_output@@@2@@__crt_stdio_output@@AEAAXII_N@Z 00000001400063a0 f i libucrt:output.obj
 0001:0000543c       ??$type_case_integer_parse_into_buffer@_K@?$output_processor@DV?$string_output_adapter@D@__crt_stdio_output@@V?$standard_base@DV?$string_output_adapter@D@__crt_stdio_output@@@2@@__crt_stdio_output@@AEAAX_KI_N@Z 000000014000643c f i libucrt:output.obj
 0001:0000543c       ??$type_case_integer_parse_into_buffer@_K@?$output_processor@DV?$string_output_adapter@D@__crt_stdio_output@@V?$format_validation_base@DV?$string_output_adapter@D@__crt_stdio_output@@@2@@__crt_stdio_output@@AEAAX_KI_N@Z 000000014000643c f i libucrt:output.obj
 0001:000054d8       ??$write_multiple_characters@V?$string_output_adapter@D@__crt_stdio_output@@D@__crt_stdio_output@@YAXAEBV?$string_output_adapter@D@0@DHQEAH@Z 00000001400064d8 f i libucrt:output.obj
 0001:00005534       ??0?$output_processor@DV?$string_output_adapter@D@__crt_stdio_output@@V?$format_validation_base@DV?$string_output_adapter@D@__crt_stdio_output@@@2@@__crt_stdio_output@@QEAA@AEBV?$string_output_adapter@D@1@_KQEBDQEAU__crt_locale_pointers@@QEAD@Z 0000000140006534 f i libucrt:output.obj
 0001:00005534       ??0?$output_processor@DV?$string_output_adapter@D@__crt_stdio_output@@V?$standard_base@DV?$string_output_adapter@D@__crt_stdio_output@@@2@@__crt_stdio_output@@QEAA@AEBV?$string_output_adapter@D@1@_KQEBDQEAU__crt_locale_pointers@@QEAD@Z 0000000140006534 f i libucrt:output.obj
 0001:000055b0       ??0_LocaleUpdate@@QEAA@QEAU__crt_locale_pointers@@@Z 00000001400065b0 f i libucrt:output.obj
 0001:00005640       ?force_decimal_point@__crt_stdio_output@@YAXPEADQEAU__crt_locale_pointers@@@Z 0000000140006640 f i libucrt:output.obj
 0001:000056b0       ?parse_int_from_format_string@?$output_processor@DV?$string_output_adapter@D@__crt_stdio_output@@V?$standard_base@DV?$string_output_adapter@D@__crt_stdio_output@@@2@@__crt_stdio_output@@AEAA_NQEAH@Z 00000001400066b0 f i libucrt:output.obj
 0001:000056b0       ?parse_int_from_format_string@?$output_processor@DV?$string_output_adapter@D@__crt_stdio_output@@V?$format_validation_base@DV?$string_output_adapter@D@__crt_stdio_output@@@2@@__crt_stdio_output@@AEAA_NQEAH@Z 00000001400066b0 f i libucrt:output.obj
 0001:00005734       ?process@?$output_processor@DV?$string_output_adapter@D@__crt_stdio_output@@V?$format_validation_base@DV?$string_output_adapter@D@__crt_stdio_output@@@2@@__crt_stdio_output@@QEAAHXZ 0000000140006734 f i libucrt:output.obj
 0001:00005948       ?process@?$output_processor@DV?$string_output_adapter@D@__crt_stdio_output@@V?$standard_base@DV?$string_output_adapter@D@__crt_stdio_output@@@2@@__crt_stdio_output@@QEAAHXZ 0000000140006948 f i libucrt:output.obj
 0001:00005b4c       ?state_case_normal@?$output_processor@DV?$string_output_adapter@D@__crt_stdio_output@@V?$format_validation_base@DV?$string_output_adapter@D@__crt_stdio_output@@@2@@__crt_stdio_output@@AEAA_NXZ 0000000140006b4c f i libucrt:output.obj
 0001:00005b4c       ?state_case_normal@?$output_processor@DV?$string_output_adapter@D@__crt_stdio_output@@V?$standard_base@DV?$string_output_adapter@D@__crt_stdio_output@@@2@@__crt_stdio_output@@AEAA_NXZ 0000000140006b4c f i libucrt:output.obj
 0001:00005bc0       ?state_case_normal_tchar@?$output_processor@DV?$string_output_adapter@D@__crt_stdio_output@@V?$format_validation_base@DV?$string_output_adapter@D@__crt_stdio_output@@@2@@__crt_stdio_output@@AEAA_ND@Z 0000000140006bc0 f i libucrt:output.obj
 0001:00005bc0       ?state_case_normal_tchar@?$output_processor@DV?$string_output_adapter@D@__crt_stdio_output@@V?$standard_base@DV?$string_output_adapter@D@__crt_stdio_output@@@2@@__crt_stdio_output@@AEAA_ND@Z 0000000140006bc0 f i libucrt:output.obj
 0001:00005c58       ?state_case_size@?$output_processor@DV?$string_output_adapter@D@__crt_stdio_output@@V?$standard_base@DV?$string_output_adapter@D@__crt_stdio_output@@@2@@__crt_stdio_output@@AEAA_NXZ 0000000140006c58 f i libucrt:output.obj
 0001:00005c58       ?state_case_size@?$output_processor@DV?$string_output_adapter@D@__crt_stdio_output@@V?$format_validation_base@DV?$string_output_adapter@D@__crt_stdio_output@@@2@@__crt_stdio_output@@AEAA_NXZ 0000000140006c58 f i libucrt:output.obj
 0001:00005dd4       ?state_case_type@?$output_processor@DV?$string_output_adapter@D@__crt_stdio_output@@V?$format_validation_base@DV?$string_output_adapter@D@__crt_stdio_output@@@2@@__crt_stdio_output@@AEAA_NXZ 0000000140006dd4 f i libucrt:output.obj
 0001:00005dd4       ?state_case_type@?$output_processor@DV?$string_output_adapter@D@__crt_stdio_output@@V?$standard_base@DV?$string_output_adapter@D@__crt_stdio_output@@@2@@__crt_stdio_output@@AEAA_NXZ 0000000140006dd4 f i libucrt:output.obj
 0001:00006050       ?type_case_Z@?$output_processor@DV?$string_output_adapter@D@__crt_stdio_output@@V?$standard_base@DV?$string_output_adapter@D@__crt_stdio_output@@@2@@__crt_stdio_output@@AEAA_NXZ 0000000140007050 f i libucrt:output.obj
 0001:00006050       ?type_case_Z@?$output_processor@DV?$string_output_adapter@D@__crt_stdio_output@@V?$format_validation_base@DV?$string_output_adapter@D@__crt_stdio_output@@@2@@__crt_stdio_output@@AEAA_NXZ 0000000140007050 f i libucrt:output.obj
 0001:000060d0       ?type_case_a@?$output_processor@DV?$string_output_adapter@D@__crt_stdio_output@@V?$format_validation_base@DV?$string_output_adapter@D@__crt_stdio_output@@@2@@__crt_stdio_output@@AEAA_NXZ 00000001400070d0 f i libucrt:output.obj
 0001:000060d0       ?type_case_a@?$output_processor@DV?$string_output_adapter@D@__crt_stdio_output@@V?$standard_base@DV?$string_output_adapter@D@__crt_stdio_output@@@2@@__crt_stdio_output@@AEAA_NXZ 00000001400070d0 f i libucrt:output.obj
 0001:000062ec       ?type_case_c_tchar@?$output_processor@DV?$string_output_adapter@D@__crt_stdio_output@@V?$format_validation_base@DV?$string_output_adapter@D@__crt_stdio_output@@@2@@__crt_stdio_output@@AEAA_ND@Z 00000001400072ec f i libucrt:output.obj
 0001:000062ec       ?type_case_c_tchar@?$output_processor@DV?$string_output_adapter@D@__crt_stdio_output@@V?$standard_base@DV?$string_output_adapter@D@__crt_stdio_output@@@2@@__crt_stdio_output@@AEAA_ND@Z 00000001400072ec f i libucrt:output.obj
 0001:000063a0       ?type_case_integer@?$output_processor@DV?$string_output_adapter@D@__crt_stdio_output@@V?$format_validation_base@DV?$string_output_adapter@D@__crt_stdio_output@@@2@@__crt_stdio_output@@AEAA_NI_N@Z 00000001400073a0 f i libucrt:output.obj
 0001:000063a0       ?type_case_integer@?$output_processor@DV?$string_output_adapter@D@__crt_stdio_output@@V?$standard_base@DV?$string_output_adapter@D@__crt_stdio_output@@@2@@__crt_stdio_output@@AEAA_NI_N@Z 00000001400073a0 f i libucrt:output.obj
 0001:00006540       ?type_case_n@?$output_processor@DV?$string_output_adapter@D@__crt_stdio_output@@V?$standard_base@DV?$string_output_adapter@D@__crt_stdio_output@@@2@@__crt_stdio_output@@AEAA_NXZ 0000000140007540 f i libucrt:output.obj
 0001:00006540       ?type_case_n@?$output_processor@DV?$string_output_adapter@D@__crt_stdio_output@@V?$format_validation_base@DV?$string_output_adapter@D@__crt_stdio_output@@@2@@__crt_stdio_output@@AEAA_NXZ 0000000140007540 f i libucrt:output.obj
 0001:0000661c       ?type_case_s@?$output_processor@DV?$string_output_adapter@D@__crt_stdio_output@@V?$standard_base@DV?$string_output_adapter@D@__crt_stdio_output@@@2@@__crt_stdio_output@@AEAA_NXZ 000000014000761c f i libucrt:output.obj
 0001:0000661c       ?type_case_s@?$output_processor@DV?$string_output_adapter@D@__crt_stdio_output@@V?$format_validation_base@DV?$string_output_adapter@D@__crt_stdio_output@@@2@@__crt_stdio_output@@AEAA_NXZ 000000014000761c f i libucrt:output.obj
 0001:000066ac       ?write_stored_string_tchar@?$output_processor@DV?$string_output_adapter@D@__crt_stdio_output@@V?$standard_base@DV?$string_output_adapter@D@__crt_stdio_output@@@2@@__crt_stdio_output@@AEAA_ND@Z 00000001400076ac f i libucrt:output.obj
 0001:000066ac       ?write_stored_string_tchar@?$output_processor@DV?$string_output_adapter@D@__crt_stdio_output@@V?$format_validation_base@DV?$string_output_adapter@D@__crt_stdio_output@@@2@@__crt_stdio_output@@AEAA_ND@Z 00000001400076ac f i libucrt:output.obj
 0001:00006784       ?write_string@?$string_output_adapter@D@__crt_stdio_output@@QEBAXQEBDHQEAH1@Z 0000000140007784 f i libucrt:output.obj
 0001:00006840       __stdio_common_vsnprintf_s 0000000140007840 f   libucrt:output.obj
 0001:0000699c       __stdio_common_vsprintf    000000014000799c f   libucrt:output.obj
 0001:00006bd0       _seh_filter_exe            0000000140007bd0 f   libucrt:exception_filter.obj
 0001:00006d60       _query_app_type            0000000140007d60 f   libucrt:report_runtime_error.obj
 0001:00006d68       _set_app_type              0000000140007d68 f   libucrt:report_runtime_error.obj
 0001:00006d70       __acrt_has_user_matherr    0000000140007d70 f   libucrt:matherr.obj
 0001:00006d90       __acrt_initialize_user_matherr 0000000140007d90 f   libucrt:matherr.obj
 0001:00006d98       __acrt_invoke_user_matherr 0000000140007d98 f   libucrt:matherr.obj
 0001:00006de0       __setusermatherr           0000000140007de0 f   libucrt:matherr.obj
 0001:00006fc4       __acrt_allocate_buffer_for_argv 0000000140007fc4 f   libucrt:argv_parsing.obj
 0001:00007028       _configure_narrow_argv     0000000140008028 f   libucrt:argv_parsing.obj
 0001:00007384       __dcrt_uninitialize_environments_nolock 0000000140008384 f   libucrt:environment_initialization.obj
 0001:000073bc       _initialize_narrow_environment 00000001400083bc f   libucrt:environment_initialization.obj
 0001:000073c4       _get_narrow_winmain_command_line 00000001400083c4 f   libucrt:argv_winmain.obj
 0001:00007434       _initterm                  0000000140008434 f   libucrt:initterm.obj
 0001:000074ac       _initterm_e                00000001400084ac f   libucrt:initterm.obj
 0001:00007728       __acrt_initialize_thread_local_exit_callback 0000000140008728 f   libucrt:exit.obj
 0001:00007730       _c_exit                    0000000140008730 f   libucrt:exit.obj
 0001:00007740       _cexit                     0000000140008740 f   libucrt:exit.obj
 0001:00007750       _exit                      0000000140008750 f   libucrt:exit.obj
 0001:0000775c       _register_thread_local_exe_atexit_callback 000000014000875c f   libucrt:exit.obj
 0001:000077a0       exit                       00000001400087a0 f   libucrt:exit.obj
 0001:000077ac       _set_fmode                 00000001400087ac f   libucrt:setmode.obj
 0001:000077ec       __acrt_set_locale_changed  00000001400087ec f   libucrt:wsetlocale.obj
 0001:000077f8       __acrt_uninitialize_locale 00000001400087f8 f   libucrt:wsetlocale.obj
 0001:00007840       _configthreadlocale        0000000140008840 f   libucrt:wsetlocale.obj
 0001:000078ac       _query_new_mode            00000001400088ac f   libucrt:new_mode.obj
 0001:000078b4       _set_new_mode              00000001400088b4 f   libucrt:new_mode.obj
 0001:000078e0       __p__commode               00000001400088e0 f   libucrt:ncommode.obj
 0001:000078e8       ??$?RV<lambda_b8c45f8f788dd370798f47cfe8ac3a86>@@AEAV<lambda_4e60a939b0d047cfe11ddc22648dfba9>@@V<lambda_332c3edc96d0294ec56c57d38c1cdfd5>@@@?$__crt_seh_guarded_call@H@@QEAAH$$QEAV<lambda_b8c45f8f788dd370798f47cfe8ac3a86>@@AEAV<lambda_4e60a939b0d047cfe11ddc22648dfba9>@@$$QEAV<lambda_332c3edc96d0294ec56c57d38c1cdfd5>@@@Z 00000001400088e8 f i libucrt:onexit.obj
 0001:00007924       ??$?RV<lambda_e24bbb7b643b32fcea6fa61b31d4c984>@@AEAV<lambda_275893d493268fdec8709772e3fcec0e>@@V<lambda_9d71df4d7cf3f480f8d633942495c3b0>@@@?$__crt_seh_guarded_call@H@@QEAAH$$QEAV<lambda_e24bbb7b643b32fcea6fa61b31d4c984>@@AEAV<lambda_275893d493268fdec8709772e3fcec0e>@@$$QEAV<lambda_9d71df4d7cf3f480f8d633942495c3b0>@@@Z 0000000140008924 f i libucrt:onexit.obj
 0001:00007ca0       _crt_atexit                0000000140008ca0 f   libucrt:onexit.obj
 0001:00007cb0       _execute_onexit_table      0000000140008cb0 f   libucrt:onexit.obj
 0001:00007cec       _initialize_onexit_table   0000000140008cec f   libucrt:onexit.obj
 0001:00007d2c       _register_onexit_function  0000000140008d2c f   libucrt:onexit.obj
 0001:00007dbc       __acrt_uninitialize_command_line 0000000140008dbc f   libucrt:argv_data.obj
 0001:00007eac       __acrt_initialize          0000000140008eac f   libucrt:initialization.obj
 0001:00007ec0       __acrt_uninitialize        0000000140008ec0 f   libucrt:initialization.obj
 0001:00007ed4       terminate                  0000000140008ed4 f   libucrt:terminate.obj
 0001:00007efc       _free_base                 0000000140008efc f   libucrt:free_base.obj
 0001:00007f3c       _malloc_base               0000000140008f3c f   libucrt:malloc_base.obj
 0001:00007f9c       strcpy_s                   0000000140008f9c f   libucrt:strcpy_s.obj
 0001:00007ffc       abort                      0000000140008ffc f   libucrt:abort.obj
 0001:00008054       _calloc_base               0000000140009054 f   libucrt:calloc_base.obj
 0001:000080cc       ??$is_overflow_condition@K@__crt_strtox@@YA_NIK@Z 00000001400090cc f i libucrt:atox.obj
 0001:000080f8       ??$parse_integer@KV?$c_string_character_source@D@__crt_strtox@@@__crt_strtox@@YAKQEAU__crt_locale_pointers@@V?$c_string_character_source@D@0@H_N@Z 00000001400090f8 f i libucrt:atox.obj
 0001:0000840c       __acrt_call_reportfault    000000014000940c f   libucrt:invalid_parameter.obj
 0001:00008568       __acrt_initialize_invalid_parameter_handler 0000000140009568 f   libucrt:invalid_parameter.obj
 0001:00008570       _invalid_parameter         0000000140009570 f   libucrt:invalid_parameter.obj
 0001:00008618       _invalid_parameter_noinfo  0000000140009618 f   libucrt:invalid_parameter.obj
 0001:00008638       _invoke_watson             0000000140009638 f   libucrt:invalid_parameter.obj
 0001:00008680       isdigit                    0000000140009680 f i libucrt:_ctype.obj
 0001:00008744       _tolower_l                 0000000140009744 f   libucrt:tolower_toupper.obj
 0001:00008884       tolower                    0000000140009884 f   libucrt:tolower_toupper.obj
 0001:000088b0       __acrt_errno_from_os_error 00000001400098b0 f   libucrt:errno.obj
 0001:000088f8       __acrt_errno_map_os_error  00000001400098f8 f   libucrt:errno.obj
 0001:00008948       __doserrno                 0000000140009948 f   libucrt:errno.obj
 0001:00008968       _errno                     0000000140009968 f   libucrt:errno.obj
 0001:00008988       ??$make_c_string_character_source@DPEAPEAD@__crt_strtox@@YA?AV?$c_string_character_source@D@0@QEBDQEAPEAD@Z 0000000140009988 f i libucrt:strtox.obj
 0001:0000899c       strtol                     000000014000999c f   libucrt:strtox.obj
 0001:000089cc       _mbtowc_l                  00000001400099cc f   libucrt:mbtowc.obj
 0001:00008b14       mbtowc                     0000000140009b14 f   libucrt:mbtowc.obj
 0001:00008b1c       _wctomb_s_l                0000000140009b1c f   libucrt:wctomb.obj
 0001:00008ca0       wctomb_s                   0000000140009ca0 f   libucrt:wctomb.obj
 0001:00008cb4       strnlen                    0000000140009cb4 f   libucrt:strnlen.obj
 0001:00008e10       wcsnlen                    0000000140009e10 f   libucrt:strnlen.obj
 0001:00009000       ??$?RV<lambda_46352004c1216016012b18bd6f87e700>@@AEAV<lambda_3bd07e1a1191394380780325891bf33f>@@V<lambda_334532d3f185bcaa59b5be82d7d22bff>@@@?$__crt_seh_guarded_call@X@@QEAAX$$QEAV<lambda_46352004c1216016012b18bd6f87e700>@@AEAV<lambda_3bd07e1a1191394380780325891bf33f>@@$$QEAV<lambda_334532d3f185bcaa59b5be82d7d22bff>@@@Z 000000014000a000 f i libucrt:per_thread_data.obj
 0001:00009060       ??$?RV<lambda_5e887d1dcbef67a5eb4283622ba103bf>@@AEAV<lambda_4466841279450cc726390878d4a41900>@@V<lambda_341c25c0346d94847f1f3c463c57e077>@@@?$__crt_seh_guarded_call@X@@QEAAX$$QEAV<lambda_5e887d1dcbef67a5eb4283622ba103bf>@@AEAV<lambda_4466841279450cc726390878d4a41900>@@$$QEAV<lambda_341c25c0346d94847f1f3c463c57e077>@@@Z 000000014000a060 f i libucrt:per_thread_data.obj
 0001:000090a8       ??$?RV<lambda_72d1df2b273a38828b1ce30cbf4cdab5>@@AEAV<lambda_876a65b173b8412d3a47c70a915b0cf4>@@V<lambda_41932305e351933ebe8f8be3ed8bb5dc>@@@?$__crt_seh_guarded_call@X@@QEAAX$$QEAV<lambda_72d1df2b273a38828b1ce30cbf4cdab5>@@AEAV<lambda_876a65b173b8412d3a47c70a915b0cf4>@@$$QEAV<lambda_41932305e351933ebe8f8be3ed8bb5dc>@@@Z 000000014000a0a8 f i libucrt:per_thread_data.obj
 0001:000090e8       ??$?RV<lambda_fb3a7dec4e47f37f22dae91bb15c9095>@@AEAV<lambda_698284760c8add0bfb0756c19673e34b>@@V<lambda_dfb8eca1e75fef3034a8fb18dd509707>@@@?$__crt_seh_guarded_call@X@@QEAAX$$QEAV<lambda_fb3a7dec4e47f37f22dae91bb15c9095>@@AEAV<lambda_698284760c8add0bfb0756c19673e34b>@@$$QEAV<lambda_dfb8eca1e75fef3034a8fb18dd509707>@@@Z 000000014000a0e8 f i libucrt:per_thread_data.obj
 0001:00009378       __acrt_getptd              000000014000a378 f   libucrt:per_thread_data.obj
 0001:0000940c       __acrt_getptd_noexit       000000014000a40c f   libucrt:per_thread_data.obj
 0001:000094ac       __acrt_initialize_ptd      000000014000a4ac f   libucrt:per_thread_data.obj
 0001:000094e8       __acrt_uninitialize_ptd    000000014000a4e8 f   libucrt:per_thread_data.obj
 0001:0000950c       __acrt_update_locale_info  000000014000a50c f   libucrt:locale_update.obj
 0001:00009540       __acrt_update_multibyte_info 000000014000a540 f   libucrt:locale_update.obj
 0001:00009574       ?__acrt_fp_classify@@YA?AW4__acrt_fp_class@@AEBN@Z 000000014000a574 f i libucrt:cvt.obj
 0001:00009fac       __acrt_fp_format           000000014000afac f   libucrt:cvt.obj
 0001:0000a1f0       _fileno                    000000014000b1f0 f   libucrt:fileno.obj
 0001:0000a218       __acrt_initialize_stdio    000000014000b218 f   libucrt:_file.obj
 0001:0000a338       __acrt_uninitialize_stdio  000000014000b338 f   libucrt:_file.obj
 0001:0000a394       _lock_file                 000000014000b394 f   libucrt:_file.obj
 0001:0000a3a0       _unlock_file               000000014000b3a0 f   libucrt:_file.obj
 0001:0000a3ac       _get_printf_count_output   000000014000b3ac f   libucrt:printf_count_output.obj
 0001:0000a5ac       __acrt_initialize_lowio    000000014000b5ac f   libucrt:ioinit.obj
 0001:0000a5e8       __acrt_uninitialize_lowio  000000014000b5e8 f   libucrt:ioinit.obj
 0001:0000ab04       ?expand_if_necessary@?$argument_list@D@?A0x7b96f60e@@AEAAHXZ 000000014000bb04 f i libucrt:argv_wildcards.obj
 0001:0000abcc       __acrt_expand_narrow_argv_wildcards 000000014000bbcc f   libucrt:argv_wildcards.obj
 0001:0000abd4       ??$?RV<lambda_99476a1ad63dd22509b5d3e65b0ffc95>@@AEAV<lambda_ad1ced32f4ac17aa236e5ef05d6b3b7c>@@V<lambda_f7424dd8d45958661754dc4f2697e9c3>@@@?$__crt_seh_guarded_call@X@@QEAAX$$QEAV<lambda_99476a1ad63dd22509b5d3e65b0ffc95>@@AEAV<lambda_ad1ced32f4ac17aa236e5ef05d6b3b7c>@@$$QEAV<lambda_f7424dd8d45958661754dc4f2697e9c3>@@@Z 000000014000bbd4 f i libucrt:mbctype.obj
 0001:0000b2d0       __acrt_initialize_multibyte 000000014000c2d0 f   libucrt:mbctype.obj
 0001:0000b2f8       __acrt_update_thread_multibyte_data 000000014000c2f8 f   libucrt:mbctype.obj
 0001:0000b3b8       _setmbcp_nolock            000000014000c3b8 f   libucrt:mbctype.obj
 0001:0000b6d8       _ismbblead                 000000014000c6d8 f   libucrt:ismbbyte.obj
 0001:0000b6ec       __acrt_initialize_command_line 000000014000c6ec f   libucrt:argv_data.obj
 0001:0000b714       __dcrt_get_narrow_environment_from_os 000000014000c714 f   libucrt:get_environment_from_os.obj
 0001:0000b818       __acrt_initialize_locks    000000014000c818 f   libucrt:locks.obj
 0001:0000b860       __acrt_lock                000000014000c860 f   libucrt:locks.obj
 0001:0000b87c       __acrt_uninitialize_locks  000000014000c87c f   libucrt:locks.obj
 0001:0000b8b4       __acrt_unlock              000000014000c8b4 f   libucrt:locks.obj
 0001:0000ba70       __acrt_FlsAlloc            000000014000ca70 f   libucrt:winapi_thunks.obj
 0001:0000bac8       __acrt_FlsFree             000000014000cac8 f   libucrt:winapi_thunks.obj
 0001:0000bb20       __acrt_FlsGetValue         000000014000cb20 f   libucrt:winapi_thunks.obj
 0001:0000bb78       __acrt_FlsSetValue         000000014000cb78 f   libucrt:winapi_thunks.obj
 0001:0000bbe0       __acrt_InitializeCriticalSectionEx 000000014000cbe0 f   libucrt:winapi_thunks.obj
 0001:0000bc58       __acrt_LCMapStringEx       000000014000cc58 f   libucrt:winapi_thunks.obj
 0001:0000bd48       __acrt_LocaleNameToLCID    000000014000cd48 f   libucrt:winapi_thunks.obj
 0001:0000bdb0       __acrt_initialize_winapi_thunks 000000014000cdb0 f   libucrt:winapi_thunks.obj
 0001:0000bde8       __acrt_is_packaged_app     000000014000cde8 f   libucrt:winapi_thunks.obj
 0001:0000be70       __acrt_uninitialize_winapi_thunks 000000014000ce70 f   libucrt:winapi_thunks.obj
 0001:0000beb4       __acrt_lowio_create_handle_array 000000014000ceb4 f   libucrt:osfinfo.obj
 0001:0000bf4c       __acrt_lowio_destroy_handle_array 000000014000cf4c f   libucrt:osfinfo.obj
 0001:0000bf9c       __acrt_lowio_ensure_fh_exists 000000014000cf9c f   libucrt:osfinfo.obj
 0001:0000c054       __acrt_lowio_lock_fh       000000014000d054 f   libucrt:osfinfo.obj
 0001:0000c078       __acrt_lowio_unlock_fh     000000014000d078 f   libucrt:osfinfo.obj
 0001:0000c09c       _free_osfhnd               000000014000d09c f   libucrt:osfinfo.obj
 0001:0000c158       _get_osfhandle             000000014000d158 f   libucrt:osfinfo.obj
 0001:0000c1d0       __acrt_locale_free_monetary 000000014000d1d0 f   libucrt:initmon.obj
 0001:0000c2dc       __acrt_locale_free_numeric 000000014000d2dc f   libucrt:initnum.obj
 0001:0000c3a0       __acrt_locale_free_time    000000014000d3a0 f   libucrt:inittime.obj
 0001:0000c4a8       __pctype_func              000000014000d4a8 f   libucrt:ctype.obj
 0001:0000c4d8       __acrt_GetStringTypeA      000000014000d4d8 f   libucrt:getstringtypea.obj
 0001:0000c68c       __acrt_add_locale_ref      000000014000d68c f   libucrt:locale_refcounting.obj
 0001:0000c718       __acrt_free_locale         000000014000d718 f   libucrt:locale_refcounting.obj
 0001:0000c890       __acrt_locale_add_lc_time_reference 000000014000d890 f   libucrt:locale_refcounting.obj
 0001:0000c8b8       __acrt_locale_free_lc_time_if_unreferenced 000000014000d8b8 f   libucrt:locale_refcounting.obj
 0001:0000c8f0       __acrt_locale_release_lc_time_reference 000000014000d8f0 f   libucrt:locale_refcounting.obj
 0001:0000c918       __acrt_release_locale_ref  000000014000d918 f   libucrt:locale_refcounting.obj
 0001:0000c9c0       __acrt_update_thread_locale_data 000000014000d9c0 f   libucrt:locale_refcounting.obj
 0001:0000ca30       _updatetlocinfoEx_nolock   000000014000da30 f   libucrt:locale_refcounting.obj
 0001:0000ca98       _recalloc                  000000014000da98 f   libucrt:recalloc.obj
 0001:0000caa0       _recalloc_base             000000014000daa0 f   libucrt:recalloc.obj
 0001:0000cb38       __acrt_initialize_heap     000000014000db38 f   libucrt:heap_handle.obj
 0001:0000cb54       __acrt_uninitialize_heap   000000014000db54 f   libucrt:heap_handle.obj
 0001:0000cb60       __acrt_execute_initializers 000000014000db60 f   libucrt:shared_initialization.obj
 0001:0000cbf4       __acrt_execute_uninitializers 000000014000dbf4 f   libucrt:shared_initialization.obj
 0001:0000cc44       __acrt_initialize_new_handler 000000014000dc44 f   libucrt:new_handler.obj
 0001:0000cc4c       _callnewh                  000000014000dc4c f   libucrt:new_handler.obj
 0001:0000cc8c       _query_new_handler         000000014000dc8c f   libucrt:new_handler.obj
 0001:0000ccc0       ??$?RV<lambda_c36588078e9f5dfd39652860aa6b3aaf>@@AEAV<lambda_ec61778202f4f5fc7e7711acc23c3bca>@@V<lambda_dc9d2797ccde5d239b4a0efae8ebd7db>@@@?$__crt_seh_guarded_call@P6AXH@Z@@QEAAP6AXH@Z$$QEAV<lambda_c36588078e9f5dfd39652860aa6b3aaf>@@AEAV<lambda_ec61778202f4f5fc7e7711acc23c3bca>@@$$QEAV<lambda_dc9d2797ccde5d239b4a0efae8ebd7db>@@@Z 000000014000dcc0 f i libucrt:signal.obj
 0001:0000cd08       __acrt_get_sigabrt_handler 000000014000dd08 f   libucrt:signal.obj
 0001:0000cd38       __acrt_initialize_signal_handlers 000000014000dd38 f   libucrt:signal.obj
 0001:0000cd58       raise                      000000014000dd58 f   libucrt:signal.obj
 0001:0000cff4       _isctype_l                 000000014000dff4 f   libucrt:isctype.obj
 0001:0000d104       _isleadbyte_l              000000014000e104 f i libucrt:_wctype.obj
 0001:0000d4a0       __acrt_LCMapStringA        000000014000e4a0 f   libucrt:lcmapstringa.obj
 0001:0000d538       __acrt_fp_strflt_to_string 000000014000e538 f   libucrt:_fptostr.obj
 0001:0000d600       ?divide@__crt_strtox@@YA_KAEAUbig_integer@1@AEBU21@@Z 000000014000e600 f i libucrt:cfout.obj
 0001:0000dad0       __acrt_fltout              000000014000ead0 f   libucrt:cfout.obj
 0001:0000eec4       _fcloseall                 000000014000fec4 f   libucrt:closeall.obj
 0001:0000ef78       __acrt_stdio_flush_nolock  000000014000ff78 f   libucrt:fflush.obj
 0001:0000eff0       _fflush_nolock             000000014000fff0 f   libucrt:fflush.obj
 0001:0000f03c       _flushall                  000000014001003c f   libucrt:fflush.obj
 0001:0000f12c       __acrt_stdio_free_buffer_nolock 000000014001012c f   libucrt:_freebuf.obj
 0001:0000f16c       _isatty                    000000014001016c f   libucrt:isatty.obj
 0001:0000f2a0       qsort                      00000001400102a0 f   libucrt:qsort.obj
 0001:0000f5d4       strncpy_s                  00000001400105d4 f   libucrt:strncpy_s.obj
 0001:0000f6a8       strpbrk                    00000001400106a8 f   libucrt:strpbrk.obj
 0001:0000f748       _mbsdec                    0000000140010748 f   libucrt:mbsdec.obj
 0001:0000f750       _mbsdec_l                  0000000140010750 f   libucrt:mbsdec.obj
 0001:0000f8c8       __acrt_DownlevelLocaleNameToLCID 00000001400108c8 f   libucrt:lcidtoname_downlevel.obj
 0001:0000f8fc       _msize                     00000001400108fc f   libucrt:msize.obj
 0001:0000f938       _realloc_base              0000000140010938 f   libucrt:realloc_base.obj
 0001:0000f9bc       __strncnt                  00000001400109bc f   libucrt:strncnt.obj
 0001:0000f9d4       fegetenv                   00000001400109d4 f   libucrt:fegetenv.obj
 0001:0000f9f4       fesetenv                   00000001400109f4 f   libucrt:fesetenv.obj
 0001:0000fa40       feholdexcept               0000000140010a40 f   libucrt:feholdexcept.obj
 0001:0000fa90       ceil                       0000000140010a90 f   libucrt:ceil.obj
 0001:0000fb60       log10                      0000000140010b60 f   libucrt:log10.obj
 0001:000106ac       _write                     00000001400116ac f   libucrt:write.obj
 0001:00010798       _write_nolock              0000000140011798 f   libucrt:write.obj
 0001:00010b18       _lseeki64_nolock           0000000140011b18 f   libucrt:lseek.obj
 0001:00010b20       _fclose_nolock             0000000140011b20 f   libucrt:fclose.obj
 0001:00010ba4       fclose                     0000000140011ba4 f   libucrt:fclose.obj
 0001:00010c10       ??$?RV<lambda_b521505b218e5242e90febf6bfebc422>@@AEAV<lambda_6978c1fb23f02e42e1d9e99668cc68aa>@@V<lambda_314360699dd331753a4119843814e9a7>@@@?$__crt_seh_guarded_call@H@@QEAAH$$QEAV<lambda_b521505b218e5242e90febf6bfebc422>@@AEAV<lambda_6978c1fb23f02e42e1d9e99668cc68aa>@@$$QEAV<lambda_314360699dd331753a4119843814e9a7>@@@Z 0000000140011c10 f i libucrt:commit.obj
 0001:00010c9c       _commit                    0000000140011c9c f   libucrt:commit.obj
 0001:00010d30       _getfpcontrolword          0000000140011d30 f   libucrt:_fenvutils.obj
 0001:00010d48       _getfpstatusword           0000000140011d48 f   libucrt:_fenvutils.obj
 0001:00010d5c       _setfpcontrolword          0000000140011d5c f   libucrt:_fenvutils.obj
 0001:00010d68       _setfpstatusword           0000000140011d68 f   libucrt:_fenvutils.obj
 0001:00010db8       _clearfp                   0000000140011db8 f   libucrt:ieee.obj
 0001:00010e0c       _controlfp                 0000000140011e0c f   libucrt:ieee.obj
 0001:00010e18       _statusfp                  0000000140011e18 f   libucrt:ieee.obj
 0001:0001121c       _handle_error              000000014001221c f   libucrt:libm_error.obj
 0001:00011344       _handle_nan                0000000140012344 f   libucrt:libm_error.obj
 0001:00011360       __acrt_initialize_fma3     0000000140012360 f   libucrt:fma3_available.obj
 0001:000113d0       _log10_special             00000001400123d0 f   libucrt:log_special.obj
 0001:00011488       _putwch_nolock             0000000140012488 f   libucrt:putwch.obj
 0001:000114e4       ??$?RV<lambda_bfedae4ebbf01fab1bb6dcc6a9e276e0>@@AEAV<lambda_2fe9b910cf3cbf4a0ab98a02ba45b3ec>@@V<lambda_237c231691f317818eb88cc1d5d642d6>@@@?$__crt_seh_guarded_call@H@@QEAAH$$QEAV<lambda_bfedae4ebbf01fab1bb6dcc6a9e276e0>@@AEAV<lambda_2fe9b910cf3cbf4a0ab98a02ba45b3ec>@@$$QEAV<lambda_237c231691f317818eb88cc1d5d642d6>@@@Z 00000001400124e4 f i libucrt:close.obj
 0001:00011558       _close                     0000000140012558 f   libucrt:close.obj
 0001:000115fc       _close_nolock              00000001400125fc f   libucrt:close.obj
 0001:000116b8       ?__acrt_stdio_free_stream@@YAXV__crt_stdio_stream@@@Z 00000001400126b8 f   libucrt:stream.obj
 0001:00011710       _get_fpsr                  0000000140012710 f   libucrt:fpsr.obj
 0001:00011720       _set_fpsr                  0000000140012720 f   libucrt:fpsr.obj
 0001:0001172a       _fclrf                     000000014001272a f   libucrt:fpsr.obj
 0001:0001173e       _frnd                      000000014001273e f   libucrt:fpsr.obj
 0001:00011760       _raise_exc                 0000000140012760 f   libucrt:fpexcept.obj
 0001:00011788       _raise_exc_ex              0000000140012788 f   libucrt:fpexcept.obj
 0001:00011a90       _set_errno_from_matherr    0000000140012a90 f   libucrt:fpexcept.obj
 0001:00011ac0       _clrfp                     0000000140012ac0 f   libucrt:fpctrl.obj
 0001:00011ae0       _ctrlfp                    0000000140012ae0 f   libucrt:fpctrl.obj
 0001:00011b5c       _set_statfp                0000000140012b5c f   libucrt:fpctrl.obj
 0001:00011b7c       _statfp                    0000000140012b7c f   libucrt:fpctrl.obj
 0001:00011b90       __dcrt_lowio_initialize_console_output 0000000140012b90 f   libucrt:initcon.obj
 0001:00011bcc       __dcrt_terminate_console_output 0000000140012bcc f   libucrt:initcon.obj
 0001:00011bf0       _FindPESection             0000000140012bf0 f   LIBCMT:pesect.obj
 0001:00011c40       _IsNonwritableInCurrentImage 0000000140012c40 f   LIBCMT:pesect.obj
 0001:00011c90       _ValidateImageBase         0000000140012c90 f   LIBCMT:pesect.obj
 0001:00011cbe       RtlUnwindEx                0000000140012cbe f   kernel32:KERNEL32.dll
 0001:00011cc4       SystemFunction036          0000000140012cc4 f   advapi32:ADVAPI32.dll
 0001:00011ce0       memcpy                     0000000140012ce0 f   libvcruntime:memcpy.obj
 0001:00011ce0       memmove                    0000000140012ce0 f   libvcruntime:memcpy.obj
 0001:00012130       memcmp                     0000000140013130 f   libvcruntime:memcmp.obj
 0001:000121f8       strrchr                    00000001400131f8 f   libvcruntime:strrchr.obj
 0001:00012350       _guard_dispatch_icall_nop  0000000140013350 f   LIBCMT:_guard_dispatch_.obj
 0002:00000000       __imp_SystemFunction036    0000000140014000     advapi32:ADVAPI32.dll
 0002:00000008       \177ADVAPI32_NULL_THUNK_DATA 0000000140014008     advapi32:ADVAPI32.dll
 0002:00000010       __imp_StretchDIBits        0000000140014010     gdi32:GDI32.dll
 0002:00000018       \177GDI32_NULL_THUNK_DATA  0000000140014018     gdi32:GDI32.dll
 0002:00000020       __imp_WriteConsoleW        0000000140014020     kernel32:KERNEL32.dll
 0002:00000028       __imp_FlushFileBuffers     0000000140014028     kernel32:KERNEL32.dll
 0002:00000030       __imp_RaiseException       0000000140014030     kernel32:KERNEL32.dll
 0002:00000038       __imp_GetConsoleMode       0000000140014038     kernel32:KERNEL32.dll
 0002:00000040       __imp_GetConsoleCP         0000000140014040     kernel32:KERNEL32.dll
 0002:00000048       __imp_HeapReAlloc          0000000140014048     kernel32:KERNEL32.dll
 0002:00000050       __imp_HeapSize             0000000140014050     kernel32:KERNEL32.dll
 0002:00000058       __imp_CreateFileW          0000000140014058     kernel32:KERNEL32.dll
 0002:00000060       __imp_SetFilePointerEx     0000000140014060     kernel32:KERNEL32.dll
 0002:00000068       __imp_GetProcessHeap       0000000140014068     kernel32:KERNEL32.dll
 0002:00000070       __imp_CompareFileTime      0000000140014070     kernel32:KERNEL32.dll
 0002:00000078       __imp_CreateFileA          0000000140014078     kernel32:KERNEL32.dll
 0002:00000080       __imp_FindClose            0000000140014080     kernel32:KERNEL32.dll
 0002:00000088       __imp_FindFirstFileA       0000000140014088     kernel32:KERNEL32.dll
 0002:00000090       __imp_GetFileSizeEx        0000000140014090     kernel32:KERNEL32.dll
 0002:00000098       __imp_ReadFile             0000000140014098     kernel32:KERNEL32.dll
 0002:000000a0       __imp_WriteFile            00000001400140a0     kernel32:KERNEL32.dll
 0002:000000a8       __imp_OutputDebugStringA   00000001400140a8     kernel32:KERNEL32.dll
 0002:000000b0       __imp_CloseHandle          00000001400140b0     kernel32:KERNEL32.dll
 0002:000000b8       __imp_QueryPerformanceCounter 00000001400140b8     kernel32:KERNEL32.dll
 0002:000000c0       __imp_QueryPerformanceFrequency 00000001400140c0     kernel32:KERNEL32.dll
 0002:000000c8       __imp_Sleep                00000001400140c8     kernel32:KERNEL32.dll
 0002:000000d0       __imp_VirtualAlloc         00000001400140d0     kernel32:KERNEL32.dll
 0002:000000d8       __imp_VirtualFree          00000001400140d8     kernel32:KERNEL32.dll
 0002:000000e0       __imp_FreeLibrary          00000001400140e0     kernel32:KERNEL32.dll
 0002:000000e8       __imp_GetModuleFileNameA   00000001400140e8     kernel32:KERNEL32.dll
 0002:000000f0       __imp_GetProcAddress       00000001400140f0     kernel32:KERNEL32.dll
 0002:000000f8       __imp_LoadLibraryA         00000001400140f8     kernel32:KERNEL32.dll
 0002:00000100       __imp_CopyFileA            0000000140014100     kernel32:KERNEL32.dll
 0002:00000108       __imp_RtlCaptureContext    0000000140014108     kernel32:KERNEL32.dll
 0002:00000110       __imp_RtlLookupFunctionEntry 0000000140014110     kernel32:KERNEL32.dll
 0002:00000118       __imp_RtlVirtualUnwind     0000000140014118     kernel32:KERNEL32.dll
 0002:00000120       __imp_UnhandledExceptionFilter 0000000140014120     kernel32:KERNEL32.dll
 0002:00000128       __imp_SetUnhandledExceptionFilter 0000000140014128     kernel32:KERNEL32.dll
 0002:00000130       __imp_GetCurrentProcess    0000000140014130     kernel32:KERNEL32.dll
 0002:00000138       __imp_TerminateProcess     0000000140014138     kernel32:KERNEL32.dll
 0002:00000140       __imp_IsProcessorFeaturePresent 0000000140014140     kernel32:KERNEL32.dll
 0002:00000148       __imp_GetCurrentProcessId  0000000140014148     kernel32:KERNEL32.dll
 0002:00000150       __imp_GetCurrentThreadId   0000000140014150     kernel32:KERNEL32.dll
 0002:00000158       __imp_GetSystemTimeAsFileTime 0000000140014158     kernel32:KERNEL32.dll
 0002:00000160       __imp_InitializeSListHead  0000000140014160     kernel32:KERNEL32.dll
 0002:00000168       __imp_IsDebuggerPresent    0000000140014168     kernel32:KERNEL32.dll
 0002:00000170       __imp_GetStartupInfoW      0000000140014170     kernel32:KERNEL32.dll
 0002:00000178       __imp_GetModuleHandleW     0000000140014178     kernel32:KERNEL32.dll
 0002:00000180       __imp_GetLastError         0000000140014180     kernel32:KERNEL32.dll
 0002:00000188       __imp_GetModuleFileNameW   0000000140014188     kernel32:KERNEL32.dll
 0002:00000190       __imp_RtlUnwindEx          0000000140014190     kernel32:KERNEL32.dll
 0002:00000198       __imp_InitializeCriticalSectionAndSpinCount 0000000140014198     kernel32:KERNEL32.dll
 0002:000001a0       __imp_TlsAlloc             00000001400141a0     kernel32:KERNEL32.dll
 0002:000001a8       __imp_TlsGetValue          00000001400141a8     kernel32:KERNEL32.dll
 0002:000001b0       __imp_TlsSetValue          00000001400141b0     kernel32:KERNEL32.dll
 0002:000001b8       __imp_TlsFree              00000001400141b8     kernel32:KERNEL32.dll
 0002:000001c0       __imp_LoadLibraryExW       00000001400141c0     kernel32:KERNEL32.dll
 0002:000001c8       __imp_SetLastError         00000001400141c8     kernel32:KERNEL32.dll
 0002:000001d0       __imp_EnterCriticalSection 00000001400141d0     kernel32:KERNEL32.dll
 0002:000001d8       __imp_LeaveCriticalSection 00000001400141d8     kernel32:KERNEL32.dll
 0002:000001e0       __imp_DeleteCriticalSection 00000001400141e0     kernel32:KERNEL32.dll
 0002:000001e8       __imp_GetStdHandle         00000001400141e8     kernel32:KERNEL32.dll
 0002:000001f0       __imp_MultiByteToWideChar  00000001400141f0     kernel32:KERNEL32.dll
 0002:000001f8       __imp_WideCharToMultiByte  00000001400141f8     kernel32:KERNEL32.dll
 0002:00000200       __imp_ExitProcess          0000000140014200     kernel32:KERNEL32.dll
 0002:00000208       __imp_GetModuleHandleExW   0000000140014208     kernel32:KERNEL32.dll
 0002:00000210       __imp_GetACP               0000000140014210     kernel32:KERNEL32.dll
 0002:00000218       __imp_HeapFree             0000000140014218     kernel32:KERNEL32.dll
 0002:00000220       __imp_HeapAlloc            0000000140014220     kernel32:KERNEL32.dll
 0002:00000228       __imp_GetFileType          0000000140014228     kernel32:KERNEL32.dll
 0002:00000230       __imp_FindFirstFileExA     0000000140014230     kernel32:KERNEL32.dll
 0002:00000238       __imp_FindNextFileA        0000000140014238     kernel32:KERNEL32.dll
 0002:00000240       __imp_IsValidCodePage      0000000140014240     kernel32:KERNEL32.dll
 0002:00000248       __imp_GetOEMCP             0000000140014248     kernel32:KERNEL32.dll
 0002:00000250       __imp_GetCPInfo            0000000140014250     kernel32:KERNEL32.dll
 0002:00000258       __imp_GetCommandLineA      0000000140014258     kernel32:KERNEL32.dll
 0002:00000260       __imp_GetCommandLineW      0000000140014260     kernel32:KERNEL32.dll
 0002:00000268       __imp_GetEnvironmentStringsW 0000000140014268     kernel32:KERNEL32.dll
 0002:00000270       __imp_FreeEnvironmentStringsW 0000000140014270     kernel32:KERNEL32.dll
 0002:00000278       __imp_LCMapStringW         0000000140014278     kernel32:KERNEL32.dll
 0002:00000280       __imp_SetStdHandle         0000000140014280     kernel32:KERNEL32.dll
 0002:00000288       __imp_GetStringTypeW       0000000140014288     kernel32:KERNEL32.dll
 0002:00000290       \177KERNEL32_NULL_THUNK_DATA 0000000140014290     kernel32:KERNEL32.dll
 0002:00000298       __imp_GetDC                0000000140014298     user32:USER32.dll
 0002:000002a0       __imp_DispatchMessageA     00000001400142a0     user32:USER32.dll
 0002:000002a8       __imp_GetClientRect        00000001400142a8     user32:USER32.dll
 0002:000002b0       __imp_EndPaint             00000001400142b0     user32:USER32.dll
 0002:000002b8       __imp_BeginPaint           00000001400142b8     user32:USER32.dll
 0002:000002c0       __imp_TranslateMessage     00000001400142c0     user32:USER32.dll
 0002:000002c8       __imp_CreateWindowExA      00000001400142c8     user32:USER32.dll
 0002:000002d0       __imp_RegisterClassA       00000001400142d0     user32:USER32.dll
 0002:000002d8       __imp_DefWindowProcA       00000001400142d8     user32:USER32.dll
 0002:000002e0       __imp_PeekMessageA         00000001400142e0     user32:USER32.dll
 0002:000002e8       \177USER32_NULL_THUNK_DATA 00000001400142e8     user32:USER32.dll
 0002:000002f0       __imp_timeBeginPeriod      00000001400142f0     winmm:WINMM.dll
 0002:000002f8       \177WINMM_NULL_THUNK_DATA  00000001400142f8     winmm:WINMM.dll
 0002:00000300       __guard_check_icall_fptr   0000000140014300     LIBCMT:guard_support.obj
 0002:00000308       __guard_dispatch_icall_fptr 0000000140014308     LIBCMT:guard_support.obj
 0002:00000310       __xc_a                     0000000140014310     LIBCMT:initializers.obj
 0002:00000320       __xc_z                     0000000140014320     LIBCMT:initializers.obj
 0002:00000328       __xi_a                     0000000140014328     LIBCMT:initializers.obj
 0002:00000340       __acrt_stdio_initializer   0000000140014340     libucrt:stdio_initializer.obj
 0002:00000348       __acrt_multibyte_initializer 0000000140014348     libucrt:multibyte_initializer.obj
 0002:00000350       __acrt_tran_fma3_initializer 0000000140014350     libucrt:fma3_initializer.obj
 0002:00000358       __xi_z                     0000000140014358     LIBCMT:initializers.obj
 0002:00000360       __xp_a                     0000000140014360     LIBCMT:initializers.obj
 0002:00000368       __acrt_locale_terminator   0000000140014368     libucrt:locale_initializer.obj
 0002:00000370       __dcrt_console_output_terminator 0000000140014370     libucrt:console_output_initializer.obj
 0002:00000378       __acrt_stdio_terminator    0000000140014378     libucrt:stdio_initializer.obj
 0002:00000380       __xp_z                     0000000140014380     LIBCMT:initializers.obj
 0002:00000388       __xt_a                     0000000140014388     LIBCMT:initializers.obj
 0002:00000390       __xt_z                     0000000140014390     LIBCMT:initializers.obj
 0002:0000058c       __real@00000000            000000014001458c     win32_handmade.obj
 0002:00000590       __real@3d088889            0000000140014590     win32_handmade.obj
 0002:00000594       __real@3f000000            0000000140014594     win32_handmade.obj
 0002:00000598       __real@3f800000            0000000140014598     win32_handmade.obj
 0002:000005a0       __real@412e848000000000    00000001400145a0     win32_handmade.obj
 0002:000005a8       __real@43f0000000000000    00000001400145a8     win32_handmade.obj
 0002:000005b0       __real@447a0000            00000001400145b0     win32_handmade.obj
 0002:000005b4       __real@46fffe00            00000001400145b4     win32_handmade.obj
 0002:000005b8       __real@47000000            00000001400145b8     win32_handmade.obj
 0002:000005bc       __real@bf800000            00000001400145bc     win32_handmade.obj
 0002:000005c0       __xmm@80000000800000008000000080000000 00000001400145c0     win32_handmade.obj
 0002:000005e0       _Microsoft_CRTProvider     00000001400145e0     libvcruntime:telemetry.obj
 0002:000005e8       ??_C@_00CNPNBAHC@?$AA@     00000001400145e8     libvcruntime:telemetry.obj
 0002:000005ec       ??_C@_11LOCGONAA@?$AA?$AA@ 00000001400145ec     libvcruntime:telemetry.obj
 0002:000005f0       ??_C@_0O@JEOPJOMI@Main?5Invoked?4?$AA@ 00000001400145f0     libvcruntime:telemetry.obj
 0002:00000600       ??_C@_0P@NEAEIBDO@Main?5Returned?4?$AA@ 0000000140014600     libvcruntime:telemetry.obj
 0002:00000630       ??_C@_1BC@DNHGCMLG@?$AAa?$AAd?$AAv?$AAa?$AAp?$AAi?$AA3?$AA2?$AA?$AA@ 0000000140014630     libvcruntime:winapi_downlevel.obj
 0002:00000648       ??_C@_1DM@KHCHBNEB@?$AAa?$AAp?$AAi?$AA?9?$AAm?$AAs?$AA?9?$AAw?$AAi?$AAn?$AA?9?$AAc?$AAo?$AAr?$AAe?$AA?9?$AAf?$AAi?$AAb?$AAe?$AAr?$AAs?$AA?9?$AAl?$AA1?$AA?9?$AA1?$AA?9?$AA1?$AA?$AA@ 0000000140014648     libvcruntime:winapi_downlevel.obj
 0002:00000688       ??_C@_1DK@LPPGFMPP@?$AAa?$AAp?$AAi?$AA?9?$AAm?$AAs?$AA?9?$AAw?$AAi?$AAn?$AA?9?$AAc?$AAo?$AAr?$AAe?$AA?9?$AAs?$AAy?$AAn?$AAc?$AAh?$AA?9?$AAl?$AA1?$AA?9?$AA2?$AA?9?$AA0?$AA?$AA@ 0000000140014688     libvcruntime:winapi_downlevel.obj
 0002:000006c8       ??_C@_1BC@GDMECMAK@?$AAk?$AAe?$AAr?$AAn?$AAe?$AAl?$AA3?$AA2?$AA?$AA@ 00000001400146c8     libvcruntime:winapi_downlevel.obj
 0002:000006e0       ??_C@_0O@BAMBGLIE@EventRegister?$AA@ 00000001400146e0     libvcruntime:winapi_downlevel.obj
 0002:000006f8       ??_C@_0BE@BJEEGHGK@EventSetInformation?$AA@ 00000001400146f8     libvcruntime:winapi_downlevel.obj
 0002:00000710       ??_C@_0BA@FAKLIPIC@EventUnregister?$AA@ 0000000140014710     libvcruntime:winapi_downlevel.obj
 0002:00000728       ??_C@_0BD@PKLHJPHD@EventWriteTransfer?$AA@ 0000000140014728     libvcruntime:winapi_downlevel.obj
 0002:00000748       ??_C@_08KNHFBNJ@FlsAlloc?$AA@ 0000000140014748     libvcruntime:winapi_downlevel.obj
 0002:00000760       ??_C@_07PEJMOBNF@FlsFree?$AA@ 0000000140014760     libvcruntime:winapi_downlevel.obj
 0002:00000768       ??_C@_0M@GDNOONDI@FlsGetValue?$AA@ 0000000140014768     libvcruntime:winapi_downlevel.obj
 0002:00000780       ??_C@_0M@JCPCPOEF@FlsSetValue?$AA@ 0000000140014780     libvcruntime:winapi_downlevel.obj
 0002:00000798       ??_C@_0BM@HCFOFFN@InitializeCriticalSectionEx?$AA@ 0000000140014798     libvcruntime:winapi_downlevel.obj
 0002:000007b4       ??_C@_02EEKDKGMJ@?$DO?$DN?$AA@ 00000001400147b4     libvcruntime:undname.obj
 0002:000007b8       ??_C@_01IHBHIGKO@?0?$AA@   00000001400147b8     libvcruntime:undname.obj
 0002:000007bc       ??_C@_02HCKGKOFO@?$CI?$CJ?$AA@ 00000001400147bc     libvcruntime:undname.obj
 0002:000007c0       ??_C@_01PJKLJHI@?$HO?$AA@  00000001400147c0     libvcruntime:undname.obj
 0002:000007c4       ??_C@_01JKBOJNNK@?$FO?$AA@ 00000001400147c4     libvcruntime:undname.obj
 0002:000007c8       ??_C@_01DNKMNLPK@?$HM?$AA@ 00000001400147c8     libvcruntime:undname.obj
 0002:000007cc       ??_C@_02PPKAJPJL@?$CG?$CG?$AA@ 00000001400147cc     libvcruntime:undname.obj
 0002:000007d0       ??_C@_02NONPIBCD@?$HM?$HM?$AA@ 00000001400147d0     libvcruntime:undname.obj
 0002:000007d4       ??_C@_02FPIMKNGF@?$CK?$DN?$AA@ 00000001400147d4     libvcruntime:undname.obj
 0002:000007d8       ??_C@_02FOEOMHFC@?$CL?$DN?$AA@ 00000001400147d8     libvcruntime:undname.obj
 0002:000007dc       ??_C@_02FKMDLLOA@?9?$DN?$AA@ 00000001400147dc     libvcruntime:undname.obj
 0002:000007e0       ??_C@_02FJEHGPIO@?1?$DN?$AA@ 00000001400147e0     libvcruntime:undname.obj
 0002:000007e4       ??_C@_02FENAOKFI@?$CF?$DN?$AA@ 00000001400147e4     libvcruntime:undname.obj
 0002:000007e8       ??_C@_03IKFCCPFF@?$DO?$DO?$DN?$AA@ 00000001400147e8     libvcruntime:undname.obj
 0002:000007ec       ??_C@_03CDNPDDLA@?$DM?$DM?$DN?$AA@ 00000001400147ec     libvcruntime:undname.obj
 0002:000007f0       ??_C@_02FGJGFEAB@?$CG?$DN?$AA@ 00000001400147f0     libvcruntime:undname.obj
 0002:000007f4       ??_C@_02DHLNPPGH@?$HM?$DN?$AA@ 00000001400147f4     libvcruntime:undname.obj
 0002:000007f8       ??_C@_02MHEGNOJ@?$FO?$DN?$AA@ 00000001400147f8     libvcruntime:undname.obj
 0002:00000800       ??_C@_09IFPLHPGF@?$GAvftable?8?$AA@ 0000000140014800     libvcruntime:undname.obj
 0002:00000810       ??_C@_09BLBHBJP@?$GAvbtable?8?$AA@ 0000000140014810     libvcruntime:undname.obj
 0002:00000820       ??_C@_07FEEIOKP@?$GAvcall?8?$AA@ 0000000140014820     libvcruntime:undname.obj
 0002:00000828       ??_C@_08LLFFHHDJ@?$GAtypeof?8?$AA@ 0000000140014828     libvcruntime:undname.obj
 0002:00000838       ??_C@_0BF@KDPPACIK@?$GAlocal?5static?5guard?8?$AA@ 0000000140014838     libvcruntime:undname.obj
 0002:00000850       ??_C@_08OBABFOLI@?$GAstring?8?$AA@ 0000000140014850     libvcruntime:undname.obj
 0002:00000860       ??_C@_0BD@JDLKDPAB@?$GAvbase?5destructor?8?$AA@ 0000000140014860     libvcruntime:undname.obj
 0002:00000878       ??_C@_0BN@DEGPLNFK@?$GAvector?5deleting?5destructor?8?$AA@ 0000000140014878     libvcruntime:undname.obj
 0002:00000898       ??_C@_0BO@OBMKPJIG@?$GAdefault?5constructor?5closure?8?$AA@ 0000000140014898     libvcruntime:undname.obj
 0002:000008b8       ??_C@_0BN@IMDCHIKM@?$GAscalar?5deleting?5destructor?8?$AA@ 00000001400148b8     libvcruntime:undname.obj
 0002:000008d8       ??_C@_0BO@PFGOCPJJ@?$GAvector?5constructor?5iterator?8?$AA@ 00000001400148d8     libvcruntime:undname.obj
 0002:000008f8       ??_C@_0BN@LFPFMEDL@?$GAvector?5destructor?5iterator?8?$AA@ 00000001400148f8     libvcruntime:undname.obj
 0002:00000918       ??_C@_0CE@IKBNEHA@?$GAvector?5vbase?5constructor?5iterat@ 0000000140014918     libvcruntime:undname.obj
 0002:00000940       ??_C@_0BL@NILFHHPC@?$GAvirtual?5displacement?5map?8?$AA@ 0000000140014940     libvcruntime:undname.obj
 0002:00000960       ??_C@_0CB@JONCMFFK@?$GAeh?5vector?5constructor?5iterator?8@ 0000000140014960     libvcruntime:undname.obj
 0002:00000988       ??_C@_0CA@GCEOPDGL@?$GAeh?5vector?5destructor?5iterator?8?$AA@ 0000000140014988     libvcruntime:undname.obj
 0002:000009a8       ??_C@_0CH@OOJPLCPH@?$GAeh?5vector?5vbase?5constructor?5ite@ 00000001400149a8     libvcruntime:undname.obj
 0002:000009d0       ??_C@_0BL@LLKPOHJI@?$GAcopy?5constructor?5closure?8?$AA@ 00000001400149d0     libvcruntime:undname.obj
 0002:000009f0       ??_C@_0BA@KBCDOMBN@?$GAudt?5returning?8?$AA@ 00000001400149f0     libvcruntime:undname.obj
 0002:00000a00       ??_C@_03KLGMFNMG@?$GAEH?$AA@ 0000000140014a00     libvcruntime:undname.obj
 0002:00000a04       ??_C@_05KHLCHHI@?$GARTTI?$AA@ 0000000140014a04     libvcruntime:undname.obj
 0002:00000a10       ??_C@_0BA@KKLDJDLB@?$GAlocal?5vftable?8?$AA@ 0000000140014a10     libvcruntime:undname.obj
 0002:00000a20       ??_C@_0CE@IIHCMGGL@?$GAlocal?5vftable?5constructor?5closu@ 0000000140014a20     libvcruntime:undname.obj
 0002:00000a44       ??_C@_06FHBGPFGH@?5new?$FL?$FN?$AA@ 0000000140014a44     libvcruntime:undname.obj
 0002:00000a50       ??_C@_09LBNFPBCA@?5delete?$FL?$FN?$AA@ 0000000140014a50     libvcruntime:undname.obj
 0002:00000a60       ??_C@_0P@HJKNJFNN@?$GAomni?5callsig?8?$AA@ 0000000140014a60     libvcruntime:undname.obj
 0002:00000a70       ??_C@_0BL@CNOONJFP@?$GAplacement?5delete?5closure?8?$AA@ 0000000140014a70     libvcruntime:undname.obj
 0002:00000a90       ??_C@_0BN@CKNJLHMB@?$GAplacement?5delete?$FL?$FN?5closure?8?$AA@ 0000000140014a90     libvcruntime:undname.obj
 0002:00000ab0       ??_C@_0CG@CFDHKGGD@?$GAmanaged?5vector?5constructor?5iter@ 0000000140014ab0     libvcruntime:undname.obj
 0002:00000ad8       ??_C@_0CF@IMGKMJNO@?$GAmanaged?5vector?5destructor?5itera@ 0000000140014ad8     libvcruntime:undname.obj
 0002:00000b00       ??_C@_0CG@HLDDJMAG@?$GAeh?5vector?5copy?5constructor?5iter@ 0000000140014b00     libvcruntime:undname.obj
 0002:00000b28       ??_C@_0CM@FCBBDIGB@?$GAeh?5vector?5vbase?5copy?5constructo@ 0000000140014b28     libvcruntime:undname.obj
 0002:00000b58       ??_C@_0BL@CLIPGLGB@?$GAdynamic?5initializer?5for?5?8?$AA@ 0000000140014b58     libvcruntime:undname.obj
 0002:00000b78       ??_C@_0CB@PDBIFEP@?$GAdynamic?5atexit?5destructor?5for?5?8@ 0000000140014b78     libvcruntime:undname.obj
 0002:00000ba0       ??_C@_0CD@CGAJBKEJ@?$GAvector?5copy?5constructor?5iterato@ 0000000140014ba0     libvcruntime:undname.obj
 0002:00000bc8       ??_C@_0CJ@GJELGAMM@?$GAvector?5vbase?5copy?5constructor?5i@ 0000000140014bc8     libvcruntime:undname.obj
 0002:00000bf8       ??_C@_0CL@FGIJHLCE@?$GAmanaged?5vector?5copy?5constructor@ 0000000140014bf8     libvcruntime:undname.obj
 0002:00000c28       ??_C@_0BM@PMGGMLDN@?$GAlocal?5static?5thread?5guard?8?$AA@ 0000000140014c28     libvcruntime:undname.obj
 0002:00000c48       ??_C@_0N@BDNMDMOL@operator?5?$CC?$CC?5?$AA@ 0000000140014c48     libvcruntime:undname.obj
 0002:00000f88       ??_C@_0BC@DAFEJGAK@?5Type?5Descriptor?8?$AA@ 0000000140014f88     libvcruntime:undname.obj
 0002:00000fa0       ??_C@_0BM@LDKODKLH@?5Base?5Class?5Descriptor?5at?5?$CI?$AA@ 0000000140014fa0     libvcruntime:undname.obj
 0002:00000fc0       ??_C@_0BD@LGICGFMM@?5Base?5Class?5Array?8?$AA@ 0000000140014fc0     libvcruntime:undname.obj
 0002:00000fd8       ??_C@_0BN@MECKDCOJ@?5Class?5Hierarchy?5Descriptor?8?$AA@ 0000000140014fd8     libvcruntime:undname.obj
 0002:00000ff8       ??_C@_0BK@CFCOFLF@?5Complete?5Object?5Locator?8?$AA@ 0000000140014ff8     libvcruntime:undname.obj
 0002:00001018       ??_C@_08EHJDFFNH@__based?$CI?$AA@ 0000000140015018     libvcruntime:undname.obj
 0002:00001028       ??_C@_07KOLFKCDI@__cdecl?$AA@ 0000000140015028     libvcruntime:undname.obj
 0002:00001030       ??_C@_08GHMPAG@__pascal?$AA@ 0000000140015030     libvcruntime:undname.obj
 0002:00001040       ??_C@_09IFJBGAPI@__stdcall?$AA@ 0000000140015040     libvcruntime:undname.obj
 0002:00001050       ??_C@_0L@NPHFGOKO@__thiscall?$AA@ 0000000140015050     libvcruntime:undname.obj
 0002:00001060       ??_C@_0L@JMKHOMEK@__fastcall?$AA@ 0000000140015060     libvcruntime:undname.obj
 0002:00001070       ??_C@_0N@BCKKPABJ@__vectorcall?$AA@ 0000000140015070     libvcruntime:undname.obj
 0002:00001080       ??_C@_09HIJEGCPM@__clrcall?$AA@ 0000000140015080     libvcruntime:undname.obj
 0002:0000108c       ??_C@_06GHPCKEAG@__eabi?$AA@ 000000014001508c     libvcruntime:undname.obj
 0002:00001098       ??_C@_07JOMMBBKO@__ptr64?$AA@ 0000000140015098     libvcruntime:undname.obj
 0002:000010a0       ??_C@_0L@PILCLIHE@__restrict?$AA@ 00000001400150a0     libvcruntime:undname.obj
 0002:000010b0       ??_C@_0M@GFIIJFMG@__unaligned?$AA@ 00000001400150b0     libvcruntime:undname.obj
 0002:000010c0       ??_C@_09DHDLOLLB@restrict?$CI?$AA@ 00000001400150c0     libvcruntime:undname.obj
 0002:000010cc       ??_C@_04NIHEBCM@?5new?$AA@ 00000001400150cc     libvcruntime:undname.obj
 0002:000010d8       ??_C@_07FPCDHGMM@?5delete?$AA@ 00000001400150d8     libvcruntime:undname.obj
 0002:000010e0       ??_C@_01NEMOKFLO@?$DN?$AA@ 00000001400150e0     libvcruntime:undname.obj
 0002:000010e4       ??_C@_02GPIOPFAK@?$DO?$DO?$AA@ 00000001400150e4     libvcruntime:undname.obj
 0002:000010e8       ??_C@_02FODMEDOG@?$DM?$DM?$AA@ 00000001400150e8     libvcruntime:undname.obj
 0002:000010ec       ??_C@_01DCLJPIOD@?$CB?$AA@ 00000001400150ec     libvcruntime:undname.obj
 0002:000010f0       ??_C@_02EGOFBIJA@?$DN?$DN?$AA@ 00000001400150f0     libvcruntime:undname.obj
 0002:000010f4       ??_C@_02FDNJECIE@?$CB?$DN?$AA@ 00000001400150f4     libvcruntime:undname.obj
 0002:000010f8       ??_C@_02GPECMEKF@?$FL?$FN?$AA@ 00000001400150f8     libvcruntime:undname.obj
 0002:00001100       ??_C@_08LHJFAFGD@operator?$AA@ 0000000140015100     libvcruntime:undname.obj
 0002:0000110c       ??_C@_02HBOOOICD@?9?$DO?$AA@ 000000014001510c     libvcruntime:undname.obj
 0002:00001110       ??_C@_01NBENCBCI@?$CK?$AA@ 0000000140015110     libvcruntime:undname.obj
 0002:00001114       ??_C@_02ECNGHCIF@?$CL?$CL?$AA@ 0000000140015114     libvcruntime:undname.obj
 0002:00001118       ??_C@_02BAABKJLB@?9?9?$AA@ 0000000140015118     libvcruntime:undname.obj
 0002:0000111c       ??_C@_01JOAMLHOP@?9?$AA@   000000014001511c     libvcruntime:undname.obj
 0002:00001120       ??_C@_01MIFGBAGJ@?$CL?$AA@ 0000000140015120     libvcruntime:undname.obj
 0002:00001124       ??_C@_01HNPIGOCE@?$CG?$AA@ 0000000140015124     libvcruntime:undname.obj
 0002:00001128       ??_C@_03MNHNFDLC@?9?$DO?$CK?$AA@ 0000000140015128     libvcruntime:undname.obj
 0002:0000112c       ??_C@_01KMDKNFGN@?1?$AA@   000000014001512c     libvcruntime:undname.obj
 0002:00001130       ??_C@_01FGNFDNOH@?$CF?$AA@ 0000000140015130     libvcruntime:undname.obj
 0002:00001134       ??_C@_01MNNFJEPP@?$DM?$AA@ 0000000140015134     libvcruntime:undname.obj
 0002:00001138       ??_C@_02EHCHHCKH@?$DM?$DN?$AA@ 0000000140015138     libvcruntime:undname.obj
 0002:0000113c       ??_C@_01PPODPGHN@?$DO?$AA@ 000000014001513c     libvcruntime:undname.obj
 0002:00001140       standard_lookup_table      0000000140015140     libucrt:output.obj
 0002:000011a0       format_validation_lookup_table 00000001400151a0     libucrt:output.obj
 0002:000011fc       ??_C@_06OJHGLDPL@?$CInull?$CJ?$AA@ 00000001400151fc     libucrt:output.obj
 0002:00001208       ??_C@_1O@CEDCILHN@?$AA?$CI?$AAn?$AAu?$AAl?$AAl?$AA?$CJ?$AA?$AA@ 0000000140015208     libucrt:output.obj
 0002:00001220       __acrt_exception_action_table 0000000140015220     libucrt:exception_filter.obj
 0002:000012e0       __acrt_signal_action_table_count 00000001400152e0     libucrt:exception_filter.obj
 0002:000012e8       __acrt_signal_action_first_fpe_index 00000001400152e8     libucrt:exception_filter.obj
 0002:000012f0       __acrt_signal_action_fpe_count 00000001400152f0     libucrt:exception_filter.obj
 0002:000012f8       ??_C@_1BI@BGOHAHKC@?$AAm?$AAs?$AAc?$AAo?$AAr?$AAe?$AAe?$AA?4?$AAd?$AAl?$AAl?$AA?$AA@ 00000001400152f8     libucrt:exit.obj
 0002:00001310       ??_C@_0P@MIGLKIOC@CorExitProcess?$AA@ 0000000140015310     libucrt:exit.obj
 0002:00001578       ??_C@_03OEIAHPBN@INF?$AA@  0000000140015578     libucrt:cvt.obj
 0002:0000157c       ??_C@_03OJHLLCGB@inf?$AA@  000000014001557c     libucrt:cvt.obj
 0002:00001580       ??_C@_03LKNCIKJB@NAN?$AA@  0000000140015580     libucrt:cvt.obj
 0002:00001584       ??_C@_03LHCJEHON@nan?$AA@  0000000140015584     libucrt:cvt.obj
 0002:00001588       ??_C@_09OFJJIMPC@NAN?$CISNAN?$CJ?$AA@ 0000000140015588     libucrt:cvt.obj
 0002:00001598       ??_C@_09IPFBKMDL@nan?$CIsnan?$CJ?$AA@ 0000000140015598     libucrt:cvt.obj
 0002:000015a8       ??_C@_08IKHNHAJ@NAN?$CIIND?$CJ?$AA@ 00000001400155a8     libucrt:cvt.obj
 0002:000015b8       ??_C@_08OFCDMILK@nan?$CIind?$CJ?$AA@ 00000001400155b8     libucrt:cvt.obj
 0002:000015c4       ??_C@_05KLBDPFGC@e?$CL000?$AA@ 00000001400155c4     libucrt:cvt.obj
 0002:000015d0       __lc_time_c                00000001400155d0     libucrt:nlsdata.obj
 0002:00001890       ??_C@_03KOEHGMDN@Sun?$AA@  0000000140015890     libucrt:nlsdata.obj
 0002:00001894       ??_C@_03PDAGKDH@Mon?$AA@   0000000140015894     libucrt:nlsdata.obj
 0002:00001898       ??_C@_03NAGEINEP@Tue?$AA@  0000000140015898     libucrt:nlsdata.obj
 0002:0000189c       ??_C@_03MHOMLAJA@Wed?$AA@  000000014001589c     libucrt:nlsdata.obj
 0002:000018a0       ??_C@_03IOFIKPDN@Thu?$AA@  00000001400158a0     libucrt:nlsdata.obj
 0002:000018a4       ??_C@_03IDIOELNC@Fri?$AA@  00000001400158a4     libucrt:nlsdata.obj
 0002:000018a8       ??_C@_03FEFJNEK@Sat?$AA@   00000001400158a8     libucrt:nlsdata.obj
 0002:000018ac       ??_C@_06OOPIFAJ@Sunday?$AA@ 00000001400158ac     libucrt:nlsdata.obj
 0002:000018b4       ??_C@_06JLEDEDGH@Monday?$AA@ 00000001400158b4     libucrt:nlsdata.obj
 0002:000018c0       ??_C@_07BAAGCFCM@Tuesday?$AA@ 00000001400158c0     libucrt:nlsdata.obj
 0002:000018c8       ??_C@_09DLIGFAKA@Wednesday?$AA@ 00000001400158c8     libucrt:nlsdata.obj
 0002:000018d8       ??_C@_08HACCIKIA@Thursday?$AA@ 00000001400158d8     libucrt:nlsdata.obj
 0002:000018e4       ??_C@_06JECMNKMI@Friday?$AA@ 00000001400158e4     libucrt:nlsdata.obj
 0002:000018f0       ??_C@_08INBOOONO@Saturday?$AA@ 00000001400158f0     libucrt:nlsdata.obj
 0002:000018fc       ??_C@_03JIHJHPIE@Jan?$AA@  00000001400158fc     libucrt:nlsdata.obj
 0002:00001900       ??_C@_03HJBDCHOM@Feb?$AA@  0000000140015900     libucrt:nlsdata.obj
 0002:00001904       ??_C@_03ODNJBKGA@Mar?$AA@  0000000140015904     libucrt:nlsdata.obj
 0002:00001908       ??_C@_03LEOLGMJP@Apr?$AA@  0000000140015908     libucrt:nlsdata.obj
 0002:0000190c       ??_C@_03CNMDKL@May?$AA@    000000014001590c     libucrt:nlsdata.obj
 0002:00001910       ??_C@_03IDFGHECI@Jun?$AA@  0000000140015910     libucrt:nlsdata.obj
 0002:00001914       ??_C@_03LBGABGKK@Jul?$AA@  0000000140015914     libucrt:nlsdata.obj
 0002:00001918       ??_C@_03IFJFEIGA@Aug?$AA@  0000000140015918     libucrt:nlsdata.obj
 0002:0000191c       ??_C@_03GGCAPAJC@Sep?$AA@  000000014001591c     libucrt:nlsdata.obj
 0002:00001920       ??_C@_03BMAOKBAD@Oct?$AA@  0000000140015920     libucrt:nlsdata.obj
 0002:00001924       ??_C@_03JPJOFNIA@Nov?$AA@  0000000140015924     libucrt:nlsdata.obj
 0002:00001928       ??_C@_03MKABNOCG@Dec?$AA@  0000000140015928     libucrt:nlsdata.obj
 0002:00001930       ??_C@_07CGJPFGJA@January?$AA@ 0000000140015930     libucrt:nlsdata.obj
 0002:00001938       ??_C@_08GNJGEPFN@February?$AA@ 0000000140015938     libucrt:nlsdata.obj
 0002:00001944       ??_C@_05HPCKOFNC@March?$AA@ 0000000140015944     libucrt:nlsdata.obj
 0002:0000194c       ??_C@_05DMJDNLEJ@April?$AA@ 000000014001594c     libucrt:nlsdata.obj
 0002:00001954       ??_C@_04CNLMGBGM@June?$AA@ 0000000140015954     libucrt:nlsdata.obj
 0002:0000195c       ??_C@_04MIEPOIFP@July?$AA@ 000000014001595c     libucrt:nlsdata.obj
 0002:00001964       ??_C@_06LBBHFDDG@August?$AA@ 0000000140015964     libucrt:nlsdata.obj
 0002:00001970       ??_C@_09BHHEALKD@September?$AA@ 0000000140015970     libucrt:nlsdata.obj
 0002:00001980       ??_C@_07JJNFCEND@October?$AA@ 0000000140015980     libucrt:nlsdata.obj
 0002:00001988       ??_C@_08HCHEGEOA@November?$AA@ 0000000140015988     libucrt:nlsdata.obj
 0002:00001998       ??_C@_08EDHMEBNP@December?$AA@ 0000000140015998     libucrt:nlsdata.obj
 0002:000019a4       ??_C@_02DEDBPAFC@AM?$AA@   00000001400159a4     libucrt:nlsdata.obj
 0002:000019a8       ??_C@_02CJNFDJBF@PM?$AA@   00000001400159a8     libucrt:nlsdata.obj
 0002:000019b0       ??_C@_08BPBNCDIB@MM?1dd?1yy?$AA@ 00000001400159b0     libucrt:nlsdata.obj
 0002:000019c0       ??_C@_0BE@CKGJFCPC@dddd?0?5MMMM?5dd?0?5yyyy?$AA@ 00000001400159c0     libucrt:nlsdata.obj
 0002:000019d8       ??_C@_08JCCMCCIL@HH?3mm?3ss?$AA@ 00000001400159d8     libucrt:nlsdata.obj
 0002:000019e8       ??_C@_17MBGCMIPB@?$AAS?$AAu?$AAn?$AA?$AA@ 00000001400159e8     libucrt:nlsdata.obj
 0002:000019f0       ??_C@_17KBOMKBF@?$AAM?$AAo?$AAn?$AA?$AA@ 00000001400159f0     libucrt:nlsdata.obj
 0002:000019f8       ??_C@_17BMKGEGOJ@?$AAT?$AAu?$AAe?$AA?$AA@ 00000001400159f8     libucrt:nlsdata.obj
 0002:00001a00       ??_C@_17CJEDCEPE@?$AAW?$AAe?$AAd?$AA?$AA@ 0000000140015a00     libucrt:nlsdata.obj
 0002:00001a08       ??_C@_17PDPHAADD@?$AAT?$AAh?$AAu?$AA?$AA@ 0000000140015a08     libucrt:nlsdata.obj
 0002:00001a10       ??_C@_17HFOLPPLP@?$AAF?$AAr?$AAi?$AA?$AA@ 0000000140015a10     libucrt:nlsdata.obj
 0002:00001a18       ??_C@_17GGIBDPIH@?$AAS?$AAa?$AAt?$AA?$AA@ 0000000140015a18     libucrt:nlsdata.obj
 0002:00001a20       ??_C@_1O@IHNHDHPB@?$AAS?$AAu?$AAn?$AAd?$AAa?$AAy?$AA?$AA@ 0000000140015a20     libucrt:nlsdata.obj
 0002:00001a30       ??_C@_1O@MMNBFLIA@?$AAM?$AAo?$AAn?$AAd?$AAa?$AAy?$AA?$AA@ 0000000140015a30     libucrt:nlsdata.obj
 0002:00001a40       ??_C@_1BA@ENFBFFEK@?$AAT?$AAu?$AAe?$AAs?$AAd?$AAa?$AAy?$AA?$AA@ 0000000140015a40     libucrt:nlsdata.obj
 0002:00001a50       ??_C@_1BE@EBOGMDOH@?$AAW?$AAe?$AAd?$AAn?$AAe?$AAs?$AAd?$AAa?$AAy?$AA?$AA@ 0000000140015a50     libucrt:nlsdata.obj
 0002:00001a68       ??_C@_1BC@HHMNLIHE@?$AAT?$AAh?$AAu?$AAr?$AAs?$AAd?$AAa?$AAy?$AA?$AA@ 0000000140015a68     libucrt:nlsdata.obj
 0002:00001a80       ??_C@_1O@PDICJHAG@?$AAF?$AAr?$AAi?$AAd?$AAa?$AAy?$AA?$AA@ 0000000140015a80     libucrt:nlsdata.obj
 0002:00001a90       ??_C@_1BC@ENMNNPAJ@?$AAS?$AAa?$AAt?$AAu?$AAr?$AAd?$AAa?$AAy?$AA?$AA@ 0000000140015a90     libucrt:nlsdata.obj
 0002:00001aa8       ??_C@_17DKNBKCHM@?$AAJ?$AAa?$AAn?$AA?$AA@ 0000000140015aa8     libucrt:nlsdata.obj
 0002:00001ab0       ??_C@_17LMDJEKJN@?$AAF?$AAe?$AAb?$AA?$AA@ 0000000140015ab0     libucrt:nlsdata.obj
 0002:00001ab8       ??_C@_17CKNLEDEC@?$AAM?$AAa?$AAr?$AA?$AA@ 0000000140015ab8     libucrt:nlsdata.obj
 0002:00001ac0       ??_C@_17LFPOIHDD@?$AAA?$AAp?$AAr?$AA?$AA@ 0000000140015ac0     libucrt:nlsdata.obj
 0002:00001ac8       ??_C@_17PNNKMEED@?$AAM?$AAa?$AAy?$AA?$AA@ 0000000140015ac8     libucrt:nlsdata.obj
 0002:00001ad0       ??_C@_17KCJGOCPB@?$AAJ?$AAu?$AAn?$AA?$AA@ 0000000140015ad0     libucrt:nlsdata.obj
 0002:00001ad8       ??_C@_17IJPCKHK@?$AAJ?$AAu?$AAl?$AA?$AA@ 0000000140015ad8     libucrt:nlsdata.obj
 0002:00001ae0       ??_C@_17ICPELBCN@?$AAA?$AAu?$AAg?$AA?$AA@ 0000000140015ae0     libucrt:nlsdata.obj
 0002:00001ae8       ??_C@_17HCHCOKMG@?$AAS?$AAe?$AAp?$AA?$AA@ 0000000140015ae8     libucrt:nlsdata.obj
 0002:00001af0       ??_C@_17FNLKOI@?$AAO?$AAc?$AAt?$AA?$AA@ 0000000140015af0     libucrt:nlsdata.obj
 0002:00001af8       ??_C@_17BBDMLCIG@?$AAN?$AAo?$AAv?$AA?$AA@ 0000000140015af8     libucrt:nlsdata.obj
 0002:00001b00       ??_C@_17EGKACKIF@?$AAD?$AAe?$AAc?$AA?$AA@ 0000000140015b00     libucrt:nlsdata.obj
 0002:00001b08       ??_C@_1BA@EFMEIEBA@?$AAJ?$AAa?$AAn?$AAu?$AAa?$AAr?$AAy?$AA?$AA@ 0000000140015b08     libucrt:nlsdata.obj
 0002:00001b18       ??_C@_1BC@JGDDFFAM@?$AAF?$AAe?$AAb?$AAr?$AAu?$AAa?$AAr?$AAy?$AA?$AA@ 0000000140015b18     libucrt:nlsdata.obj
 0002:00001b30       ??_C@_1M@IKEENEDF@?$AAM?$AAa?$AAr?$AAc?$AAh?$AA?$AA@ 0000000140015b30     libucrt:nlsdata.obj
 0002:00001b40       ??_C@_1M@GJNLMHFD@?$AAA?$AAp?$AAr?$AAi?$AAl?$AA?$AA@ 0000000140015b40     libucrt:nlsdata.obj
 0002:00001b50       ??_C@_19EPFLPGAP@?$AAJ?$AAu?$AAn?$AAe?$AA?$AA@ 0000000140015b50     libucrt:nlsdata.obj
 0002:00001b60       ??_C@_19BIFMLPCD@?$AAJ?$AAu?$AAl?$AAy?$AA?$AA@ 0000000140015b60     libucrt:nlsdata.obj
 0002:00001b70       ??_C@_1O@PAHLKOAC@?$AAA?$AAu?$AAg?$AAu?$AAs?$AAt?$AA?$AA@ 0000000140015b70     libucrt:nlsdata.obj
 0002:00001b80       ??_C@_1BE@DKAAMBJL@?$AAS?$AAe?$AAp?$AAt?$AAe?$AAm?$AAb?$AAe?$AAr?$AA?$AA@ 0000000140015b80     libucrt:nlsdata.obj
 0002:00001b98       ??_C@_1BA@EPANDLNG@?$AAO?$AAc?$AAt?$AAo?$AAb?$AAe?$AAr?$AA?$AA@ 0000000140015b98     libucrt:nlsdata.obj
 0002:00001ba8       ??_C@_1BC@BGLIFPF@?$AAN?$AAo?$AAv?$AAe?$AAm?$AAb?$AAe?$AAr?$AA?$AA@ 0000000140015ba8     libucrt:nlsdata.obj
 0002:00001bc0       ??_C@_1BC@FEMKIFH@?$AAD?$AAe?$AAc?$AAe?$AAm?$AAb?$AAe?$AAr?$AA?$AA@ 0000000140015bc0     libucrt:nlsdata.obj
 0002:00001bd4       ??_C@_15ODEHAHHF@?$AAA?$AAM?$AA?$AA@ 0000000140015bd4     libucrt:nlsdata.obj
 0002:00001bdc       ??_C@_15CLMNNGEL@?$AAP?$AAM?$AA?$AA@ 0000000140015bdc     libucrt:nlsdata.obj
 0002:00001be8       ??_C@_1BC@IEBCMHCM@?$AAM?$AAM?$AA?1?$AAd?$AAd?$AA?1?$AAy?$AAy?$AA?$AA@ 0000000140015be8     libucrt:nlsdata.obj
[...]
 0004:00000930       $pdata$__acrt_initialize_lowio 0000000140020930     libucrt:ioinit.obj
 0004:0000093c       $pdata$__acrt_uninitialize_lowio 000000014002093c     libucrt:ioinit.obj
 0004:00000948       $pdata$??$common_expand_argv_wildcards@D@@YAHQEAPEADQEAPEAPEAD@Z 0000000140020948     libucrt:argv_wildcards.obj
 0004:00000954       $pdata$??$copy_and_add_argument_to_buffer@D@@YAHQEBD0_KAEAV?$argument_list@D@?A0x7b96f60e@@@Z 0000000140020954     libucrt:argv_wildcards.obj
 0004:00000960       $pdata$??$expand_argument_wildcards@D@@YAHQEAD0AEAV?$argument_list@D@?A0x7b96f60e@@@Z 0000000140020960     libucrt:argv_wildcards.obj
 0004:0000096c       $pdata$?expand_if_necessary@?$argument_list@D@?A0x7b96f60e@@AEAAHXZ 000000014002096c     libucrt:argv_wildcards.obj
 0004:00000978       $pdata$??$?RV<lambda_99476a1ad63dd22509b5d3e65b0ffc95>@@AEAV<lambda_ad1ced32f4ac17aa236e5ef05d6b3b7c>@@V<lambda_f7424dd8d45958661754dc4f2697e9c3>@@@?$__crt_seh_guarded_call@X@@QEAAX$$QEAV<lambda_99476a1ad63dd22509b5d3e65b0ffc95>@@AEAV<lambda_ad1ced32f4ac17aa236e5ef05d6b3b7c>@@$$QEAV<lambda_f7424dd8d45958661754dc4f2697e9c3>@@@Z 0000000140020978     libucrt:mbctype.obj
 0004:00000984       $pdata$??R<lambda_ad1ced32f4ac17aa236e5ef05d6b3b7c>@@QEBAXXZ 0000000140020984     libucrt:mbctype.obj
 0004:00000990       $pdata$?getSystemCP@@YAHH@Z 0000000140020990     libucrt:mbctype.obj
 0004:0000099c       $pdata$?setSBCS@@YAXPEAU__crt_multibyte_data@@@Z 000000014002099c     libucrt:mbctype.obj
 0004:000009a8       $pdata$?setSBUpLow@@YAXPEAU__crt_multibyte_data@@@Z 00000001400209a8     libucrt:mbctype.obj
 0004:000009b4       $pdata$?setmbcp_internal@@YAHH_N@Z 00000001400209b4     libucrt:mbctype.obj
 0004:000009c0       $pdata$__acrt_initialize_multibyte 00000001400209c0     libucrt:mbctype.obj
 0004:000009cc       $pdata$__acrt_update_thread_multibyte_data 00000001400209cc     libucrt:mbctype.obj
 0004:000009d8       $pdata$_setmbcp_nolock     00000001400209d8     libucrt:mbctype.obj
 0004:000009e4       $pdata$?x_ismbbtype_l@@YAHPEAU__crt_locale_pointers@@IHH@Z 00000001400209e4     libucrt:ismbbyte.obj
 0004:000009f0       $pdata$__acrt_initialize_command_line 00000001400209f0     libucrt:argv_data.obj
 0004:000009fc       $pdata$__dcrt_get_narrow_environment_from_os 00000001400209fc     libucrt:get_environment_from_os.obj
 0004:00000a08       $pdata$__acrt_initialize_locks 0000000140020a08     libucrt:locks.obj
 0004:00000a14       $pdata$__acrt_uninitialize_locks 0000000140020a14     libucrt:locks.obj
 0004:00000a20       $pdata$?try_get_function@@YAPEAXW4function_id@?A0x1dd686d3@@QEBDQEBW4module_id@2@2@Z 0000000140020a20     libucrt:winapi_thunks.obj
 0004:00000a2c       $pdata$__acrt_FlsAlloc     0000000140020a2c     libucrt:winapi_thunks.obj
 0004:00000a38       $pdata$__acrt_FlsFree      0000000140020a38     libucrt:winapi_thunks.obj
 0004:00000a44       $pdata$__acrt_FlsGetValue  0000000140020a44     libucrt:winapi_thunks.obj
 0004:00000a50       $pdata$__acrt_FlsSetValue  0000000140020a50     libucrt:winapi_thunks.obj
 0004:00000a5c       $pdata$__acrt_InitializeCriticalSectionEx 0000000140020a5c     libucrt:winapi_thunks.obj
 0004:00000a68       $pdata$__acrt_LCMapStringEx 0000000140020a68     libucrt:winapi_thunks.obj
 0004:00000a74       $pdata$__acrt_LocaleNameToLCID 0000000140020a74     libucrt:winapi_thunks.obj
 0004:00000a80       $pdata$__acrt_initialize_winapi_thunks 0000000140020a80     libucrt:winapi_thunks.obj
 0004:00000a8c       $pdata$__acrt_is_packaged_app 0000000140020a8c     libucrt:winapi_thunks.obj
 0004:00000a98       $pdata$__acrt_uninitialize_winapi_thunks 0000000140020a98     libucrt:winapi_thunks.obj
 0004:00000aa4       $pdata$__acrt_lowio_create_handle_array 0000000140020aa4     libucrt:osfinfo.obj
 0004:00000ab0       $pdata$__acrt_lowio_destroy_handle_array 0000000140020ab0     libucrt:osfinfo.obj
 0004:00000abc       $pdata$__acrt_lowio_ensure_fh_exists 0000000140020abc     libucrt:osfinfo.obj
 0004:00000ac8       $pdata$_free_osfhnd        0000000140020ac8     libucrt:osfinfo.obj
 0004:00000ad4       $pdata$_get_osfhandle      0000000140020ad4     libucrt:osfinfo.obj
 0004:00000ae0       $pdata$__acrt_locale_free_monetary 0000000140020ae0     libucrt:initmon.obj
 0004:00000aec       $pdata$__acrt_locale_free_numeric 0000000140020aec     libucrt:initnum.obj
 0004:00000af8       $pdata$?free_crt_array_internal@@YAXQEAPEBX_K@Z 0000000140020af8     libucrt:inittime.obj
 0004:00000b04       $pdata$__acrt_locale_free_time 0000000140020b04     libucrt:inittime.obj
 0004:00000b10       $pdata$__pctype_func       0000000140020b10     libucrt:ctype.obj
 0004:00000b1c       $pdata$__acrt_GetStringTypeA 0000000140020b1c     libucrt:getstringtypea.obj
 0004:00000b28       $pdata$__acrt_free_locale  0000000140020b28     libucrt:locale_refcounting.obj
 0004:00000b34       $pdata$__acrt_locale_free_lc_time_if_unreferenced 0000000140020b34     libucrt:locale_refcounting.obj
 0004:00000b40       $pdata$__acrt_release_locale_ref 0000000140020b40     libucrt:locale_refcounting.obj
 0004:00000b4c       $pdata$__acrt_update_thread_locale_data 0000000140020b4c     libucrt:locale_refcounting.obj
 0004:00000b58       $pdata$_updatetlocinfoEx_nolock 0000000140020b58     libucrt:locale_refcounting.obj
 0004:00000b64       $pdata$_recalloc_base      0000000140020b64     libucrt:recalloc.obj
 0004:00000b70       $pdata$__acrt_initialize_heap 0000000140020b70     libucrt:heap_handle.obj
 0004:00000b7c       $pdata$__acrt_execute_initializers 0000000140020b7c     libucrt:shared_initialization.obj
 0004:00000b88       $pdata$__acrt_execute_uninitializers 0000000140020b88     libucrt:shared_initialization.obj
 0004:00000b94       $pdata$_callnewh           0000000140020b94     libucrt:new_handler.obj
 0004:00000ba0       $pdata$_query_new_handler  0000000140020ba0     libucrt:new_handler.obj
 0004:00000bac       $pdata$??$?RV<lambda_c36588078e9f5dfd39652860aa6b3aaf>@@AEAV<lambda_ec61778202f4f5fc7e7711acc23c3bca>@@V<lambda_dc9d2797ccde5d239b4a0efae8ebd7db>@@@?$__crt_seh_guarded_call@P6AXH@Z@@QEAAP6AXH@Z$$QEAV<lambda_c36588078e9f5dfd39652860aa6b3aaf>@@AEAV<lambda_ec61778202f4f5fc7e7711acc23c3bca>@@$$QEAV<lambda_dc9d2797ccde5d239b4a0efae8ebd7db>@@@Z 0000000140020bac     libucrt:signal.obj
 0004:00000bb8       $pdata$__acrt_get_sigabrt_handler 0000000140020bb8     libucrt:signal.obj
 0004:00000bc4       $pdata$raise               0000000140020bc4     libucrt:signal.obj
 0004:00000bd0       $pdata$_isctype_l          0000000140020bd0     libucrt:isctype.obj
 0004:00000bdc       $pdata$_isleadbyte_l       0000000140020bdc     libucrt:_wctype.obj
 0004:00000be8       $pdata$?__acrt_LCMapStringA_stat@@YAHPEAU__crt_locale_pointers@@PEB_WKPEBDHPEADHHH@Z 0000000140020be8     libucrt:lcmapstringa.obj
 0004:00000bf4       $pdata$__acrt_LCMapStringA 0000000140020bf4     libucrt:lcmapstringa.obj
 0004:00000c00       $pdata$__acrt_fp_strflt_to_string 0000000140020c00     libucrt:_fptostr.obj
 0004:00000c0c       $pdata$?divide@__crt_strtox@@YA_KAEAUbig_integer@1@AEBU21@@Z 0000000140020c0c     libucrt:cfout.obj
 0004:00000c18       $pdata$5$?divide@__crt_strtox@@YA_KAEAUbig_integer@1@AEBU21@@Z 0000000140020c18     libucrt:cfout.obj
 0004:00000c24       $pdata$6$?divide@__crt_strtox@@YA_KAEAUbig_integer@1@AEBU21@@Z 0000000140020c24     libucrt:cfout.obj
 0004:00000c30       $pdata$__acrt_fltout       0000000140020c30     libucrt:cfout.obj
 0004:00000c3c       $pdata$memcpy_s            0000000140020c3c     libucrt:cfout.obj
 0004:00000c48       $pdata$_fcloseall          0000000140020c48     libucrt:closeall.obj
 0004:00000c54       $pdata$__acrt_stdio_flush_nolock 0000000140020c54     libucrt:fflush.obj
 0004:00000c60       $pdata$_fflush_nolock      0000000140020c60     libucrt:fflush.obj
 0004:00000c6c       $pdata$common_flush_all    0000000140020c6c     libucrt:fflush.obj
 0004:00000c78       $pdata$__acrt_stdio_free_buffer_nolock 0000000140020c78     libucrt:_freebuf.obj
 0004:00000c84       $pdata$_isatty             0000000140020c84     libucrt:isatty.obj
 0004:00000c90       $pdata$?shortsort@@YAXPEAD0_KP6AHPEBX2@Z@Z 0000000140020c90     libucrt:qsort.obj
 0004:00000c9c       $pdata$2$?shortsort@@YAXPEAD0_KP6AHPEBX2@Z@Z 0000000140020c9c     libucrt:qsort.obj
 0004:00000ca8       $pdata$3$?shortsort@@YAXPEAD0_KP6AHPEBX2@Z@Z 0000000140020ca8     libucrt:qsort.obj
 0004:00000cb4       $pdata$qsort               0000000140020cb4     libucrt:qsort.obj
 0004:00000cc0       $pdata$4$qsort             0000000140020cc0     libucrt:qsort.obj
 0004:00000ccc       $pdata$5$qsort             0000000140020ccc     libucrt:qsort.obj
 0004:00000cd8       $pdata$strncpy_s           0000000140020cd8     libucrt:strncpy_s.obj
 0004:00000ce4       $pdata$strpbrk             0000000140020ce4     libucrt:strpbrk.obj
 0004:00000cf0       $pdata$_mbsdec_l           0000000140020cf0     libucrt:mbsdec.obj
 0004:00000cfc       $pdata$?initialize_multibyte@@YAHXZ 0000000140020cfc     libucrt:multibyte_initializer.obj
 0004:00000d08       $pdata$?GetTableIndexFromLocaleName@@YAHPEB_W@Z 0000000140020d08     libucrt:lcidtoname_downlevel.obj
 0004:00000d14       $pdata$__acrt_DownlevelLocaleNameToLCID 0000000140020d14     libucrt:lcidtoname_downlevel.obj
 0004:00000d20       $pdata$_msize              0000000140020d20     libucrt:msize.obj
 0004:00000d2c       $pdata$_realloc_base       0000000140020d2c     libucrt:realloc_base.obj
 0004:00000d38       $pdata$fegetenv            0000000140020d38     libucrt:fegetenv.obj
 0004:00000d44       $pdata$fesetenv            0000000140020d44     libucrt:fesetenv.obj
 0004:00000d50       $pdata$feholdexcept        0000000140020d50     libucrt:feholdexcept.obj
 0004:00000d68       $pdata$?write_double_translated_ansi_nolock@@YA?AUwrite_result@?A0x4392dfaa@@HQEBDI@Z 0000000140020d68     libucrt:write.obj
 0004:00000d74       $pdata$?write_text_ansi_nolock@@YA?AUwrite_result@?A0x4392dfaa@@HQEBDI@Z 0000000140020d74     libucrt:write.obj
 0004:00000d80       $pdata$?write_text_utf16le_nolock@@YA?AUwrite_result@?A0x4392dfaa@@HQEBDI@Z 0000000140020d80     libucrt:write.obj
 0004:00000d8c       $pdata$?write_text_utf8_nolock@@YA?AUwrite_result@?A0x4392dfaa@@HQEBDI@Z 0000000140020d8c     libucrt:write.obj
 0004:00000d98       $pdata$_write              0000000140020d98     libucrt:write.obj
 0004:00000da4       $pdata$_write_nolock       0000000140020da4     libucrt:write.obj
 0004:00000db0       $pdata$??$common_lseek_nolock@_J@@YA_JH_JH@Z 0000000140020db0     libucrt:lseek.obj
 0004:00000dbc       $pdata$_fclose_nolock      0000000140020dbc     libucrt:fclose.obj
 0004:00000dc8       $pdata$fclose              0000000140020dc8     libucrt:fclose.obj
 0004:00000dd4       $pdata$??$?RV<lambda_b521505b218e5242e90febf6bfebc422>@@AEAV<lambda_6978c1fb23f02e42e1d9e99668cc68aa>@@V<lambda_314360699dd331753a4119843814e9a7>@@@?$__crt_seh_guarded_call@H@@QEAAH$$QEAV<lambda_b521505b218e5242e90febf6bfebc422>@@AEAV<lambda_6978c1fb23f02e42e1d9e99668cc68aa>@@$$QEAV<lambda_314360699dd331753a4119843814e9a7>@@@Z 0000000140020dd4     libucrt:commit.obj
 0004:00000de0       $pdata$_commit             0000000140020de0     libucrt:commit.obj
 0004:00000dec       $pdata$_getfpcontrolword   0000000140020dec     libucrt:_fenvutils.obj
 0004:00000df8       $pdata$_getfpstatusword    0000000140020df8     libucrt:_fenvutils.obj
 0004:00000e04       $pdata$_setfpstatusword    0000000140020e04     libucrt:_fenvutils.obj
 0004:00000e10       $pdata$_clearfp            0000000140020e10     libucrt:ieee.obj
 0004:00000e1c       $pdata$common_control87    0000000140020e1c     libucrt:ieee.obj
 0004:00000e28       $pdata$_call_matherr       0000000140020e28     libucrt:libm_error.obj
 0004:00000e34       $pdata$_exception_enabled  0000000140020e34     libucrt:libm_error.obj
 0004:00000e40       $pdata$_handle_error       0000000140020e40     libucrt:libm_error.obj
 0004:00000e4c       $pdata$__acrt_initialize_fma3 0000000140020e4c     libucrt:fma3_available.obj
 0004:00000e58       $pdata$_log10_special      0000000140020e58     libucrt:log_special.obj
 0004:00000e64       $pdata$_log_special_common 0000000140020e64     libucrt:log_special.obj
 0004:00000e70       $pdata$_putwch_nolock      0000000140020e70     libucrt:putwch.obj
 0004:00000e7c       $pdata$??$?RV<lambda_bfedae4ebbf01fab1bb6dcc6a9e276e0>@@AEAV<lambda_2fe9b910cf3cbf4a0ab98a02ba45b3ec>@@V<lambda_237c231691f317818eb88cc1d5d642d6>@@@?$__crt_seh_guarded_call@H@@QEAAH$$QEAV<lambda_bfedae4ebbf01fab1bb6dcc6a9e276e0>@@AEAV<lambda_2fe9b910cf3cbf4a0ab98a02ba45b3ec>@@$$QEAV<lambda_237c231691f317818eb88cc1d5d642d6>@@@Z 0000000140020e7c     libucrt:close.obj
 0004:00000e88       $pdata$_close              0000000140020e88     libucrt:close.obj
 0004:00000e94       $pdata$_close_nolock       0000000140020e94     libucrt:close.obj
 0004:00000eac       $pdata$_raise_exc          0000000140020eac     libucrt:fpexcept.obj
 0004:00000eb8       $pdata$_raise_exc_ex       0000000140020eb8     libucrt:fpexcept.obj
 0004:00000ec4       $pdata$_set_errno_from_matherr 0000000140020ec4     libucrt:fpexcept.obj
 0004:00000ed0       $pdata$_clrfp              0000000140020ed0     libucrt:fpctrl.obj
 0004:00000edc       $pdata$_ctrlfp             0000000140020edc     libucrt:fpctrl.obj
 0004:00000ee8       $pdata$_set_statfp         0000000140020ee8     libucrt:fpctrl.obj
 0004:00000ef4       $pdata$_statfp             0000000140020ef4     libucrt:fpctrl.obj
 0004:00000f00       $pdata$__dcrt_lowio_initialize_console_output 0000000140020f00     libucrt:initcon.obj
 0004:00000f0c       $pdata$__dcrt_terminate_console_output 0000000140020f0c     libucrt:initcon.obj
 0004:00000f18       $pdata$_IsNonwritableInCurrentImage 0000000140020f18     LIBCMT:pesect.obj
 0004:00000f3c       $pdata$strrchr             0000000140020f3c     libvcruntime:strrchr.obj
 0004:00000f54       $pdata$?filt$0@?0??__scrt_common_main_seh@@YAHXZ@4HA 0000000140020f54     LIBCMT:exe_winmain.obj
 0004:00000f60       $pdata$__scrt_is_nonwritable_in_current_image$filt$0 0000000140020f60     LIBCMT:utility.obj
 0004:00000f6c       $pdata$?filt$0@?0??common_exit@@YAXHW4_crt_exit_cleanup_mode@@W4_crt_exit_return_mode@@@Z@4HA 0000000140020f6c     libucrt:exit.obj
 0004:00000f78       $pdata$?fin$1@?0??common_exit@@YAXHW4_crt_exit_cleanup_mode@@W4_crt_exit_return_mode@@@Z@4HA 0000000140020f78     libucrt:exit.obj
 0004:00000f84       $pdata$__acrt_uninitialize_locale$fin$0 0000000140020f84     libucrt:wsetlocale.obj
 0004:00000f84       $pdata$__acrt_update_thread_locale_data$fin$0 0000000140020f84     libucrt:locale_refcounting.obj
 0004:00000f90       $pdata$?fin$0@?0???$?RV<lambda_e24bbb7b643b32fcea6fa61b31d4c984>@@AEAV<lambda_275893d493268fdec8709772e3fcec0e>@@V<lambda_9d71df4d7cf3f480f8d633942495c3b0>@@@?$__crt_seh_guarded_call@H@@QEAAH$$QEAV<lambda_e24bbb7b643b32fcea6fa61b31d4c984>@@AEAV<lambda_275893d493268fdec8709772e3fcec0e>@@$$QEAV<lambda_9d71df4d7cf3f480f8d633942495c3b0>@@@Z@4HA 0000000140020f90     libucrt:onexit.obj
 0004:00000f9c       $pdata$__acrt_update_thread_multibyte_data$fin$0 0000000140020f9c     libucrt:mbctype.obj
 0004:00000fa8       $pdata$__acrt_initialize_lowio$fin$0 0000000140020fa8     libucrt:ioinit.obj
 0004:00000fa8       $pdata$__acrt_lowio_ensure_fh_exists$fin$0 0000000140020fa8     libucrt:osfinfo.obj
 0004:00000fb4       $pdata$_query_new_handler$fin$0 0000000140020fb4     libucrt:new_handler.obj
 0004:00000fc0       $pdata$?fin$0@?0???$?RV<lambda_fb3a7dec4e47f37f22dae91bb15c9095>@@AEAV<lambda_698284760c8add0bfb0756c19673e34b>@@V<lambda_dfb8eca1e75fef3034a8fb18dd509707>@@@?$__crt_seh_guarded_call@X@@QEAAX$$QEAV<lambda_fb3a7dec4e47f37f22dae91bb15c9095>@@AEAV<lambda_698284760c8add0bfb0756c19673e34b>@@$$QEAV<lambda_dfb8eca1e75fef3034a8fb18dd509707>@@@Z@4HA 0000000140020fc0     libucrt:per_thread_data.obj
 0004:00000fc0       $pdata$?fin$0@?0???$?RV<lambda_c36588078e9f5dfd39652860aa6b3aaf>@@AEAV<lambda_ec61778202f4f5fc7e7711acc23c3bca>@@V<lambda_dc9d2797ccde5d239b4a0efae8ebd7db>@@@?$__crt_seh_guarded_call@P6AXH@Z@@QEAAP6AXH@Z$$QEAV<lambda_c36588078e9f5dfd39652860aa6b3aaf>@@AEAV<lambda_ec61778202f4f5fc7e7711acc23c3bca>@@$$QEAV<lambda_dc9d2797ccde5d239b4a0efae8ebd7db>@@@Z@4HA 0000000140020fc0     libucrt:signal.obj
 0004:00000fc0       $pdata$?fin$0@?0???$?RV<lambda_72d1df2b273a38828b1ce30cbf4cdab5>@@AEAV<lambda_876a65b173b8412d3a47c70a915b0cf4>@@V<lambda_41932305e351933ebe8f8be3ed8bb5dc>@@@?$__crt_seh_guarded_call@X@@QEAAX$$QEAV<lambda_72d1df2b273a38828b1ce30cbf4cdab5>@@AEAV<lambda_876a65b173b8412d3a47c70a915b0cf4>@@$$QEAV<lambda_41932305e351933ebe8f8be3ed8bb5dc>@@@Z@4HA 0000000140020fc0     libucrt:per_thread_data.obj
 0004:00000fc0       $pdata$?fin$0@?0???$?RV<lambda_99476a1ad63dd22509b5d3e65b0ffc95>@@AEAV<lambda_ad1ced32f4ac17aa236e5ef05d6b3b7c>@@V<lambda_f7424dd8d45958661754dc4f2697e9c3>@@@?$__crt_seh_guarded_call@X@@QEAAX$$QEAV<lambda_99476a1ad63dd22509b5d3e65b0ffc95>@@AEAV<lambda_ad1ced32f4ac17aa236e5ef05d6b3b7c>@@$$QEAV<lambda_f7424dd8d45958661754dc4f2697e9c3>@@@Z@4HA 0000000140020fc0     libucrt:mbctype.obj
 0004:00000fc0       $pdata$?fin$0@?0???$?RV<lambda_b8c45f8f788dd370798f47cfe8ac3a86>@@AEAV<lambda_4e60a939b0d047cfe11ddc22648dfba9>@@V<lambda_332c3edc96d0294ec56c57d38c1cdfd5>@@@?$__crt_seh_guarded_call@H@@QEAAH$$QEAV<lambda_b8c45f8f788dd370798f47cfe8ac3a86>@@AEAV<lambda_4e60a939b0d047cfe11ddc22648dfba9>@@$$QEAV<lambda_332c3edc96d0294ec56c57d38c1cdfd5>@@@Z@4HA 0000000140020fc0     libucrt:onexit.obj
 0004:00000fc0       $pdata$?fin$0@?0???$?RV<lambda_46352004c1216016012b18bd6f87e700>@@AEAV<lambda_3bd07e1a1191394380780325891bf33f>@@V<lambda_334532d3f185bcaa59b5be82d7d22bff>@@@?$__crt_seh_guarded_call@X@@QEAAX$$QEAV<lambda_46352004c1216016012b18bd6f87e700>@@AEAV<lambda_3bd07e1a1191394380780325891bf33f>@@$$QEAV<lambda_334532d3f185bcaa59b5be82d7d22bff>@@@Z@4HA 0000000140020fc0     libucrt:per_thread_data.obj
 0004:00000fc0       $pdata$?fin$0@?0???$?RV<lambda_5e887d1dcbef67a5eb4283622ba103bf>@@AEAV<lambda_4466841279450cc726390878d4a41900>@@V<lambda_341c25c0346d94847f1f3c463c57e077>@@@?$__crt_seh_guarded_call@X@@QEAAX$$QEAV<lambda_5e887d1dcbef67a5eb4283622ba103bf>@@AEAV<lambda_4466841279450cc726390878d4a41900>@@$$QEAV<lambda_341c25c0346d94847f1f3c463c57e077>@@@Z@4HA 0000000140020fc0     libucrt:per_thread_data.obj
 0004:00000fcc       $pdata$raise$fin$0         0000000140020fcc     libucrt:signal.obj
 0004:00000fd8       $pdata$_fcloseall$fin$0    0000000140020fd8     libucrt:closeall.obj
 0004:00000fe4       $pdata$common_flush_all$fin$0 0000000140020fe4     libucrt:fflush.obj
 0004:00000ff0       $pdata$common_flush_all$fin$1 0000000140020ff0     libucrt:fflush.obj
 0004:00000ffc       $pdata$_write$fin$0        0000000140020ffc     libucrt:write.obj
 0004:00001008       $pdata$fclose$fin$0        0000000140021008     libucrt:fclose.obj
 0004:00001014       $pdata$?fin$0@?0???$?RV<lambda_b521505b218e5242e90febf6bfebc422>@@AEAV<lambda_6978c1fb23f02e42e1d9e99668cc68aa>@@V<lambda_314360699dd331753a4119843814e9a7>@@@?$__crt_seh_guarded_call@H@@QEAAH$$QEAV<lambda_b521505b218e5242e90febf6bfebc422>@@AEAV<lambda_6978c1fb23f02e42e1d9e99668cc68aa>@@$$QEAV<lambda_314360699dd331753a4119843814e9a7>@@@Z@4HA 0000000140021014     libucrt:commit.obj
 0004:00001014       $pdata$?fin$0@?0???$?RV<lambda_bfedae4ebbf01fab1bb6dcc6a9e276e0>@@AEAV<lambda_2fe9b910cf3cbf4a0ab98a02ba45b3ec>@@V<lambda_237c231691f317818eb88cc1d5d642d6>@@@?$__crt_seh_guarded_call@H@@QEAAH$$QEAV<lambda_bfedae4ebbf01fab1bb6dcc6a9e276e0>@@AEAV<lambda_2fe9b910cf3cbf4a0ab98a02ba45b3ec>@@$$QEAV<lambda_237c231691f317818eb88cc1d5d642d6>@@@Z@4HA 0000000140021014     libucrt:close.obj
 0004:00001020       $pdata$common_control87$filt$0 0000000140021020     libucrt:ieee.obj
 0004:00001020       $pdata$_ctrlfp$filt$0      0000000140021020     libucrt:fpctrl.obj
 0004:0000102c       $pdata$_IsNonwritableInCurrentImage$filt$0 000000014002102c     LIBCMT:pesect.obj
